2026-10-05 04:22:20,422 | INFO | run_id=20261005_042220 dataset=amazon-sports-and-outdoors device=cuda:0
2026-10-05 04:22:20,422 | INFO | MODEL recommender=MultiAgentMambaRecommender semantic_encoder=MambaTextEncoder semantic_model_id=state-spaces/mamba-130m-hf graph_backbone=LightGCN adaptation=multi_lora
2026-10-05 04:22:20,422 | INFO | ABLATION USE_SHORT=1 USE_PREFERENCE=1 USE_GCN=1 USE_COORDINATOR=1
2026-10-05 04:22:20,422 | INFO | AGENT_HISTORY mode=full_history effective_max_history=100 short=4 preference=100
2026-10-05 04:22:20,422 | INFO | EXPERIMENT_NOTE amazons_long_short subset=Sports_and_Outdoors; short filtered-full-sequence <= 10; long > 10; same model and full catalog
2026-10-05 04:22:20,422 | INFO | EXPERIMENT_CONFIG {"agent_diversity_coef": 0.02, "batch_size": 128, "cache_dir": "/workspace/P78123011/cache", "candidates": 256, "data_path": null, "dataset": "amazon-sports-and-outdoors", "device": "cuda:0", "dim": 128, "early_stopping_patience": 6, "enable_lora": 1, "eval_batch_size": 64, "eval_length_basis": "filtered_full_sequence", "eval_length_threshold": 10, "experiment_note": "amazons_long_short subset=Sports_and_Outdoors; short filtered-full-sequence <= 10; long > 10; same model and full catalog", "full_catalog_supervised": false, "future_decay": 0.5, "future_horizon": 3, "generate_reasons": false, "graph_device": "cuda:0", "hard_negative_fraction": 0.75, "hard_negative_pool_multiplier": 12, "hard_negative_warmup_epochs": 2, "history_influence_negatives": 64, "history_influence_output": null, "history_influence_user_limit": 0, "item_prompt_prefix": "Preference-aware product representation: ", "item_vector_artifact": null, "joint_epochs": 0, "joint_lr": 5e-05, "lora_alpha": 32.0, "lora_dropout": 0.05, "lora_rank": 16, "lr_patience": 2, "mamba_encode_batch_size": 32, "mamba_max_tokens": 32, "mamba_model_id": "state-spaces/mamba-130m-hf", "max_events": null, "max_history": 100, "max_transitions": 1000000, "min_rating": 4.0, "monitor_metric": "ndcg@10", "output_dir": "/workspace/P78123011/MediaTek_2026_project/ver5/outputs_mamba_rl/amazons_lora", "output_run_dir": "/workspace/P78123011/MediaTek_2026_project/ver5/outputs_mamba_rl/amazons_long_short_S1_P1_G1_C1_SW4_P8/Sports_and_Outdoors/rl_20261005_042219_r1_2848917", "periodic_test_user_limit": 0, "popularity_alpha": 0.35, "preference_balance_coef": 0.01, "preference_coef": 0.2, "preference_contrastive_coef": 0.05, "preference_count": 8, "preference_score_weight": 0.2, "preference_separation_coef": 0.01, "preference_sharpness_coef": 0.05, "preference_temperature": 0.2, "preference_transition_coef": 0.1, "reason_count": 20, "reason_max_new_tokens": 40, "refresh_data_cache": false, "resume_checkpoint": null, "reverse_history_input": false, "rl_coef": 0.1, "rl_topk": 10, "save_model_weights": false, "score_file": "/workspace/P78123011/MediaTek_2026_project/ver5/outputs_mamba_rl/amazons_long_short_S1_P1_G1_C1_SW4_P8/Sports_and_Outdoors/rl_20261005_042219_r1_2848917/Sports_and_Outdoors_scores.json", "seed": 25252, "short_window": 4, "skip_mamba": false, "specialist_epochs": 4, "specialist_lr": 0.0001, "target_recall_at_10": 0.15, "transition_beta": 0.5, "use_coordinator": true, "use_graph_embeddings": true, "use_in_batch_negatives": true, "use_preference": 1, "use_short": 1, "validate_every_steps": 8000, "validation_user_limit": 0}
2026-10-05 04:22:21,496 | INFO | INTERACTION_CACHE hit path=/workspace/P78123011/cache/mamba_multi_agent_data/amazon-sports-and-outdoors_fcc157f72b81.pkl
2026-10-05 04:22:21,496 | INFO | HISTORY_INPUT_ORDER chronological
2026-10-05 04:22:21,503 | INFO | LENGTH_SPLIT preprocessing=original_one_pass_user_item_min_5 basis=filtered_full_sequence short<=10 long>10
2026-10-05 04:22:21,513 | INFO | users=631803 items=401572 train_interactions=3678023
2026-10-05 04:22:34,904 | INFO | CATALOG_PRIORS popularity_alpha=0.350000 transition_beta=0.500000 source=train_histories_only enabled=True
2026-10-05 04:22:37,285 | INFO | ITEM_VECTOR_ARTIFACT path=/workspace/P78123011/cache/mamba_multi_agent/amazon-sports-and-outdoors_401572_909fc18038f4_prompt_tok32.pt fingerprint=909fc18038f4
2026-10-05 04:22:37,285 | INFO | SEMANTIC_BACKBONE model_id=state-spaces/mamba-130m-hf hidden_size=768 frozen=True usage=shared_cached_item_vectors
2026-10-05 04:22:38,597 | INFO | GRAPH_EMBEDDINGS enabled=True source=train_histories_only main_device=cuda:0 graph_device=cuda:0
2026-10-05 04:22:39,791 | INFO | ADAPTATION_MODE mode=multi_lora enable_lora=1
2026-10-05 04:22:39,791 | INFO | ADAPTER_ROUTES {'short': ('candidate_lora', 'delta_lora', 'gate_lora', 'output_lora'), 'preference': ('transition_encoder.candidate_lora', 'transition_encoder.delta_lora', 'transition_encoder.gate_lora', 'transition_encoder.output_lora', 'state_lora'), 'coordinator': ('state_lora', 'mix_lora', 'score_lora')}
2026-10-05 04:22:39,791 | INFO | agent_parameters={'short': 16513, 'preference': 22802, 'coordinator': 14373, 'shared_projection': 98304, 'graph': 132272000}
2026-10-05 04:22:39,791 | INFO | PREDICTION_PATH graph_only=False active_agents=2 coordinator=True
2026-10-05 04:22:43,807 | INFO | training_transitions=1000000
2026-10-05 04:22:43,807 | INFO | schedule mode=single_stage_dl specialist_dl_epochs=4 joint_dl_rl_epochs=0 effective_rl_coef=0.0000 effective_rl_topk=0 validate_every_steps=8000 validation_users=0 periodic_test_users=0 monitor=ndcg@10 early_stopping_patience=6
2026-10-05 04:22:44,768 | INFO | TRAINING_BRANCHES stage=all_dl short=True preference=True gcn=True preference_auxiliary=True preference_contrastive=True diversity_pairs=1 policy_gradient=False trainable_parameters=132423992
2026-10-05 04:51:27,463 | INFO | 
========== PERIODIC VALIDATION ==========
stage=all_dl | epoch=1 | step=7813 | users=625563/625563
NDCG  | @5 0.023223 | @10 0.026296
Recall| @5 0.030142 | @10 0.039684
Hit   | @5 0.030142 | @10 0.039684
================================
2026-10-05 04:51:27,463 | INFO | PERIODIC VALIDATION SEQUENCE_LENGTH {"basis": "filtered_full_sequence", "long": {"evaluated_users": 97306, "history_length_max": 767, "history_length_mean": 18.187100487123097, "history_length_min": 11, "hit@10": 0.03551682321747888, "hit@5": 0.026822600867366864, "ndcg@10": 0.023035731745236078, "ndcg@5": 0.020239312524051443, "recall@10": 0.03551682321747888, "recall@5": 0.026822600867366864, "total_users": 97306}, "long_rule": "length > threshold", "short": {"evaluated_users": 528257, "history_length_max": 10, "history_length_mean": 5.959404229380775, "history_length_min": 3, "hit@10": 0.04045190125261, "hit@5": 0.030753970131962283, "ndcg@10": 0.02689703260807401, "ndcg@5": 0.023772384633951624, "recall@10": 0.04045190125261, "recall@5": 0.030753970131962283, "total_users": 528257}, "short_rule": "length <= threshold", "threshold": 10}
2026-10-05 04:54:27,829 | INFO | 
========== PERIODIC TEST ==========
stage=all_dl | epoch=1 | step=7813 | users=625563/625563
NDCG  | @5 0.026124 | @10 0.028964
Recall| @5 0.032935 | @10 0.041762
Hit   | @5 0.032935 | @10 0.041762
================================
2026-10-05 04:54:27,829 | INFO | PERIODIC TEST SEQUENCE_LENGTH {"basis": "filtered_full_sequence", "long": {"evaluated_users": 97306, "history_length_max": 767, "history_length_mean": 18.187100487123097, "history_length_min": 11, "hit@10": 0.040090025281072084, "hit@5": 0.031447187223809424, "ndcg@10": 0.02773251133144909, "ndcg@5": 0.024954025843788166, "recall@10": 0.040090025281072084, "recall@5": 0.031447187223809424, "total_users": 97306}, "long_rule": "length > threshold", "short": {"evaluated_users": 528257, "history_length_max": 10, "history_length_mean": 5.959404229380775, "history_length_min": 3, "hit@10": 0.042070431627030024, "hit@5": 0.033209214454328104, "ndcg@10": 0.02919069331491163, "ndcg@5": 0.026339980537016538, "recall@10": 0.042070431627030024, "recall@5": 0.033209214454328104, "total_users": 528257}, "short_rule": "length <= threshold", "threshold": 10}
2026-10-05 04:54:27,829 | INFO | VALID_STEP step=7813 stage=all_dl epoch=1 ndcg@10=0.026296 recall@10=0.039684 improved=True
2026-10-05 04:54:28,080 | INFO | BEST_MODEL_IN_MEMORY step=7813 stage=all_dl ndcg@10=0.026296
2026-10-05 04:54:28,080 | INFO | LEARNING_RATE step=7813 stage=all_dl lr=0.0001
2026-10-05 04:54:28,081 | INFO | stage=all_dl epoch=1 loss=5.577752 steps=7813 transitions/s=649.93
2026-10-05 05:23:16,397 | INFO | 
========== PERIODIC VALIDATION ==========
stage=all_dl | epoch=2 | step=15626 | users=625563/625563
NDCG  | @5 0.025002 | @10 0.028056
Recall| @5 0.031612 | @10 0.041104
Hit   | @5 0.031612 | @10 0.041104
================================
2026-10-05 05:23:16,397 | INFO | PERIODIC VALIDATION SEQUENCE_LENGTH {"basis": "filtered_full_sequence", "long": {"evaluated_users": 97306, "history_length_max": 767, "history_length_mean": 18.187100487123097, "history_length_min": 11, "hit@10": 0.037942161839968756, "hit@5": 0.028836865147061845, "ndcg@10": 0.025338733299605048, "ndcg@5": 0.0224088184824425, "recall@10": 0.037942161839968756, "recall@5": 0.028836865147061845, "total_users": 97306}, "long_rule": "length > threshold", "short": {"evaluated_users": 528257, "history_length_max": 10, "history_length_mean": 5.959404229380775, "history_length_min": 3, "hit@10": 0.04168614897672913, "hit@5": 0.03212262213278764, "ndcg@10": 0.028556363066988378, "ndcg@5": 0.02548003091327952, "recall@10": 0.04168614897672913, "recall@5": 0.03212262213278764, "total_users": 528257}, "short_rule": "length <= threshold", "threshold": 10}
2026-10-05 05:26:17,247 | INFO | 
========== PERIODIC TEST ==========
stage=all_dl | epoch=2 | step=15626 | users=625563/625563
NDCG  | @5 0.031981 | @10 0.034707
Recall| @5 0.038835 | @10 0.047321
Hit   | @5 0.038835 | @10 0.047321
================================
2026-10-05 05:26:17,247 | INFO | PERIODIC TEST SEQUENCE_LENGTH {"basis": "filtered_full_sequence", "long": {"evaluated_users": 97306, "history_length_max": 767, "history_length_mean": 18.187100487123097, "history_length_min": 11, "hit@10": 0.0469241362300372, "hit@5": 0.03891846340410663, "ndcg@10": 0.034768797722256696, "ndcg@5": 0.03219828996557586, "recall@10": 0.0469241362300372, "recall@5": 0.03891846340410663, "total_users": 97306}, "long_rule": "length > threshold", "short": {"evaluated_users": 528257, "history_length_max": 10, "history_length_mean": 5.959404229380775, "history_length_min": 3, "hit@10": 0.047393598191789225, "hit@5": 0.03882011975231753, "ndcg@10": 0.034696120226246005, "ndcg@5": 0.03194078551780553, "recall@10": 0.047393598191789225, "recall@5": 0.03882011975231753, "total_users": 528257}, "short_rule": "length <= threshold", "threshold": 10}
2026-10-05 05:26:17,248 | INFO | VALID_STEP step=15626 stage=all_dl epoch=2 ndcg@10=0.028056 recall@10=0.041104 improved=True
2026-10-05 05:26:17,531 | INFO | BEST_MODEL_IN_MEMORY step=15626 stage=all_dl ndcg@10=0.028056
2026-10-05 05:26:17,531 | INFO | LEARNING_RATE step=15626 stage=all_dl lr=0.0001
2026-10-05 05:26:17,532 | INFO | stage=all_dl epoch=2 loss=5.311329 steps=7813 transitions/s=648.08
2026-10-05 05:55:04,129 | INFO | 
========== PERIODIC VALIDATION ==========
stage=all_dl | epoch=3 | step=23439 | users=625563/625563
NDCG  | @5 0.022366 | @10 0.024895
Recall| @5 0.028066 | @10 0.035915
Hit   | @5 0.028066 | @10 0.035915
================================
2026-10-05 05:55:04,129 | INFO | PERIODIC VALIDATION SEQUENCE_LENGTH {"basis": "filtered_full_sequence", "long": {"evaluated_users": 97306, "history_length_max": 767, "history_length_mean": 18.187100487123097, "history_length_min": 11, "hit@10": 0.03363615809919224, "hit@5": 0.02611349762604567, "ndcg@10": 0.023158626967759523, "ndcg@5": 0.02074373584311763, "recall@10": 0.03363615809919224, "recall@5": 0.02611349762604567, "total_users": 97306}, "long_rule": "length > threshold", "short": {"evaluated_users": 528257, "history_length_max": 10, "history_length_mean": 5.959404229380775, "history_length_min": 3, "hit@10": 0.03633458714224327, "hit@5": 0.028425558014375577, "ndcg@10": 0.025215204380073554, "ndcg@5": 0.022664426105687772, "recall@10": 0.03633458714224327, "recall@5": 0.028425558014375577, "total_users": 528257}, "short_rule": "length <= threshold", "threshold": 10}
2026-10-05 05:58:04,721 | INFO | 
========== PERIODIC TEST ==========
stage=all_dl | epoch=3 | step=23439 | users=625563/625563
NDCG  | @5 0.029492 | @10 0.031916
Recall| @5 0.035154 | @10 0.042683
Hit   | @5 0.035154 | @10 0.042683
================================
2026-10-05 05:58:04,721 | INFO | PERIODIC TEST SEQUENCE_LENGTH {"basis": "filtered_full_sequence", "long": {"evaluated_users": 97306, "history_length_max": 767, "history_length_mean": 18.187100487123097, "history_length_min": 11, "hit@10": 0.04437547530470886, "hit@5": 0.03690419912441165, "ndcg@10": 0.033599645175307495, "ndcg@5": 0.031195618824515537, "recall@10": 0.04437547530470886, "recall@5": 0.03690419912441165, "total_users": 97306}, "long_rule": "length > threshold", "short": {"evaluated_users": 528257, "history_length_max": 10, "history_length_mean": 5.959404229380775, "history_length_min": 3, "hit@10": 0.042371421486132696, "hit@5": 0.034831530864711684, "ndcg@10": 0.03160607031595615, "ndcg@5": 0.02917812417021666, "recall@10": 0.042371421486132696, "recall@5": 0.034831530864711684, "total_users": 528257}, "short_rule": "length <= threshold", "threshold": 10}
2026-10-05 05:58:04,722 | INFO | VALID_STEP step=23439 stage=all_dl epoch=3 ndcg@10=0.024895 recall@10=0.035915 improved=False
2026-10-05 05:58:04,722 | INFO | LEARNING_RATE step=23439 stage=all_dl lr=0.0001
2026-10-05 05:58:04,722 | INFO | stage=all_dl epoch=3 loss=4.806847 steps=7813 transitions/s=648.82
2026-10-05 06:26:52,930 | INFO | 
========== PERIODIC VALIDATION ==========
stage=all_dl | epoch=4 | step=31252 | users=625563/625563
NDCG  | @5 0.021085 | @10 0.023356
Recall| @5 0.026069 | @10 0.033132
Hit   | @5 0.026069 | @10 0.033132
================================
2026-10-05 06:26:52,930 | INFO | PERIODIC VALIDATION SEQUENCE_LENGTH {"basis": "filtered_full_sequence", "long": {"evaluated_users": 97306, "history_length_max": 767, "history_length_mean": 18.187100487123097, "history_length_min": 11, "hit@10": 0.03163217067806713, "hit@5": 0.024304770517748136, "ndcg@10": 0.0220974269280979, "ndcg@5": 0.01973247582853366, "recall@10": 0.03163217067806713, "recall@5": 0.024304770517748136, "total_users": 97306}, "long_rule": "length > threshold", "short": {"evaluated_users": 528257, "history_length_max": 10, "history_length_mean": 5.959404229380775, "history_length_min": 3, "hit@10": 0.03340798134241477, "hit@5": 0.02639434971992799, "ndcg@10": 0.023587798258576126, "ndcg@5": 0.021333955802868468, "recall@10": 0.03340798134241477, "recall@5": 0.02639434971992799, "total_users": 528257}, "short_rule": "length <= threshold", "threshold": 10}
2026-10-05 06:29:53,509 | INFO | 
========== PERIODIC TEST ==========
stage=all_dl | epoch=4 | step=31252 | users=625563/625563
NDCG  | @5 0.028486 | @10 0.030594
Recall| @5 0.033499 | @10 0.040046
Hit   | @5 0.033499 | @10 0.040046
================================
2026-10-05 06:29:53,510 | INFO | PERIODIC TEST SEQUENCE_LENGTH {"basis": "filtered_full_sequence", "long": {"evaluated_users": 97306, "history_length_max": 767, "history_length_mean": 18.187100487123097, "history_length_min": 11, "hit@10": 0.04151850862228434, "hit@5": 0.035311286046081435, "ndcg@10": 0.032222996451996534, "ndcg@5": 0.03022007183231775, "recall@10": 0.04151850862228434, "recall@5": 0.035311286046081435, "total_users": 97306}, "long_rule": "length > threshold", "short": {"evaluated_users": 528257, "history_length_max": 10, "history_length_mean": 5.959404229380775, "history_length_min": 3, "hit@10": 0.03977420081513354, "hit@5": 0.03316567504074721, "ndcg@10": 0.03029362328389175, "ndcg@5": 0.028166538983706392, "recall@10": 0.03977420081513354, "recall@5": 0.03316567504074721, "total_users": 528257}, "short_rule": "length <= threshold", "threshold": 10}
2026-10-05 06:29:53,510 | INFO | VALID_STEP step=31252 stage=all_dl epoch=4 ndcg@10=0.023356 recall@10=0.033132 improved=False
2026-10-05 06:29:53,510 | INFO | LEARNING_RATE step=31252 stage=all_dl lr=0.0001
2026-10-05 06:29:53,511 | INFO | stage=all_dl epoch=4 loss=4.427737 steps=7813 transitions/s=647.85
2026-10-05 06:32:53,384 | INFO | 
========== FINAL CURRENT VALIDATION ==========
stage=final | epoch=0 | step=31252 | users=625563/625563
NDCG  | @5 0.021085 | @10 0.023356
Recall| @5 0.026069 | @10 0.033132
Hit   | @5 0.026069 | @10 0.033132
================================
2026-10-05 06:32:53,384 | INFO | FINAL CURRENT VALIDATION SEQUENCE_LENGTH {"basis": "filtered_full_sequence", "long": {"evaluated_users": 97306, "history_length_max": 767, "history_length_mean": 18.187100487123097, "history_length_min": 11, "hit@10": 0.03163217067806713, "hit@5": 0.024304770517748136, "ndcg@10": 0.0220974269280979, "ndcg@5": 0.01973247582853366, "recall@10": 0.03163217067806713, "recall@5": 0.024304770517748136, "total_users": 97306}, "long_rule": "length > threshold", "short": {"evaluated_users": 528257, "history_length_max": 10, "history_length_mean": 5.959404229380775, "history_length_min": 3, "hit@10": 0.03340798134241477, "hit@5": 0.02639434971992799, "ndcg@10": 0.023587798258576126, "ndcg@5": 0.021333955802868468, "recall@10": 0.03340798134241477, "recall@5": 0.02639434971992799, "total_users": 528257}, "short_rule": "length <= threshold", "threshold": 10}
2026-10-05 06:32:53,384 | INFO | VALID_STEP step=31252 stage=final epoch=0 ndcg@10=0.023356 recall@10=0.033132 improved=False
2026-10-05 06:32:53,546 | INFO | RESTORE_BEST step=15626 stage=all_dl ndcg@10=0.028056
2026-10-05 06:38:53,928 | INFO | 
========== BEST CHECKPOINT VALIDATION ==========
stage=all_dl | epoch=0 | step=15626 | users=625563/625563
NDCG  | @5 0.025002 | @10 0.028056
Recall| @5 0.031612 | @10 0.041104
Hit   | @5 0.031612 | @10 0.041104
================================
2026-10-05 06:38:53,928 | INFO | BEST CHECKPOINT VALIDATION SEQUENCE_LENGTH {"basis": "filtered_full_sequence", "long": {"evaluated_users": 97306, "history_length_max": 767, "history_length_mean": 18.187100487123097, "history_length_min": 11, "hit@10": 0.037942161839968756, "hit@5": 0.028836865147061845, "ndcg@10": 0.025338733299605048, "ndcg@5": 0.0224088184824425, "recall@10": 0.037942161839968756, "recall@5": 0.028836865147061845, "total_users": 97306}, "long_rule": "length > threshold", "short": {"evaluated_users": 528257, "history_length_max": 10, "history_length_mean": 5.959404229380775, "history_length_min": 3, "hit@10": 0.04168614897672913, "hit@5": 0.03212262213278764, "ndcg@10": 0.028556363066988378, "ndcg@5": 0.02548003091327952, "recall@10": 0.04168614897672913, "recall@5": 0.03212262213278764, "total_users": 528257}, "short_rule": "length <= threshold", "threshold": 10}
2026-10-05 06:38:53,928 | INFO | 
========== FINAL FULL TEST ==========
stage=all_dl | epoch=0 | step=15626 | users=625563/625563
NDCG  | @5 0.031981 | @10 0.034707
Recall| @5 0.038835 | @10 0.047321
Hit   | @5 0.038835 | @10 0.047321
================================
2026-10-05 06:38:53,928 | INFO | FINAL FULL TEST SEQUENCE_LENGTH {"basis": "filtered_full_sequence", "long": {"evaluated_users": 97306, "history_length_max": 767, "history_length_mean": 18.187100487123097, "history_length_min": 11, "hit@10": 0.0469241362300372, "hit@5": 0.03891846340410663, "ndcg@10": 0.034768797722256696, "ndcg@5": 0.03219828996557586, "recall@10": 0.0469241362300372, "recall@5": 0.03891846340410663, "total_users": 97306}, "long_rule": "length > threshold", "short": {"evaluated_users": 528257, "history_length_max": 10, "history_length_mean": 5.959404229380775, "history_length_min": 3, "hit@10": 0.047393598191789225, "hit@5": 0.03882011975231753, "ndcg@10": 0.03469603229634039, "ndcg@5": 0.0319406542872834, "recall@10": 0.047393598191789225, "recall@5": 0.03882011975231753, "total_users": 528257}, "short_rule": "length <= threshold", "threshold": 10}
2026-10-05 06:38:53,928 | INFO | VALID_BEST {"evaluated_users": 625563, "hit@10": 0.04110377372063245, "hit@5": 0.03161152433887554, "ndcg@10": 0.02805586257281193, "ndcg@5": 0.025002305388363535, "preference_agent_weight": 7.129862694285947e-06, "preference_change_probability": 0.04443050539429551, "preference_current_entropy": 0.9129526265745188, "preference_next_entropy": 1.047201882710802, "preference_ranking_weight": 7.129862694285947e-06, "recall@10": 0.04110377372063245, "recall@5": 0.03161152433887554, "scores_per_second": 1403569082.0823884, "sequence_length": {"basis": "filtered_full_sequence", "long": {"evaluated_users": 97306, "history_length_max": 767, "history_length_mean": 18.187100487123097, "history_length_min": 11, "hit@10": 0.037942161839968756, "hit@5": 0.028836865147061845, "ndcg@10": 0.025338733299605048, "ndcg@5": 0.0224088184824425, "recall@10": 0.037942161839968756, "recall@5": 0.028836865147061845, "total_users": 97306}, "long_rule": "length > threshold", "short": {"evaluated_users": 528257, "history_length_max": 10, "history_length_mean": 5.959404229380775, "history_length_min": 3, "hit@10": 0.04168614897672913, "hit@5": 0.03212262213278764, "ndcg@10": 0.028556363066988378, "ndcg@5": 0.02548003091327952, "recall@10": 0.04168614897672913, "recall@5": 0.03212262213278764, "total_users": 528257}, "short_rule": "length <= threshold", "threshold": 10}, "short_agent_weight": 0.9999928709055309, "short_preference_state_cosine": 0.19442230337456332, "total_users": 625563, "users_per_second": 3495.1866217823663}
2026-10-05 06:38:53,928 | INFO | TEST_FINAL {"evaluated_users": 625563, "hit@10": 0.04732057362727655, "hit@5": 0.03883541705631567, "ndcg@10": 0.034707351015134356, "ndcg@5": 0.03198072934202605, "preference_agent_weight": 6.068725516739042e-06, "preference_change_probability": 0.04763154640826887, "preference_current_entropy": 0.9720602332602873, "preference_next_entropy": 1.0797009461774782, "preference_ranking_weight": 6.068725516739042e-06, "recall@10": 0.04732057362727655, "recall@5": 0.03883541705631567, "scores_per_second": 1391985574.5304964, "sequence_length": {"basis": "filtered_full_sequence", "long": {"evaluated_users": 97306, "history_length_max": 767, "history_length_mean": 18.187100487123097, "history_length_min": 11, "hit@10": 0.0469241362300372, "hit@5": 0.03891846340410663, "ndcg@10": 0.034768797722256696, "ndcg@5": 0.03219828996557586, "recall@10": 0.0469241362300372, "recall@5": 0.03891846340410663, "total_users": 97306}, "long_rule": "length > threshold", "short": {"evaluated_users": 528257, "history_length_max": 10, "history_length_mean": 5.959404229380775, "history_length_min": 3, "hit@10": 0.047393598191789225, "hit@5": 0.03882011975231753, "ndcg@10": 0.03469603229634039, "ndcg@5": 0.0319406542872834, "recall@10": 0.047393598191789225, "recall@5": 0.03882011975231753, "total_users": 528257}, "short_rule": "length <= threshold", "threshold": 10}, "short_agent_weight": 0.9999939327511443, "short_preference_state_cosine": 0.20085968146197616, "total_users": 625563, "users_per_second": 3466.3412153499153}
2026-10-05 06:38:53,928 | INFO | TARGET_RESULT metric=recall@10 target=>0.150000 actual=0.047321 achieved=False
2026-10-05 06:38:54,194 | INFO | FINAL_LENGTH_SCORES dataset=amazon-sports-and-outdoors group=short split=valid threshold=10 users=528257/528257 scores={"hit@10": 0.04168614897672913, "hit@5": 0.03212262213278764, "ndcg@10": 0.028556363066988378, "ndcg@5": 0.02548003091327952, "recall@10": 0.04168614897672913, "recall@5": 0.03212262213278764}
2026-10-05 06:38:54,194 | INFO | FINAL_LENGTH_SCORES dataset=amazon-sports-and-outdoors group=short split=test threshold=10 users=528257/528257 scores={"hit@10": 0.047393598191789225, "hit@5": 0.03882011975231753, "ndcg@10": 0.03469603229634039, "ndcg@5": 0.0319406542872834, "recall@10": 0.047393598191789225, "recall@5": 0.03882011975231753}
2026-10-05 06:38:54,195 | INFO | short_scores=/workspace/P78123011/MediaTek_2026_project/ver5/outputs_mamba_rl/amazons_long_short_S1_P1_G1_C1_SW4_P8/Sports_and_Outdoors/rl_20261005_042219_r1_2848917/short_scores.json
2026-10-05 06:38:54,195 | INFO | FINAL_LENGTH_SCORES dataset=amazon-sports-and-outdoors group=long split=valid threshold=10 users=97306/97306 scores={"hit@10": 0.037942161839968756, "hit@5": 0.028836865147061845, "ndcg@10": 0.025338733299605048, "ndcg@5": 0.0224088184824425, "recall@10": 0.037942161839968756, "recall@5": 0.028836865147061845}
2026-10-05 06:38:54,195 | INFO | FINAL_LENGTH_SCORES dataset=amazon-sports-and-outdoors group=long split=test threshold=10 users=97306/97306 scores={"hit@10": 0.0469241362300372, "hit@5": 0.03891846340410663, "ndcg@10": 0.034768797722256696, "ndcg@5": 0.03219828996557586, "recall@10": 0.0469241362300372, "recall@5": 0.03891846340410663}
2026-10-05 06:38:54,195 | INFO | long_scores=/workspace/P78123011/MediaTek_2026_project/ver5/outputs_mamba_rl/amazons_long_short_S1_P1_G1_C1_SW4_P8/Sports_and_Outdoors/rl_20261005_042219_r1_2848917/long_scores.json
2026-10-05 06:38:54,195 | INFO | scores=/workspace/P78123011/MediaTek_2026_project/ver5/outputs_mamba_rl/amazons_long_short_S1_P1_G1_C1_SW4_P8/Sports_and_Outdoors/rl_20261005_042219_r1_2848917/Sports_and_Outdoors_scores.json
2026-10-05 06:38:54,195 | INFO | outputs=/workspace/P78123011/MediaTek_2026_project/ver5/outputs_mamba_rl/amazons_long_short_S1_P1_G1_C1_SW4_P8/Sports_and_Outdoors/rl_20261005_042219_r1_2848917
