2026-09-07 07:12:28,877 | INFO | run_id=20260907_071228 dataset=amazon-all-beauty device=cuda:0
2026-09-07 07:12:28,877 | INFO | MODEL recommender=MultiAgentMambaRecommender semantic_encoder=MambaTextEncoder semantic_model_id=state-spaces/mamba-130m-hf graph_backbone=LightGCN adaptation=multi_lora
2026-09-07 07:12:28,877 | INFO | EXPERIMENT_NOTE amazons_lora subset=Full_Beauty; common preprocessing; common architecture; periodic validation/test
2026-09-07 07:12:28,877 | INFO | EXPERIMENT_CONFIG {"batch_size": 128, "cache_dir": "/workspace/P78123011/cache", "candidates": 64, "coordinator_epochs": 3, "coordinator_lr": 0.0001, "data_path": null, "dataset": "amazon-all-beauty", "device": "cuda:0", "dim": 128, "early_stopping_patience": 6, "enable_lora": 1, "eval_batch_size": 64, "experiment_note": "amazons_lora subset=Full_Beauty; common preprocessing; common architecture; periodic validation/test", "full_catalog_supervised": false, "future_decay": 0.5, "future_horizon": 3, "generate_reasons": false, "graph_device": "cuda:0", "hard_negative_pool_multiplier": 4, "item_prompt_prefix": "Preference-aware product representation: ", "item_vector_artifact": null, "joint_epochs": 7, "joint_lr": 5e-05, "lora_alpha": 32.0, "lora_dropout": 0.05, "lora_rank": 16, "lr_patience": 2, "mamba_encode_batch_size": 32, "mamba_max_tokens": 32, "mamba_model_id": "state-spaces/mamba-130m-hf", "max_events": null, "max_history": 100, "max_transitions": 500000, "min_rating": 4.0, "monitor_metric": "ndcg@10", "output_dir": "/workspace/P78123011/MediaTek_2026_project/ver4/outputs_mamba_rl/amazons_lora", "output_run_dir": "/workspace/P78123011/MediaTek_2026_project/ver4/outputs_mamba_rl/amazons_lora/Full_Beauty/rl_20260907_071228", "periodic_test_user_limit": 0, "popularity_alpha": -0.25, "preference_balance_coef": 0.01, "preference_coef": 0.2, "preference_contrastive_coef": 0.05, "preference_count": 64, "preference_hidden": 128, "preference_score_weight": 0.2, "preference_separation_coef": 0.01, "preference_temperature": 0.2, "preference_transition_coef": 0.1, "reason_count": 20, "reason_max_new_tokens": 40, "refresh_data_cache": false, "resume_checkpoint": null, "save_model_weights": false, "score_file": "/workspace/P78123011/MediaTek_2026_project/ver4/outputs_mamba_rl/amazons_lora/Full_Beauty/rl_20260907_071228/Full_Beauty_scores.json", "seed": 25252, "short_window": 10, "skip_mamba": false, "specialist_epochs": 3, "specialist_lr": 0.0001, "target_recall_at_10": 0.15, "transition_beta": 4.0, "use_graph_embeddings": true, "validate_every_steps": 250, "validation_user_limit": 0}
2026-09-07 07:12:28,880 | INFO | INTERACTION_CACHE hit path=/workspace/P78123011/cache/mamba_multi_agent_data/amazon-all-beauty_90e3e920169a.pkl
2026-09-07 07:12:28,880 | INFO | users=1603 items=4090 train_interactions=8445
2026-09-07 07:12:29,035 | INFO | CATALOG_PRIORS popularity_alpha=-0.250000 transition_beta=4.000000 source=train_histories_only enabled=True
2026-09-07 07:12:46,661 | INFO | ITEM_VECTOR_ARTIFACT path=/workspace/P78123011/cache/mamba_multi_agent/amazon-all-beauty_4090_47e41e57cc9e_prompt_tok32.pt fingerprint=47e41e57cc9e
2026-09-07 07:12:46,661 | INFO | SEMANTIC_BACKBONE model_id=state-spaces/mamba-130m-hf hidden_size=768 frozen=True usage=shared_cached_item_vectors
2026-09-07 07:12:46,665 | INFO | GRAPH_EMBEDDINGS enabled=True source=train_histories_only main_device=cuda:0 graph_device=cuda:0
2026-09-07 07:12:46,684 | INFO | ADAPTATION_MODE mode=multi_lora enable_lora=1
2026-09-07 07:12:46,684 | INFO | ADAPTER_ROUTES {'long': ('candidate_lora', 'delta_lora', 'gate_lora', 'output_lora'), 'short': ('candidate_lora', 'delta_lora', 'gate_lora', 'output_lora'), 'preference': ('transition_lora', 'state_lora'), 'coordinator': ('state_lora', 'mix_lora', 'score_lora')}
2026-09-07 07:12:46,684 | INFO | agent_parameters={'long': 16513, 'short': 16513, 'preference': 99330, 'coordinator': 14373, 'shared_projection': 98304, 'graph': 728704}
2026-09-07 07:12:46,792 | INFO | training_transitions=6842
2026-09-07 07:12:46,792 | INFO | schedule specialist_epochs=3 coordinator_epochs=3 joint_ranking_epochs=7 validate_every_steps=250 validation_users=0 periodic_test_users=0 monitor=ndcg@10 early_stopping_patience=6
2026-09-07 07:12:51,687 | INFO | 
========== PERIODIC VALIDATION ==========
stage=specialists | epoch=1 | step=54 | users=1457/1457
NDCG  | @5 0.093647 | @10 0.095296
Recall| @5 0.098833 | @10 0.103638
Hit   | @5 0.098833 | @10 0.103638
================================
2026-09-07 07:12:52,054 | INFO | 
========== PERIODIC TEST ==========
stage=specialists | epoch=1 | step=54 | users=1457/1457
NDCG  | @5 0.108055 | @10 0.109870
Recall| @5 0.114619 | @10 0.120110
Hit   | @5 0.114619 | @10 0.120110
================================
2026-09-07 07:12:52,054 | INFO | VALID_STEP step=54 stage=specialists epoch=1 ndcg@10=0.095296 recall@10=0.103638 improved=True
2026-09-07 07:12:52,057 | INFO | BEST_MODEL_IN_MEMORY step=54 stage=specialists ndcg@10=0.095296
2026-09-07 07:12:52,057 | INFO | stage=specialists epoch=1 loss=12.444493 steps=54 transitions/s=1511.82
2026-09-07 07:12:56,752 | INFO | 
========== PERIODIC VALIDATION ==========
stage=specialists | epoch=2 | step=108 | users=1457/1457
NDCG  | @5 0.094442 | @10 0.095797
Recall| @5 0.098833 | @10 0.102951
Hit   | @5 0.098833 | @10 0.102951
================================
2026-09-07 07:12:57,119 | INFO | 
========== PERIODIC TEST ==========
stage=specialists | epoch=2 | step=108 | users=1457/1457
NDCG  | @5 0.108441 | @10 0.110404
Recall| @5 0.115992 | @10 0.122169
Hit   | @5 0.115992 | @10 0.122169
================================
2026-09-07 07:12:57,119 | INFO | VALID_STEP step=108 stage=specialists epoch=2 ndcg@10=0.095797 recall@10=0.102951 improved=True
2026-09-07 07:12:57,122 | INFO | BEST_MODEL_IN_MEMORY step=108 stage=specialists ndcg@10=0.095797
2026-09-07 07:12:57,122 | INFO | stage=specialists epoch=2 loss=12.311734 steps=54 transitions/s=1581.52
2026-09-07 07:13:01,801 | INFO | 
========== PERIODIC VALIDATION ==========
stage=specialists | epoch=3 | step=162 | users=1457/1457
NDCG  | @5 0.095334 | @10 0.096236
Recall| @5 0.100206 | @10 0.102951
Hit   | @5 0.100206 | @10 0.102951
================================
2026-09-07 07:13:02,168 | INFO | 
========== PERIODIC TEST ==========
stage=specialists | epoch=3 | step=162 | users=1457/1457
NDCG  | @5 0.109641 | @10 0.112025
Recall| @5 0.118737 | @10 0.126287
Hit   | @5 0.118737 | @10 0.126287
================================
2026-09-07 07:13:02,168 | INFO | VALID_STEP step=162 stage=specialists epoch=3 ndcg@10=0.096236 recall@10=0.102951 improved=True
2026-09-07 07:13:02,171 | INFO | BEST_MODEL_IN_MEMORY step=162 stage=specialists ndcg@10=0.096236
2026-09-07 07:13:02,171 | INFO | stage=specialists epoch=3 loss=12.198263 steps=54 transitions/s=1587.38
2026-09-07 07:13:04,535 | INFO | 
========== PERIODIC VALIDATION ==========
stage=coordinator | epoch=1 | step=216 | users=1457/1457
NDCG  | @5 0.095334 | @10 0.096236
Recall| @5 0.100206 | @10 0.102951
Hit   | @5 0.100206 | @10 0.102951
================================
2026-09-07 07:13:04,928 | INFO | 
========== PERIODIC TEST ==========
stage=coordinator | epoch=1 | step=216 | users=1457/1457
NDCG  | @5 0.109641 | @10 0.112025
Recall| @5 0.118737 | @10 0.126287
Hit   | @5 0.118737 | @10 0.126287
================================
2026-09-07 07:13:04,928 | INFO | VALID_STEP step=216 stage=coordinator epoch=1 ndcg@10=0.096236 recall@10=0.102951 improved=False
2026-09-07 07:13:04,928 | INFO | LEARNING_RATE step=216 stage=coordinator lr=0.0001
2026-09-07 07:13:04,929 | INFO | stage=coordinator epoch=1 loss=3.825430 steps=54 transitions/s=3480.30
2026-09-07 07:13:07,302 | INFO | 
========== PERIODIC VALIDATION ==========
stage=coordinator | epoch=2 | step=270 | users=1457/1457
NDCG  | @5 0.095423 | @10 0.096524
Recall| @5 0.100206 | @10 0.103638
Hit   | @5 0.100206 | @10 0.103638
================================
2026-09-07 07:13:07,696 | INFO | 
========== PERIODIC TEST ==========
stage=coordinator | epoch=2 | step=270 | users=1457/1457
NDCG  | @5 0.109611 | @10 0.112003
Recall| @5 0.118737 | @10 0.126287
Hit   | @5 0.118737 | @10 0.126287
================================
2026-09-07 07:13:07,696 | INFO | VALID_STEP step=270 stage=coordinator epoch=2 ndcg@10=0.096524 recall@10=0.103638 improved=True
2026-09-07 07:13:07,697 | INFO | BEST_MODEL_IN_MEMORY step=270 stage=coordinator ndcg@10=0.096524
2026-09-07 07:13:07,697 | INFO | LEARNING_RATE step=270 stage=coordinator lr=0.0001
2026-09-07 07:13:07,697 | INFO | stage=coordinator epoch=2 loss=3.823241 steps=54 transitions/s=3457.88
2026-09-07 07:13:10,038 | INFO | 
========== PERIODIC VALIDATION ==========
stage=coordinator | epoch=3 | step=324 | users=1457/1457
NDCG  | @5 0.095423 | @10 0.096731
Recall| @5 0.100206 | @10 0.104324
Hit   | @5 0.100206 | @10 0.104324
================================
2026-09-07 07:13:10,431 | INFO | 
========== PERIODIC TEST ==========
stage=coordinator | epoch=3 | step=324 | users=1457/1457
NDCG  | @5 0.109611 | @10 0.112000
Recall| @5 0.118737 | @10 0.126287
Hit   | @5 0.118737 | @10 0.126287
================================
2026-09-07 07:13:10,431 | INFO | VALID_STEP step=324 stage=coordinator epoch=3 ndcg@10=0.096731 recall@10=0.104324 improved=True
2026-09-07 07:13:10,435 | INFO | BEST_MODEL_IN_MEMORY step=324 stage=coordinator ndcg@10=0.096731
2026-09-07 07:13:10,435 | INFO | LEARNING_RATE step=324 stage=coordinator lr=0.0001
2026-09-07 07:13:10,436 | INFO | stage=coordinator epoch=3 loss=3.822310 steps=54 transitions/s=3512.39
2026-09-07 07:13:15,208 | INFO | 
========== PERIODIC VALIDATION ==========
stage=joint | epoch=1 | step=378 | users=1457/1457
NDCG  | @5 0.095308 | @10 0.097062
Recall| @5 0.100206 | @10 0.105697
Hit   | @5 0.100206 | @10 0.105697
================================
2026-09-07 07:13:15,577 | INFO | 
========== PERIODIC TEST ==========
stage=joint | epoch=1 | step=378 | users=1457/1457
NDCG  | @5 0.109778 | @10 0.112173
Recall| @5 0.118737 | @10 0.126287
Hit   | @5 0.118737 | @10 0.126287
================================
2026-09-07 07:13:15,577 | INFO | VALID_STEP step=378 stage=joint epoch=1 ndcg@10=0.097062 recall@10=0.105697 improved=True
2026-09-07 07:13:15,578 | INFO | BEST_MODEL_IN_MEMORY step=378 stage=joint ndcg@10=0.097062
2026-09-07 07:13:15,578 | INFO | LEARNING_RATE step=378 stage=joint lr=5e-05
2026-09-07 07:13:15,579 | INFO | stage=joint epoch=1 loss=4.270524 steps=54 transitions/s=1554.52
2026-09-07 07:13:20,267 | INFO | 
========== PERIODIC VALIDATION ==========
stage=joint | epoch=2 | step=432 | users=1457/1457
NDCG  | @5 0.095526 | @10 0.097112
Recall| @5 0.100892 | @10 0.105697
Hit   | @5 0.100892 | @10 0.105697
================================
2026-09-07 07:13:20,635 | INFO | 
========== PERIODIC TEST ==========
stage=joint | epoch=2 | step=432 | users=1457/1457
NDCG  | @5 0.110640 | @10 0.112993
Recall| @5 0.120110 | @10 0.127660
Hit   | @5 0.120110 | @10 0.127660
================================
2026-09-07 07:13:20,635 | INFO | VALID_STEP step=432 stage=joint epoch=2 ndcg@10=0.097112 recall@10=0.105697 improved=True
2026-09-07 07:13:20,636 | INFO | BEST_MODEL_IN_MEMORY step=432 stage=joint ndcg@10=0.097112
2026-09-07 07:13:20,636 | INFO | LEARNING_RATE step=432 stage=joint lr=5e-05
2026-09-07 07:13:20,637 | INFO | stage=joint epoch=2 loss=4.240822 steps=54 transitions/s=1584.18
2026-09-07 07:13:25,520 | INFO | 
========== PERIODIC VALIDATION ==========
stage=joint | epoch=3 | step=486 | users=1457/1457
NDCG  | @5 0.095573 | @10 0.097674
Recall| @5 0.100892 | @10 0.107069
Hit   | @5 0.100892 | @10 0.107069
================================
2026-09-07 07:13:25,889 | INFO | 
========== PERIODIC TEST ==========
stage=joint | epoch=3 | step=486 | users=1457/1457
NDCG  | @5 0.111151 | @10 0.113759
Recall| @5 0.120110 | @10 0.128346
Hit   | @5 0.120110 | @10 0.128346
================================
2026-09-07 07:13:25,889 | INFO | VALID_STEP step=486 stage=joint epoch=3 ndcg@10=0.097674 recall@10=0.107069 improved=True
2026-09-07 07:13:25,891 | INFO | BEST_MODEL_IN_MEMORY step=486 stage=joint ndcg@10=0.097674
2026-09-07 07:13:25,891 | INFO | LEARNING_RATE step=486 stage=joint lr=5e-05
2026-09-07 07:13:25,892 | INFO | stage=joint epoch=3 loss=4.219183 steps=54 transitions/s=1516.29
2026-09-07 07:13:30,583 | INFO | 
========== PERIODIC VALIDATION ==========
stage=joint | epoch=4 | step=540 | users=1457/1457
NDCG  | @5 0.096014 | @10 0.098292
Recall| @5 0.102265 | @10 0.109128
Hit   | @5 0.102265 | @10 0.109128
================================
2026-09-07 07:13:30,951 | INFO | 
========== PERIODIC TEST ==========
stage=joint | epoch=4 | step=540 | users=1457/1457
NDCG  | @5 0.111747 | @10 0.114370
Recall| @5 0.120110 | @10 0.128346
Hit   | @5 0.120110 | @10 0.128346
================================
2026-09-07 07:13:30,951 | INFO | VALID_STEP step=540 stage=joint epoch=4 ndcg@10=0.098292 recall@10=0.109128 improved=True
2026-09-07 07:13:30,952 | INFO | BEST_MODEL_IN_MEMORY step=540 stage=joint ndcg@10=0.098292
2026-09-07 07:13:30,953 | INFO | LEARNING_RATE step=540 stage=joint lr=5e-05
2026-09-07 07:13:30,953 | INFO | stage=joint epoch=4 loss=4.199875 steps=54 transitions/s=1583.28
2026-09-07 07:13:35,734 | INFO | 
========== PERIODIC VALIDATION ==========
stage=joint | epoch=5 | step=594 | users=1457/1457
NDCG  | @5 0.096408 | @10 0.098671
Recall| @5 0.103638 | @10 0.110501
Hit   | @5 0.103638 | @10 0.110501
================================
2026-09-07 07:13:36,100 | INFO | 
========== PERIODIC TEST ==========
stage=joint | epoch=5 | step=594 | users=1457/1457
NDCG  | @5 0.111482 | @10 0.114586
Recall| @5 0.119423 | @10 0.129032
Hit   | @5 0.119423 | @10 0.129032
================================
2026-09-07 07:13:36,100 | INFO | VALID_STEP step=594 stage=joint epoch=5 ndcg@10=0.098671 recall@10=0.110501 improved=True
2026-09-07 07:13:36,101 | INFO | BEST_MODEL_IN_MEMORY step=594 stage=joint ndcg@10=0.098671
2026-09-07 07:13:36,101 | INFO | LEARNING_RATE step=594 stage=joint lr=5e-05
2026-09-07 07:13:36,102 | INFO | stage=joint epoch=5 loss=4.180312 steps=54 transitions/s=1551.32
2026-09-07 07:13:40,887 | INFO | 
========== PERIODIC VALIDATION ==========
stage=joint | epoch=6 | step=648 | users=1457/1457
NDCG  | @5 0.096823 | @10 0.099276
Recall| @5 0.104324 | @10 0.111874
Hit   | @5 0.104324 | @10 0.111874
================================
2026-09-07 07:13:41,254 | INFO | 
========== PERIODIC TEST ==========
stage=joint | epoch=6 | step=648 | users=1457/1457
NDCG  | @5 0.111747 | @10 0.115593
Recall| @5 0.120110 | @10 0.132464
Hit   | @5 0.120110 | @10 0.132464
================================
2026-09-07 07:13:41,255 | INFO | VALID_STEP step=648 stage=joint epoch=6 ndcg@10=0.099276 recall@10=0.111874 improved=True
2026-09-07 07:13:41,258 | INFO | BEST_MODEL_IN_MEMORY step=648 stage=joint ndcg@10=0.099276
2026-09-07 07:13:41,258 | INFO | LEARNING_RATE step=648 stage=joint lr=5e-05
2026-09-07 07:13:41,258 | INFO | stage=joint epoch=6 loss=4.163331 steps=54 transitions/s=1548.82
2026-09-07 07:13:46,009 | INFO | 
========== PERIODIC VALIDATION ==========
stage=joint | epoch=7 | step=702 | users=1457/1457
NDCG  | @5 0.097247 | @10 0.099497
Recall| @5 0.105697 | @10 0.112560
Hit   | @5 0.105697 | @10 0.112560
================================
2026-09-07 07:13:46,377 | INFO | 
========== PERIODIC TEST ==========
stage=joint | epoch=7 | step=702 | users=1457/1457
NDCG  | @5 0.112248 | @10 0.116362
Recall| @5 0.121482 | @10 0.134523
Hit   | @5 0.121482 | @10 0.134523
================================
2026-09-07 07:13:46,377 | INFO | VALID_STEP step=702 stage=joint epoch=7 ndcg@10=0.099497 recall@10=0.112560 improved=True
2026-09-07 07:13:46,380 | INFO | BEST_MODEL_IN_MEMORY step=702 stage=joint ndcg@10=0.099497
2026-09-07 07:13:46,380 | INFO | LEARNING_RATE step=702 stage=joint lr=5e-05
2026-09-07 07:13:46,381 | INFO | stage=joint epoch=7 loss=4.145594 steps=54 transitions/s=1561.41
2026-09-07 07:13:46,749 | INFO | 
========== FINAL CURRENT VALIDATION ==========
stage=final | epoch=0 | step=702 | users=1457/1457
NDCG  | @5 0.097247 | @10 0.099497
Recall| @5 0.105697 | @10 0.112560
Hit   | @5 0.105697 | @10 0.112560
================================
2026-09-07 07:13:46,750 | INFO | VALID_STEP step=702 stage=final epoch=0 ndcg@10=0.099497 recall@10=0.112560 improved=False
2026-09-07 07:13:46,751 | INFO | RESTORE_BEST step=702 stage=joint ndcg@10=0.099497
2026-09-07 07:13:47,487 | INFO | 
========== BEST CHECKPOINT VALIDATION ==========
stage=joint | epoch=0 | step=702 | users=1457/1457
NDCG  | @5 0.097247 | @10 0.099497
Recall| @5 0.105697 | @10 0.112560
Hit   | @5 0.105697 | @10 0.112560
================================
2026-09-07 07:13:47,487 | INFO | 
========== FINAL FULL TEST ==========
stage=joint | epoch=0 | step=702 | users=1457/1457
NDCG  | @5 0.112248 | @10 0.116362
Recall| @5 0.121482 | @10 0.134523
Hit   | @5 0.121482 | @10 0.134523
================================
2026-09-07 07:13:47,487 | INFO | VALID_BEST {"evaluated_users": 1457, "hit@10": 0.11256005490734386, "hit@5": 0.10569663692518874, "ndcg@10": 0.0994966748485683, "ndcg@5": 0.09724706480907265, "preference_change_probability": 0.02226933863527904, "preference_current_entropy": 4.0549478314883425, "preference_next_entropy": 4.103590955452798, "preference_ranking_weight": 0.205810546875, "recall@10": 0.11256005490734386, "recall@5": 0.10569663692518874, "scores_per_second": 16340760.883104244, "total_users": 1457, "users_per_second": 3995.2960594386905}
2026-09-07 07:13:47,487 | INFO | TEST_FINAL {"evaluated_users": 1457, "hit@10": 0.13452299245024021, "hit@5": 0.12148249828414551, "ndcg@10": 0.11636204611543277, "ndcg@5": 0.11224821976954265, "preference_change_probability": 0.022904720057668797, "preference_current_entropy": 4.059590912388872, "preference_next_entropy": 4.102210867625847, "preference_ranking_weight": 0.205810546875, "recall@10": 0.13452299245024021, "recall@5": 0.12148249828414551, "scores_per_second": 16093122.2255917, "total_users": 1457, "users_per_second": 3934.7487104136185}
2026-09-07 07:13:47,487 | INFO | TARGET_RESULT metric=recall@10 target=>0.150000 actual=0.134523 achieved=False
2026-09-07 07:13:47,689 | INFO | scores=/workspace/P78123011/MediaTek_2026_project/ver4/outputs_mamba_rl/amazons_lora/Full_Beauty/rl_20260907_071228/Full_Beauty_scores.json
2026-09-07 07:13:47,689 | INFO | outputs=/workspace/P78123011/MediaTek_2026_project/ver4/outputs_mamba_rl/amazons_lora/Full_Beauty/rl_20260907_071228
