2026-08-27 03:23:00,826 | INFO | run_id=20260827_032300 dataset=yelp19 device=cuda
2026-08-27 03:23:00,826 | INFO | EXPERIMENT_NOTE YELP19 SWEEP RUN 3/3. Fixed method, dataset normalization, leave-two-out split, Mamba item artifact and training-only catalog calibration are identical to Runs 1-2. This run branches from Run-2 best validation checkpoint. Hyperparameters only: batch=768, candidates=1024, extra epochs=0/2/10, lrs=1e-4/1e-4/1e-5, supervised=1.25, specialization=0.005, entropy=0.0005, popularity_alpha=0.2, transition_beta=5.0, seed=25253. Run-2 validation refinement reconfirmed these prior weights (Recall@10=0.142978692); held-out test was not used for configuration selection.
2026-08-27 03:23:00,826 | INFO | EXPERIMENT_CONFIG {"batch_size": 768, "cache_dir": "/workspace/P78123011/cache", "candidates": 1024, "coordinator_epochs": 2, "coordinator_lr": 0.0001, "data_path": "/workspace/P78123011/MediaTek_2026_project/data/yelp2019_hf/yelp19_interactions.jsonl", "dataset": "yelp19", "device": "cuda", "dim": 128, "early_stopping_patience": 4, "entropy_coef": 0.0005, "eval_batch_size": 512, "experiment_note": "YELP19 SWEEP RUN 3/3. Fixed method, dataset normalization, leave-two-out split, Mamba item artifact and training-only catalog calibration are identical to Runs 1-2. This run branches from Run-2 best validation checkpoint. Hyperparameters only: batch=768, candidates=1024, extra epochs=0/2/10, lrs=1e-4/1e-4/1e-5, supervised=1.25, specialization=0.005, entropy=0.0005, popularity_alpha=0.2, transition_beta=5.0, seed=25253. Run-2 validation refinement reconfirmed these prior weights (Recall@10=0.142978692); held-out test was not used for configuration selection.", "full_catalog_supervised": true, "generate_reasons": false, "item_vector_artifact": "/workspace/P78123011/cache/mamba_multi_agent/yelp19_20262_c7bd07bf1de3.pt", "joint_lr": 1e-05, "lora_alpha": 16.0, "lora_dropout": 0.05, "lora_rank": 8, "lr_patience": 1, "max_events": null, "max_history": 100, "max_transitions": 800000, "min_rating": 4.0, "min_user_events": 5, "monitor_metric": "recall@10", "output_dir": "/workspace/P78123011/MediaTek_2026_project/outputs_mamba_rl", "popularity_alpha": 0.2, "reason_count": 0, "reason_max_new_tokens": 40, "resume_checkpoint": "/workspace/P78123011/MediaTek_2026_project/outputs_mamba_rl/yelp19/20260827_030443/best_validation.pt", "rl_epochs": 10, "seed": 25253, "short_window": 10, "skip_mamba": false, "specialist_epochs": 0, "specialist_lr": 0.0001, "specialization_coef": 0.005, "supervised_coef": 1.25, "target_recall_at_10": 0.0, "transition_beta": 5.0, "validate_every_steps": 1000}
2026-08-27 03:23:05,119 | INFO | users=27032 items=20262 train_interactions=814852
2026-08-27 03:23:07,354 | INFO | CATALOG_PRIORS popularity_alpha=0.200000 transition_beta=5.000000 source=train_histories_only enabled=True
2026-08-27 03:23:07,400 | INFO | ITEM_VECTOR_ARTIFACT path=/workspace/P78123011/cache/mamba_multi_agent/yelp19_20262_c7bd07bf1de3.pt fingerprint=c7bd07bf1de3
2026-08-27 03:23:07,421 | INFO | RESUME_CHECKPOINT path=/workspace/P78123011/MediaTek_2026_project/outputs_mamba_rl/yelp19/20260827_030443/best_validation.pt
2026-08-27 03:23:07,421 | INFO | agent_parameters={'long': 8321, 'short': 8321, 'coordinator': 7185, 'shared_projection': 327680}
2026-08-27 03:23:08,327 | INFO | training_transitions=787820
2026-08-27 03:23:08,327 | INFO | schedule specialist_epochs=0 coordinator_epochs=2 rl_epochs=10 validate_every_steps=1000 monitor=recall@10 early_stopping_patience=4
2026-08-27 03:23:11,343 | INFO | VALID_STEP step=0 stage=resume epoch=0 recall@10=0.142979 recall@10=0.142979 improved=True
2026-08-27 03:23:11,346 | INFO | BEST_CHECKPOINT step=0 stage=resume recall@10=0.142979 path=/workspace/P78123011/MediaTek_2026_project/outputs_mamba_rl/yelp19/20260827_032300/best_validation.pt
2026-08-27 03:23:46,852 | INFO | VALID_STEP step=1000 stage=coordinator epoch=1 recall@10=0.142609 recall@10=0.142609 improved=False
2026-08-27 03:23:46,852 | INFO | LEARNING_RATE step=1000 stage=coordinator lr=0.0001
2026-08-27 03:23:47,684 | INFO | stage=coordinator epoch=1 loss=9.626385 steps=1026 transitions/s=23959.94
2026-08-27 03:24:21,955 | INFO | VALID_STEP step=2000 stage=coordinator epoch=2 recall@10=0.142535 recall@10=0.142535 improved=False
2026-08-27 03:24:21,955 | INFO | LEARNING_RATE step=2000 stage=coordinator lr=0.0001
2026-08-27 03:24:23,609 | INFO | stage=coordinator epoch=2 loss=9.625120 steps=1026 transitions/s=24031.34
2026-08-27 03:26:11,228 | INFO | VALID_STEP step=3000 stage=joint epoch=1 recall@10=0.141980 recall@10=0.141980 improved=False
2026-08-27 03:26:11,228 | INFO | LEARNING_RATE step=3000 stage=joint lr=1e-05
2026-08-27 03:26:19,775 | INFO | stage=joint epoch=1 loss=12.033791 steps=1026 transitions/s=6965.41
2026-08-27 03:28:04,672 | INFO | VALID_STEP step=4000 stage=joint epoch=2 recall@10=0.142202 recall@10=0.142202 improved=False
2026-08-27 03:28:04,672 | INFO | LEARNING_RATE step=4000 stage=joint lr=1e-05
2026-08-27 03:28:16,769 | INFO | stage=joint epoch=2 loss=12.050193 steps=1026 transitions/s=6914.83
2026-08-27 03:29:58,151 | INFO | VALID_STEP step=5000 stage=joint epoch=3 recall@10=0.142831 recall@10=0.142831 improved=False
2026-08-27 03:29:58,151 | INFO | LEARNING_RATE step=5000 stage=joint lr=1e-05
2026-08-27 03:30:12,261 | INFO | stage=joint epoch=3 loss=12.049022 steps=1026 transitions/s=7008.59
2026-08-27 03:31:51,544 | INFO | VALID_STEP step=6000 stage=joint epoch=4 recall@10=0.142128 recall@10=0.142128 improved=False
2026-08-27 03:31:51,544 | INFO | LEARNING_RATE step=6000 stage=joint lr=1e-05
2026-08-27 03:31:51,544 | INFO | EARLY_STOP step=6000 checks_without_improvement=4 best_step=0 best_recall@10=0.142979
2026-08-27 03:31:51,545 | INFO | stage=joint epoch=4 loss=12.048282 steps=870 transitions/s=6943.14
2026-08-27 03:31:54,414 | INFO | VALID_STEP step=6000 stage=final epoch=0 recall@10=0.142128 recall@10=0.142128 improved=False
2026-08-27 03:31:54,415 | INFO | RESTORE_BEST step=0 stage=resume recall@10=0.142979
2026-08-27 03:32:00,085 | INFO | VALID_BEST {"ndcg@10": 0.08032680637351716, "ndcg@5": 0.06602334390557281, "recall@10": 0.1429786919206866, "recall@5": 0.09858686001775674, "scores_per_second": 191642874.53242752, "users_per_second": 9458.240772501606}
2026-08-27 03:32:00,085 | INFO | TEST_FINAL {"ndcg@10": 0.05544664437123818, "ndcg@5": 0.04656033383279413, "recall@10": 0.09684817993489198, "recall@5": 0.06939923054158034, "scores_per_second": 195193983.11237815, "users_per_second": 9633.500301667069}
2026-08-27 03:32:00,085 | INFO | TARGET_RESULT metric=recall@10 target=>0.000000 actual=0.096848 achieved=True
2026-08-27 03:32:00,454 | INFO | outputs=/workspace/P78123011/MediaTek_2026_project/outputs_mamba_rl/yelp19/20260827_032300
