2026-08-28 01:06:51,460 | INFO | run_id=20260828_010651 dataset=amazon-sports-and-outdoors device=cuda
2026-08-28 01:06:51,460 | INFO | EXPERIMENT_NOTE amazons_full subset=Sports; common architecture; periodic validation/test
2026-08-28 01:06:51,460 | INFO | EXPERIMENT_CONFIG {"batch_size": 128, "cache_dir": "/workspace/P78123011/cache", "candidates": 64, "coordinator_epochs": 3, "coordinator_lr": 0.0002, "data_path": null, "dataset": "amazon-sports-and-outdoors", "device": "cuda", "dim": 128, "early_stopping_patience": 12, "entropy_coef": 0.003, "eval_batch_size": 64, "experiment_note": "amazons_full subset=Sports; common architecture; periodic validation/test", "full_catalog_supervised": false, "generate_reasons": false, "item_vector_artifact": null, "joint_lr": 5e-05, "lora_alpha": 16.0, "lora_dropout": 0.05, "lora_rank": 8, "lr_patience": 3, "mamba_encode_batch_size": 32, "mamba_max_tokens": 16, "max_events": null, "max_history": 100, "max_transitions": 500000, "min_rating": 4.0, "min_user_events": 5, "monitor_metric": "ndcg@10", "output_dir": "/workspace/P78123011/MediaTek_2026_project/outputs_mamba_rl", "output_run_dir": "/workspace/P78123011/MediaTek_2026_project/outputs_mamba_rl/amazons_full/Sports/rl_20260828_010650", "periodic_test_user_limit": 10000, "popularity_alpha": 0.0, "reason_count": 20, "reason_max_new_tokens": 40, "refresh_data_cache": false, "resume_checkpoint": null, "rl_epochs": 20, "save_model_weights": false, "score_file": "/workspace/P78123011/MediaTek_2026_project/outputs_mamba_rl/amazons_full/Sports/rl_20260828_010650/Sports_scores.json", "seed": 25252, "short_window": 10, "skip_mamba": false, "specialist_epochs": 5, "specialist_lr": 0.0002, "specialization_coef": 0.005, "supervised_coef": 0.5, "target_recall_at_10": 0.15, "transition_beta": 0.0, "validate_every_steps": 1000, "validation_user_limit": 20000}
2026-08-28 01:06:52,810 | INFO | INTERACTION_CACHE hit path=/workspace/P78123011/cache/mamba_multi_agent_data/amazon-sports-and-outdoors_2f2f890dc509.pkl
2026-08-28 01:06:52,821 | INFO | users=632081 items=868148 train_interactions=4253294
2026-08-28 01:06:52,821 | INFO | CATALOG_PRIORS popularity_alpha=0.000000 transition_beta=0.000000 source=train_histories_only enabled=False
2026-08-28 01:07:42,215 | INFO | ITEM_VECTOR_ARTIFACT path=/workspace/P78123011/cache/mamba_multi_agent/amazon-sports-and-outdoors_868148_6f09f78a5697_tok16.pt fingerprint=6f09f78a5697
2026-08-28 01:07:43,556 | INFO | agent_parameters={'long': 8321, 'short': 8321, 'coordinator': 7185, 'shared_projection': 327680}
2026-08-28 01:07:45,952 | INFO | training_transitions=500000
2026-08-28 01:07:45,952 | INFO | schedule specialist_epochs=5 coordinator_epochs=3 rl_epochs=20 validate_every_steps=1000 validation_users=20000 periodic_test_users=10000 monitor=ndcg@10 early_stopping_patience=12
2026-08-28 01:08:56,236 | INFO | 
========== PERIODIC VALIDATION ==========
stage=specialists | epoch=1 | step=1000 | users=20000/632081
NDCG  | @5 0.002195 | @10 0.002376
Recall| @5 0.002750 | @10 0.003300
Hit   | @5 0.002750 | @10 0.003300
================================
2026-08-28 01:08:59,271 | INFO | 
========== PERIODIC TEST ==========
stage=specialists | epoch=1 | step=1000 | users=10000/632081
NDCG  | @5 0.003073 | @10 0.003334
Recall| @5 0.004500 | @10 0.005300
Hit   | @5 0.004500 | @10 0.005300
================================
2026-08-28 01:08:59,271 | INFO | VALID_STEP step=1000 stage=specialists epoch=1 ndcg@10=0.002376 recall@10=0.003300 improved=True
2026-08-28 01:08:59,272 | INFO | BEST_MODEL_IN_MEMORY step=1000 stage=specialists ndcg@10=0.002376
2026-08-28 01:10:09,258 | INFO | 
========== PERIODIC VALIDATION ==========
stage=specialists | epoch=1 | step=2000 | users=20000/632081
NDCG  | @5 0.000730 | @10 0.000855
Recall| @5 0.001050 | @10 0.001450
Hit   | @5 0.001050 | @10 0.001450
================================
2026-08-28 01:10:12,299 | INFO | 
========== PERIODIC TEST ==========
stage=specialists | epoch=1 | step=2000 | users=10000/632081
NDCG  | @5 0.001059 | @10 0.001339
Recall| @5 0.001600 | @10 0.002500
Hit   | @5 0.001600 | @10 0.002500
================================
2026-08-28 01:10:12,299 | INFO | VALID_STEP step=2000 stage=specialists epoch=1 ndcg@10=0.000855 recall@10=0.001450 improved=False
2026-08-28 01:11:21,458 | INFO | 
========== PERIODIC VALIDATION ==========
stage=specialists | epoch=1 | step=3000 | users=20000/632081
NDCG  | @5 0.000739 | @10 0.000883
Recall| @5 0.001050 | @10 0.001500
Hit   | @5 0.001050 | @10 0.001500
================================
2026-08-28 01:11:24,502 | INFO | 
========== PERIODIC TEST ==========
stage=specialists | epoch=1 | step=3000 | users=10000/632081
NDCG  | @5 0.000977 | @10 0.001297
Recall| @5 0.001300 | @10 0.002300
Hit   | @5 0.001300 | @10 0.002300
================================
2026-08-28 01:11:24,502 | INFO | VALID_STEP step=3000 stage=specialists epoch=1 ndcg@10=0.000883 recall@10=0.001500 improved=False
