2026-10-03 13:02:49,719 | INFO | run_id=20261003_130249 dataset=amazon-all-beauty device=cuda:0
2026-10-03 13:02:49,720 | INFO | MODEL recommender=MultiAgentMambaRecommender semantic_encoder=MambaTextEncoder semantic_model_id=state-spaces/mamba-130m-hf graph_backbone=LightGCN adaptation=multi_lora
2026-10-03 13:02:49,720 | INFO | ABLATION USE_SHORT=1 USE_PREFERENCE=1 USE_GCN=1 USE_COORDINATOR=1
2026-10-03 13:02:49,720 | INFO | AGENT_HISTORY mode=full_history effective_max_history=100 short=4 preference=100
2026-10-03 13:02:49,720 | INFO | EXPERIMENT_NOTE amazons_long_short subset=Full_Beauty; short filtered-full-sequence <= 10; long > 10; same model and full catalog
2026-10-03 13:02:49,720 | INFO | EXPERIMENT_CONFIG {"agent_diversity_coef": 0.02, "batch_size": 128, "cache_dir": "/workspace/P78123011/cache", "candidates": 64, "data_path": null, "dataset": "amazon-all-beauty", "device": "cuda:0", "dim": 128, "early_stopping_patience": 6, "enable_lora": 1, "eval_batch_size": 64, "eval_length_basis": "filtered_full_sequence", "eval_length_threshold": 10, "experiment_note": "amazons_long_short subset=Full_Beauty; short filtered-full-sequence <= 10; long > 10; same model and full catalog", "full_catalog_supervised": false, "future_decay": 0.5, "future_horizon": 3, "generate_reasons": false, "graph_device": "cuda:0", "hard_negative_fraction": 0.75, "hard_negative_pool_multiplier": 12, "hard_negative_warmup_epochs": 2, "history_influence_negatives": 64, "history_influence_output": null, "history_influence_user_limit": 0, "item_prompt_prefix": "Preference-aware product representation: ", "item_vector_artifact": null, "joint_epochs": 0, "joint_lr": 5e-05, "lora_alpha": 32.0, "lora_dropout": 0.05, "lora_rank": 16, "lr_patience": 2, "mamba_encode_batch_size": 32, "mamba_max_tokens": 32, "mamba_model_id": "state-spaces/mamba-130m-hf", "max_events": null, "max_history": 100, "max_transitions": 500000, "min_rating": 4.0, "monitor_metric": "ndcg@10", "output_dir": "/workspace/P78123011/MediaTek_2026_project/ver5/outputs_mamba_rl/amazons_lora", "output_run_dir": "/workspace/P78123011/MediaTek_2026_project/ver5/outputs_mamba_rl/amazons_long_short_S1_P1_G1_C1_SW4/Full_Beauty/rl_20261003_130248_r1_927433", "periodic_test_user_limit": 0, "popularity_alpha": -0.25, "preference_balance_coef": 0.01, "preference_coef": 0.2, "preference_contrastive_coef": 0.05, "preference_count": 32, "preference_score_weight": 0.2, "preference_separation_coef": 0.01, "preference_sharpness_coef": 0.05, "preference_temperature": 0.2, "preference_transition_coef": 0.1, "reason_count": 20, "reason_max_new_tokens": 40, "refresh_data_cache": false, "resume_checkpoint": null, "reverse_history_input": false, "rl_coef": 0.1, "rl_topk": 10, "save_model_weights": false, "score_file": "/workspace/P78123011/MediaTek_2026_project/ver5/outputs_mamba_rl/amazons_long_short_S1_P1_G1_C1_SW4/Full_Beauty/rl_20261003_130248_r1_927433/Full_Beauty_scores.json", "seed": 25252, "short_window": 4, "skip_mamba": false, "specialist_epochs": 6, "specialist_lr": 0.0001, "target_recall_at_10": 0.15, "transition_beta": 4.0, "use_coordinator": true, "use_graph_embeddings": true, "use_in_batch_negatives": true, "use_preference": 1, "use_short": 1, "validate_every_steps": 250, "validation_user_limit": 0}
2026-10-03 13:02:49,724 | INFO | INTERACTION_CACHE hit path=/workspace/P78123011/cache/mamba_multi_agent_data/amazon-all-beauty_90e3e920169a.pkl
2026-10-03 13:02:49,724 | INFO | HISTORY_INPUT_ORDER chronological
2026-10-03 13:02:49,725 | INFO | LENGTH_SPLIT preprocessing=original_one_pass_user_item_min_5 basis=filtered_full_sequence short<=10 long>10
2026-10-03 13:02:49,725 | INFO | users=1603 items=4090 train_interactions=8445
2026-10-03 13:02:49,994 | INFO | CATALOG_PRIORS popularity_alpha=-0.250000 transition_beta=4.000000 source=train_histories_only enabled=True
2026-10-03 13:02:50,018 | INFO | ITEM_VECTOR_ARTIFACT path=/workspace/P78123011/cache/mamba_multi_agent/amazon-all-beauty_4090_47e41e57cc9e_prompt_tok32.pt fingerprint=47e41e57cc9e
2026-10-03 13:02:50,018 | INFO | SEMANTIC_BACKBONE model_id=state-spaces/mamba-130m-hf hidden_size=768 frozen=True usage=shared_cached_item_vectors
2026-10-03 13:02:50,027 | INFO | GRAPH_EMBEDDINGS enabled=True source=train_histories_only main_device=cuda:0 graph_device=cuda:0
2026-10-03 13:02:50,044 | INFO | ADAPTATION_MODE mode=multi_lora enable_lora=1
2026-10-03 13:02:50,044 | INFO | ADAPTER_ROUTES {'short': ('candidate_lora', 'delta_lora', 'gate_lora', 'output_lora'), 'preference': ('transition_encoder.candidate_lora', 'transition_encoder.delta_lora', 'transition_encoder.gate_lora', 'transition_encoder.output_lora', 'state_lora'), 'coordinator': ('state_lora', 'mix_lora', 'score_lora')}
2026-10-03 13:02:50,044 | INFO | agent_parameters={'short': 16513, 'preference': 28994, 'coordinator': 14373, 'shared_projection': 98304, 'graph': 728704}
2026-10-03 13:02:50,044 | INFO | PREDICTION_PATH graph_only=False active_agents=2 coordinator=True
2026-10-03 13:02:50,053 | INFO | training_transitions=6842
2026-10-03 13:02:50,053 | INFO | schedule mode=single_stage_dl specialist_dl_epochs=6 joint_dl_rl_epochs=0 effective_rl_coef=0.0000 effective_rl_topk=0 validate_every_steps=250 validation_users=0 periodic_test_users=0 monitor=ndcg@10 early_stopping_patience=6
2026-10-03 13:02:50,961 | INFO | TRAINING_BRANCHES stage=all_dl short=True preference=True gcn=True preference_auxiliary=True preference_contrastive=True diversity_pairs=1 policy_gradient=False trainable_parameters=886888
2026-10-03 13:03:02,099 | INFO | 
========== PERIODIC VALIDATION ==========
stage=all_dl | epoch=1 | step=54 | users=1457/1457
NDCG  | @5 0.093806 | @10 0.094898
Recall| @5 0.100206 | @10 0.103638
Hit   | @5 0.100206 | @10 0.103638
================================
2026-10-03 13:03:02,099 | INFO | PERIODIC VALIDATION SEQUENCE_LENGTH {"basis": "filtered_full_sequence", "long": {"evaluated_users": 219, "history_length_max": 119, "history_length_mean": 20.98173515981735, "history_length_min": 11, "hit@10": 0.0502283105022831, "hit@5": 0.045662100456621, "ndcg@10": 0.0388352488652305, "ndcg@5": 0.03720873202912081, "recall@10": 0.0502283105022831, "recall@5": 0.045662100456621, "total_users": 219}, "long_rule": "length > threshold", "short": {"evaluated_users": 1238, "history_length_max": 10, "history_length_mean": 5.27221324717286, "history_length_min": 3, "hit@10": 0.11308562197092084, "hit@5": 0.1098546042003231, "ndcg@10": 0.10481544973441301, "ndcg@5": 0.10381750186957049, "recall@10": 0.11308562197092084, "recall@5": 0.1098546042003231, "total_users": 1238}, "short_rule": "length <= threshold", "threshold": 10}
2026-10-03 13:03:02,800 | INFO | 
========== PERIODIC TEST ==========
stage=all_dl | epoch=1 | step=54 | users=1457/1457
NDCG  | @5 0.108115 | @10 0.109406
Recall| @5 0.115305 | @10 0.119423
Hit   | @5 0.115305 | @10 0.119423
================================
2026-10-03 13:03:02,800 | INFO | PERIODIC TEST SEQUENCE_LENGTH {"basis": "filtered_full_sequence", "long": {"evaluated_users": 219, "history_length_max": 119, "history_length_mean": 20.98173515981735, "history_length_min": 11, "hit@10": 0.0593607305936073, "hit@5": 0.0547945205479452, "ndcg@10": 0.04109307512484108, "ndcg@5": 0.03977314441106077, "recall@10": 0.0593607305936073, "recall@5": 0.0547945205479452, "total_users": 219}, "long_rule": "length > threshold", "short": {"evaluated_users": 1238, "history_length_max": 10, "history_length_mean": 5.27221324717286, "history_length_min": 3, "hit@10": 0.13004846526655897, "hit@5": 0.1260096930533118, "ndcg@10": 0.12149030737905875, "ndcg@5": 0.12020470639156618, "recall@10": 0.13004846526655897, "recall@5": 0.1260096930533118, "total_users": 1238}, "short_rule": "length <= threshold", "threshold": 10}
2026-10-03 13:03:02,804 | INFO | VALID_STEP step=54 stage=all_dl epoch=1 ndcg@10=0.094898 recall@10=0.103638 improved=True
2026-10-03 13:03:02,807 | INFO | BEST_MODEL_IN_MEMORY step=54 stage=all_dl ndcg@10=0.094898
2026-10-03 13:03:02,807 | INFO | LEARNING_RATE step=54 stage=all_dl lr=0.0001
2026-10-03 13:03:02,808 | INFO | stage=all_dl epoch=1 loss=4.492686 steps=54 transitions/s=656.65
2026-10-03 13:03:13,195 | INFO | 
========== PERIODIC VALIDATION ==========
stage=all_dl | epoch=2 | step=108 | users=1457/1457
NDCG  | @5 0.094226 | @10 0.095265
Recall| @5 0.099520 | @10 0.102951
Hit   | @5 0.099520 | @10 0.102951
================================
2026-10-03 13:03:13,195 | INFO | PERIODIC VALIDATION SEQUENCE_LENGTH {"basis": "filtered_full_sequence", "long": {"evaluated_users": 219, "history_length_max": 119, "history_length_mean": 20.98173515981735, "history_length_min": 11, "hit@10": 0.0502283105022831, "hit@5": 0.045662100456621, "ndcg@10": 0.03932865480037556, "ndcg@5": 0.03780658478515486, "recall@10": 0.0502283105022831, "recall@5": 0.045662100456621, "total_users": 219}, "long_rule": "length > threshold", "short": {"evaluated_users": 1238, "history_length_max": 10, "history_length_mean": 5.27221324717286, "history_length_min": 3, "hit@10": 0.1122778675282714, "hit@5": 0.10904684975767366, "ndcg@10": 0.10516031857648304, "ndcg@5": 0.10420701514840247, "recall@10": 0.1122778675282714, "recall@5": 0.10904684975767366, "total_users": 1238}, "short_rule": "length <= threshold", "threshold": 10}
2026-10-03 13:03:13,895 | INFO | 
========== PERIODIC TEST ==========
stage=all_dl | epoch=2 | step=108 | users=1457/1457
NDCG  | @5 0.108501 | @10 0.110517
Recall| @5 0.115992 | @10 0.122169
Hit   | @5 0.115992 | @10 0.122169
================================
2026-10-03 13:03:13,895 | INFO | PERIODIC TEST SEQUENCE_LENGTH {"basis": "filtered_full_sequence", "long": {"evaluated_users": 219, "history_length_max": 119, "history_length_mean": 20.98173515981735, "history_length_min": 11, "hit@10": 0.0593607305936073, "hit@5": 0.0547945205479452, "ndcg@10": 0.04169092788087514, "ndcg@5": 0.04037099716709482, "recall@10": 0.0593607305936073, "recall@5": 0.0547945205479452, "total_users": 219}, "long_rule": "length > threshold", "short": {"evaluated_users": 1238, "history_length_max": 10, "history_length_mean": 5.27221324717286, "history_length_min": 3, "hit@10": 0.1332794830371567, "hit@5": 0.12681744749596122, "ndcg@10": 0.1226925605575473, "ndcg@5": 0.12055258729469491, "recall@10": 0.1332794830371567, "recall@5": 0.12681744749596122, "total_users": 1238}, "short_rule": "length <= threshold", "threshold": 10}
2026-10-03 13:03:13,896 | INFO | VALID_STEP step=108 stage=all_dl epoch=2 ndcg@10=0.095265 recall@10=0.102951 improved=True
2026-10-03 13:03:13,900 | INFO | BEST_MODEL_IN_MEMORY step=108 stage=all_dl ndcg@10=0.095265
2026-10-03 13:03:13,900 | INFO | LEARNING_RATE step=108 stage=all_dl lr=0.0001
2026-10-03 13:03:13,901 | INFO | stage=all_dl epoch=2 loss=4.475776 steps=54 transitions/s=706.42
2026-10-03 13:03:23,686 | INFO | 
========== PERIODIC VALIDATION ==========
stage=all_dl | epoch=3 | step=162 | users=1457/1457
NDCG  | @5 0.094137 | @10 0.094999
Recall| @5 0.098833 | @10 0.101579
Hit   | @5 0.098833 | @10 0.101579
================================
2026-10-03 13:03:23,686 | INFO | PERIODIC VALIDATION SEQUENCE_LENGTH {"basis": "filtered_full_sequence", "long": {"evaluated_users": 219, "history_length_max": 119, "history_length_mean": 20.98173515981735, "history_length_min": 11, "hit@10": 0.0502283105022831, "hit@5": 0.045662100456621, "ndcg@10": 0.03932865480037556, "ndcg@5": 0.03780658478515486, "recall@10": 0.0502283105022831, "recall@5": 0.045662100456621, "total_users": 219}, "long_rule": "length > threshold", "short": {"evaluated_users": 1238, "history_length_max": 10, "history_length_mean": 5.27221324717286, "history_length_min": 3, "hit@10": 0.11066235864297254, "hit@5": 0.10823909531502424, "ndcg@10": 0.10484715925320356, "ndcg@5": 0.10410125605828015, "recall@10": 0.11066235864297254, "recall@5": 0.10823909531502424, "total_users": 1238}, "short_rule": "length <= threshold", "threshold": 10}
2026-10-03 13:03:24,379 | INFO | 
========== PERIODIC TEST ==========
stage=all_dl | epoch=3 | step=162 | users=1457/1457
NDCG  | @5 0.108838 | @10 0.111208
Recall| @5 0.117364 | @10 0.124914
Hit   | @5 0.117364 | @10 0.124914
================================
2026-10-03 13:03:24,379 | INFO | PERIODIC TEST SEQUENCE_LENGTH {"basis": "filtered_full_sequence", "long": {"evaluated_users": 219, "history_length_max": 119, "history_length_mean": 20.98173515981735, "history_length_min": 11, "hit@10": 0.0593607305936073, "hit@5": 0.0547945205479452, "ndcg@10": 0.04000567561407814, "ndcg@5": 0.03868574490029783, "recall@10": 0.0593607305936073, "recall@5": 0.0547945205479452, "total_users": 219}, "long_rule": "length > threshold", "short": {"evaluated_users": 1238, "history_length_max": 10, "history_length_mean": 5.27221324717286, "history_length_min": 3, "hit@10": 0.13651050080775445, "hit@5": 0.1284329563812601, "ndcg@10": 0.12380392291997507, "ndcg@5": 0.12124834910095242, "recall@10": 0.13651050080775445, "recall@5": 0.1284329563812601, "total_users": 1238}, "short_rule": "length <= threshold", "threshold": 10}
2026-10-03 13:03:24,380 | INFO | VALID_STEP step=162 stage=all_dl epoch=3 ndcg@10=0.094999 recall@10=0.101579 improved=False
2026-10-03 13:03:24,380 | INFO | LEARNING_RATE step=162 stage=all_dl lr=0.0001
2026-10-03 13:03:24,381 | INFO | stage=all_dl epoch=3 loss=4.431441 steps=54 transitions/s=752.97
2026-10-03 13:03:37,039 | INFO | 
========== PERIODIC VALIDATION ==========
stage=all_dl | epoch=4 | step=216 | users=1457/1457
NDCG  | @5 0.093901 | @10 0.095064
Recall| @5 0.098147 | @10 0.101579
Hit   | @5 0.098147 | @10 0.101579
================================
2026-10-03 13:03:37,039 | INFO | PERIODIC VALIDATION SEQUENCE_LENGTH {"basis": "filtered_full_sequence", "long": {"evaluated_users": 219, "history_length_max": 119, "history_length_mean": 20.98173515981735, "history_length_min": 11, "hit@10": 0.0502283105022831, "hit@5": 0.045662100456621, "ndcg@10": 0.03932865480037556, "ndcg@5": 0.03780658478515486, "recall@10": 0.0502283105022831, "recall@5": 0.045662100456621, "total_users": 219}, "long_rule": "length > threshold", "short": {"evaluated_users": 1238, "history_length_max": 10, "history_length_mean": 5.27221324717286, "history_length_min": 3, "hit@10": 0.11066235864297254, "hit@5": 0.1074313408723748, "ndcg@10": 0.1049232609282271, "ndcg@5": 0.1038237354158401, "recall@10": 0.11066235864297254, "recall@5": 0.1074313408723748, "total_users": 1238}, "short_rule": "length <= threshold", "threshold": 10}
2026-10-03 13:03:40,139 | INFO | 
========== PERIODIC TEST ==========
stage=all_dl | epoch=4 | step=216 | users=1457/1457
NDCG  | @5 0.109590 | @10 0.111364
Recall| @5 0.118051 | @10 0.123542
Hit   | @5 0.118051 | @10 0.123542
================================
2026-10-03 13:03:40,139 | INFO | PERIODIC TEST SEQUENCE_LENGTH {"basis": "filtered_full_sequence", "long": {"evaluated_users": 219, "history_length_max": 119, "history_length_mean": 20.98173515981735, "history_length_min": 11, "hit@10": 0.0593607305936073, "hit@5": 0.0547945205479452, "ndcg@10": 0.04160972897308518, "ndcg@5": 0.04028979825930487, "recall@10": 0.0593607305936073, "recall@5": 0.0547945205479452, "total_users": 219}, "long_rule": "length > threshold", "short": {"evaluated_users": 1238, "history_length_max": 10, "history_length_mean": 5.27221324717286, "history_length_min": 3, "hit@10": 0.13489499192245558, "hit@5": 0.12924071082390953, "ndcg@10": 0.12370362080565017, "ndcg@5": 0.12184938056002909, "recall@10": 0.13489499192245558, "recall@5": 0.12924071082390953, "total_users": 1238}, "short_rule": "length <= threshold", "threshold": 10}
2026-10-03 13:03:40,141 | INFO | VALID_STEP step=216 stage=all_dl epoch=4 ndcg@10=0.095064 recall@10=0.101579 improved=False
2026-10-03 13:03:40,141 | INFO | LEARNING_RATE step=216 stage=all_dl lr=0.0001
2026-10-03 13:03:40,141 | INFO | stage=all_dl epoch=4 loss=4.392422 steps=54 transitions/s=716.00
2026-10-03 13:04:00,824 | INFO | 
========== PERIODIC VALIDATION ==========
stage=all_dl | epoch=5 | step=270 | users=1457/1457
NDCG  | @5 0.094166 | @10 0.095556
Recall| @5 0.098833 | @10 0.102951
Hit   | @5 0.098833 | @10 0.102951
================================
2026-10-03 13:04:00,824 | INFO | PERIODIC VALIDATION SEQUENCE_LENGTH {"basis": "filtered_full_sequence", "long": {"evaluated_users": 219, "history_length_max": 119, "history_length_mean": 20.98173515981735, "history_length_min": 11, "hit@10": 0.0593607305936073, "hit@5": 0.0502283105022831, "ndcg@10": 0.042415036688742816, "ndcg@5": 0.03957303595974181, "recall@10": 0.0593607305936073, "recall@5": 0.0502283105022831, "total_users": 219}, "long_rule": "length > threshold", "short": {"evaluated_users": 1238, "history_length_max": 10, "history_length_mean": 5.27221324717286, "history_length_min": 3, "hit@10": 0.11066235864297254, "hit@5": 0.1074313408723748, "ndcg@10": 0.10495617071039373, "ndcg@5": 0.1038237354158401, "recall@10": 0.11066235864297254, "recall@5": 0.1074313408723748, "total_users": 1238}, "short_rule": "length <= threshold", "threshold": 10}
2026-10-03 13:04:04,093 | INFO | 
========== PERIODIC TEST ==========
stage=all_dl | epoch=5 | step=270 | users=1457/1457
NDCG  | @5 0.110495 | @10 0.112259
Recall| @5 0.119423 | @10 0.124914
Hit   | @5 0.119423 | @10 0.124914
================================
2026-10-03 13:04:04,093 | INFO | PERIODIC TEST SEQUENCE_LENGTH {"basis": "filtered_full_sequence", "long": {"evaluated_users": 219, "history_length_max": 119, "history_length_mean": 20.98173515981735, "history_length_min": 11, "hit@10": 0.0593607305936073, "hit@5": 0.0547945205479452, "ndcg@10": 0.04160972897308518, "ndcg@5": 0.04028979825930487, "recall@10": 0.0593607305936073, "recall@5": 0.0547945205479452, "total_users": 219}, "long_rule": "length > threshold", "short": {"evaluated_users": 1238, "history_length_max": 10, "history_length_mean": 5.27221324717286, "history_length_min": 3, "hit@10": 0.13651050080775445, "hit@5": 0.1308562197092084, "ndcg@10": 0.12475620116444355, "ndcg@5": 0.12291362075817769, "recall@10": 0.13651050080775445, "recall@5": 0.1308562197092084, "total_users": 1238}, "short_rule": "length <= threshold", "threshold": 10}
2026-10-03 13:04:04,095 | INFO | VALID_STEP step=270 stage=all_dl epoch=5 ndcg@10=0.095556 recall@10=0.102951 improved=True
2026-10-03 13:04:04,100 | INFO | BEST_MODEL_IN_MEMORY step=270 stage=all_dl ndcg@10=0.095556
2026-10-03 13:04:04,100 | INFO | LEARNING_RATE step=270 stage=all_dl lr=0.0001
2026-10-03 13:04:04,100 | INFO | stage=all_dl epoch=5 loss=4.358821 steps=54 transitions/s=391.60
2026-10-03 13:04:25,046 | INFO | 
========== PERIODIC VALIDATION ==========
stage=all_dl | epoch=6 | step=324 | users=1457/1457
NDCG  | @5 0.094697 | @10 0.096237
Recall| @5 0.100206 | @10 0.105010
Hit   | @5 0.100206 | @10 0.105010
================================
2026-10-03 13:04:25,047 | INFO | PERIODIC VALIDATION SEQUENCE_LENGTH {"basis": "filtered_full_sequence", "long": {"evaluated_users": 219, "history_length_max": 119, "history_length_mean": 20.98173515981735, "history_length_min": 11, "hit@10": 0.0684931506849315, "hit@5": 0.0547945205479452, "ndcg@10": 0.04555605405357625, "ndcg@5": 0.04133948713432876, "recall@10": 0.0684931506849315, "recall@5": 0.0547945205479452, "total_users": 219}, "long_rule": "length > threshold", "short": {"evaluated_users": 1238, "history_length_max": 10, "history_length_mean": 5.27221324717286, "history_length_min": 3, "hit@10": 0.11147011308562198, "hit@5": 0.10823909531502424, "ndcg@10": 0.10520283321975557, "ndcg@5": 0.1041362174895352, "recall@10": 0.11147011308562198, "recall@5": 0.10823909531502424, "total_users": 1238}, "short_rule": "length <= threshold", "threshold": 10}
2026-10-03 13:04:28,372 | INFO | 
========== PERIODIC TEST ==========
stage=all_dl | epoch=6 | step=324 | users=1457/1457
NDCG  | @5 0.111399 | @10 0.113350
Recall| @5 0.121482 | @10 0.127660
Hit   | @5 0.121482 | @10 0.127660
================================
2026-10-03 13:04:28,372 | INFO | PERIODIC TEST SEQUENCE_LENGTH {"basis": "filtered_full_sequence", "long": {"evaluated_users": 219, "history_length_max": 119, "history_length_mean": 20.98173515981735, "history_length_min": 11, "hit@10": 0.0639269406392694, "hit@5": 0.0547945205479452, "ndcg@10": 0.042984295163331666, "ndcg@5": 0.04028979825930487, "recall@10": 0.0639269406392694, "recall@5": 0.0547945205479452, "total_users": 219}, "long_rule": "length > threshold", "short": {"evaluated_users": 1238, "history_length_max": 10, "history_length_mean": 5.27221324717286, "history_length_min": 3, "hit@10": 0.13893376413570274, "hit@5": 0.1332794830371567, "ndcg@10": 0.12579719649912183, "ndcg@5": 0.12397786095632622, "recall@10": 0.13893376413570274, "recall@5": 0.1332794830371567, "total_users": 1238}, "short_rule": "length <= threshold", "threshold": 10}
2026-10-03 13:04:28,373 | INFO | VALID_STEP step=324 stage=all_dl epoch=6 ndcg@10=0.096237 recall@10=0.105010 improved=True
2026-10-03 13:04:28,376 | INFO | BEST_MODEL_IN_MEMORY step=324 stage=all_dl ndcg@10=0.096237
2026-10-03 13:04:28,377 | INFO | LEARNING_RATE step=324 stage=all_dl lr=0.0001
2026-10-03 13:04:28,377 | INFO | stage=all_dl epoch=6 loss=4.330435 steps=54 transitions/s=387.66
2026-10-03 13:04:31,694 | INFO | 
========== FINAL CURRENT VALIDATION ==========
stage=final | epoch=0 | step=324 | users=1457/1457
NDCG  | @5 0.094697 | @10 0.096237
Recall| @5 0.100206 | @10 0.105010
Hit   | @5 0.100206 | @10 0.105010
================================
2026-10-03 13:04:31,694 | INFO | FINAL CURRENT VALIDATION SEQUENCE_LENGTH {"basis": "filtered_full_sequence", "long": {"evaluated_users": 219, "history_length_max": 119, "history_length_mean": 20.98173515981735, "history_length_min": 11, "hit@10": 0.0684931506849315, "hit@5": 0.0547945205479452, "ndcg@10": 0.04555605405357625, "ndcg@5": 0.04133948713432876, "recall@10": 0.0684931506849315, "recall@5": 0.0547945205479452, "total_users": 219}, "long_rule": "length > threshold", "short": {"evaluated_users": 1238, "history_length_max": 10, "history_length_mean": 5.27221324717286, "history_length_min": 3, "hit@10": 0.11147011308562198, "hit@5": 0.10823909531502424, "ndcg@10": 0.10520283321975557, "ndcg@5": 0.1041362174895352, "recall@10": 0.11147011308562198, "recall@5": 0.10823909531502424, "total_users": 1238}, "short_rule": "length <= threshold", "threshold": 10}
2026-10-03 13:04:31,694 | INFO | VALID_STEP step=324 stage=final epoch=0 ndcg@10=0.096237 recall@10=0.105010 improved=False
2026-10-03 13:04:31,700 | INFO | RESTORE_BEST step=324 stage=all_dl ndcg@10=0.096237
2026-10-03 13:04:38,261 | INFO | 
========== BEST CHECKPOINT VALIDATION ==========
stage=all_dl | epoch=0 | step=324 | users=1457/1457
NDCG  | @5 0.094697 | @10 0.096237
Recall| @5 0.100206 | @10 0.105010
Hit   | @5 0.100206 | @10 0.105010
================================
2026-10-03 13:04:38,261 | INFO | BEST CHECKPOINT VALIDATION SEQUENCE_LENGTH {"basis": "filtered_full_sequence", "long": {"evaluated_users": 219, "history_length_max": 119, "history_length_mean": 20.98173515981735, "history_length_min": 11, "hit@10": 0.0684931506849315, "hit@5": 0.0547945205479452, "ndcg@10": 0.04555605405357625, "ndcg@5": 0.04133948713432876, "recall@10": 0.0684931506849315, "recall@5": 0.0547945205479452, "total_users": 219}, "long_rule": "length > threshold", "short": {"evaluated_users": 1238, "history_length_max": 10, "history_length_mean": 5.27221324717286, "history_length_min": 3, "hit@10": 0.11147011308562198, "hit@5": 0.10823909531502424, "ndcg@10": 0.10520283321975557, "ndcg@5": 0.1041362174895352, "recall@10": 0.11147011308562198, "recall@5": 0.10823909531502424, "total_users": 1238}, "short_rule": "length <= threshold", "threshold": 10}
2026-10-03 13:04:38,261 | INFO | 
========== FINAL FULL TEST ==========
stage=all_dl | epoch=0 | step=324 | users=1457/1457
NDCG  | @5 0.111399 | @10 0.113350
Recall| @5 0.121482 | @10 0.127660
Hit   | @5 0.121482 | @10 0.127660
================================
2026-10-03 13:04:38,261 | INFO | FINAL FULL TEST SEQUENCE_LENGTH {"basis": "filtered_full_sequence", "long": {"evaluated_users": 219, "history_length_max": 119, "history_length_mean": 20.98173515981735, "history_length_min": 11, "hit@10": 0.0639269406392694, "hit@5": 0.0547945205479452, "ndcg@10": 0.042984295163331666, "ndcg@5": 0.04028979825930487, "recall@10": 0.0639269406392694, "recall@5": 0.0547945205479452, "total_users": 219}, "long_rule": "length > threshold", "short": {"evaluated_users": 1238, "history_length_max": 10, "history_length_mean": 5.27221324717286, "history_length_min": 3, "hit@10": 0.13893376413570274, "hit@5": 0.1332794830371567, "ndcg@10": 0.12579719649912183, "ndcg@5": 0.12397786095632622, "recall@10": 0.13893376413570274, "recall@5": 0.1332794830371567, "total_users": 1238}, "short_rule": "length <= threshold", "threshold": 10}
2026-10-03 13:04:38,261 | INFO | VALID_BEST {"evaluated_users": 1457, "hit@10": 0.10501029512697323, "hit@5": 0.10020590253946465, "ndcg@10": 0.09623739436299489, "ndcg@5": 0.09469731326944303, "preference_agent_weight": 0.04724975702446785, "preference_change_probability": 0.3240940824468085, "preference_current_entropy": 3.2659005483864267, "preference_next_entropy": 3.4269829032023473, "preference_ranking_weight": 0.04724975702446785, "recall@10": 0.10501029512697323, "recall@5": 0.10020590253946465, "scores_per_second": 1781638.8138971755, "sequence_length": {"basis": "filtered_full_sequence", "long": {"evaluated_users": 219, "history_length_max": 119, "history_length_mean": 20.98173515981735, "history_length_min": 11, "hit@10": 0.0684931506849315, "hit@5": 0.0547945205479452, "ndcg@10": 0.04555605405357625, "ndcg@5": 0.04133948713432876, "recall@10": 0.0684931506849315, "recall@5": 0.0547945205479452, "total_users": 219}, "long_rule": "length > threshold", "short": {"evaluated_users": 1238, "history_length_max": 10, "history_length_mean": 5.27221324717286, "history_length_min": 3, "hit@10": 0.11147011308562198, "hit@5": 0.10823909531502424, "ndcg@10": 0.10520283321975557, "ndcg@5": 0.1041362174895352, "recall@10": 0.11147011308562198, "recall@5": 0.10823909531502424, "total_users": 1238}, "short_rule": "length <= threshold", "threshold": 10}, "short_agent_weight": 0.9527502433028054, "short_preference_state_cosine": 0.07225397104421706, "total_users": 1457, "users_per_second": 435.6085119552996}
2026-10-03 13:04:38,262 | INFO | TEST_FINAL {"evaluated_users": 1457, "hit@10": 0.1276595744680851, "hit@5": 0.12148249828414551, "ndcg@10": 0.11334968349585078, "ndcg@5": 0.11139880359050093, "preference_agent_weight": 0.04847832959894457, "preference_change_probability": 0.32359373659488677, "preference_current_entropy": 3.2681278707887835, "preference_next_entropy": 3.4267288029971152, "preference_ranking_weight": 0.04847832959894457, "recall@10": 0.1276595744680851, "recall@5": 0.12148249828414551, "scores_per_second": 1856009.2556695463, "sequence_length": {"basis": "filtered_full_sequence", "long": {"evaluated_users": 219, "history_length_max": 119, "history_length_mean": 20.98173515981735, "history_length_min": 11, "hit@10": 0.0639269406392694, "hit@5": 0.0547945205479452, "ndcg@10": 0.042984295163331666, "ndcg@5": 0.04028979825930487, "recall@10": 0.0639269406392694, "recall@5": 0.0547945205479452, "total_users": 219}, "long_rule": "length > threshold", "short": {"evaluated_users": 1238, "history_length_max": 10, "history_length_mean": 5.27221324717286, "history_length_min": 3, "hit@10": 0.13893376413570274, "hit@5": 0.1332794830371567, "ndcg@10": 0.12579719649912183, "ndcg@5": 0.12397786095632622, "recall@10": 0.13893376413570274, "recall@5": 0.1332794830371567, "total_users": 1238}, "short_rule": "length <= threshold", "threshold": 10}, "short_agent_weight": 0.9515216672919593, "short_preference_state_cosine": -0.012462031661277776, "total_users": 1457, "users_per_second": 453.7919940512338}
2026-10-03 13:04:38,262 | INFO | TARGET_RESULT metric=recall@10 target=>0.150000 actual=0.127660 achieved=False
2026-10-03 13:04:38,744 | INFO | FINAL_LENGTH_SCORES dataset=amazon-all-beauty group=short split=valid threshold=10 users=1238/1238 scores={"hit@10": 0.11147011308562198, "hit@5": 0.10823909531502424, "ndcg@10": 0.10520283321975557, "ndcg@5": 0.1041362174895352, "recall@10": 0.11147011308562198, "recall@5": 0.10823909531502424}
2026-10-03 13:04:38,744 | INFO | FINAL_LENGTH_SCORES dataset=amazon-all-beauty group=short split=test threshold=10 users=1238/1238 scores={"hit@10": 0.13893376413570274, "hit@5": 0.1332794830371567, "ndcg@10": 0.12579719649912183, "ndcg@5": 0.12397786095632622, "recall@10": 0.13893376413570274, "recall@5": 0.1332794830371567}
2026-10-03 13:04:38,745 | INFO | short_scores=/workspace/P78123011/MediaTek_2026_project/ver5/outputs_mamba_rl/amazons_long_short_S1_P1_G1_C1_SW4/Full_Beauty/rl_20261003_130248_r1_927433/short_scores.json
2026-10-03 13:04:38,745 | INFO | FINAL_LENGTH_SCORES dataset=amazon-all-beauty group=long split=valid threshold=10 users=219/219 scores={"hit@10": 0.0684931506849315, "hit@5": 0.0547945205479452, "ndcg@10": 0.04555605405357625, "ndcg@5": 0.04133948713432876, "recall@10": 0.0684931506849315, "recall@5": 0.0547945205479452}
2026-10-03 13:04:38,745 | INFO | FINAL_LENGTH_SCORES dataset=amazon-all-beauty group=long split=test threshold=10 users=219/219 scores={"hit@10": 0.0639269406392694, "hit@5": 0.0547945205479452, "ndcg@10": 0.042984295163331666, "ndcg@5": 0.04028979825930487, "recall@10": 0.0639269406392694, "recall@5": 0.0547945205479452}
2026-10-03 13:04:38,745 | INFO | long_scores=/workspace/P78123011/MediaTek_2026_project/ver5/outputs_mamba_rl/amazons_long_short_S1_P1_G1_C1_SW4/Full_Beauty/rl_20261003_130248_r1_927433/long_scores.json
2026-10-03 13:04:38,745 | INFO | scores=/workspace/P78123011/MediaTek_2026_project/ver5/outputs_mamba_rl/amazons_long_short_S1_P1_G1_C1_SW4/Full_Beauty/rl_20261003_130248_r1_927433/Full_Beauty_scores.json
2026-10-03 13:04:38,745 | INFO | outputs=/workspace/P78123011/MediaTek_2026_project/ver5/outputs_mamba_rl/amazons_long_short_S1_P1_G1_C1_SW4/Full_Beauty/rl_20261003_130248_r1_927433
