2026-09-29 01:57:15,409 | INFO | run_id=20260929_015715 dataset=amazon:Baby_Products device=cuda:0
2026-09-29 01:57:15,409 | INFO | CUDA_SCOPE requested_physical=1 visible_count=1 main_logical=cuda:0 graph_logical=cuda:0
2026-09-29 01:57:15,409 | INFO | MODEL recommender=MultiAgentMambaRecommender semantic_encoder=MambaTextEncoder semantic_model_id=state-spaces/mamba-130m-hf graph_backbone=LightGCN adaptation=multi_lora
2026-09-29 01:57:15,409 | INFO | ABLATION USE_LONG=1 USE_SHORT=0 USE_PREFERENCE=0 USE_GCN=1
2026-09-29 01:57:15,409 | INFO | AGENT_HISTORY mode=full_history effective_max_history=100
2026-09-29 01:57:15,409 | INFO | EXPERIMENT_NOTE preliminary inverse: reversed observed prefixes, chronological targets; single full-history Mamba+LoRA+LightGCN; no saved weights
2026-09-29 01:57:15,409 | INFO | EXPERIMENT_CONFIG {"agent_diversity_coef": 0.02, "batch_size": 128, "cache_dir": "/workspace/P78123011/cache", "candidates": 192, "coordinator_epochs": 0, "coordinator_lr": 0.0001, "data_path": null, "dataset": "amazon:Baby_Products", "device": "cuda:0", "dim": 128, "early_stopping_patience": 6, "enable_lora": 1, "eval_batch_size": 64, "eval_length_basis": "untruncated_train_history", "eval_length_threshold": null, "experiment_note": "preliminary inverse: reversed observed prefixes, chronological targets; single full-history Mamba+LoRA+LightGCN; no saved weights", "full_catalog_supervised": false, "future_decay": 0.5, "future_horizon": 3, "generate_reasons": false, "graph_device": "cuda:0", "hard_negative_fraction": 0.75, "hard_negative_pool_multiplier": 12, "hard_negative_warmup_epochs": 2, "history_influence_negatives": 64, "history_influence_output": "/workspace/P78123011/MediaTek_2026_project/preliminary/outputs_inverse/training/amazon_Baby_Products/history_item_influence.csv", "history_influence_user_limit": 2000, "item_prompt_prefix": "Preference-aware product representation: ", "item_vector_artifact": null, "joint_epochs": 3, "joint_lr": 5e-05, "lora_alpha": 32.0, "lora_dropout": 0.05, "lora_rank": 16, "lr_patience": 2, "mamba_encode_batch_size": 32, "mamba_max_tokens": 32, "mamba_model_id": "state-spaces/mamba-130m-hf", "max_events": null, "max_history": 100, "max_transitions": 1500000, "min_rating": 4.0, "monitor_metric": "ndcg@10", "output_dir": "/workspace/P78123011/MediaTek_2026_project/ver4/outputs_mamba_rl/amazons_lora", "output_run_dir": "/workspace/P78123011/MediaTek_2026_project/preliminary/outputs_inverse/training/amazon_Baby_Products/single_mamba_lora_lightgcn_inverse_20260929_015714", "periodic_test_user_limit": 0, "popularity_alpha": 0.3, "preference_balance_coef": 0.01, "preference_coef": 0.2, "preference_contrastive_coef": 0.05, "preference_count": 32, "preference_hidden": 128, "preference_score_weight": 0.2, "preference_separation_coef": 0.01, "preference_sharpness_coef": 0.05, "preference_temperature": 0.2, "preference_transition_coef": 0.1, "reason_count": 20, "reason_max_new_tokens": 40, "refresh_data_cache": false, "resume_checkpoint": null, "reverse_history_input": true, "save_model_weights": false, "score_file": "/workspace/P78123011/MediaTek_2026_project/preliminary/outputs_inverse/training/amazon_Baby_Products/single_mamba_lora_lightgcn_inverse_20260929_015714/amazon_Baby_Products_scores.json", "seed": 25252, "short_window": 10, "skip_mamba": false, "specialist_epochs": 0, "specialist_lr": 0.0001, "target_recall_at_10": 0.15, "transition_beta": 0.5, "use_graph_embeddings": true, "use_in_batch_negatives": true, "use_long": 1, "use_preference": 0, "use_short": 0, "validate_every_steps": 2147483647, "validation_user_limit": 0}
2026-09-29 01:57:15,657 | INFO | INTERACTION_CACHE hit path=/workspace/P78123011/cache/mamba_multi_agent_data/amazon_Baby_Products_e6e228b87df8.pkl
2026-09-29 01:57:15,657 | INFO | HISTORY_INPUT_ORDER reversed
2026-09-29 01:57:15,659 | INFO | users=184834 items=77324 train_interactions=1121805
2026-09-29 01:57:19,197 | INFO | CATALOG_PRIORS popularity_alpha=0.300000 transition_beta=0.500000 source=train_histories_only enabled=True
2026-09-29 01:57:19,749 | INFO | ITEM_VECTOR_ARTIFACT path=/workspace/P78123011/cache/mamba_multi_agent/amazon_Baby_Products_77324_1b6c35e33122_prompt_tok32.pt fingerprint=1b6c35e33122
2026-09-29 01:57:19,749 | INFO | SEMANTIC_BACKBONE model_id=state-spaces/mamba-130m-hf hidden_size=768 frozen=True usage=shared_cached_item_vectors
2026-09-29 01:57:20,121 | INFO | GRAPH_EMBEDDINGS enabled=True source=train_histories_only main_device=cuda:0 graph_device=cuda:0
2026-09-29 01:57:20,366 | INFO | ADAPTATION_MODE mode=multi_lora enable_lora=1
2026-09-29 01:57:20,366 | INFO | ADAPTER_ROUTES {'long': ('candidate_lora', 'delta_lora', 'gate_lora', 'output_lora')}
2026-09-29 01:57:20,366 | INFO | agent_parameters={'long': 16513, 'short': 16513, 'preference': 78786, 'coordinator': 0, 'shared_projection': 98304, 'graph': 33556224}
2026-09-29 01:57:20,366 | INFO | PREDICTION_PATH graph_only=False active_agents=1 coordinator=False
2026-09-29 01:57:21,885 | INFO | training_transitions=936971
2026-09-29 01:57:21,885 | INFO | schedule specialist_epochs=0 coordinator_epochs=0 joint_ranking_epochs=3 validate_every_steps=2147483647 validation_users=0 periodic_test_users=0 monitor=ndcg@10 early_stopping_patience=6
2026-09-29 01:57:21,885 | INFO | SKIP_STAGE stage=specialists epochs=0 use_coordinator=False
2026-09-29 01:57:21,885 | INFO | SKIP_STAGE stage=coordinator epochs=0 use_coordinator=False
2026-09-29 01:57:22,398 | INFO | TRAINING_BRANCHES stage=joint long=True short=False preference=False gcn=True preference_auxiliary=False preference_contrastive=False diversity_pairs=0 trainable_parameters=33671041
2026-09-29 02:12:07,929 | INFO | 
========== PERIODIC VALIDATION ==========
stage=joint | epoch=1 | step=7321 | users=184584/184584
NDCG  | @5 0.019680 | @10 0.023376
Recall| @5 0.027278 | @10 0.038806
Hit   | @5 0.027278 | @10 0.038806
================================
2026-09-29 02:12:51,380 | INFO | 
========== PERIODIC TEST ==========
stage=joint | epoch=1 | step=7321 | users=184584/184584
NDCG  | @5 0.020463 | @10 0.023931
Recall| @5 0.027841 | @10 0.038654
Hit   | @5 0.027841 | @10 0.038654
================================
2026-09-29 02:12:51,380 | INFO | VALID_STEP step=7321 stage=joint epoch=1 ndcg@10=0.023376 recall@10=0.038806 improved=True
2026-09-29 02:12:51,448 | INFO | BEST_MODEL_IN_MEMORY step=7321 stage=joint ndcg@10=0.023376
2026-09-29 02:12:51,448 | INFO | LEARNING_RATE step=7321 stage=joint lr=5e-05
2026-09-29 02:12:51,449 | INFO | stage=joint epoch=1 loss=4.997889 steps=7321 transitions/s=1113.98
2026-09-29 02:27:34,158 | INFO | 
========== PERIODIC VALIDATION ==========
stage=joint | epoch=2 | step=14642 | users=184584/184584
NDCG  | @5 0.025673 | @10 0.029835
Recall| @5 0.034402 | @10 0.047366
Hit   | @5 0.034402 | @10 0.047366
================================
2026-09-29 02:28:17,310 | INFO | 
========== PERIODIC TEST ==========
stage=joint | epoch=2 | step=14642 | users=184584/184584
NDCG  | @5 0.025643 | @10 0.029619
Recall| @5 0.034017 | @10 0.046396
Hit   | @5 0.034017 | @10 0.046396
================================
2026-09-29 02:28:17,310 | INFO | VALID_STEP step=14642 stage=joint epoch=2 ndcg@10=0.029835 recall@10=0.047366 improved=True
2026-09-29 02:28:17,385 | INFO | BEST_MODEL_IN_MEMORY step=14642 stage=joint ndcg@10=0.029835
2026-09-29 02:28:17,386 | INFO | LEARNING_RATE step=14642 stage=joint lr=5e-05
2026-09-29 02:28:17,386 | INFO | stage=joint epoch=2 loss=5.063289 steps=7321 transitions/s=1117.70
2026-09-29 02:43:01,518 | INFO | 
========== PERIODIC VALIDATION ==========
stage=joint | epoch=3 | step=21963 | users=184584/184584
NDCG  | @5 0.028354 | @10 0.032587
Recall| @5 0.037582 | @10 0.050714
Hit   | @5 0.037582 | @10 0.050714
================================
2026-09-29 02:43:44,960 | INFO | 
========== PERIODIC TEST ==========
stage=joint | epoch=3 | step=21963 | users=184584/184584
NDCG  | @5 0.028383 | @10 0.032376
Recall| @5 0.037203 | @10 0.049582
Hit   | @5 0.037203 | @10 0.049582
================================
2026-09-29 02:43:44,960 | INFO | VALID_STEP step=21963 stage=joint epoch=3 ndcg@10=0.032587 recall@10=0.050714 improved=True
2026-09-29 02:43:45,042 | INFO | BEST_MODEL_IN_MEMORY step=21963 stage=joint ndcg@10=0.032587
2026-09-29 02:43:45,042 | INFO | LEARNING_RATE step=21963 stage=joint lr=5e-05
2026-09-29 02:43:45,043 | INFO | stage=joint epoch=3 loss=4.897636 steps=7321 transitions/s=1116.26
2026-09-29 02:44:27,161 | INFO | 
========== FINAL CURRENT VALIDATION ==========
stage=final | epoch=0 | step=21963 | users=184584/184584
NDCG  | @5 0.028354 | @10 0.032587
Recall| @5 0.037582 | @10 0.050714
Hit   | @5 0.037582 | @10 0.050714
================================
2026-09-29 02:44:27,161 | INFO | VALID_STEP step=21963 stage=final epoch=0 ndcg@10=0.032587 recall@10=0.050714 improved=True
2026-09-29 02:44:27,245 | INFO | BEST_MODEL_IN_MEMORY step=21963 stage=final ndcg@10=0.032587
2026-09-29 02:44:27,256 | INFO | RESTORE_BEST step=21963 stage=final ndcg@10=0.032587
2026-09-29 02:45:52,916 | INFO | HISTORY_ITEM_INFLUENCE path=/workspace/P78123011/MediaTek_2026_project/preliminary/outputs_inverse/training/amazon_Baby_Products/history_item_influence.csv rows=14437 users_limit=2000 negatives=64
2026-09-29 02:45:52,916 | INFO | 
========== BEST CHECKPOINT VALIDATION ==========
stage=final | epoch=0 | step=21963 | users=184584/184584
NDCG  | @5 0.028354 | @10 0.032587
Recall| @5 0.037582 | @10 0.050714
Hit   | @5 0.037582 | @10 0.050714
================================
2026-09-29 02:45:52,916 | INFO | 
========== FINAL FULL TEST ==========
stage=final | epoch=0 | step=21963 | users=184584/184584
NDCG  | @5 0.028383 | @10 0.032376
Recall| @5 0.037203 | @10 0.049582
Hit   | @5 0.037203 | @10 0.049582
================================
2026-09-29 02:45:52,916 | INFO | VALID_BEST {"evaluated_users": 184584, "hit@10": 0.0507140380531357, "hit@5": 0.03758180557361418, "long_agent_weight": 1.0, "long_preference_state_cosine": 0.0, "long_short_state_cosine": 0.0, "ndcg@10": 0.032587278974337566, "ndcg@5": 0.0283536291690312, "preference_change_probability": 0.0, "preference_current_entropy": 5.894617970625404e-06, "preference_next_entropy": 5.894617970625404e-06, "preference_ranking_weight": 0.0, "recall@10": 0.0507140380531357, "recall@5": 0.03758180557361418, "scores_per_second": 341472210.4420189, "short_agent_weight": 0.0, "short_preference_state_cosine": 0.0, "total_users": 184584, "users_per_second": 4416.121908359874}
2026-09-29 02:45:52,916 | INFO | TEST_FINAL {"evaluated_users": 184584, "hit@10": 0.049581762232912927, "hit@5": 0.0372025744376544, "long_agent_weight": 1.0, "long_preference_state_cosine": 0.0, "long_short_state_cosine": 0.0, "ndcg@10": 0.03237569057775588, "ndcg@5": 0.028382916122459235, "preference_change_probability": 0.0, "preference_current_entropy": 5.894617970625404e-06, "preference_next_entropy": 5.894617970625404e-06, "preference_ranking_weight": 0.0, "recall@10": 0.049581762232912927, "recall@5": 0.0372025744376544, "scores_per_second": 339142442.70843446, "short_agent_weight": 0.0, "short_preference_state_cosine": 0.0, "total_users": 184584, "users_per_second": 4385.991965087612}
2026-09-29 02:45:52,916 | INFO | TARGET_RESULT metric=recall@10 target=>0.150000 actual=0.049582 achieved=False
2026-09-29 02:45:53,169 | INFO | scores=/workspace/P78123011/MediaTek_2026_project/preliminary/outputs_inverse/training/amazon_Baby_Products/single_mamba_lora_lightgcn_inverse_20260929_015714/amazon_Baby_Products_scores.json
2026-09-29 02:45:53,169 | INFO | outputs=/workspace/P78123011/MediaTek_2026_project/preliminary/outputs_inverse/training/amazon_Baby_Products/single_mamba_lora_lightgcn_inverse_20260929_015714
