2026-10-05 06:38:56,288 | INFO | run_id=20261005_063856 dataset=amazon-toys-and-games device=cuda:0
2026-10-05 06:38:56,288 | INFO | MODEL recommender=MultiAgentMambaRecommender semantic_encoder=MambaTextEncoder semantic_model_id=state-spaces/mamba-130m-hf graph_backbone=LightGCN adaptation=multi_lora
2026-10-05 06:38:56,288 | INFO | ABLATION USE_SHORT=1 USE_PREFERENCE=1 USE_GCN=1 USE_COORDINATOR=1
2026-10-05 06:38:56,288 | INFO | AGENT_HISTORY mode=full_history effective_max_history=100 short=4 preference=100
2026-10-05 06:38:56,288 | INFO | EXPERIMENT_NOTE amazons_long_short subset=Toys_and_Games; short filtered-full-sequence <= 10; long > 10; same model and full catalog
2026-10-05 06:38:56,288 | INFO | EXPERIMENT_CONFIG {"agent_diversity_coef": 0.02, "batch_size": 128, "cache_dir": "/workspace/P78123011/cache", "candidates": 192, "data_path": null, "dataset": "amazon-toys-and-games", "device": "cuda:0", "dim": 128, "early_stopping_patience": 6, "enable_lora": 1, "eval_batch_size": 64, "eval_length_basis": "filtered_full_sequence", "eval_length_threshold": 10, "experiment_note": "amazons_long_short subset=Toys_and_Games; short filtered-full-sequence <= 10; long > 10; same model and full catalog", "full_catalog_supervised": false, "future_decay": 0.5, "future_horizon": 3, "generate_reasons": false, "graph_device": "cuda:0", "hard_negative_fraction": 0.75, "hard_negative_pool_multiplier": 12, "hard_negative_warmup_epochs": 2, "history_influence_negatives": 64, "history_influence_output": null, "history_influence_user_limit": 0, "item_prompt_prefix": "Preference-aware product representation: ", "item_vector_artifact": null, "joint_epochs": 0, "joint_lr": 5e-05, "lora_alpha": 32.0, "lora_dropout": 0.05, "lora_rank": 16, "lr_patience": 2, "mamba_encode_batch_size": 32, "mamba_max_tokens": 32, "mamba_model_id": "state-spaces/mamba-130m-hf", "max_events": null, "max_history": 100, "max_transitions": 1500000, "min_rating": 4.0, "monitor_metric": "ndcg@10", "output_dir": "/workspace/P78123011/MediaTek_2026_project/ver5/outputs_mamba_rl/amazons_lora", "output_run_dir": "/workspace/P78123011/MediaTek_2026_project/ver5/outputs_mamba_rl/amazons_long_short_S1_P1_G1_C1_SW4_P8/Toys_and_Games/rl_20261005_063855_r1_2848917", "periodic_test_user_limit": 0, "popularity_alpha": 0.3, "preference_balance_coef": 0.01, "preference_coef": 0.2, "preference_contrastive_coef": 0.05, "preference_count": 8, "preference_score_weight": 0.2, "preference_separation_coef": 0.01, "preference_sharpness_coef": 0.05, "preference_temperature": 0.2, "preference_transition_coef": 0.1, "reason_count": 20, "reason_max_new_tokens": 40, "refresh_data_cache": false, "resume_checkpoint": null, "reverse_history_input": false, "rl_coef": 0.1, "rl_topk": 10, "save_model_weights": false, "score_file": "/workspace/P78123011/MediaTek_2026_project/ver5/outputs_mamba_rl/amazons_long_short_S1_P1_G1_C1_SW4_P8/Toys_and_Games/rl_20261005_063855_r1_2848917/Toys_and_Games_scores.json", "seed": 25252, "short_window": 4, "skip_mamba": false, "specialist_epochs": 4, "specialist_lr": 0.0001, "target_recall_at_10": 0.15, "transition_beta": 0.5, "use_coordinator": true, "use_graph_embeddings": true, "use_in_batch_negatives": true, "use_preference": 1, "use_short": 1, "validate_every_steps": 6000, "validation_user_limit": 0}
2026-10-05 06:38:57,230 | INFO | INTERACTION_CACHE hit path=/workspace/P78123011/cache/mamba_multi_agent_data/amazon-toys-and-games_2cc47abc910b.pkl
2026-10-05 06:38:57,231 | INFO | HISTORY_INPUT_ORDER chronological
2026-10-05 06:38:57,231 | INFO | LENGTH_SPLIT preprocessing=original_one_pass_user_item_min_5 basis=filtered_full_sequence short<=10 long>10
2026-10-05 06:38:57,240 | INFO | users=568262 items=333160 train_interactions=3734374
2026-10-05 06:39:10,371 | INFO | CATALOG_PRIORS popularity_alpha=0.300000 transition_beta=0.500000 source=train_histories_only enabled=True
2026-10-05 06:39:12,551 | INFO | ITEM_VECTOR_ARTIFACT path=/workspace/P78123011/cache/mamba_multi_agent/amazon-toys-and-games_333160_4d0b5392ebd5_prompt_tok32.pt fingerprint=4d0b5392ebd5
2026-10-05 06:39:12,551 | INFO | SEMANTIC_BACKBONE model_id=state-spaces/mamba-130m-hf hidden_size=768 frozen=True usage=shared_cached_item_vectors
2026-10-05 06:39:13,836 | INFO | GRAPH_EMBEDDINGS enabled=True source=train_histories_only main_device=cuda:0 graph_device=cuda:0
2026-10-05 06:39:14,887 | INFO | ADAPTATION_MODE mode=multi_lora enable_lora=1
2026-10-05 06:39:14,887 | INFO | ADAPTER_ROUTES {'short': ('candidate_lora', 'delta_lora', 'gate_lora', 'output_lora'), 'preference': ('transition_encoder.candidate_lora', 'transition_encoder.delta_lora', 'transition_encoder.gate_lora', 'transition_encoder.output_lora', 'state_lora'), 'coordinator': ('state_lora', 'mix_lora', 'score_lora')}
2026-10-05 06:39:14,887 | INFO | agent_parameters={'short': 16513, 'preference': 22802, 'coordinator': 14373, 'shared_projection': 98304, 'graph': 115382016}
2026-10-05 06:39:14,887 | INFO | PREDICTION_PATH graph_only=False active_agents=2 coordinator=True
2026-10-05 06:39:19,719 | INFO | training_transitions=1500000
2026-10-05 06:39:19,719 | INFO | schedule mode=single_stage_dl specialist_dl_epochs=4 joint_dl_rl_epochs=0 effective_rl_coef=0.0000 effective_rl_topk=0 validate_every_steps=6000 validation_users=0 periodic_test_users=0 monitor=ndcg@10 early_stopping_patience=6
2026-10-05 06:39:21,475 | INFO | TRAINING_BRANCHES stage=all_dl short=True preference=True gcn=True preference_auxiliary=True preference_contrastive=True diversity_pairs=1 policy_gradient=False trainable_parameters=115534008
2026-10-05 07:03:05,571 | INFO | 
========== PERIODIC VALIDATION ==========
stage=all_dl | epoch=1 | step=6000 | users=564666/564666
NDCG  | @5 0.033681 | @10 0.037474
Recall| @5 0.043835 | @10 0.055615
Hit   | @5 0.043835 | @10 0.055615
================================
2026-10-05 07:03:05,571 | INFO | PERIODIC VALIDATION SEQUENCE_LENGTH {"basis": "filtered_full_sequence", "long": {"evaluated_users": 103913, "history_length_max": 2855, "history_length_mean": 19.26873442206461, "history_length_min": 11, "hit@10": 0.05004186194220165, "hit@5": 0.03910001635983948, "ndcg@10": 0.033426293189913074, "ndcg@5": 0.029906030839655123, "recall@10": 0.05004186194220165, "recall@5": 0.03910001635983948, "total_users": 103913}, "long_rule": "length > threshold", "short": {"evaluated_users": 460753, "history_length_max": 10, "history_length_mean": 6.196810438564698, "history_length_min": 3, "hit@10": 0.05687212020323253, "hit@5": 0.04490258337981522, "ndcg@10": 0.03838743196525534, "ndcg@5": 0.03453186452148866, "recall@10": 0.05687212020323253, "recall@5": 0.04490258337981522, "total_users": 460753}, "short_rule": "length <= threshold", "threshold": 10}
2026-10-05 07:05:53,114 | INFO | 
========== PERIODIC TEST ==========
stage=all_dl | epoch=1 | step=6000 | users=564666/564666
NDCG  | @5 0.034401 | @10 0.037785
Recall| @5 0.043438 | @10 0.053956
Hit   | @5 0.043438 | @10 0.053956
================================
2026-10-05 07:05:53,114 | INFO | PERIODIC TEST SEQUENCE_LENGTH {"basis": "filtered_full_sequence", "long": {"evaluated_users": 103913, "history_length_max": 2855, "history_length_mean": 19.26873442206461, "history_length_min": 11, "hit@10": 0.05088872422122352, "hit@5": 0.04045692069327226, "ndcg@10": 0.035414080127984644, "ndcg@5": 0.032053698455941665, "recall@10": 0.05088872422122352, "recall@5": 0.04045692069327226, "total_users": 103913}, "long_rule": "length > threshold", "short": {"evaluated_users": 460753, "history_length_max": 10, "history_length_mean": 6.196810438564698, "history_length_min": 3, "hit@10": 0.05464750093868081, "hit@5": 0.04411040188560899, "ndcg@10": 0.03831979973493743, "ndcg@5": 0.03492998064570032, "recall@10": 0.05464750093868081, "recall@5": 0.04411040188560899, "total_users": 460753}, "short_rule": "length <= threshold", "threshold": 10}
2026-10-05 07:05:53,114 | INFO | VALID_STEP step=6000 stage=all_dl epoch=1 ndcg@10=0.037474 recall@10=0.055615 improved=True
2026-10-05 07:05:53,338 | INFO | BEST_MODEL_IN_MEMORY step=6000 stage=all_dl ndcg@10=0.037474
2026-10-05 07:05:53,338 | INFO | LEARNING_RATE step=6000 stage=all_dl lr=0.0001
2026-10-05 07:25:45,281 | INFO | stage=all_dl epoch=1 loss=5.164533 steps=11719 transitions/s=613.94
2026-10-05 07:49:27,806 | INFO | 
========== PERIODIC VALIDATION ==========
stage=all_dl | epoch=2 | step=17719 | users=564666/564666
NDCG  | @5 0.037404 | @10 0.041743
Recall| @5 0.048597 | @10 0.062070
Hit   | @5 0.048597 | @10 0.062070
================================
2026-10-05 07:49:27,806 | INFO | PERIODIC VALIDATION SEQUENCE_LENGTH {"basis": "filtered_full_sequence", "long": {"evaluated_users": 103913, "history_length_max": 2855, "history_length_mean": 19.26873442206461, "history_length_min": 11, "hit@10": 0.05644144620981013, "hit@5": 0.04383474637437087, "ndcg@10": 0.03738467508501971, "ndcg@5": 0.033343850193943904, "recall@10": 0.05644144620981013, "recall@5": 0.04383474637437087, "total_users": 103913}, "long_rule": "length > threshold", "short": {"evaluated_users": 460753, "history_length_max": 10, "history_length_mean": 6.196810438564698, "history_length_min": 3, "hit@10": 0.06333979377236827, "hit@5": 0.04967086486685925, "ndcg@10": 0.042725899535780695, "ndcg@5": 0.03831972178246738, "recall@10": 0.06333979377236827, "recall@5": 0.04967086486685925, "total_users": 460753}, "short_rule": "length <= threshold", "threshold": 10}
2026-10-05 07:52:14,762 | INFO | 
========== PERIODIC TEST ==========
stage=all_dl | epoch=2 | step=17719 | users=564666/564666
NDCG  | @5 0.040942 | @10 0.044541
Recall| @5 0.050556 | @10 0.061723
Hit   | @5 0.050556 | @10 0.061723
================================
2026-10-05 07:52:14,762 | INFO | PERIODIC TEST SEQUENCE_LENGTH {"basis": "filtered_full_sequence", "long": {"evaluated_users": 103913, "history_length_max": 2855, "history_length_mean": 19.26873442206461, "history_length_min": 11, "hit@10": 0.06025232646540856, "hit@5": 0.04957031362774629, "ndcg@10": 0.043659224376432895, "ndcg@5": 0.040211080572377676, "recall@10": 0.06025232646540856, "recall@5": 0.04957031362774629, "total_users": 103913}, "long_rule": "length > threshold", "short": {"evaluated_users": 460753, "history_length_max": 10, "history_length_mean": 6.196810438564698, "history_length_min": 3, "hit@10": 0.062054940499573524, "hit@5": 0.050777748598489866, "ndcg@10": 0.04473995479022503, "ndcg@5": 0.04110720273220102, "recall@10": 0.062054940499573524, "recall@5": 0.050777748598489866, "total_users": 460753}, "short_rule": "length <= threshold", "threshold": 10}
2026-10-05 07:52:14,762 | INFO | VALID_STEP step=17719 stage=all_dl epoch=2 ndcg@10=0.041743 recall@10=0.062070 improved=True
2026-10-05 07:52:15,011 | INFO | BEST_MODEL_IN_MEMORY step=17719 stage=all_dl ndcg@10=0.041743
2026-10-05 07:52:15,011 | INFO | LEARNING_RATE step=17719 stage=all_dl lr=0.0001
2026-10-05 08:12:05,794 | INFO | stage=all_dl epoch=2 loss=4.778182 steps=11719 transitions/s=614.43
2026-10-05 08:35:49,360 | INFO | 
========== PERIODIC VALIDATION ==========
stage=all_dl | epoch=3 | step=29438 | users=564666/564666
NDCG  | @5 0.034195 | @10 0.038204
Recall| @5 0.044100 | @10 0.056522
Hit   | @5 0.044100 | @10 0.056522
================================
2026-10-05 08:35:49,360 | INFO | PERIODIC VALIDATION SEQUENCE_LENGTH {"basis": "filtered_full_sequence", "long": {"evaluated_users": 103913, "history_length_max": 2855, "history_length_mean": 19.26873442206461, "history_length_min": 11, "hit@10": 0.05117742727089007, "hit@5": 0.03963892871921704, "ndcg@10": 0.03441629515177138, "ndcg@5": 0.030686738426260442, "recall@10": 0.05117742727089007, "recall@5": 0.03963892871921704, "total_users": 103913}, "long_rule": "length > threshold", "short": {"evaluated_users": 460753, "history_length_max": 10, "history_length_mean": 6.196810438564698, "history_length_min": 3, "hit@10": 0.057727242144923634, "hit@5": 0.04510659724407654, "ndcg@10": 0.03905779392234951, "ndcg@5": 0.034985859488403714, "recall@10": 0.057727242144923634, "recall@5": 0.04510659724407654, "total_users": 460753}, "short_rule": "length <= threshold", "threshold": 10}
2026-10-05 08:38:36,421 | INFO | 
========== PERIODIC TEST ==========
stage=all_dl | epoch=3 | step=29438 | users=564666/564666
NDCG  | @5 0.037565 | @10 0.040783
Recall| @5 0.046071 | @10 0.056063
Hit   | @5 0.046071 | @10 0.056063
================================
2026-10-05 08:38:36,421 | INFO | PERIODIC TEST SEQUENCE_LENGTH {"basis": "filtered_full_sequence", "long": {"evaluated_users": 103913, "history_length_max": 2855, "history_length_mean": 19.26873442206461, "history_length_min": 11, "hit@10": 0.055527219885866064, "hit@5": 0.04525901475272584, "ndcg@10": 0.040485668897513566, "ndcg@5": 0.03717142820926453, "recall@10": 0.055527219885866064, "recall@5": 0.04525901475272584, "total_users": 103913}, "long_rule": "length > threshold", "short": {"evaluated_users": 460753, "history_length_max": 10, "history_length_mean": 6.196810438564698, "history_length_min": 3, "hit@10": 0.056184116001415076, "hit@5": 0.046254717820611045, "ndcg@10": 0.04085033704180503, "ndcg@5": 0.037653531483423125, "recall@10": 0.056184116001415076, "recall@5": 0.046254717820611045, "total_users": 460753}, "short_rule": "length <= threshold", "threshold": 10}
2026-10-05 08:38:36,422 | INFO | VALID_STEP step=29438 stage=all_dl epoch=3 ndcg@10=0.038204 recall@10=0.056522 improved=False
2026-10-05 08:38:36,422 | INFO | LEARNING_RATE step=29438 stage=all_dl lr=0.0001
2026-10-05 08:58:27,165 | INFO | stage=all_dl epoch=3 loss=4.318017 steps=11719 transitions/s=614.17
2026-10-05 09:22:10,442 | INFO | 
========== PERIODIC VALIDATION ==========
stage=all_dl | epoch=4 | step=41157 | users=564666/564666
NDCG  | @5 0.031984 | @10 0.035584
Recall| @5 0.041210 | @10 0.052378
Hit   | @5 0.041210 | @10 0.052378
================================
2026-10-05 09:22:10,442 | INFO | PERIODIC VALIDATION SEQUENCE_LENGTH {"basis": "filtered_full_sequence", "long": {"evaluated_users": 103913, "history_length_max": 2855, "history_length_mean": 19.26873442206461, "history_length_min": 11, "hit@10": 0.047279936100391676, "hit@5": 0.03674227478756267, "ndcg@10": 0.03211116711605092, "ndcg@5": 0.028720311238851035, "recall@10": 0.047279936100391676, "recall@5": 0.03674227478756267, "total_users": 103913}, "long_rule": "length > threshold", "short": {"evaluated_users": 460753, "history_length_max": 10, "history_length_mean": 6.196810438564698, "history_length_min": 3, "hit@10": 0.0535275950455016, "hit@5": 0.04221784774054645, "ndcg@10": 0.03636731498469445, "ndcg@5": 0.03271994803484097, "recall@10": 0.0535275950455016, "recall@5": 0.04221784774054645, "total_users": 460753}, "short_rule": "length <= threshold", "threshold": 10}
2026-10-05 09:24:58,049 | INFO | 
========== PERIODIC TEST ==========
stage=all_dl | epoch=4 | step=41157 | users=564666/564666
NDCG  | @5 0.035781 | @10 0.038772
Recall| @5 0.043445 | @10 0.052695
Hit   | @5 0.043445 | @10 0.052695
================================
2026-10-05 09:24:58,049 | INFO | PERIODIC TEST SEQUENCE_LENGTH {"basis": "filtered_full_sequence", "long": {"evaluated_users": 103913, "history_length_max": 2855, "history_length_mean": 19.26873442206461, "history_length_min": 11, "hit@10": 0.052534331604322845, "hit@5": 0.043286210580004425, "ndcg@10": 0.03892197438162331, "ndcg@5": 0.03593499668291302, "recall@10": 0.052534331604322845, "recall@5": 0.043286210580004425, "total_users": 103913}, "long_rule": "length > threshold", "short": {"evaluated_users": 460753, "history_length_max": 10, "history_length_mean": 6.196810438564698, "history_length_min": 3, "hit@10": 0.05273107283077918, "hit@5": 0.04348099741076021, "ndcg@10": 0.03873803016654672, "ndcg@5": 0.03574645031234009, "recall@10": 0.05273107283077918, "recall@5": 0.04348099741076021, "total_users": 460753}, "short_rule": "length <= threshold", "threshold": 10}
2026-10-05 09:24:58,050 | INFO | VALID_STEP step=41157 stage=all_dl epoch=4 ndcg@10=0.035584 recall@10=0.052378 improved=False
2026-10-05 09:24:58,050 | INFO | LEARNING_RATE step=41157 stage=all_dl lr=0.0001
2026-10-05 09:44:49,705 | INFO | stage=all_dl epoch=4 loss=4.112945 steps=11719 transitions/s=614.17
2026-10-05 09:47:37,788 | INFO | 
========== FINAL CURRENT VALIDATION ==========
stage=final | epoch=0 | step=46876 | users=564666/564666
NDCG  | @5 0.032446 | @10 0.036039
Recall| @5 0.041538 | @10 0.052691
Hit   | @5 0.041538 | @10 0.052691
================================
2026-10-05 09:47:37,788 | INFO | FINAL CURRENT VALIDATION SEQUENCE_LENGTH {"basis": "filtered_full_sequence", "long": {"evaluated_users": 103913, "history_length_max": 2855, "history_length_mean": 19.26873442206461, "history_length_min": 11, "hit@10": 0.04778997815480258, "hit@5": 0.036665287307651596, "ndcg@10": 0.03221665324140701, "ndcg@5": 0.028654118765189418, "recall@10": 0.04778997815480258, "recall@5": 0.036665287307651596, "total_users": 103913}, "long_rule": "length > threshold", "short": {"evaluated_users": 460753, "history_length_max": 10, "history_length_mean": 6.196810438564698, "history_length_min": 3, "hit@10": 0.05379671971750591, "hit@5": 0.04263672727035961, "ndcg@10": 0.036900956045700845, "ndcg@5": 0.03330174623953462, "recall@10": 0.05379671971750591, "recall@5": 0.04263672727035961, "total_users": 460753}, "short_rule": "length <= threshold", "threshold": 10}
2026-10-05 09:47:37,788 | INFO | VALID_STEP step=46876 stage=final epoch=0 ndcg@10=0.036039 recall@10=0.052691 improved=False
2026-10-05 09:47:37,929 | INFO | RESTORE_BEST step=17719 stage=all_dl ndcg@10=0.041743
2026-10-05 09:53:13,257 | INFO | 
========== BEST CHECKPOINT VALIDATION ==========
stage=all_dl | epoch=0 | step=17719 | users=564666/564666
NDCG  | @5 0.037404 | @10 0.041743
Recall| @5 0.048597 | @10 0.062069
Hit   | @5 0.048597 | @10 0.062069
================================
2026-10-05 09:53:13,257 | INFO | BEST CHECKPOINT VALIDATION SEQUENCE_LENGTH {"basis": "filtered_full_sequence", "long": {"evaluated_users": 103913, "history_length_max": 2855, "history_length_mean": 19.26873442206461, "history_length_min": 11, "hit@10": 0.05644144620981013, "hit@5": 0.04383474637437087, "ndcg@10": 0.03738467508501971, "ndcg@5": 0.033343850193943904, "recall@10": 0.05644144620981013, "recall@5": 0.04383474637437087, "total_users": 103913}, "long_rule": "length > threshold", "short": {"evaluated_users": 460753, "history_length_max": 10, "history_length_mean": 6.196810438564698, "history_length_min": 3, "hit@10": 0.06333762341211017, "hit@5": 0.04967086486685925, "ndcg@10": 0.042725321805472824, "ndcg@5": 0.03831972178246738, "recall@10": 0.06333762341211017, "recall@5": 0.04967086486685925, "total_users": 460753}, "short_rule": "length <= threshold", "threshold": 10}
2026-10-05 09:53:13,257 | INFO | 
========== FINAL FULL TEST ==========
stage=all_dl | epoch=0 | step=17719 | users=564666/564666
NDCG  | @5 0.040942 | @10 0.044541
Recall| @5 0.050556 | @10 0.061723
Hit   | @5 0.050556 | @10 0.061723
================================
2026-10-05 09:53:13,257 | INFO | FINAL FULL TEST SEQUENCE_LENGTH {"basis": "filtered_full_sequence", "long": {"evaluated_users": 103913, "history_length_max": 2855, "history_length_mean": 19.26873442206461, "history_length_min": 11, "hit@10": 0.06025232646540856, "hit@5": 0.04957031362774629, "ndcg@10": 0.043659224376432895, "ndcg@5": 0.040211080572377676, "recall@10": 0.06025232646540856, "recall@5": 0.04957031362774629, "total_users": 103913}, "long_rule": "length > threshold", "short": {"evaluated_users": 460753, "history_length_max": 10, "history_length_mean": 6.196810438564698, "history_length_min": 3, "hit@10": 0.062054940499573524, "hit@5": 0.050777748598489866, "ndcg@10": 0.04473995479022503, "ndcg@5": 0.04110720273220102, "recall@10": 0.062054940499573524, "recall@5": 0.050777748598489866, "total_users": 460753}, "short_rule": "length <= threshold", "threshold": 10}
2026-10-05 09:53:13,257 | INFO | VALID_BEST {"evaluated_users": 564666, "hit@10": 0.06206855025802864, "hit@5": 0.04859686965391931, "ndcg@10": 0.04174250629347531, "ndcg@5": 0.03740403401290849, "preference_agent_weight": 6.1380010553112105e-06, "preference_change_probability": 0.0751505492941828, "preference_current_entropy": 1.096096984929703, "preference_next_entropy": 1.2999624364929603, "preference_ranking_weight": 6.1380010553112105e-06, "recall@10": 0.06206855025802864, "recall@5": 0.04859686965391931, "scores_per_second": 1127090723.972103, "sequence_length": {"basis": "filtered_full_sequence", "long": {"evaluated_users": 103913, "history_length_max": 2855, "history_length_mean": 19.26873442206461, "history_length_min": 11, "hit@10": 0.05644144620981013, "hit@5": 0.04383474637437087, "ndcg@10": 0.03738467508501971, "ndcg@5": 0.033343850193943904, "recall@10": 0.05644144620981013, "recall@5": 0.04383474637437087, "total_users": 103913}, "long_rule": "length > threshold", "short": {"evaluated_users": 460753, "history_length_max": 10, "history_length_mean": 6.196810438564698, "history_length_min": 3, "hit@10": 0.06333762341211017, "hit@5": 0.04967086486685925, "ndcg@10": 0.042725321805472824, "ndcg@5": 0.03831972178246738, "recall@10": 0.06333762341211017, "recall@5": 0.04967086486685925, "total_users": 460753}, "short_rule": "length <= threshold", "threshold": 10}, "short_agent_weight": 0.9999938680132785, "short_preference_state_cosine": 0.24364706334252914, "total_users": 564666, "users_per_second": 3383.0313482173824}
2026-10-05 09:53:13,257 | INFO | TEST_FINAL {"evaluated_users": 564666, "hit@10": 0.06172321336861082, "hit@5": 0.050555549652360865, "ndcg@10": 0.04454107287520504, "ndcg@5": 0.0409422932590509, "preference_agent_weight": 4.442623570099538e-06, "preference_change_probability": 0.07674854824949547, "preference_current_entropy": 1.1258277364435214, "preference_next_entropy": 1.3155256215837452, "preference_ranking_weight": 4.442623570099538e-06, "recall@10": 0.06172321336861082, "recall@5": 0.050555549652360865, "scores_per_second": 1122594028.0854905, "sequence_length": {"basis": "filtered_full_sequence", "long": {"evaluated_users": 103913, "history_length_max": 2855, "history_length_mean": 19.26873442206461, "history_length_min": 11, "hit@10": 0.06025232646540856, "hit@5": 0.04957031362774629, "ndcg@10": 0.043659224376432895, "ndcg@5": 0.040211080572377676, "recall@10": 0.06025232646540856, "recall@5": 0.04957031362774629, "total_users": 103913}, "long_rule": "length > threshold", "short": {"evaluated_users": 460753, "history_length_max": 10, "history_length_mean": 6.196810438564698, "history_length_min": 3, "hit@10": 0.062054940499573524, "hit@5": 0.050777748598489866, "ndcg@10": 0.04473995479022503, "ndcg@5": 0.04110720273220102, "recall@10": 0.062054940499573524, "recall@5": 0.050777748598489866, "total_users": 460753}, "short_rule": "length <= threshold", "threshold": 10}, "short_agent_weight": 0.9999955637945879, "short_preference_state_cosine": 0.2527605999573894, "total_users": 564666, "users_per_second": 3369.5342420623438}
2026-10-05 09:53:13,257 | INFO | TARGET_RESULT metric=recall@10 target=>0.150000 actual=0.061723 achieved=False
2026-10-05 09:53:13,547 | INFO | FINAL_LENGTH_SCORES dataset=amazon-toys-and-games group=short split=valid threshold=10 users=460753/460753 scores={"hit@10": 0.06333762341211017, "hit@5": 0.04967086486685925, "ndcg@10": 0.042725321805472824, "ndcg@5": 0.03831972178246738, "recall@10": 0.06333762341211017, "recall@5": 0.04967086486685925}
2026-10-05 09:53:13,548 | INFO | FINAL_LENGTH_SCORES dataset=amazon-toys-and-games group=short split=test threshold=10 users=460753/460753 scores={"hit@10": 0.062054940499573524, "hit@5": 0.050777748598489866, "ndcg@10": 0.04473995479022503, "ndcg@5": 0.04110720273220102, "recall@10": 0.062054940499573524, "recall@5": 0.050777748598489866}
2026-10-05 09:53:13,548 | INFO | short_scores=/workspace/P78123011/MediaTek_2026_project/ver5/outputs_mamba_rl/amazons_long_short_S1_P1_G1_C1_SW4_P8/Toys_and_Games/rl_20261005_063855_r1_2848917/short_scores.json
2026-10-05 09:53:13,548 | INFO | FINAL_LENGTH_SCORES dataset=amazon-toys-and-games group=long split=valid threshold=10 users=103913/103913 scores={"hit@10": 0.05644144620981013, "hit@5": 0.04383474637437087, "ndcg@10": 0.03738467508501971, "ndcg@5": 0.033343850193943904, "recall@10": 0.05644144620981013, "recall@5": 0.04383474637437087}
2026-10-05 09:53:13,548 | INFO | FINAL_LENGTH_SCORES dataset=amazon-toys-and-games group=long split=test threshold=10 users=103913/103913 scores={"hit@10": 0.06025232646540856, "hit@5": 0.04957031362774629, "ndcg@10": 0.043659224376432895, "ndcg@5": 0.040211080572377676, "recall@10": 0.06025232646540856, "recall@5": 0.04957031362774629}
2026-10-05 09:53:13,548 | INFO | long_scores=/workspace/P78123011/MediaTek_2026_project/ver5/outputs_mamba_rl/amazons_long_short_S1_P1_G1_C1_SW4_P8/Toys_and_Games/rl_20261005_063855_r1_2848917/long_scores.json
2026-10-05 09:53:13,548 | INFO | scores=/workspace/P78123011/MediaTek_2026_project/ver5/outputs_mamba_rl/amazons_long_short_S1_P1_G1_C1_SW4_P8/Toys_and_Games/rl_20261005_063855_r1_2848917/Toys_and_Games_scores.json
2026-10-05 09:53:13,548 | INFO | outputs=/workspace/P78123011/MediaTek_2026_project/ver5/outputs_mamba_rl/amazons_long_short_S1_P1_G1_C1_SW4_P8/Toys_and_Games/rl_20261005_063855_r1_2848917
