2026-09-23 04:31:23,561 | INFO | run_id=20260923_043123 dataset=amazon-all-beauty device=cuda:0
2026-09-23 04:31:23,561 | INFO | CUDA_SCOPE requested_physical=1 visible_count=1 main_logical=cuda:0 graph_logical=cuda:0
2026-09-23 04:31:23,562 | INFO | MODEL recommender=MultiAgentMambaRecommender semantic_encoder=MambaTextEncoder semantic_model_id=state-spaces/mamba-130m-hf graph_backbone=LightGCN adaptation=multi_lora
2026-09-23 04:31:23,562 | INFO | ABLATION USE_LONG=1 USE_SHORT=1 USE_PREFERENCE=1 USE_GCN=1
2026-09-23 04:31:23,562 | INFO | AGENT_HISTORY mode=full_history effective_max_history=100
2026-09-23 04:31:23,562 | INFO | EXPERIMENT_NOTE preliminary missing-data preparation; LoRA Mamba + LightGCN; no saved weights
2026-09-23 04:31:23,562 | INFO | EXPERIMENT_CONFIG {"agent_diversity_coef": 0.02, "batch_size": 128, "cache_dir": "/workspace/P78123011/cache", "candidates": 64, "coordinator_epochs": 3, "coordinator_lr": 0.0001, "data_path": null, "dataset": "amazon-all-beauty", "device": "cuda:0", "dim": 128, "early_stopping_patience": 6, "enable_lora": 1, "eval_batch_size": 64, "eval_length_basis": "untruncated_train_history", "eval_length_threshold": null, "experiment_note": "preliminary missing-data preparation; LoRA Mamba + LightGCN; no saved weights", "full_catalog_supervised": false, "future_decay": 0.5, "future_horizon": 3, "generate_reasons": false, "graph_device": "cuda:0", "hard_negative_fraction": 0.75, "hard_negative_pool_multiplier": 12, "hard_negative_warmup_epochs": 2, "item_prompt_prefix": "Preference-aware product representation: ", "item_vector_artifact": null, "joint_epochs": 7, "joint_lr": 5e-05, "lora_alpha": 32.0, "lora_dropout": 0.05, "lora_rank": 16, "lr_patience": 2, "mamba_encode_batch_size": 32, "mamba_max_tokens": 32, "mamba_model_id": "state-spaces/mamba-130m-hf", "max_events": null, "max_history": 100, "max_transitions": 500000, "min_rating": 4.0, "monitor_metric": "ndcg@10", "output_dir": "/workspace/P78123011/MediaTek_2026_project/ver4/outputs_mamba_rl/amazons_lora", "output_run_dir": "/workspace/P78123011/MediaTek_2026_project/preliminary/outputs/training/amazon-all-beauty/lora_mamba_lightgcn_20260923_043122", "periodic_test_user_limit": 0, "popularity_alpha": -0.25, "preference_balance_coef": 0.01, "preference_coef": 0.2, "preference_contrastive_coef": 0.05, "preference_count": 32, "preference_hidden": 128, "preference_score_weight": 0.2, "preference_separation_coef": 0.01, "preference_sharpness_coef": 0.05, "preference_temperature": 0.2, "preference_transition_coef": 0.1, "reason_count": 20, "reason_max_new_tokens": 40, "refresh_data_cache": false, "resume_checkpoint": null, "save_model_weights": false, "score_file": "/workspace/P78123011/MediaTek_2026_project/preliminary/outputs/training/amazon-all-beauty/lora_mamba_lightgcn_20260923_043122/amazon-all-beauty_scores.json", "seed": 25252, "short_window": 10, "skip_mamba": false, "specialist_epochs": 3, "specialist_lr": 0.0001, "target_recall_at_10": 0.15, "transition_beta": 4.0, "use_graph_embeddings": true, "use_in_batch_negatives": true, "use_long": 1, "use_preference": 1, "use_short": 1, "validate_every_steps": 2147483647, "validation_user_limit": 0}
2026-09-23 04:31:23,566 | INFO | INTERACTION_CACHE hit path=/workspace/P78123011/cache/mamba_multi_agent_data/amazon-all-beauty_90e3e920169a.pkl
2026-09-23 04:31:23,566 | INFO | users=1603 items=4090 train_interactions=8445
2026-09-23 04:31:24,083 | INFO | CATALOG_PRIORS popularity_alpha=-0.250000 transition_beta=4.000000 source=train_histories_only enabled=True
2026-09-23 04:31:24,108 | INFO | ITEM_VECTOR_ARTIFACT path=/workspace/P78123011/cache/mamba_multi_agent/amazon-all-beauty_4090_47e41e57cc9e_prompt_tok32.pt fingerprint=47e41e57cc9e
2026-09-23 04:31:24,108 | INFO | SEMANTIC_BACKBONE model_id=state-spaces/mamba-130m-hf hidden_size=768 frozen=True usage=shared_cached_item_vectors
2026-09-23 04:31:24,117 | INFO | GRAPH_EMBEDDINGS enabled=True source=train_histories_only main_device=cuda:0 graph_device=cuda:0
2026-09-23 04:31:24,385 | INFO | ADAPTATION_MODE mode=multi_lora enable_lora=1
2026-09-23 04:31:24,385 | INFO | ADAPTER_ROUTES {'long': ('candidate_lora', 'delta_lora', 'gate_lora', 'output_lora'), 'short': ('candidate_lora', 'delta_lora', 'gate_lora', 'output_lora'), 'preference': ('transition_lora', 'state_lora'), 'coordinator': ('state_lora', 'mix_lora', 'score_lora')}
2026-09-23 04:31:24,385 | INFO | agent_parameters={'long': 16513, 'short': 16513, 'preference': 78786, 'coordinator': 14373, 'shared_projection': 98304, 'graph': 728704}
2026-09-23 04:31:24,385 | INFO | PREDICTION_PATH graph_only=False active_agents=3 coordinator=True
2026-09-23 04:31:24,394 | INFO | training_transitions=6842
2026-09-23 04:31:24,394 | INFO | schedule specialist_epochs=3 coordinator_epochs=3 joint_ranking_epochs=7 validate_every_steps=2147483647 validation_users=0 periodic_test_users=0 monitor=ndcg@10 early_stopping_patience=6
2026-09-23 04:31:25,210 | INFO | TRAINING_BRANCHES stage=specialists long=True short=True preference=True gcn=True preference_auxiliary=True preference_contrastive=False diversity_pairs=0 trainable_parameters=938820
2026-09-23 04:34:56,238 | INFO | 
========== PERIODIC VALIDATION ==========
stage=specialists | epoch=1 | step=54 | users=1457/1457
NDCG  | @5 0.095023 | @10 0.095963
Recall| @5 0.101579 | @10 0.104324
Hit   | @5 0.101579 | @10 0.104324
================================
2026-09-23 04:35:43,616 | INFO | 
========== PERIODIC TEST ==========
stage=specialists | epoch=1 | step=54 | users=1457/1457
NDCG  | @5 0.108098 | @10 0.109690
Recall| @5 0.115305 | @10 0.120110
Hit   | @5 0.115305 | @10 0.120110
================================
2026-09-23 04:35:43,616 | INFO | VALID_STEP step=54 stage=specialists epoch=1 ndcg@10=0.095963 recall@10=0.104324 improved=True
2026-09-23 04:35:43,620 | INFO | BEST_MODEL_IN_MEMORY step=54 stage=specialists ndcg@10=0.095963
2026-09-23 04:35:43,621 | INFO | stage=specialists epoch=1 loss=12.447977 steps=54 transitions/s=42.04
2026-09-23 04:39:14,021 | INFO | 
========== PERIODIC VALIDATION ==========
stage=specialists | epoch=2 | step=108 | users=1457/1457
NDCG  | @5 0.095358 | @10 0.096017
Recall| @5 0.100892 | @10 0.102951
Hit   | @5 0.100892 | @10 0.102951
================================
2026-09-23 04:40:01,397 | INFO | 
========== PERIODIC TEST ==========
stage=specialists | epoch=2 | step=108 | users=1457/1457
NDCG  | @5 0.108393 | @10 0.109913
Recall| @5 0.115992 | @10 0.120796
Hit   | @5 0.115992 | @10 0.120796
================================
2026-09-23 04:40:01,397 | INFO | VALID_STEP step=108 stage=specialists epoch=2 ndcg@10=0.096017 recall@10=0.102951 improved=True
2026-09-23 04:40:01,402 | INFO | BEST_MODEL_IN_MEMORY step=108 stage=specialists ndcg@10=0.096017
2026-09-23 04:40:01,402 | INFO | stage=specialists epoch=2 loss=12.439845 steps=54 transitions/s=42.20
