2026-09-10 20:29:02,413 | INFO | run_id=20260910_202902 dataset=amazon-sports-and-outdoors device=cuda:0
2026-09-10 20:29:02,413 | INFO | MODEL recommender=MultiAgentMambaRecommender semantic_encoder=MambaTextEncoder semantic_model_id=state-spaces/mamba-130m-hf graph_backbone=LightGCN adaptation=multi_lora
2026-09-10 20:29:02,413 | INFO | ABLATION USE_LONG=0 USE_SHORT=0 USE_PREFERENCE=1 USE_GCN=1
2026-09-10 20:29:02,413 | INFO | AGENT_HISTORY mode=short_window_only effective_max_history=10
2026-09-10 20:29:02,413 | INFO | EXPERIMENT_NOTE amazons_long_short subset=Sports_and_Outdoors; short filtered-full-sequence <= 10; long > 10; same model and full catalog
2026-09-10 20:29:02,413 | INFO | EXPERIMENT_CONFIG {"agent_diversity_coef": 0.02, "batch_size": 128, "cache_dir": "/workspace/P78123011/cache", "candidates": 256, "coordinator_epochs": 3, "coordinator_lr": 0.0001, "data_path": null, "dataset": "amazon-sports-and-outdoors", "device": "cuda:0", "dim": 128, "early_stopping_patience": 6, "enable_lora": 1, "eval_batch_size": 64, "eval_length_basis": "filtered_full_sequence", "eval_length_threshold": 10, "experiment_note": "amazons_long_short subset=Sports_and_Outdoors; short filtered-full-sequence <= 10; long > 10; same model and full catalog", "full_catalog_supervised": false, "future_decay": 0.5, "future_horizon": 3, "generate_reasons": false, "graph_device": "cuda:0", "hard_negative_fraction": 0.75, "hard_negative_pool_multiplier": 12, "hard_negative_warmup_epochs": 2, "item_prompt_prefix": "Preference-aware product representation: ", "item_vector_artifact": null, "joint_epochs": 7, "joint_lr": 5e-05, "lora_alpha": 32.0, "lora_dropout": 0.05, "lora_rank": 16, "lr_patience": 2, "mamba_encode_batch_size": 32, "mamba_max_tokens": 32, "mamba_model_id": "state-spaces/mamba-130m-hf", "max_events": null, "max_history": 100, "max_transitions": 1000000, "min_rating": 4.0, "monitor_metric": "ndcg@10", "output_dir": "/workspace/P78123011/MediaTek_2026_project/ver4/outputs_mamba_rl/amazons_lora", "output_run_dir": "/workspace/P78123011/MediaTek_2026_project/ver4/outputs_mamba_rl/amazons_long_short_L0_S0_P1_G1/Sports_and_Outdoors/rl_20260910_202901_r1_321310", "periodic_test_user_limit": 0, "popularity_alpha": 0.35, "preference_balance_coef": 0.01, "preference_coef": 0.2, "preference_contrastive_coef": 0.05, "preference_count": 32, "preference_hidden": 128, "preference_score_weight": 0.2, "preference_separation_coef": 0.01, "preference_sharpness_coef": 0.05, "preference_temperature": 0.2, "preference_transition_coef": 0.1, "reason_count": 20, "reason_max_new_tokens": 40, "refresh_data_cache": false, "resume_checkpoint": null, "save_model_weights": false, "score_file": "/workspace/P78123011/MediaTek_2026_project/ver4/outputs_mamba_rl/amazons_long_short_L0_S0_P1_G1/Sports_and_Outdoors/rl_20260910_202901_r1_321310/Sports_and_Outdoors_scores.json", "seed": 25252, "short_window": 10, "skip_mamba": false, "specialist_epochs": 3, "specialist_lr": 0.0001, "target_recall_at_10": 0.15, "transition_beta": 0.5, "use_graph_embeddings": true, "use_in_batch_negatives": true, "use_long": 0, "use_preference": 1, "use_short": 0, "validate_every_steps": 8000, "validation_user_limit": 0}
2026-09-10 20:29:03,471 | INFO | INTERACTION_CACHE hit path=/workspace/P78123011/cache/mamba_multi_agent_data/amazon-sports-and-outdoors_fcc157f72b81.pkl
2026-09-10 20:29:03,477 | INFO | LENGTH_SPLIT preprocessing=original_one_pass_user_item_min_5 basis=filtered_full_sequence short<=10 long>10
2026-09-10 20:29:03,488 | INFO | users=631803 items=401572 train_interactions=3678023
2026-09-10 20:29:16,154 | INFO | CATALOG_PRIORS popularity_alpha=0.350000 transition_beta=0.500000 source=train_histories_only enabled=True
2026-09-10 20:29:18,543 | INFO | ITEM_VECTOR_ARTIFACT path=/workspace/P78123011/cache/mamba_multi_agent/amazon-sports-and-outdoors_401572_909fc18038f4_prompt_tok32.pt fingerprint=909fc18038f4
2026-09-10 20:29:18,543 | INFO | SEMANTIC_BACKBONE model_id=state-spaces/mamba-130m-hf hidden_size=768 frozen=True usage=shared_cached_item_vectors
2026-09-10 20:29:19,856 | INFO | GRAPH_EMBEDDINGS enabled=True source=train_histories_only main_device=cuda:0 graph_device=cuda:0
2026-09-10 20:29:20,785 | INFO | ADAPTATION_MODE mode=multi_lora enable_lora=1
2026-09-10 20:29:20,785 | INFO | ADAPTER_ROUTES {'preference': ('transition_lora', 'state_lora')}
2026-09-10 20:29:20,785 | INFO | agent_parameters={'long': 16513, 'short': 16513, 'preference': 78786, 'coordinator': 0, 'shared_projection': 98304, 'graph': 132272000}
2026-09-10 20:29:20,785 | INFO | PREDICTION_PATH graph_only=False active_agents=1 coordinator=False
2026-09-10 20:29:24,854 | INFO | training_transitions=1000000
2026-09-10 20:29:24,854 | INFO | schedule specialist_epochs=3 coordinator_epochs=3 joint_ranking_epochs=7 validate_every_steps=8000 validation_users=0 periodic_test_users=0 monitor=ndcg@10 early_stopping_patience=6
2026-09-10 20:29:25,843 | INFO | TRAINING_BRANCHES stage=specialists long=False short=False preference=True gcn=True preference_auxiliary=True preference_contrastive=False diversity_pairs=0 trainable_parameters=132449090
2026-09-10 20:50:01,232 | INFO | 
========== PERIODIC VALIDATION ==========
stage=specialists | epoch=1 | step=7813 | users=625563/625563
NDCG  | @5 0.010029 | @10 0.011909
Recall| @5 0.013963 | @10 0.019806
Hit   | @5 0.013963 | @10 0.019806
================================
2026-09-10 20:50:01,232 | INFO | PERIODIC VALIDATION SEQUENCE_LENGTH {"basis": "filtered_full_sequence", "long": {"evaluated_users": 97306, "history_length_max": 767, "history_length_mean": 18.187100487123097, "history_length_min": 11, "hit@10": 0.017737857891599696, "hit@5": 0.012136969971019259, "ndcg@10": 0.010390273102014395, "ndcg@5": 0.008585977133445772, "recall@10": 0.017737857891599696, "recall@5": 0.012136969971019259, "total_users": 97306}, "long_rule": "length > threshold", "short": {"evaluated_users": 528257, "history_length_max": 10, "history_length_mean": 5.959404229380775, "history_length_min": 3, "hit@10": 0.020187143757678553, "hit@5": 0.014299857834349568, "ndcg@10": 0.012188524330245724, "ndcg@5": 0.010295119565414394, "recall@10": 0.020187143757678553, "recall@5": 0.014299857834349568, "total_users": 528257}, "short_rule": "length <= threshold", "threshold": 10}
2026-09-10 20:51:47,225 | INFO | 
========== PERIODIC TEST ==========
stage=specialists | epoch=1 | step=7813 | users=625563/625563
NDCG  | @5 0.010463 | @10 0.012191
Recall| @5 0.014337 | @10 0.019701
Hit   | @5 0.014337 | @10 0.019701
================================
2026-09-10 20:51:47,225 | INFO | PERIODIC TEST SEQUENCE_LENGTH {"basis": "filtered_full_sequence", "long": {"evaluated_users": 97306, "history_length_max": 767, "history_length_mean": 18.187100487123097, "history_length_min": 11, "hit@10": 0.01814893223439459, "hit@5": 0.01296939551517892, "ndcg@10": 0.011142698268693072, "ndcg@5": 0.009478270067846751, "recall@10": 0.01814893223439459, "recall@5": 0.01296939551517892, "total_users": 97306}, "long_rule": "length > threshold", "short": {"evaluated_users": 528257, "history_length_max": 10, "history_length_mean": 5.959404229380775, "history_length_min": 3, "hit@10": 0.019986483851610108, "hit@5": 0.014589489585561574, "ndcg@10": 0.012383600851611968, "ndcg@5": 0.01064487883230231, "recall@10": 0.019986483851610108, "recall@5": 0.014589489585561574, "total_users": 528257}, "short_rule": "length <= threshold", "threshold": 10}
2026-09-10 20:51:47,225 | INFO | VALID_STEP step=7813 stage=specialists epoch=1 ndcg@10=0.011909 recall@10=0.019806 improved=True
2026-09-10 20:51:47,475 | INFO | BEST_MODEL_IN_MEMORY step=7813 stage=specialists ndcg@10=0.011909
2026-09-10 20:51:47,475 | INFO | stage=specialists epoch=1 loss=5.563593 steps=7813 transitions/s=889.36
2026-09-10 21:12:22,534 | INFO | 
========== PERIODIC VALIDATION ==========
stage=specialists | epoch=2 | step=15626 | users=625563/625563
NDCG  | @5 0.010932 | @10 0.013010
Recall| @5 0.015440 | @10 0.021902
Hit   | @5 0.015440 | @10 0.021902
================================
2026-09-10 21:12:22,534 | INFO | PERIODIC VALIDATION SEQUENCE_LENGTH {"basis": "filtered_full_sequence", "long": {"evaluated_users": 97306, "history_length_max": 767, "history_length_mean": 18.187100487123097, "history_length_min": 11, "hit@10": 0.019854890756993402, "hit@5": 0.013801821059338581, "ndcg@10": 0.011526956301436594, "ndcg@5": 0.009582585240682022, "recall@10": 0.019854890756993402, "recall@5": 0.013801821059338581, "total_users": 97306}, "long_rule": "length > threshold", "short": {"evaluated_users": 528257, "history_length_max": 10, "history_length_mean": 5.959404229380775, "history_length_min": 3, "hit@10": 0.02227892862754303, "hit@5": 0.01574233753646426, "ndcg@10": 0.013283739691953265, "ndcg@5": 0.011180144112061193, "recall@10": 0.02227892862754303, "recall@5": 0.01574233753646426, "total_users": 528257}, "short_rule": "length <= threshold", "threshold": 10}
2026-09-10 21:14:08,586 | INFO | 
========== PERIODIC TEST ==========
stage=specialists | epoch=2 | step=15626 | users=625563/625563
NDCG  | @5 0.011060 | @10 0.013035
Recall| @5 0.015341 | @10 0.021478
Hit   | @5 0.015341 | @10 0.021478
================================
2026-09-10 21:14:08,586 | INFO | PERIODIC TEST SEQUENCE_LENGTH {"basis": "filtered_full_sequence", "long": {"evaluated_users": 97306, "history_length_max": 767, "history_length_mean": 18.187100487123097, "history_length_min": 11, "hit@10": 0.01983433703985366, "hit@5": 0.014017635089305902, "ndcg@10": 0.011939826770293888, "ndcg@5": 0.010073321788582595, "recall@10": 0.01983433703985366, "recall@5": 0.014017635089305902, "total_users": 97306}, "long_rule": "length > threshold", "short": {"evaluated_users": 528257, "history_length_max": 10, "history_length_mean": 5.959404229380775, "history_length_min": 3, "hit@10": 0.021781064898335468, "hit@5": 0.015585217043976701, "ndcg@10": 0.01323703426021902, "ndcg@5": 0.01124171952017122, "recall@10": 0.021781064898335468, "recall@5": 0.015585217043976701, "total_users": 528257}, "short_rule": "length <= threshold", "threshold": 10}
2026-09-10 21:14:08,586 | INFO | VALID_STEP step=15626 stage=specialists epoch=2 ndcg@10=0.013010 recall@10=0.021902 improved=True
2026-09-10 21:14:08,861 | INFO | BEST_MODEL_IN_MEMORY step=15626 stage=specialists ndcg@10=0.013010
2026-09-10 21:14:08,862 | INFO | stage=specialists epoch=2 loss=5.650322 steps=7813 transitions/s=889.58
2026-09-10 21:34:45,265 | INFO | 
========== PERIODIC VALIDATION ==========
stage=specialists | epoch=3 | step=23439 | users=625563/625563
NDCG  | @5 0.012037 | @10 0.014444
Recall| @5 0.017002 | @10 0.024495
Hit   | @5 0.017002 | @10 0.024495
================================
2026-09-10 21:34:45,265 | INFO | PERIODIC VALIDATION SEQUENCE_LENGTH {"basis": "filtered_full_sequence", "long": {"evaluated_users": 97306, "history_length_max": 767, "history_length_mean": 18.187100487123097, "history_length_min": 11, "hit@10": 0.022537150843730088, "hit@5": 0.015065874663432881, "ndcg@10": 0.01286808800997814, "ndcg@5": 0.010470351583266561, "recall@10": 0.022537150843730088, "recall@5": 0.015065874663432881, "total_users": 97306}, "long_rule": "length > threshold", "short": {"evaluated_users": 528257, "history_length_max": 10, "history_length_mean": 5.959404229380775, "history_length_min": 3, "hit@10": 0.02485532610074263, "hit@5": 0.017358974892902508, "ndcg@10": 0.014733872563636601, "ndcg@5": 0.012325752482930441, "recall@10": 0.02485532610074263, "recall@5": 0.017358974892902508, "total_users": 528257}, "short_rule": "length <= threshold", "threshold": 10}
2026-09-10 21:36:31,201 | INFO | 
========== PERIODIC TEST ==========
stage=specialists | epoch=3 | step=23439 | users=625563/625563
NDCG  | @5 0.011900 | @10 0.014065
Recall| @5 0.016713 | @10 0.023448
Hit   | @5 0.016713 | @10 0.023448
================================
2026-09-10 21:36:31,201 | INFO | PERIODIC TEST SEQUENCE_LENGTH {"basis": "filtered_full_sequence", "long": {"evaluated_users": 97306, "history_length_max": 767, "history_length_mean": 18.187100487123097, "history_length_min": 11, "hit@10": 0.02162251043101145, "hit@5": 0.015117258956282244, "ndcg@10": 0.012765585695061393, "ndcg@5": 0.010670346630025819, "recall@10": 0.02162251043101145, "recall@5": 0.015117258956282244, "total_users": 97306}, "long_rule": "length > threshold", "short": {"evaluated_users": 528257, "history_length_max": 10, "history_length_mean": 5.959404229380775, "history_length_min": 3, "hit@10": 0.02378387792305639, "hit@5": 0.017006873548291834, "ndcg@10": 0.014304198530321144, "ndcg@5": 0.012126539237465938, "recall@10": 0.02378387792305639, "recall@5": 0.017006873548291834, "total_users": 528257}, "short_rule": "length <= threshold", "threshold": 10}
2026-09-10 21:36:31,202 | INFO | VALID_STEP step=23439 stage=specialists epoch=3 ndcg@10=0.014444 recall@10=0.024495 improved=True
2026-09-10 21:36:31,474 | INFO | BEST_MODEL_IN_MEMORY step=23439 stage=specialists ndcg@10=0.014444
2026-09-10 21:36:31,474 | INFO | stage=specialists epoch=3 loss=5.564655 steps=7813 transitions/s=889.14
2026-09-10 21:36:31,728 | INFO | SKIP_STAGE stage=coordinator epochs=3 use_coordinator=False
2026-09-10 21:36:31,728 | INFO | TRAINING_BRANCHES stage=joint long=False short=False preference=True gcn=True preference_auxiliary=True preference_contrastive=True diversity_pairs=0 trainable_parameters=132449090
2026-09-10 21:57:09,019 | INFO | 
========== PERIODIC VALIDATION ==========
stage=joint | epoch=1 | step=31252 | users=625563/625563
NDCG  | @5 0.013748 | @10 0.016395
Recall| @5 0.019283 | @10 0.027532
Hit   | @5 0.019283 | @10 0.027532
================================
2026-09-10 21:57:09,019 | INFO | PERIODIC VALIDATION SEQUENCE_LENGTH {"basis": "filtered_full_sequence", "long": {"evaluated_users": 97306, "history_length_max": 767, "history_length_mean": 18.187100487123097, "history_length_min": 11, "hit@10": 0.024551415123425072, "hit@5": 0.016566296014634246, "ndcg@10": 0.014225408002030138, "ndcg@5": 0.011663478824423654, "recall@10": 0.024551415123425072, "recall@5": 0.016566296014634246, "total_users": 97306}, "long_rule": "length > threshold", "short": {"evaluated_users": 528257, "history_length_max": 10, "history_length_mean": 5.959404229380775, "history_length_min": 3, "hit@10": 0.028081028741692018, "hit@5": 0.01978393092755988, "ndcg@10": 0.016794814776496633, "ndcg@5": 0.014132054042934146, "recall@10": 0.028081028741692018, "recall@5": 0.01978393092755988, "total_users": 528257}, "short_rule": "length <= threshold", "threshold": 10}
2026-09-10 21:58:55,013 | INFO | 
========== PERIODIC TEST ==========
stage=joint | epoch=1 | step=31252 | users=625563/625563
NDCG  | @5 0.013547 | @10 0.015920
Recall| @5 0.018705 | @10 0.026087
Hit   | @5 0.018705 | @10 0.026087
================================
2026-09-10 21:58:55,013 | INFO | PERIODIC TEST SEQUENCE_LENGTH {"basis": "filtered_full_sequence", "long": {"evaluated_users": 97306, "history_length_max": 767, "history_length_mean": 18.187100487123097, "history_length_min": 11, "hit@10": 0.023873142457813495, "hit@5": 0.016741002610322075, "ndcg@10": 0.014122870057137192, "ndcg@5": 0.011832657346075668, "recall@10": 0.023873142457813495, "recall@5": 0.016741002610322075, "total_users": 97306}, "long_rule": "length > threshold", "short": {"evaluated_users": 528257, "history_length_max": 10, "history_length_mean": 5.959404229380775, "history_length_min": 3, "hit@10": 0.026494679672962214, "hit@5": 0.01906647711246609, "ndcg@10": 0.016251588313189944, "ndcg@5": 0.013862974075040044, "recall@10": 0.026494679672962214, "recall@5": 0.01906647711246609, "total_users": 528257}, "short_rule": "length <= threshold", "threshold": 10}
2026-09-10 21:58:55,014 | INFO | VALID_STEP step=31252 stage=joint epoch=1 ndcg@10=0.016395 recall@10=0.027532 improved=True
2026-09-10 21:58:55,286 | INFO | BEST_MODEL_IN_MEMORY step=31252 stage=joint ndcg@10=0.016395
2026-09-10 21:58:55,286 | INFO | LEARNING_RATE step=31252 stage=joint lr=5e-05
2026-09-10 21:58:55,287 | INFO | stage=joint epoch=1 loss=5.473228 steps=7813 transitions/s=887.30
2026-09-10 22:19:34,733 | INFO | 
========== PERIODIC VALIDATION ==========
stage=joint | epoch=2 | step=39065 | users=625563/625563
NDCG  | @5 0.014019 | @10 0.016708
Recall| @5 0.019667 | @10 0.028034
Hit   | @5 0.019667 | @10 0.028034
================================
2026-09-10 22:19:34,733 | INFO | PERIODIC VALIDATION SEQUENCE_LENGTH {"basis": "filtered_full_sequence", "long": {"evaluated_users": 97306, "history_length_max": 767, "history_length_mean": 18.187100487123097, "history_length_min": 11, "hit@10": 0.025229687789036646, "hit@5": 0.017203461245966334, "ndcg@10": 0.01463096045227029, "ndcg@5": 0.01205074706540839, "recall@10": 0.025229687789036646, "recall@5": 0.017203461245966334, "total_users": 97306}, "long_rule": "length > threshold", "short": {"evaluated_users": 528257, "history_length_max": 10, "history_length_mean": 5.959404229380775, "history_length_min": 3, "hit@10": 0.028550497201172913, "hit@5": 0.02012088812831633, "ndcg@10": 0.01709032439311523, "ndcg@5": 0.014381749198674137, "recall@10": 0.028550497201172913, "recall@5": 0.02012088812831633, "total_users": 528257}, "short_rule": "length <= threshold", "threshold": 10}
2026-09-10 22:21:20,778 | INFO | 
========== PERIODIC TEST ==========
stage=joint | epoch=2 | step=39065 | users=625563/625563
NDCG  | @5 0.013585 | @10 0.015944
Recall| @5 0.018850 | @10 0.026175
Hit   | @5 0.018850 | @10 0.026175
================================
2026-09-10 22:21:20,778 | INFO | PERIODIC TEST SEQUENCE_LENGTH {"basis": "filtered_full_sequence", "long": {"evaluated_users": 97306, "history_length_max": 767, "history_length_mean": 18.187100487123097, "history_length_min": 11, "hit@10": 0.02415061763920005, "hit@5": 0.016864324913160544, "ndcg@10": 0.014283019869014632, "ndcg@5": 0.011939655355407202, "recall@10": 0.02415061763920005, "recall@5": 0.016864324913160544, "total_users": 97306}, "long_rule": "length > threshold", "short": {"evaluated_users": 528257, "history_length_max": 10, "history_length_mean": 5.959404229380775, "history_length_min": 3, "hit@10": 0.02654768417645199, "hit@5": 0.019216025533026537, "ndcg@10": 0.01624963688450882, "ndcg@5": 0.013887778480876375, "recall@10": 0.02654768417645199, "recall@5": 0.019216025533026537, "total_users": 528257}, "short_rule": "length <= threshold", "threshold": 10}
2026-09-10 22:21:20,779 | INFO | VALID_STEP step=39065 stage=joint epoch=2 ndcg@10=0.016708 recall@10=0.028034 improved=True
2026-09-10 22:21:21,058 | INFO | BEST_MODEL_IN_MEMORY step=39065 stage=joint ndcg@10=0.016708
2026-09-10 22:21:21,059 | INFO | LEARNING_RATE step=39065 stage=joint lr=5e-05
2026-09-10 22:21:21,059 | INFO | stage=joint epoch=2 loss=5.616908 steps=7813 transitions/s=886.92
2026-09-10 22:41:59,109 | INFO | 
========== PERIODIC VALIDATION ==========
stage=joint | epoch=3 | step=46878 | users=625563/625563
NDCG  | @5 0.014624 | @10 0.017397
Recall| @5 0.020534 | @10 0.029159
Hit   | @5 0.020534 | @10 0.029159
================================
2026-09-10 22:41:59,109 | INFO | PERIODIC VALIDATION SEQUENCE_LENGTH {"basis": "filtered_full_sequence", "long": {"evaluated_users": 97306, "history_length_max": 767, "history_length_mean": 18.187100487123097, "history_length_min": 11, "hit@10": 0.02606211333319631, "hit@5": 0.017707027315890078, "ndcg@10": 0.015081392388446508, "ndcg@5": 0.0124003157249999, "recall@10": 0.02606211333319631, "recall@5": 0.017707027315890078, "total_users": 97306}, "long_rule": "length > threshold", "short": {"evaluated_users": 528257, "history_length_max": 10, "history_length_mean": 5.959404229380775, "history_length_min": 3, "hit@10": 0.029729847403820488, "hit@5": 0.02105414599333279, "ndcg@10": 0.01782326737955051, "ndcg@5": 0.015033411983470158, "recall@10": 0.029729847403820488, "recall@5": 0.02105414599333279, "total_users": 528257}, "short_rule": "length <= threshold", "threshold": 10}
2026-09-10 22:43:44,970 | INFO | 
========== PERIODIC TEST ==========
stage=joint | epoch=3 | step=46878 | users=625563/625563
NDCG  | @5 0.013929 | @10 0.016372
Recall| @5 0.019322 | @10 0.026931
Hit   | @5 0.019322 | @10 0.026931
================================
2026-09-10 22:43:44,970 | INFO | PERIODIC TEST SEQUENCE_LENGTH {"basis": "filtered_full_sequence", "long": {"evaluated_users": 97306, "history_length_max": 767, "history_length_mean": 18.187100487123097, "history_length_min": 11, "hit@10": 0.024613076274844305, "hit@5": 0.01688487863030029, "ndcg@10": 0.014482397410229993, "ndcg@5": 0.012003765213133209, "recall@10": 0.024613076274844305, "recall@5": 0.01688487863030029, "total_users": 97306}, "long_rule": "length > threshold", "short": {"evaluated_users": 528257, "history_length_max": 10, "history_length_mean": 5.959404229380775, "history_length_min": 3, "hit@10": 0.027357895872652895, "hit@5": 0.019770679801687435, "ndcg@10": 0.01672043221541541, "ndcg@5": 0.014283475333084985, "recall@10": 0.027357895872652895, "recall@5": 0.019770679801687435, "total_users": 528257}, "short_rule": "length <= threshold", "threshold": 10}
2026-09-10 22:43:44,971 | INFO | VALID_STEP step=46878 stage=joint epoch=3 ndcg@10=0.017397 recall@10=0.029159 improved=True
2026-09-10 22:43:45,248 | INFO | BEST_MODEL_IN_MEMORY step=46878 stage=joint ndcg@10=0.017397
2026-09-10 22:43:45,248 | INFO | LEARNING_RATE step=46878 stage=joint lr=5e-05
2026-09-10 22:43:45,248 | INFO | stage=joint epoch=3 loss=5.538691 steps=7813 transitions/s=887.25
2026-09-10 23:04:24,931 | INFO | 
========== PERIODIC VALIDATION ==========
stage=joint | epoch=4 | step=54691 | users=625563/625563
NDCG  | @5 0.015303 | @10 0.018163
Recall| @5 0.021418 | @10 0.030309
Hit   | @5 0.021418 | @10 0.030309
================================
2026-09-10 23:04:24,932 | INFO | PERIODIC VALIDATION SEQUENCE_LENGTH {"basis": "filtered_full_sequence", "long": {"evaluated_users": 97306, "history_length_max": 767, "history_length_mean": 18.187100487123097, "history_length_min": 11, "hit@10": 0.027264505785871376, "hit@5": 0.01836474626436191, "ndcg@10": 0.015814738621924607, "ndcg@5": 0.012954223969699336, "recall@10": 0.027264505785871376, "recall@5": 0.01836474626436191, "total_users": 97306}, "long_rule": "length > threshold", "short": {"evaluated_users": 528257, "history_length_max": 10, "history_length_mean": 5.959404229380775, "history_length_min": 3, "hit@10": 0.03086944422885073, "hit@5": 0.021979831786422138, "ndcg@10": 0.018595658642729315, "ndcg@5": 0.015735463322970687, "recall@10": 0.03086944422885073, "recall@5": 0.021979831786422138, "total_users": 528257}, "short_rule": "length <= threshold", "threshold": 10}
2026-09-10 23:06:10,969 | INFO | 
========== PERIODIC TEST ==========
stage=joint | epoch=4 | step=54691 | users=625563/625563
NDCG  | @5 0.014284 | @10 0.016842
Recall| @5 0.019675 | @10 0.027622
Hit   | @5 0.019675 | @10 0.027622
================================
2026-09-10 23:06:10,970 | INFO | PERIODIC TEST SEQUENCE_LENGTH {"basis": "filtered_full_sequence", "long": {"evaluated_users": 97306, "history_length_max": 767, "history_length_mean": 18.187100487123097, "history_length_min": 11, "hit@10": 0.025065258051918688, "hit@5": 0.017254845538815695, "ndcg@10": 0.01481574139624227, "ndcg@5": 0.01229971046922236, "recall@10": 0.025065258051918688, "recall@5": 0.017254845538815695, "total_users": 97306}, "long_rule": "length > threshold", "short": {"evaluated_users": 528257, "history_length_max": 10, "history_length_mean": 5.959404229380775, "history_length_min": 3, "hit@10": 0.028092386849582686, "hit@5": 0.02012088812831633, "ndcg@10": 0.017215261844104823, "ndcg@5": 0.014649900907148905, "recall@10": 0.028092386849582686, "recall@5": 0.02012088812831633, "total_users": 528257}, "short_rule": "length <= threshold", "threshold": 10}
2026-09-10 23:06:10,970 | INFO | VALID_STEP step=54691 stage=joint epoch=4 ndcg@10=0.018163 recall@10=0.030309 improved=True
2026-09-10 23:06:11,252 | INFO | BEST_MODEL_IN_MEMORY step=54691 stage=joint ndcg@10=0.018163
2026-09-10 23:06:11,252 | INFO | LEARNING_RATE step=54691 stage=joint lr=5e-05
2026-09-10 23:06:11,253 | INFO | stage=joint epoch=4 loss=5.468448 steps=7813 transitions/s=886.54
2026-09-10 23:26:50,737 | INFO | 
========== PERIODIC VALIDATION ==========
stage=joint | epoch=5 | step=62504 | users=625563/625563
NDCG  | @5 0.016192 | @10 0.019084
Recall| @5 0.022437 | @10 0.031436
Hit   | @5 0.022437 | @10 0.031436
================================
2026-09-10 23:26:50,738 | INFO | PERIODIC VALIDATION SEQUENCE_LENGTH {"basis": "filtered_full_sequence", "long": {"evaluated_users": 97306, "history_length_max": 767, "history_length_mean": 18.187100487123097, "history_length_min": 11, "hit@10": 0.027747518138655374, "hit@5": 0.01945409327276838, "ndcg@10": 0.016244499883746277, "ndcg@5": 0.0135914552290273, "recall@10": 0.027747518138655374, "recall@5": 0.01945409327276838, "total_users": 97306}, "long_rule": "length > threshold", "short": {"evaluated_users": 528257, "history_length_max": 10, "history_length_mean": 5.959404229380775, "history_length_min": 3, "hit@10": 0.03211505006086053, "hit@5": 0.022986917352727933, "ndcg@10": 0.019607382905492673, "ndcg@5": 0.01667051889635488, "recall@10": 0.03211505006086053, "recall@5": 0.022986917352727933, "total_users": 528257}, "short_rule": "length <= threshold", "threshold": 10}
2026-09-10 23:28:37,055 | INFO | 
========== PERIODIC TEST ==========
stage=joint | epoch=5 | step=62504 | users=625563/625563
NDCG  | @5 0.014969 | @10 0.017497
Recall| @5 0.020612 | @10 0.028466
Hit   | @5 0.020612 | @10 0.028466
================================
2026-09-10 23:28:37,055 | INFO | PERIODIC TEST SEQUENCE_LENGTH {"basis": "filtered_full_sequence", "long": {"evaluated_users": 97306, "history_length_max": 767, "history_length_mean": 18.187100487123097, "history_length_min": 11, "hit@10": 0.0258051918689495, "hit@5": 0.017963948780136886, "ndcg@10": 0.015199503991151272, "ndcg@5": 0.012682416902881848, "recall@10": 0.0258051918689495, "recall@5": 0.017963948780136886, "total_users": 97306}, "long_rule": "length > threshold", "short": {"evaluated_users": 528257, "history_length_max": 10, "history_length_mean": 5.959404229380775, "history_length_min": 3, "hit@10": 0.028955603049273367, "hit@5": 0.021099578424895456, "ndcg@10": 0.017919766520664782, "ndcg@5": 0.015390240792686022, "recall@10": 0.028955603049273367, "recall@5": 0.021099578424895456, "total_users": 528257}, "short_rule": "length <= threshold", "threshold": 10}
2026-09-10 23:28:37,056 | INFO | VALID_STEP step=62504 stage=joint epoch=5 ndcg@10=0.019084 recall@10=0.031436 improved=True
2026-09-10 23:28:37,367 | INFO | BEST_MODEL_IN_MEMORY step=62504 stage=joint ndcg@10=0.019084
2026-09-10 23:28:37,367 | INFO | LEARNING_RATE step=62504 stage=joint lr=5e-05
2026-09-10 23:28:37,368 | INFO | stage=joint epoch=5 loss=5.393507 steps=7813 transitions/s=886.56
2026-09-10 23:49:17,735 | INFO | 
========== PERIODIC VALIDATION ==========
stage=joint | epoch=6 | step=70317 | users=625563/625563
NDCG  | @5 0.017046 | @10 0.019927
Recall| @5 0.023339 | @10 0.032323
Hit   | @5 0.023339 | @10 0.032323
================================
2026-09-10 23:49:17,735 | INFO | PERIODIC VALIDATION SEQUENCE_LENGTH {"basis": "filtered_full_sequence", "long": {"evaluated_users": 97306, "history_length_max": 767, "history_length_mean": 18.187100487123097, "history_length_min": 11, "hit@10": 0.028631327975664398, "hit@5": 0.019998766776971617, "ndcg@10": 0.016859639832963944, "ndcg@5": 0.014095313832518793, "recall@10": 0.028631327975664398, "recall@5": 0.019998766776971617, "total_users": 97306}, "long_rule": "length > threshold", "short": {"evaluated_users": 528257, "history_length_max": 10, "history_length_mean": 5.959404229380775, "history_length_min": 3, "hit@10": 0.03300287549431432, "hit@5": 0.023954249541416395, "ndcg@10": 0.020492396166844267, "ndcg@5": 0.01758955362725556, "recall@10": 0.03300287549431432, "recall@5": 0.023954249541416395, "total_users": 528257}, "short_rule": "length <= threshold", "threshold": 10}
2026-09-10 23:51:03,788 | INFO | 
========== PERIODIC TEST ==========
stage=joint | epoch=6 | step=70317 | users=625563/625563
NDCG  | @5 0.015620 | @10 0.018125
Recall| @5 0.021240 | @10 0.029035
Hit   | @5 0.021240 | @10 0.029035
================================
2026-09-10 23:51:03,788 | INFO | PERIODIC TEST SEQUENCE_LENGTH {"basis": "filtered_full_sequence", "long": {"evaluated_users": 97306, "history_length_max": 767, "history_length_mean": 18.187100487123097, "history_length_min": 11, "hit@10": 0.02603128275748669, "hit@5": 0.018446961132920887, "ndcg@10": 0.015679533164362366, "ndcg@5": 0.013248390995088904, "recall@10": 0.02603128275748669, "recall@5": 0.018446961132920887, "total_users": 97306}, "long_rule": "length > threshold", "short": {"evaluated_users": 528257, "history_length_max": 10, "history_length_mean": 5.959404229380775, "history_length_min": 3, "hit@10": 0.02958787105518715, "hit@5": 0.02175456264659058, "ndcg@10": 0.0185751416829877, "ndcg@5": 0.016056905824474894, "recall@10": 0.02958787105518715, "recall@5": 0.02175456264659058, "total_users": 528257}, "short_rule": "length <= threshold", "threshold": 10}
2026-09-10 23:51:03,789 | INFO | VALID_STEP step=70317 stage=joint epoch=6 ndcg@10=0.019927 recall@10=0.032323 improved=True
2026-09-10 23:51:04,066 | INFO | BEST_MODEL_IN_MEMORY step=70317 stage=joint ndcg@10=0.019927
2026-09-10 23:51:04,067 | INFO | LEARNING_RATE step=70317 stage=joint lr=5e-05
2026-09-10 23:51:04,067 | INFO | stage=joint epoch=6 loss=5.319357 steps=7813 transitions/s=886.35
2026-09-11 00:11:43,157 | INFO | 
========== PERIODIC VALIDATION ==========
stage=joint | epoch=7 | step=78130 | users=625563/625563
NDCG  | @5 0.017593 | @10 0.020541
Recall| @5 0.023874 | @10 0.033026
Hit   | @5 0.023874 | @10 0.033026
================================
2026-09-11 00:11:43,158 | INFO | PERIODIC VALIDATION SEQUENCE_LENGTH {"basis": "filtered_full_sequence", "long": {"evaluated_users": 97306, "history_length_max": 767, "history_length_mean": 18.187100487123097, "history_length_min": 11, "hit@10": 0.02942264608554457, "hit@5": 0.020163196514089574, "ndcg@10": 0.017259400605751048, "ndcg@5": 0.014277483130201747, "recall@10": 0.02942264608554457, "recall@5": 0.020163196514089574, "total_users": 97306}, "long_rule": "length > threshold", "short": {"evaluated_users": 528257, "history_length_max": 10, "history_length_mean": 5.959404229380775, "history_length_min": 3, "hit@10": 0.03369004102169967, "hit@5": 0.024558122277603515, "ndcg@10": 0.021145425881751632, "ndcg@5": 0.018203605001911382, "recall@10": 0.03369004102169967, "recall@5": 0.024558122277603515, "total_users": 528257}, "short_rule": "length <= threshold", "threshold": 10}
2026-09-11 00:13:29,352 | INFO | 
========== PERIODIC TEST ==========
stage=joint | epoch=7 | step=78130 | users=625563/625563
NDCG  | @5 0.016208 | @10 0.018756
Recall| @5 0.021864 | @10 0.029791
Hit   | @5 0.021864 | @10 0.029791
================================
2026-09-11 00:13:29,352 | INFO | PERIODIC TEST SEQUENCE_LENGTH {"basis": "filtered_full_sequence", "long": {"evaluated_users": 97306, "history_length_max": 767, "history_length_mean": 18.187100487123097, "history_length_min": 11, "hit@10": 0.027213121493022012, "hit@5": 0.01914578751567221, "ndcg@10": 0.016302276556198966, "ndcg@5": 0.013717236528975232, "recall@10": 0.027213121493022012, "recall@5": 0.01914578751567221, "total_users": 97306}, "long_rule": "length > threshold", "short": {"evaluated_users": 528257, "history_length_max": 10, "history_length_mean": 5.959404229380775, "history_length_min": 3, "hit@10": 0.03026557149266361, "hit@5": 0.022364114436723034, "ndcg@10": 0.019208397677337265, "ndcg@5": 0.01666637058800426, "recall@10": 0.03026557149266361, "recall@5": 0.022364114436723034, "total_users": 528257}, "short_rule": "length <= threshold", "threshold": 10}
2026-09-11 00:13:29,353 | INFO | VALID_STEP step=78130 stage=joint epoch=7 ndcg@10=0.020541 recall@10=0.033026 improved=True
2026-09-11 00:13:29,665 | INFO | BEST_MODEL_IN_MEMORY step=78130 stage=joint ndcg@10=0.020541
2026-09-11 00:13:29,666 | INFO | LEARNING_RATE step=78130 stage=joint lr=5e-05
2026-09-11 00:13:29,666 | INFO | stage=joint epoch=7 loss=5.249027 steps=7813 transitions/s=886.78
2026-09-11 00:15:16,470 | INFO | 
========== FINAL CURRENT VALIDATION ==========
stage=final | epoch=0 | step=78130 | users=625563/625563
NDCG  | @5 0.017593 | @10 0.020541
Recall| @5 0.023874 | @10 0.033026
Hit   | @5 0.023874 | @10 0.033026
================================
2026-09-11 00:15:16,471 | INFO | FINAL CURRENT VALIDATION SEQUENCE_LENGTH {"basis": "filtered_full_sequence", "long": {"evaluated_users": 97306, "history_length_max": 767, "history_length_mean": 18.187100487123097, "history_length_min": 11, "hit@10": 0.02942264608554457, "hit@5": 0.020163196514089574, "ndcg@10": 0.017259400605751048, "ndcg@5": 0.014277483130201747, "recall@10": 0.02942264608554457, "recall@5": 0.020163196514089574, "total_users": 97306}, "long_rule": "length > threshold", "short": {"evaluated_users": 528257, "history_length_max": 10, "history_length_mean": 5.959404229380775, "history_length_min": 3, "hit@10": 0.03369004102169967, "hit@5": 0.024558122277603515, "ndcg@10": 0.02114521169208114, "ndcg@5": 0.01820339081224089, "recall@10": 0.03369004102169967, "recall@5": 0.024558122277603515, "total_users": 528257}, "short_rule": "length <= threshold", "threshold": 10}
2026-09-11 00:15:16,471 | INFO | VALID_STEP step=78130 stage=final epoch=0 ndcg@10=0.020541 recall@10=0.033026 improved=False
2026-09-11 00:15:16,512 | INFO | RESTORE_BEST step=78130 stage=joint ndcg@10=0.020541
2026-09-11 00:18:49,291 | INFO | 
========== BEST CHECKPOINT VALIDATION ==========
stage=joint | epoch=0 | step=78130 | users=625563/625563
NDCG  | @5 0.017593 | @10 0.020541
Recall| @5 0.023874 | @10 0.033026
Hit   | @5 0.023874 | @10 0.033026
================================
2026-09-11 00:18:49,291 | INFO | BEST CHECKPOINT VALIDATION SEQUENCE_LENGTH {"basis": "filtered_full_sequence", "long": {"evaluated_users": 97306, "history_length_max": 767, "history_length_mean": 18.187100487123097, "history_length_min": 11, "hit@10": 0.02942264608554457, "hit@5": 0.020163196514089574, "ndcg@10": 0.017259133866862477, "ndcg@5": 0.014277032759712373, "recall@10": 0.02942264608554457, "recall@5": 0.020163196514089574, "total_users": 97306}, "long_rule": "length > threshold", "short": {"evaluated_users": 528257, "history_length_max": 10, "history_length_mean": 5.959404229380775, "history_length_min": 3, "hit@10": 0.03369004102169967, "hit@5": 0.024558122277603515, "ndcg@10": 0.021145122233112747, "ndcg@5": 0.018203307853092522, "recall@10": 0.03369004102169967, "recall@5": 0.024558122277603515, "total_users": 528257}, "short_rule": "length <= threshold", "threshold": 10}
2026-09-11 00:18:49,291 | INFO | 
========== FINAL FULL TEST ==========
stage=joint | epoch=0 | step=78130 | users=625563/625563
NDCG  | @5 0.016208 | @10 0.018757
Recall| @5 0.021864 | @10 0.029792
Hit   | @5 0.021864 | @10 0.029792
================================
2026-09-11 00:18:49,291 | INFO | FINAL FULL TEST SEQUENCE_LENGTH {"basis": "filtered_full_sequence", "long": {"evaluated_users": 97306, "history_length_max": 767, "history_length_mean": 18.187100487123097, "history_length_min": 11, "hit@10": 0.027213121493022012, "hit@5": 0.01914578751567221, "ndcg@10": 0.016302276556198966, "ndcg@5": 0.013717236528975232, "recall@10": 0.027213121493022012, "recall@5": 0.01914578751567221, "total_users": 97306}, "long_rule": "length > threshold", "short": {"evaluated_users": 528257, "history_length_max": 10, "history_length_mean": 5.959404229380775, "history_length_min": 3, "hit@10": 0.030267464510645388, "hit@5": 0.022364114436723034, "ndcg@10": 0.019208834772947207, "ndcg@5": 0.016666287628855893, "recall@10": 0.030267464510645388, "recall@5": 0.022364114436723034, "total_users": 528257}, "short_rule": "length <= threshold", "threshold": 10}
2026-09-11 00:18:49,291 | INFO | VALID_BEST {"evaluated_users": 625563, "hit@10": 0.0330262499540414, "hit@5": 0.023874493855934573, "long_agent_weight": 0.0, "long_preference_state_cosine": 0.0, "long_short_state_cosine": 0.0, "ndcg@10": 0.020540658937748653, "ndcg@5": 0.017592577854443927, "preference_change_probability": 0.11647713179421103, "preference_current_entropy": 2.8200004075488954, "preference_next_entropy": 3.221473390910093, "preference_ranking_weight": 0.0, "recall@10": 0.0330262499540414, "recall@5": 0.023874493855934573, "scores_per_second": 2366593137.9832187, "sequence_length": {"basis": "filtered_full_sequence", "long": {"evaluated_users": 97306, "history_length_max": 767, "history_length_mean": 18.187100487123097, "history_length_min": 11, "hit@10": 0.02942264608554457, "hit@5": 0.020163196514089574, "ndcg@10": 0.017259133866862477, "ndcg@5": 0.014277032759712373, "recall@10": 0.02942264608554457, "recall@5": 0.020163196514089574, "total_users": 97306}, "long_rule": "length > threshold", "short": {"evaluated_users": 528257, "history_length_max": 10, "history_length_mean": 5.959404229380775, "history_length_min": 3, "hit@10": 0.03369004102169967, "hit@5": 0.024558122277603515, "ndcg@10": 0.021145122233112747, "ndcg@5": 0.018203307853092522, "recall@10": 0.03369004102169967, "recall@5": 0.024558122277603515, "total_users": 528257}, "short_rule": "length <= threshold", "threshold": 10}, "short_agent_weight": 0.0, "short_preference_state_cosine": 0.0, "total_users": 625563, "users_per_second": 5893.322089147696}
2026-09-11 00:18:49,291 | INFO | TEST_FINAL {"evaluated_users": 625563, "hit@10": 0.02979236303937413, "hit@5": 0.021863505354376776, "long_agent_weight": 0.0, "long_preference_state_cosine": 0.0, "long_short_state_cosine": 0.0, "ndcg@10": 0.018756721299464978, "ndcg@5": 0.01620756431121822, "preference_change_probability": 0.11642906337549261, "preference_current_entropy": 2.838022348457767, "preference_next_entropy": 3.2214378030945507, "preference_ranking_weight": 0.0, "recall@10": 0.02979236303937413, "recall@5": 0.021863505354376776, "scores_per_second": 2376097115.2663755, "sequence_length": {"basis": "filtered_full_sequence", "long": {"evaluated_users": 97306, "history_length_max": 767, "history_length_mean": 18.187100487123097, "history_length_min": 11, "hit@10": 0.027213121493022012, "hit@5": 0.01914578751567221, "ndcg@10": 0.016302276556198966, "ndcg@5": 0.013717236528975232, "recall@10": 0.027213121493022012, "recall@5": 0.01914578751567221, "total_users": 97306}, "long_rule": "length > threshold", "short": {"evaluated_users": 528257, "history_length_max": 10, "history_length_mean": 5.959404229380775, "history_length_min": 3, "hit@10": 0.030267464510645388, "hit@5": 0.022364114436723034, "ndcg@10": 0.019208834772947207, "ndcg@5": 0.016666287628855893, "recall@10": 0.030267464510645388, "recall@5": 0.022364114436723034, "total_users": 528257}, "short_rule": "length <= threshold", "threshold": 10}, "short_agent_weight": 0.0, "short_preference_state_cosine": 0.0, "total_users": 625563, "users_per_second": 5916.989021312182}
2026-09-11 00:18:49,291 | INFO | TARGET_RESULT metric=recall@10 target=>0.150000 actual=0.029792 achieved=False
2026-09-11 00:18:49,712 | INFO | FINAL_LENGTH_SCORES dataset=amazon-sports-and-outdoors group=short split=valid threshold=10 users=528257/528257 scores={"hit@10": 0.03369004102169967, "hit@5": 0.024558122277603515, "ndcg@10": 0.021145122233112747, "ndcg@5": 0.018203307853092522, "recall@10": 0.03369004102169967, "recall@5": 0.024558122277603515}
2026-09-11 00:18:49,712 | INFO | FINAL_LENGTH_SCORES dataset=amazon-sports-and-outdoors group=short split=test threshold=10 users=528257/528257 scores={"hit@10": 0.030267464510645388, "hit@5": 0.022364114436723034, "ndcg@10": 0.019208834772947207, "ndcg@5": 0.016666287628855893, "recall@10": 0.030267464510645388, "recall@5": 0.022364114436723034}
2026-09-11 00:18:49,712 | INFO | short_scores=/workspace/P78123011/MediaTek_2026_project/ver4/outputs_mamba_rl/amazons_long_short_L0_S0_P1_G1/Sports_and_Outdoors/rl_20260910_202901_r1_321310/short_scores.json
2026-09-11 00:18:49,712 | INFO | FINAL_LENGTH_SCORES dataset=amazon-sports-and-outdoors group=long split=valid threshold=10 users=97306/97306 scores={"hit@10": 0.02942264608554457, "hit@5": 0.020163196514089574, "ndcg@10": 0.017259133866862477, "ndcg@5": 0.014277032759712373, "recall@10": 0.02942264608554457, "recall@5": 0.020163196514089574}
2026-09-11 00:18:49,712 | INFO | FINAL_LENGTH_SCORES dataset=amazon-sports-and-outdoors group=long split=test threshold=10 users=97306/97306 scores={"hit@10": 0.027213121493022012, "hit@5": 0.01914578751567221, "ndcg@10": 0.016302276556198966, "ndcg@5": 0.013717236528975232, "recall@10": 0.027213121493022012, "recall@5": 0.01914578751567221}
2026-09-11 00:18:49,713 | INFO | long_scores=/workspace/P78123011/MediaTek_2026_project/ver4/outputs_mamba_rl/amazons_long_short_L0_S0_P1_G1/Sports_and_Outdoors/rl_20260910_202901_r1_321310/long_scores.json
2026-09-11 00:18:49,713 | INFO | scores=/workspace/P78123011/MediaTek_2026_project/ver4/outputs_mamba_rl/amazons_long_short_L0_S0_P1_G1/Sports_and_Outdoors/rl_20260910_202901_r1_321310/Sports_and_Outdoors_scores.json
2026-09-11 00:18:49,713 | INFO | outputs=/workspace/P78123011/MediaTek_2026_project/ver4/outputs_mamba_rl/amazons_long_short_L0_S0_P1_G1/Sports_and_Outdoors/rl_20260910_202901_r1_321310
