2026-10-03 13:05:14,548 | INFO | run_id=20261003_130514 dataset=amazon-all-beauty device=cuda:0
2026-10-03 13:05:14,548 | INFO | MODEL recommender=MultiAgentMambaRecommender semantic_encoder=MambaTextEncoder semantic_model_id=state-spaces/mamba-130m-hf graph_backbone=LightGCN adaptation=multi_lora
2026-10-03 13:05:14,548 | INFO | ABLATION USE_SHORT=0 USE_PREFERENCE=1 USE_GCN=1 USE_COORDINATOR=0
2026-10-03 13:05:14,549 | INFO | AGENT_HISTORY mode=full_history effective_max_history=100 short=0 preference=100
2026-10-03 13:05:14,549 | INFO | EXPERIMENT_NOTE amazons_long_short subset=Full_Beauty; short filtered-full-sequence <= 10; long > 10; same model and full catalog
2026-10-03 13:05:14,549 | INFO | EXPERIMENT_CONFIG {"agent_diversity_coef": 0.02, "batch_size": 128, "cache_dir": "/workspace/P78123011/cache", "candidates": 64, "data_path": null, "dataset": "amazon-all-beauty", "device": "cuda:0", "dim": 128, "early_stopping_patience": 6, "enable_lora": 1, "eval_batch_size": 64, "eval_length_basis": "filtered_full_sequence", "eval_length_threshold": 10, "experiment_note": "amazons_long_short subset=Full_Beauty; short filtered-full-sequence <= 10; long > 10; same model and full catalog", "full_catalog_supervised": false, "future_decay": 0.5, "future_horizon": 3, "generate_reasons": false, "graph_device": "cuda:0", "hard_negative_fraction": 0.75, "hard_negative_pool_multiplier": 12, "hard_negative_warmup_epochs": 2, "history_influence_negatives": 64, "history_influence_output": null, "history_influence_user_limit": 0, "item_prompt_prefix": "Preference-aware product representation: ", "item_vector_artifact": null, "joint_epochs": 0, "joint_lr": 5e-05, "lora_alpha": 32.0, "lora_dropout": 0.05, "lora_rank": 16, "lr_patience": 2, "mamba_encode_batch_size": 32, "mamba_max_tokens": 32, "mamba_model_id": "state-spaces/mamba-130m-hf", "max_events": null, "max_history": 100, "max_transitions": 500000, "min_rating": 4.0, "monitor_metric": "ndcg@10", "output_dir": "/workspace/P78123011/MediaTek_2026_project/ver5/outputs_mamba_rl/amazons_lora", "output_run_dir": "/workspace/P78123011/MediaTek_2026_project/ver5/outputs_mamba_rl/amazons_long_short_S0_P1_G1_C0_SW4/Full_Beauty/rl_20261003_130513_r1_929967", "periodic_test_user_limit": 0, "popularity_alpha": -0.25, "preference_balance_coef": 0.01, "preference_coef": 0.2, "preference_contrastive_coef": 0.05, "preference_count": 32, "preference_score_weight": 0.2, "preference_separation_coef": 0.01, "preference_sharpness_coef": 0.05, "preference_temperature": 0.2, "preference_transition_coef": 0.1, "reason_count": 20, "reason_max_new_tokens": 40, "refresh_data_cache": false, "resume_checkpoint": null, "reverse_history_input": false, "rl_coef": 0.1, "rl_topk": 10, "save_model_weights": false, "score_file": "/workspace/P78123011/MediaTek_2026_project/ver5/outputs_mamba_rl/amazons_long_short_S0_P1_G1_C0_SW4/Full_Beauty/rl_20261003_130513_r1_929967/Full_Beauty_scores.json", "seed": 25252, "short_window": 4, "skip_mamba": false, "specialist_epochs": 6, "specialist_lr": 0.0001, "target_recall_at_10": 0.15, "transition_beta": 4.0, "use_coordinator": false, "use_graph_embeddings": true, "use_in_batch_negatives": true, "use_preference": 1, "use_short": 0, "validate_every_steps": 250, "validation_user_limit": 0}
2026-10-03 13:05:14,552 | INFO | INTERACTION_CACHE hit path=/workspace/P78123011/cache/mamba_multi_agent_data/amazon-all-beauty_90e3e920169a.pkl
2026-10-03 13:05:14,552 | INFO | HISTORY_INPUT_ORDER chronological
2026-10-03 13:05:14,553 | INFO | LENGTH_SPLIT preprocessing=original_one_pass_user_item_min_5 basis=filtered_full_sequence short<=10 long>10
2026-10-03 13:05:14,553 | INFO | users=1603 items=4090 train_interactions=8445
2026-10-03 13:05:14,882 | INFO | CATALOG_PRIORS popularity_alpha=-0.250000 transition_beta=4.000000 source=train_histories_only enabled=True
2026-10-03 13:05:14,907 | INFO | ITEM_VECTOR_ARTIFACT path=/workspace/P78123011/cache/mamba_multi_agent/amazon-all-beauty_4090_47e41e57cc9e_prompt_tok32.pt fingerprint=47e41e57cc9e
2026-10-03 13:05:14,907 | INFO | SEMANTIC_BACKBONE model_id=state-spaces/mamba-130m-hf hidden_size=768 frozen=True usage=shared_cached_item_vectors
2026-10-03 13:05:14,916 | INFO | GRAPH_EMBEDDINGS enabled=True source=train_histories_only main_device=cuda:0 graph_device=cuda:0
2026-10-03 13:05:14,971 | INFO | ADAPTATION_MODE mode=multi_lora enable_lora=1
2026-10-03 13:05:14,972 | INFO | ADAPTER_ROUTES {'preference': ('transition_encoder.candidate_lora', 'transition_encoder.delta_lora', 'transition_encoder.gate_lora', 'transition_encoder.output_lora', 'state_lora')}
2026-10-03 13:05:14,972 | INFO | agent_parameters={'short': 16513, 'preference': 28994, 'coordinator': 0, 'shared_projection': 98304, 'graph': 728704}
2026-10-03 13:05:14,972 | INFO | PREDICTION_PATH graph_only=False active_agents=1 coordinator=False
2026-10-03 13:05:14,981 | INFO | training_transitions=6842
2026-10-03 13:05:14,982 | INFO | schedule mode=single_stage_dl specialist_dl_epochs=6 joint_dl_rl_epochs=0 effective_rl_coef=0.0000 effective_rl_topk=0 validate_every_steps=250 validation_users=0 periodic_test_users=0 monitor=ndcg@10 early_stopping_patience=6
2026-10-03 13:05:15,829 | INFO | TRAINING_BRANCHES stage=all_dl short=False preference=True gcn=True preference_auxiliary=True preference_contrastive=True diversity_pairs=0 policy_gradient=False trainable_parameters=856002
2026-10-03 13:05:54,058 | INFO | 
========== PERIODIC VALIDATION ==========
stage=all_dl | epoch=1 | step=54 | users=1457/1457
NDCG  | @5 0.078159 | @10 0.079420
Recall| @5 0.081675 | @10 0.085793
Hit   | @5 0.081675 | @10 0.085793
================================
2026-10-03 13:05:54,058 | INFO | PERIODIC VALIDATION SEQUENCE_LENGTH {"basis": "filtered_full_sequence", "long": {"evaluated_users": 219, "history_length_max": 119, "history_length_mean": 20.98173515981735, "history_length_min": 11, "hit@10": 0.0502283105022831, "hit@5": 0.0365296803652968, "ndcg@10": 0.03168303597629286, "ndcg@5": 0.02736202223615636, "recall@10": 0.0502283105022831, "recall@5": 0.0365296803652968, "total_users": 219}, "long_rule": "length > threshold", "short": {"evaluated_users": 1238, "history_length_max": 10, "history_length_mean": 5.27221324717286, "history_length_min": 3, "hit@10": 0.09208400646203554, "hit@5": 0.08966074313408724, "ndcg@10": 0.08786445633932022, "ndcg@5": 0.08714464630891162, "recall@10": 0.09208400646203554, "recall@5": 0.08966074313408724, "total_users": 1238}, "short_rule": "length <= threshold", "threshold": 10}
2026-10-03 13:06:01,564 | INFO | 
========== PERIODIC TEST ==========
stage=all_dl | epoch=1 | step=54 | users=1457/1457
NDCG  | @5 0.077630 | @10 0.078348
Recall| @5 0.083047 | @10 0.085106
Hit   | @5 0.083047 | @10 0.085106
================================
2026-10-03 13:06:01,564 | INFO | PERIODIC TEST SEQUENCE_LENGTH {"basis": "filtered_full_sequence", "long": {"evaluated_users": 219, "history_length_max": 119, "history_length_mean": 20.98173515981735, "history_length_min": 11, "hit@10": 0.0365296803652968, "hit@5": 0.0365296803652968, "ndcg@10": 0.024878808762006356, "ndcg@5": 0.024878808762006356, "recall@10": 0.0365296803652968, "recall@5": 0.0365296803652968, "total_users": 219}, "long_rule": "length > threshold", "short": {"evaluated_users": 1238, "history_length_max": 10, "history_length_mean": 5.27221324717286, "history_length_min": 3, "hit@10": 0.09369951534733441, "hit@5": 0.0912762520193861, "ndcg@10": 0.08780656337031588, "ndcg@5": 0.08696185601365242, "recall@10": 0.09369951534733441, "recall@5": 0.0912762520193861, "total_users": 1238}, "short_rule": "length <= threshold", "threshold": 10}
2026-10-03 13:06:01,565 | INFO | VALID_STEP step=54 stage=all_dl epoch=1 ndcg@10=0.079420 recall@10=0.085793 improved=True
2026-10-03 13:06:01,568 | INFO | BEST_MODEL_IN_MEMORY step=54 stage=all_dl ndcg@10=0.079420
2026-10-03 13:06:01,568 | INFO | LEARNING_RATE step=54 stage=all_dl lr=0.0001
2026-10-03 13:06:01,569 | INFO | stage=all_dl epoch=1 loss=4.564455 steps=54 transitions/s=220.73
2026-10-03 13:06:39,307 | INFO | 
========== PERIODIC VALIDATION ==========
stage=all_dl | epoch=2 | step=108 | users=1457/1457
NDCG  | @5 0.077327 | @10 0.078594
Recall| @5 0.080988 | @10 0.085106
Hit   | @5 0.080988 | @10 0.085106
================================
2026-10-03 13:06:39,308 | INFO | PERIODIC VALIDATION SEQUENCE_LENGTH {"basis": "filtered_full_sequence", "long": {"evaluated_users": 219, "history_length_max": 119, "history_length_mean": 20.98173515981735, "history_length_min": 11, "hit@10": 0.0502283105022831, "hit@5": 0.0365296803652968, "ndcg@10": 0.032292878857044106, "ndcg@5": 0.028076311937796607, "recall@10": 0.0502283105022831, "recall@5": 0.0365296803652968, "total_users": 219}, "long_rule": "length > threshold", "short": {"evaluated_users": 1238, "history_length_max": 10, "history_length_mean": 5.27221324717286, "history_length_min": 3, "hit@10": 0.0912762520193861, "hit@5": 0.0888529886914378, "ndcg@10": 0.08678467692998323, "ndcg@5": 0.0860387737350598, "recall@10": 0.0912762520193861, "recall@5": 0.0888529886914378, "total_users": 1238}, "short_rule": "length <= threshold", "threshold": 10}
2026-10-03 13:06:46,345 | INFO | 
========== PERIODIC TEST ==========
stage=all_dl | epoch=2 | step=108 | users=1457/1457
NDCG  | @5 0.077514 | @10 0.078449
Recall| @5 0.083047 | @10 0.085793
Hit   | @5 0.083047 | @10 0.085793
================================
2026-10-03 13:06:46,346 | INFO | PERIODIC TEST SEQUENCE_LENGTH {"basis": "filtered_full_sequence", "long": {"evaluated_users": 219, "history_length_max": 119, "history_length_mean": 20.98173515981735, "history_length_min": 11, "hit@10": 0.0365296803652968, "hit@5": 0.0365296803652968, "ndcg@10": 0.02547666151804041, "ndcg@5": 0.02547666151804041, "recall@10": 0.0365296803652968, "recall@5": 0.0365296803652968, "total_users": 219}, "long_rule": "length > threshold", "short": {"evaluated_users": 1238, "history_length_max": 10, "history_length_mean": 5.27221324717286, "history_length_min": 3, "hit@10": 0.09450726978998385, "hit@5": 0.0912762520193861, "ndcg@10": 0.08781925971303298, "ndcg@5": 0.086719734200646, "recall@10": 0.09450726978998385, "recall@5": 0.0912762520193861, "total_users": 1238}, "short_rule": "length <= threshold", "threshold": 10}
2026-10-03 13:06:46,346 | INFO | VALID_STEP step=108 stage=all_dl epoch=2 ndcg@10=0.078594 recall@10=0.085106 improved=False
2026-10-03 13:06:46,346 | INFO | LEARNING_RATE step=108 stage=all_dl lr=0.0001
2026-10-03 13:06:46,347 | INFO | stage=all_dl epoch=2 loss=4.548688 steps=54 transitions/s=223.37
2026-10-03 13:07:18,966 | INFO | 
========== PERIODIC VALIDATION ==========
stage=all_dl | epoch=3 | step=162 | users=1457/1457
NDCG  | @5 0.077657 | @10 0.078979
Recall| @5 0.080988 | @10 0.085106
Hit   | @5 0.080988 | @10 0.085106
================================
2026-10-03 13:07:18,966 | INFO | PERIODIC VALIDATION SEQUENCE_LENGTH {"basis": "filtered_full_sequence", "long": {"evaluated_users": 219, "history_length_max": 119, "history_length_mean": 20.98173515981735, "history_length_min": 11, "hit@10": 0.0502283105022831, "hit@5": 0.0365296803652968, "ndcg@10": 0.03249298730836306, "ndcg@5": 0.028276420389115563, "recall@10": 0.0502283105022831, "recall@5": 0.0365296803652968, "total_users": 219}, "long_rule": "length > threshold", "short": {"evaluated_users": 1238, "history_length_max": 10, "history_length_mean": 5.27221324717286, "history_length_min": 3, "hit@10": 0.0912762520193861, "hit@5": 0.0888529886914378, "ndcg@10": 0.08720183745791044, "ndcg@5": 0.08639288818445814, "recall@10": 0.0912762520193861, "recall@5": 0.0888529886914378, "total_users": 1238}, "short_rule": "length <= threshold", "threshold": 10}
2026-10-03 13:07:25,594 | INFO | 
========== PERIODIC TEST ==========
stage=all_dl | epoch=3 | step=162 | users=1457/1457
NDCG  | @5 0.077622 | @10 0.078753
Recall| @5 0.082361 | @10 0.085793
Hit   | @5 0.082361 | @10 0.085793
================================
2026-10-03 13:07:25,594 | INFO | PERIODIC TEST SEQUENCE_LENGTH {"basis": "filtered_full_sequence", "long": {"evaluated_users": 219, "history_length_max": 119, "history_length_mean": 20.98173515981735, "history_length_min": 11, "hit@10": 0.0365296803652968, "hit@5": 0.0365296803652968, "ndcg@10": 0.025793206914965557, "ndcg@5": 0.025793206914965557, "recall@10": 0.0365296803652968, "recall@5": 0.0365296803652968, "total_users": 219}, "long_rule": "length > threshold", "short": {"evaluated_users": 1238, "history_length_max": 10, "history_length_mean": 5.27221324717286, "history_length_min": 3, "hit@10": 0.09450726978998385, "hit@5": 0.09046849757673667, "ndcg@10": 0.08812155584891339, "ndcg@5": 0.08679053185951327, "recall@10": 0.09450726978998385, "recall@5": 0.09046849757673667, "total_users": 1238}, "short_rule": "length <= threshold", "threshold": 10}
2026-10-03 13:07:25,595 | INFO | VALID_STEP step=162 stage=all_dl epoch=3 ndcg@10=0.078979 recall@10=0.085106 improved=False
2026-10-03 13:07:25,595 | INFO | LEARNING_RATE step=162 stage=all_dl lr=0.0001
2026-10-03 13:07:25,596 | INFO | stage=all_dl epoch=3 loss=4.528249 steps=54 transitions/s=253.00
2026-10-03 13:08:07,732 | INFO | 
========== PERIODIC VALIDATION ==========
stage=all_dl | epoch=4 | step=216 | users=1457/1457
NDCG  | @5 0.077386 | @10 0.078707
Recall| @5 0.080988 | @10 0.085106
Hit   | @5 0.080988 | @10 0.085106
================================
2026-10-03 13:08:07,733 | INFO | PERIODIC VALIDATION SEQUENCE_LENGTH {"basis": "filtered_full_sequence", "long": {"evaluated_users": 219, "history_length_max": 119, "history_length_mean": 20.98173515981735, "history_length_min": 11, "hit@10": 0.0502283105022831, "hit@5": 0.0365296803652968, "ndcg@10": 0.032890731613078164, "ndcg@5": 0.02867416469383066, "recall@10": 0.0502283105022831, "recall@5": 0.0365296803652968, "total_users": 219}, "long_rule": "length > threshold", "short": {"evaluated_users": 1238, "history_length_max": 10, "history_length_mean": 5.27221324717286, "history_length_min": 3, "hit@10": 0.0912762520193861, "hit@5": 0.0888529886914378, "ndcg@10": 0.08681232417907846, "ndcg@5": 0.08600337490562618, "recall@10": 0.0912762520193861, "recall@5": 0.0888529886914378, "total_users": 1238}, "short_rule": "length <= threshold", "threshold": 10}
2026-10-03 13:08:16,021 | INFO | 
========== PERIODIC TEST ==========
stage=all_dl | epoch=4 | step=216 | users=1457/1457
NDCG  | @5 0.077189 | @10 0.078819
Recall| @5 0.080988 | @10 0.085793
Hit   | @5 0.080988 | @10 0.085793
================================
2026-10-03 13:08:16,021 | INFO | PERIODIC TEST SEQUENCE_LENGTH {"basis": "filtered_full_sequence", "long": {"evaluated_users": 219, "history_length_max": 119, "history_length_mean": 20.98173515981735, "history_length_min": 11, "hit@10": 0.0365296803652968, "hit@5": 0.0319634703196347, "ndcg@10": 0.025136618728244197, "ndcg@5": 0.023510101892134507, "recall@10": 0.0365296803652968, "recall@5": 0.0319634703196347, "total_users": 219}, "long_rule": "length > threshold", "short": {"evaluated_users": 1238, "history_length_max": 10, "history_length_mean": 5.27221324717286, "history_length_min": 3, "hit@10": 0.09450726978998385, "hit@5": 0.08966074313408724, "ndcg@10": 0.08831518453603643, "ndcg@5": 0.08668477276939093, "recall@10": 0.09450726978998385, "recall@5": 0.08966074313408724, "total_users": 1238}, "short_rule": "length <= threshold", "threshold": 10}
2026-10-03 13:08:16,022 | INFO | VALID_STEP step=216 stage=all_dl epoch=4 ndcg@10=0.078707 recall@10=0.085106 improved=False
2026-10-03 13:08:16,022 | INFO | LEARNING_RATE step=216 stage=all_dl lr=5e-05
2026-10-03 13:08:16,022 | INFO | stage=all_dl epoch=4 loss=4.519092 steps=54 transitions/s=203.43
2026-10-03 13:08:56,020 | INFO | 
========== PERIODIC VALIDATION ==========
stage=all_dl | epoch=5 | step=270 | users=1457/1457
NDCG  | @5 0.077416 | @10 0.078523
Recall| @5 0.080988 | @10 0.084420
Hit   | @5 0.080988 | @10 0.084420
================================
2026-10-03 13:08:56,021 | INFO | PERIODIC VALIDATION SEQUENCE_LENGTH {"basis": "filtered_full_sequence", "long": {"evaluated_users": 219, "history_length_max": 119, "history_length_mean": 20.98173515981735, "history_length_min": 11, "hit@10": 0.0502283105022831, "hit@5": 0.0365296803652968, "ndcg@10": 0.033090840064397116, "ndcg@5": 0.028874273145149617, "recall@10": 0.0502283105022831, "recall@5": 0.0365296803652968, "total_users": 219}, "long_rule": "length > threshold", "short": {"evaluated_users": 1238, "history_length_max": 10, "history_length_mean": 5.27221324717286, "history_length_min": 3, "hit@10": 0.09046849757673667, "hit@5": 0.0888529886914378, "ndcg@10": 0.08656035432439949, "ndcg@5": 0.08600337490562618, "recall@10": 0.09046849757673667, "recall@5": 0.0888529886914378, "total_users": 1238}, "short_rule": "length <= threshold", "threshold": 10}
2026-10-03 13:09:05,220 | INFO | 
========== PERIODIC TEST ==========
stage=all_dl | epoch=5 | step=270 | users=1457/1457
NDCG  | @5 0.077085 | @10 0.078471
Recall| @5 0.081675 | @10 0.085793
Hit   | @5 0.081675 | @10 0.085793
================================
2026-10-03 13:09:05,220 | INFO | PERIODIC TEST SEQUENCE_LENGTH {"basis": "filtered_full_sequence", "long": {"evaluated_users": 219, "history_length_max": 119, "history_length_mean": 20.98173515981735, "history_length_min": 11, "hit@10": 0.0365296803652968, "hit@5": 0.0319634703196347, "ndcg@10": 0.02573447148427825, "ndcg@5": 0.02410795464816856, "recall@10": 0.0365296803652968, "recall@5": 0.0319634703196347, "total_users": 219}, "long_rule": "length > threshold", "short": {"evaluated_users": 1238, "history_length_max": 10, "history_length_mean": 5.27221324717286, "history_length_min": 3, "hit@10": 0.09450726978998385, "hit@5": 0.09046849757673667, "ndcg@10": 0.08779969872763257, "ndcg@5": 0.08645701489887725, "recall@10": 0.09450726978998385, "recall@5": 0.09046849757673667, "total_users": 1238}, "short_rule": "length <= threshold", "threshold": 10}
2026-10-03 13:09:05,221 | INFO | VALID_STEP step=270 stage=all_dl epoch=5 ndcg@10=0.078523 recall@10=0.084420 improved=False
2026-10-03 13:09:05,221 | INFO | LEARNING_RATE step=270 stage=all_dl lr=5e-05
2026-10-03 13:09:05,222 | INFO | stage=all_dl epoch=5 loss=4.512528 steps=54 transitions/s=223.03
2026-10-03 13:09:51,680 | INFO | 
========== PERIODIC VALIDATION ==========
stage=all_dl | epoch=6 | step=324 | users=1457/1457
NDCG  | @5 0.077207 | @10 0.078329
Recall| @5 0.080988 | @10 0.084420
Hit   | @5 0.080988 | @10 0.084420
================================
2026-10-03 13:09:51,680 | INFO | PERIODIC VALIDATION SEQUENCE_LENGTH {"basis": "filtered_full_sequence", "long": {"evaluated_users": 219, "history_length_max": 119, "history_length_mean": 20.98173515981735, "history_length_min": 11, "hit@10": 0.0502283105022831, "hit@5": 0.0365296803652968, "ndcg@10": 0.031695026101010056, "ndcg@5": 0.027478459181762553, "recall@10": 0.0502283105022831, "recall@5": 0.0365296803652968, "total_users": 219}, "long_rule": "length > threshold", "short": {"evaluated_users": 1238, "history_length_max": 10, "history_length_mean": 5.27221324717286, "history_length_min": 3, "hit@10": 0.09046849757673667, "hit@5": 0.0888529886914378, "ndcg@10": 0.08657883078140649, "ndcg@5": 0.08600337490562618, "recall@10": 0.09046849757673667, "recall@5": 0.0888529886914378, "total_users": 1238}, "short_rule": "length <= threshold", "threshold": 10}
2026-10-03 13:10:00,851 | INFO | 
========== PERIODIC TEST ==========
stage=all_dl | epoch=6 | step=324 | users=1457/1457
NDCG  | @5 0.077365 | @10 0.078948
Recall| @5 0.081675 | @10 0.086479
Hit   | @5 0.081675 | @10 0.086479
================================
2026-10-03 13:10:00,851 | INFO | PERIODIC TEST SEQUENCE_LENGTH {"basis": "filtered_full_sequence", "long": {"evaluated_users": 219, "history_length_max": 119, "history_length_mean": 20.98173515981735, "history_length_min": 11, "hit@10": 0.0365296803652968, "hit@5": 0.0319634703196347, "ndcg@10": 0.024538765972210143, "ndcg@5": 0.022912249136100453, "recall@10": 0.0365296803652968, "recall@5": 0.0319634703196347, "total_users": 219}, "long_rule": "length > threshold", "short": {"evaluated_users": 1238, "history_length_max": 10, "history_length_mean": 5.27221324717286, "history_length_min": 3, "hit@10": 0.09531502423263329, "hit@5": 0.09046849757673667, "ndcg@10": 0.08857343206951332, "ndcg@5": 0.08699725484308603, "recall@10": 0.09531502423263329, "recall@5": 0.09046849757673667, "total_users": 1238}, "short_rule": "length <= threshold", "threshold": 10}
2026-10-03 13:10:00,852 | INFO | VALID_STEP step=324 stage=all_dl epoch=6 ndcg@10=0.078329 recall@10=0.084420 improved=False
2026-10-03 13:10:00,852 | INFO | LEARNING_RATE step=324 stage=all_dl lr=5e-05
2026-10-03 13:10:00,853 | INFO | stage=all_dl epoch=6 loss=4.509135 steps=54 transitions/s=184.69
2026-10-03 13:10:10,819 | INFO | 
========== FINAL CURRENT VALIDATION ==========
stage=final | epoch=0 | step=324 | users=1457/1457
NDCG  | @5 0.077207 | @10 0.078329
Recall| @5 0.080988 | @10 0.084420
Hit   | @5 0.080988 | @10 0.084420
================================
2026-10-03 13:10:10,819 | INFO | FINAL CURRENT VALIDATION SEQUENCE_LENGTH {"basis": "filtered_full_sequence", "long": {"evaluated_users": 219, "history_length_max": 119, "history_length_mean": 20.98173515981735, "history_length_min": 11, "hit@10": 0.0502283105022831, "hit@5": 0.0365296803652968, "ndcg@10": 0.031695026101010056, "ndcg@5": 0.027478459181762553, "recall@10": 0.0502283105022831, "recall@5": 0.0365296803652968, "total_users": 219}, "long_rule": "length > threshold", "short": {"evaluated_users": 1238, "history_length_max": 10, "history_length_mean": 5.27221324717286, "history_length_min": 3, "hit@10": 0.09046849757673667, "hit@5": 0.0888529886914378, "ndcg@10": 0.08657883078140649, "ndcg@5": 0.08600337490562618, "recall@10": 0.09046849757673667, "recall@5": 0.0888529886914378, "total_users": 1238}, "short_rule": "length <= threshold", "threshold": 10}
2026-10-03 13:10:10,820 | INFO | VALID_STEP step=324 stage=final epoch=0 ndcg@10=0.078329 recall@10=0.084420 improved=False
2026-10-03 13:10:10,843 | INFO | RESTORE_BEST step=54 stage=all_dl ndcg@10=0.079420
2026-10-03 13:10:32,334 | INFO | 
========== BEST CHECKPOINT VALIDATION ==========
stage=all_dl | epoch=0 | step=54 | users=1457/1457
NDCG  | @5 0.078159 | @10 0.079420
Recall| @5 0.081675 | @10 0.085793
Hit   | @5 0.081675 | @10 0.085793
================================
2026-10-03 13:10:32,335 | INFO | BEST CHECKPOINT VALIDATION SEQUENCE_LENGTH {"basis": "filtered_full_sequence", "long": {"evaluated_users": 219, "history_length_max": 119, "history_length_mean": 20.98173515981735, "history_length_min": 11, "hit@10": 0.0502283105022831, "hit@5": 0.0365296803652968, "ndcg@10": 0.03168303597629286, "ndcg@5": 0.02736202223615636, "recall@10": 0.0502283105022831, "recall@5": 0.0365296803652968, "total_users": 219}, "long_rule": "length > threshold", "short": {"evaluated_users": 1238, "history_length_max": 10, "history_length_mean": 5.27221324717286, "history_length_min": 3, "hit@10": 0.09208400646203554, "hit@5": 0.08966074313408724, "ndcg@10": 0.08786445633932022, "ndcg@5": 0.08714464630891162, "recall@10": 0.09208400646203554, "recall@5": 0.08966074313408724, "total_users": 1238}, "short_rule": "length <= threshold", "threshold": 10}
2026-10-03 13:10:32,335 | INFO | 
========== FINAL FULL TEST ==========
stage=all_dl | epoch=0 | step=54 | users=1457/1457
NDCG  | @5 0.077630 | @10 0.078348
Recall| @5 0.083047 | @10 0.085106
Hit   | @5 0.083047 | @10 0.085106
================================
2026-10-03 13:10:32,335 | INFO | FINAL FULL TEST SEQUENCE_LENGTH {"basis": "filtered_full_sequence", "long": {"evaluated_users": 219, "history_length_max": 119, "history_length_mean": 20.98173515981735, "history_length_min": 11, "hit@10": 0.0365296803652968, "hit@5": 0.0365296803652968, "ndcg@10": 0.024878808762006356, "ndcg@5": 0.024878808762006356, "recall@10": 0.0365296803652968, "recall@5": 0.0365296803652968, "total_users": 219}, "long_rule": "length > threshold", "short": {"evaluated_users": 1238, "history_length_max": 10, "history_length_mean": 5.27221324717286, "history_length_min": 3, "hit@10": 0.09369951534733441, "hit@5": 0.0912762520193861, "ndcg@10": 0.08780656337031588, "ndcg@5": 0.08696185601365242, "recall@10": 0.09369951534733441, "recall@5": 0.0912762520193861, "total_users": 1238}, "short_rule": "length <= threshold", "threshold": 10}
2026-10-03 13:10:32,335 | INFO | VALID_BEST {"evaluated_users": 1457, "hit@10": 0.08579272477693892, "hit@5": 0.08167467398764584, "ndcg@10": 0.07941989106680321, "ndcg@5": 0.07815878851084818, "preference_agent_weight": 1.0, "preference_change_probability": 0.45814203119637953, "preference_current_entropy": 3.325811099417012, "preference_next_entropy": 3.4620720543269026, "preference_ranking_weight": 1.0, "recall@10": 0.08579272477693892, "recall@5": 0.08167467398764584, "scores_per_second": 553396.6244389908, "sequence_length": {"basis": "filtered_full_sequence", "long": {"evaluated_users": 219, "history_length_max": 119, "history_length_mean": 20.98173515981735, "history_length_min": 11, "hit@10": 0.0502283105022831, "hit@5": 0.0365296803652968, "ndcg@10": 0.03168303597629286, "ndcg@5": 0.02736202223615636, "recall@10": 0.0502283105022831, "recall@5": 0.0365296803652968, "total_users": 219}, "long_rule": "length > threshold", "short": {"evaluated_users": 1238, "history_length_max": 10, "history_length_mean": 5.27221324717286, "history_length_min": 3, "hit@10": 0.09208400646203554, "hit@5": 0.08966074313408724, "ndcg@10": 0.08786445633932022, "ndcg@5": 0.08714464630891162, "recall@10": 0.09208400646203554, "recall@5": 0.08966074313408724, "total_users": 1238}, "short_rule": "length <= threshold", "threshold": 10}, "short_agent_weight": 0.0, "short_preference_state_cosine": 0.0, "total_users": 1457, "users_per_second": 135.3047981513425}
2026-10-03 13:10:32,335 | INFO | TEST_FINAL {"evaluated_users": 1457, "hit@10": 0.0851063829787234, "hit@5": 0.08304735758407687, "ndcg@10": 0.07834796489880522, "ndcg@5": 0.07763022466645146, "preference_agent_weight": 1.0, "preference_change_probability": 0.45701499630018877, "preference_current_entropy": 3.3250821021295365, "preference_next_entropy": 3.4620613511817946, "preference_ranking_weight": 1.0, "recall@10": 0.0851063829787234, "recall@5": 0.08304735758407687, "scores_per_second": 556191.7181960866, "sequence_length": {"basis": "filtered_full_sequence", "long": {"evaluated_users": 219, "history_length_max": 119, "history_length_mean": 20.98173515981735, "history_length_min": 11, "hit@10": 0.0365296803652968, "hit@5": 0.0365296803652968, "ndcg@10": 0.024878808762006356, "ndcg@5": 0.024878808762006356, "recall@10": 0.0365296803652968, "recall@5": 0.0365296803652968, "total_users": 219}, "long_rule": "length > threshold", "short": {"evaluated_users": 1238, "history_length_max": 10, "history_length_mean": 5.27221324717286, "history_length_min": 3, "hit@10": 0.09369951534733441, "hit@5": 0.0912762520193861, "ndcg@10": 0.08780656337031588, "ndcg@5": 0.08696185601365242, "recall@10": 0.09369951534733441, "recall@5": 0.0912762520193861, "total_users": 1238}, "short_rule": "length <= threshold", "threshold": 10}, "short_agent_weight": 0.0, "short_preference_state_cosine": 0.0, "total_users": 1457, "users_per_second": 135.98819515796737}
2026-10-03 13:10:32,335 | INFO | TARGET_RESULT metric=recall@10 target=>0.150000 actual=0.085106 achieved=False
2026-10-03 13:10:32,835 | INFO | FINAL_LENGTH_SCORES dataset=amazon-all-beauty group=short split=valid threshold=10 users=1238/1238 scores={"hit@10": 0.09208400646203554, "hit@5": 0.08966074313408724, "ndcg@10": 0.08786445633932022, "ndcg@5": 0.08714464630891162, "recall@10": 0.09208400646203554, "recall@5": 0.08966074313408724}
2026-10-03 13:10:32,835 | INFO | FINAL_LENGTH_SCORES dataset=amazon-all-beauty group=short split=test threshold=10 users=1238/1238 scores={"hit@10": 0.09369951534733441, "hit@5": 0.0912762520193861, "ndcg@10": 0.08780656337031588, "ndcg@5": 0.08696185601365242, "recall@10": 0.09369951534733441, "recall@5": 0.0912762520193861}
2026-10-03 13:10:32,835 | INFO | short_scores=/workspace/P78123011/MediaTek_2026_project/ver5/outputs_mamba_rl/amazons_long_short_S0_P1_G1_C0_SW4/Full_Beauty/rl_20261003_130513_r1_929967/short_scores.json
2026-10-03 13:10:32,836 | INFO | FINAL_LENGTH_SCORES dataset=amazon-all-beauty group=long split=valid threshold=10 users=219/219 scores={"hit@10": 0.0502283105022831, "hit@5": 0.0365296803652968, "ndcg@10": 0.03168303597629286, "ndcg@5": 0.02736202223615636, "recall@10": 0.0502283105022831, "recall@5": 0.0365296803652968}
2026-10-03 13:10:32,836 | INFO | FINAL_LENGTH_SCORES dataset=amazon-all-beauty group=long split=test threshold=10 users=219/219 scores={"hit@10": 0.0365296803652968, "hit@5": 0.0365296803652968, "ndcg@10": 0.024878808762006356, "ndcg@5": 0.024878808762006356, "recall@10": 0.0365296803652968, "recall@5": 0.0365296803652968}
2026-10-03 13:10:32,836 | INFO | long_scores=/workspace/P78123011/MediaTek_2026_project/ver5/outputs_mamba_rl/amazons_long_short_S0_P1_G1_C0_SW4/Full_Beauty/rl_20261003_130513_r1_929967/long_scores.json
2026-10-03 13:10:32,836 | INFO | scores=/workspace/P78123011/MediaTek_2026_project/ver5/outputs_mamba_rl/amazons_long_short_S0_P1_G1_C0_SW4/Full_Beauty/rl_20261003_130513_r1_929967/Full_Beauty_scores.json
2026-10-03 13:10:32,836 | INFO | outputs=/workspace/P78123011/MediaTek_2026_project/ver5/outputs_mamba_rl/amazons_long_short_S0_P1_G1_C0_SW4/Full_Beauty/rl_20261003_130513_r1_929967
