2026-08-28 01:17:03,351 | INFO | run_id=20260828_011703 dataset=amazon-all-beauty device=cuda
2026-08-28 01:17:03,351 | INFO | EXPERIMENT_NOTE amazons_full subset=Beauty; common architecture; periodic validation/test
2026-08-28 01:17:03,351 | INFO | EXPERIMENT_CONFIG {"batch_size": 128, "cache_dir": "/workspace/P78123011/cache", "candidates": 64, "coordinator_epochs": 2, "coordinator_lr": 0.0002, "data_path": null, "dataset": "amazon-all-beauty", "device": "cuda", "dim": 128, "early_stopping_patience": 6, "entropy_coef": 0.01, "eval_batch_size": 64, "experiment_note": "amazons_full subset=Beauty; common architecture; periodic validation/test", "full_catalog_supervised": false, "generate_reasons": false, "item_vector_artifact": null, "joint_lr": 5e-05, "lora_alpha": 16.0, "lora_dropout": 0.05, "lora_rank": 8, "lr_patience": 2, "mamba_encode_batch_size": 32, "mamba_max_tokens": 16, "max_events": null, "max_history": 100, "max_transitions": 500000, "min_rating": 4.0, "min_user_events": 5, "monitor_metric": "ndcg@10", "output_dir": "/workspace/P78123011/MediaTek_2026_project/outputs_mamba_rl", "output_run_dir": "/workspace/P78123011/MediaTek_2026_project/outputs_mamba_rl/amazons_full/Beauty/rl_20260828_011702", "periodic_test_user_limit": 0, "popularity_alpha": -0.25, "reason_count": 20, "reason_max_new_tokens": 40, "refresh_data_cache": false, "resume_checkpoint": null, "rl_epochs": 20, "save_model_weights": false, "score_file": "/workspace/P78123011/MediaTek_2026_project/outputs_mamba_rl/amazons_full/Beauty/rl_20260828_011702/Beauty_scores.json", "seed": 25252, "short_window": 10, "skip_mamba": false, "specialist_epochs": 3, "specialist_lr": 0.0002, "specialization_coef": 0.01, "supervised_coef": 0.1, "target_recall_at_10": 0.15, "transition_beta": 4.0, "validate_every_steps": 250, "validation_user_limit": 0}
2026-08-28 01:17:03,354 | INFO | INTERACTION_CACHE hit path=/workspace/P78123011/cache/mamba_multi_agent_data/amazon-all-beauty_15905f803144.pkl
2026-08-28 01:17:03,354 | INFO | users=1620 items=6982 train_interactions=11744
2026-08-28 01:17:03,517 | INFO | CATALOG_PRIORS popularity_alpha=-0.250000 transition_beta=4.000000 source=train_histories_only enabled=True
2026-08-28 01:17:03,551 | INFO | ITEM_VECTOR_ARTIFACT path=/workspace/P78123011/cache/mamba_multi_agent/amazon-all-beauty_6982_051814cd0dc3_tok16.pt fingerprint=051814cd0dc3
2026-08-28 01:17:03,566 | INFO | agent_parameters={'long': 8321, 'short': 8321, 'coordinator': 7185, 'shared_projection': 327680}
2026-08-28 01:17:03,601 | INFO | training_transitions=10124
2026-08-28 01:17:03,601 | INFO | schedule specialist_epochs=3 coordinator_epochs=2 rl_epochs=20 validate_every_steps=250 validation_users=0 periodic_test_users=0 monitor=ndcg@10 early_stopping_patience=6
2026-08-28 01:17:09,814 | INFO | stage=specialists epoch=1 loss=8.055017 steps=80 transitions/s=1758.10
2026-08-28 01:17:15,216 | INFO | stage=specialists epoch=2 loss=7.887743 steps=80 transitions/s=1874.94
2026-08-28 01:17:20,641 | INFO | stage=specialists epoch=3 loss=7.838902 steps=80 transitions/s=1866.89
2026-08-28 01:17:21,357 | INFO | 
========== PERIODIC VALIDATION ==========
stage=coordinator | epoch=1 | step=250 | users=1620/1620
NDCG  | @5 0.087817 | @10 0.093636
Recall| @5 0.097531 | @10 0.115432
Hit   | @5 0.097531 | @10 0.115432
================================
2026-08-28 01:17:21,789 | INFO | 
========== PERIODIC TEST ==========
stage=coordinator | epoch=1 | step=250 | users=1620/1620
NDCG  | @5 0.109317 | @10 0.113455
Recall| @5 0.120370 | @10 0.133333
Hit   | @5 0.120370 | @10 0.133333
================================
2026-08-28 01:17:21,789 | INFO | VALID_STEP step=250 stage=coordinator epoch=1 ndcg@10=0.093636 recall@10=0.115432 improved=True
2026-08-28 01:17:21,789 | INFO | BEST_MODEL_IN_MEMORY step=250 stage=coordinator ndcg@10=0.093636
2026-08-28 01:17:21,789 | INFO | LEARNING_RATE step=250 stage=coordinator lr=0.0002
2026-08-28 01:17:23,705 | INFO | stage=coordinator epoch=1 loss=3.819319 steps=80 transitions/s=4616.85
2026-08-28 01:17:25,895 | INFO | stage=coordinator epoch=2 loss=3.808483 steps=80 transitions/s=4628.24
2026-08-28 01:17:31,572 | INFO | stage=joint epoch=1 loss=0.172170 steps=80 transitions/s=1784.02
2026-08-28 01:17:33,401 | INFO | 
========== PERIODIC VALIDATION ==========
stage=joint | epoch=2 | step=500 | users=1620/1620
NDCG  | @5 0.091662 | @10 0.097048
Recall| @5 0.104321 | @10 0.120988
Hit   | @5 0.104321 | @10 0.120988
================================
2026-08-28 01:17:33,806 | INFO | 
========== PERIODIC TEST ==========
stage=joint | epoch=2 | step=500 | users=1620/1620
NDCG  | @5 0.113215 | @10 0.118615
Recall| @5 0.127160 | @10 0.143827
Hit   | @5 0.127160 | @10 0.143827
================================
2026-08-28 01:17:33,807 | INFO | VALID_STEP step=500 stage=joint epoch=2 ndcg@10=0.097048 recall@10=0.120988 improved=True
2026-08-28 01:17:33,807 | INFO | BEST_MODEL_IN_MEMORY step=500 stage=joint ndcg@10=0.097048
2026-08-28 01:17:33,807 | INFO | LEARNING_RATE step=500 stage=joint lr=5e-05
2026-08-28 01:17:38,007 | INFO | stage=joint epoch=2 loss=0.239169 steps=80 transitions/s=1799.88
2026-08-28 01:17:43,677 | INFO | stage=joint epoch=3 loss=0.243069 steps=80 transitions/s=1786.20
2026-08-28 01:17:49,277 | INFO | stage=joint epoch=4 loss=0.233775 steps=80 transitions/s=1808.83
2026-08-28 01:17:51,835 | INFO | 
========== PERIODIC VALIDATION ==========
stage=joint | epoch=5 | step=750 | users=1620/1620
NDCG  | @5 0.094308 | @10 0.099188
Recall| @5 0.108025 | @10 0.123457
Hit   | @5 0.108025 | @10 0.123457
================================
2026-08-28 01:17:52,240 | INFO | 
========== PERIODIC TEST ==========
stage=joint | epoch=5 | step=750 | users=1620/1620
NDCG  | @5 0.115452 | @10 0.120177
Recall| @5 0.129630 | @10 0.144444
Hit   | @5 0.129630 | @10 0.144444
================================
2026-08-28 01:17:52,240 | INFO | VALID_STEP step=750 stage=joint epoch=5 ndcg@10=0.099188 recall@10=0.123457 improved=True
2026-08-28 01:17:52,241 | INFO | BEST_MODEL_IN_MEMORY step=750 stage=joint ndcg@10=0.099188
2026-08-28 01:17:52,241 | INFO | LEARNING_RATE step=750 stage=joint lr=5e-05
2026-08-28 01:17:55,755 | INFO | stage=joint epoch=5 loss=0.243292 steps=80 transitions/s=1785.40
2026-08-28 01:18:01,366 | INFO | stage=joint epoch=6 loss=0.236658 steps=80 transitions/s=1804.87
2026-08-28 01:18:07,057 | INFO | stage=joint epoch=7 loss=0.229320 steps=80 transitions/s=1779.94
2026-08-28 01:18:10,318 | INFO | 
========== PERIODIC VALIDATION ==========
stage=joint | epoch=8 | step=1000 | users=1620/1620
NDCG  | @5 0.094235 | @10 0.100364
Recall| @5 0.106173 | @10 0.125309
Hit   | @5 0.106173 | @10 0.125309
================================
2026-08-28 01:18:10,719 | INFO | 
========== PERIODIC TEST ==========
stage=joint | epoch=8 | step=1000 | users=1620/1620
NDCG  | @5 0.116425 | @10 0.121028
Recall| @5 0.129630 | @10 0.143827
Hit   | @5 0.129630 | @10 0.143827
================================
2026-08-28 01:18:10,719 | INFO | VALID_STEP step=1000 stage=joint epoch=8 ndcg@10=0.100364 recall@10=0.125309 improved=True
2026-08-28 01:18:10,719 | INFO | BEST_MODEL_IN_MEMORY step=1000 stage=joint ndcg@10=0.100364
2026-08-28 01:18:10,719 | INFO | LEARNING_RATE step=1000 stage=joint lr=5e-05
2026-08-28 01:18:13,542 | INFO | stage=joint epoch=8 loss=0.250379 steps=80 transitions/s=1781.48
2026-08-28 01:18:19,168 | INFO | stage=joint epoch=9 loss=0.233725 steps=80 transitions/s=1800.07
2026-08-28 01:18:24,821 | INFO | stage=joint epoch=10 loss=0.226360 steps=80 transitions/s=1791.75
2026-08-28 01:18:28,796 | INFO | 
========== PERIODIC VALIDATION ==========
stage=joint | epoch=11 | step=1250 | users=1620/1620
NDCG  | @5 0.094523 | @10 0.099935
Recall| @5 0.107407 | @10 0.124691
Hit   | @5 0.107407 | @10 0.124691
================================
2026-08-28 01:18:29,199 | INFO | 
========== PERIODIC TEST ==========
stage=joint | epoch=11 | step=1250 | users=1620/1620
NDCG  | @5 0.116430 | @10 0.122128
Recall| @5 0.129630 | @10 0.146914
Hit   | @5 0.129630 | @10 0.146914
================================
2026-08-28 01:18:29,199 | INFO | VALID_STEP step=1250 stage=joint epoch=11 ndcg@10=0.099935 recall@10=0.124691 improved=False
2026-08-28 01:18:29,199 | INFO | LEARNING_RATE step=1250 stage=joint lr=5e-05
2026-08-28 01:18:31,279 | INFO | stage=joint epoch=11 loss=0.231655 steps=80 transitions/s=1790.36
2026-08-28 01:18:36,945 | INFO | stage=joint epoch=12 loss=0.247173 steps=80 transitions/s=1787.51
2026-08-28 01:18:42,554 | INFO | stage=joint epoch=13 loss=0.227853 steps=80 transitions/s=1805.67
2026-08-28 01:18:47,188 | INFO | 
========== PERIODIC VALIDATION ==========
stage=joint | epoch=14 | step=1500 | users=1620/1620
NDCG  | @5 0.093435 | @10 0.099272
Recall| @5 0.106790 | @10 0.125309
Hit   | @5 0.106790 | @10 0.125309
================================
2026-08-28 01:18:47,590 | INFO | 
========== PERIODIC TEST ==========
stage=joint | epoch=14 | step=1500 | users=1620/1620
NDCG  | @5 0.116279 | @10 0.122398
Recall| @5 0.129012 | @10 0.147531
Hit   | @5 0.129012 | @10 0.147531
================================
2026-08-28 01:18:47,590 | INFO | VALID_STEP step=1500 stage=joint epoch=14 ndcg@10=0.099272 recall@10=0.125309 improved=False
2026-08-28 01:18:47,590 | INFO | LEARNING_RATE step=1500 stage=joint lr=5e-05
2026-08-28 01:18:48,972 | INFO | stage=joint epoch=14 loss=0.230278 steps=80 transitions/s=1803.57
2026-08-28 01:18:54,599 | INFO | stage=joint epoch=15 loss=0.237318 steps=80 transitions/s=1799.77
2026-08-28 01:19:00,283 | INFO | stage=joint epoch=16 loss=0.230124 steps=80 transitions/s=1781.87
2026-08-28 01:19:05,690 | INFO | 
========== PERIODIC VALIDATION ==========
stage=joint | epoch=17 | step=1750 | users=1620/1620
NDCG  | @5 0.094245 | @10 0.099715
Recall| @5 0.106790 | @10 0.124074
Hit   | @5 0.106790 | @10 0.124074
================================
2026-08-28 01:19:06,094 | INFO | 
========== PERIODIC TEST ==========
stage=joint | epoch=17 | step=1750 | users=1620/1620
NDCG  | @5 0.116216 | @10 0.121423
Recall| @5 0.130247 | @10 0.145679
Hit   | @5 0.130247 | @10 0.145679
================================
2026-08-28 01:19:06,094 | INFO | VALID_STEP step=1750 stage=joint epoch=17 ndcg@10=0.099715 recall@10=0.124074 improved=False
2026-08-28 01:19:06,094 | INFO | LEARNING_RATE step=1750 stage=joint lr=2.5e-05
2026-08-28 01:19:06,847 | INFO | stage=joint epoch=17 loss=0.231354 steps=80 transitions/s=1758.81
2026-08-28 01:19:12,518 | INFO | stage=joint epoch=18 loss=0.228589 steps=80 transitions/s=1785.81
2026-08-28 01:19:18,115 | INFO | stage=joint epoch=19 loss=0.229253 steps=80 transitions/s=1809.74
2026-08-28 01:19:24,181 | INFO | 
========== PERIODIC VALIDATION ==========
stage=joint | epoch=20 | step=2000 | users=1620/1620
NDCG  | @5 0.095555 | @10 0.100260
Recall| @5 0.108642 | @10 0.123457
Hit   | @5 0.108642 | @10 0.123457
================================
2026-08-28 01:19:24,587 | INFO | 
========== PERIODIC TEST ==========
stage=joint | epoch=20 | step=2000 | users=1620/1620
NDCG  | @5 0.118636 | @10 0.124020
Recall| @5 0.131481 | @10 0.148148
Hit   | @5 0.131481 | @10 0.148148
================================
2026-08-28 01:19:24,587 | INFO | VALID_STEP step=2000 stage=joint epoch=20 ndcg@10=0.100260 recall@10=0.123457 improved=False
2026-08-28 01:19:24,587 | INFO | LEARNING_RATE step=2000 stage=joint lr=2.5e-05
2026-08-28 01:19:24,588 | INFO | stage=joint epoch=20 loss=0.224507 steps=80 transitions/s=1789.15
2026-08-28 01:19:24,994 | INFO | 
========== FINAL CURRENT VALIDATION ==========
stage=final | epoch=0 | step=2000 | users=1620/1620
NDCG  | @5 0.095555 | @10 0.100260
Recall| @5 0.108642 | @10 0.123457
Hit   | @5 0.108642 | @10 0.123457
================================
2026-08-28 01:19:24,994 | INFO | VALID_STEP step=2000 stage=final epoch=0 ndcg@10=0.100260 recall@10=0.123457 improved=False
2026-08-28 01:19:24,995 | INFO | RESTORE_BEST step=1000 stage=joint ndcg@10=0.100364
2026-08-28 01:19:25,821 | INFO | 
========== BEST CHECKPOINT VALIDATION ==========
stage=joint | epoch=0 | step=1000 | users=1620/1620
NDCG  | @5 0.094235 | @10 0.100364
Recall| @5 0.106173 | @10 0.125309
Hit   | @5 0.106173 | @10 0.125309
================================
2026-08-28 01:19:25,821 | INFO | 
========== FINAL FULL TEST ==========
stage=joint | epoch=0 | step=1000 | users=1620/1620
NDCG  | @5 0.116425 | @10 0.121028
Recall| @5 0.129630 | @10 0.143827
Hit   | @5 0.129630 | @10 0.143827
================================
2026-08-28 01:19:25,821 | INFO | VALID_BEST {"evaluated_users": 1620, "hit@10": 0.12530864197530864, "hit@5": 0.10617283950617284, "ndcg@10": 0.10036446312327443, "ndcg@5": 0.09423527894196687, "recall@10": 0.12530864197530864, "recall@5": 0.10617283950617284, "scores_per_second": 28036180.757674493, "total_users": 1620, "users_per_second": 4015.49423627535}
2026-08-28 01:19:25,821 | INFO | TEST_FINAL {"evaluated_users": 1620, "hit@10": 0.14382716049382716, "hit@5": 0.12962962962962962, "ndcg@10": 0.12102782682136252, "ndcg@5": 0.11642536955115236, "recall@10": 0.14382716049382716, "recall@5": 0.12962962962962962, "scores_per_second": 26837437.407393992, "total_users": 1620, "users_per_second": 3843.803696275278}
2026-08-28 01:19:25,821 | INFO | TARGET_RESULT metric=recall@10 target=>0.150000 actual=0.143827 achieved=False
2026-08-28 01:19:26,089 | INFO | scores=/workspace/P78123011/MediaTek_2026_project/outputs_mamba_rl/amazons_full/Beauty/rl_20260828_011702/Beauty_scores.json
2026-08-28 01:19:26,090 | INFO | outputs=/workspace/P78123011/MediaTek_2026_project/outputs_mamba_rl/amazons_full/Beauty/rl_20260828_011702
