2026-09-10 18:41:53,599 | INFO | run_id=20260910_184153 dataset=amazon-all-beauty device=cuda:0
2026-09-10 18:41:53,599 | INFO | MODEL recommender=MultiAgentMambaRecommender semantic_encoder=MambaTextEncoder semantic_model_id=state-spaces/mamba-130m-hf graph_backbone=LightGCN adaptation=multi_lora
2026-09-10 18:41:53,599 | INFO | ABLATION USE_LONG=1 USE_SHORT=1 USE_PREFERENCE=1 USE_GCN=1
2026-09-10 18:41:53,599 | INFO | EXPERIMENT_NOTE amazons_long_short subset=Full_Beauty; short filtered-full-sequence <= 10; long > 10; same model and full catalog
2026-09-10 18:41:53,599 | INFO | EXPERIMENT_CONFIG {"agent_diversity_coef": 0.02, "batch_size": 128, "cache_dir": "/workspace/P78123011/cache", "candidates": 64, "coordinator_epochs": 3, "coordinator_lr": 0.0001, "data_path": null, "dataset": "amazon-all-beauty", "device": "cuda:0", "dim": 128, "early_stopping_patience": 6, "enable_lora": 1, "eval_batch_size": 64, "eval_length_basis": "filtered_full_sequence", "eval_length_threshold": 10, "experiment_note": "amazons_long_short subset=Full_Beauty; short filtered-full-sequence <= 10; long > 10; same model and full catalog", "full_catalog_supervised": false, "future_decay": 0.5, "future_horizon": 3, "generate_reasons": false, "graph_device": "cuda:0", "hard_negative_fraction": 0.75, "hard_negative_pool_multiplier": 12, "hard_negative_warmup_epochs": 2, "item_prompt_prefix": "Preference-aware product representation: ", "item_vector_artifact": null, "joint_epochs": 7, "joint_lr": 5e-05, "lora_alpha": 32.0, "lora_dropout": 0.05, "lora_rank": 16, "lr_patience": 2, "mamba_encode_batch_size": 32, "mamba_max_tokens": 32, "mamba_model_id": "state-spaces/mamba-130m-hf", "max_events": null, "max_history": 100, "max_transitions": 500000, "min_rating": 4.0, "monitor_metric": "ndcg@10", "output_dir": "/workspace/P78123011/MediaTek_2026_project/ver4/outputs_mamba_rl/amazons_lora", "output_run_dir": "/workspace/P78123011/MediaTek_2026_project/ver4/outputs_mamba_rl/amazons_long_short_L1_S1_P1_G1/Full_Beauty/rl_20260910_184152_r1_305035", "periodic_test_user_limit": 0, "popularity_alpha": -0.25, "preference_balance_coef": 0.01, "preference_coef": 0.2, "preference_contrastive_coef": 0.05, "preference_count": 32, "preference_hidden": 128, "preference_score_weight": 0.2, "preference_separation_coef": 0.01, "preference_sharpness_coef": 0.05, "preference_temperature": 0.2, "preference_transition_coef": 0.1, "reason_count": 20, "reason_max_new_tokens": 40, "refresh_data_cache": false, "resume_checkpoint": null, "save_model_weights": false, "score_file": "/workspace/P78123011/MediaTek_2026_project/ver4/outputs_mamba_rl/amazons_long_short_L1_S1_P1_G1/Full_Beauty/rl_20260910_184152_r1_305035/Full_Beauty_scores.json", "seed": 25252, "short_window": 10, "skip_mamba": false, "specialist_epochs": 3, "specialist_lr": 0.0001, "target_recall_at_10": 0.15, "transition_beta": 4.0, "use_graph_embeddings": true, "use_in_batch_negatives": true, "use_long": 1, "use_preference": 1, "use_short": 1, "validate_every_steps": 250, "validation_user_limit": 0}
2026-09-10 18:41:53,601 | INFO | INTERACTION_CACHE hit path=/workspace/P78123011/cache/mamba_multi_agent_data/amazon-all-beauty_90e3e920169a.pkl
2026-09-10 18:41:53,601 | INFO | LENGTH_SPLIT preprocessing=original_one_pass_user_item_min_5 basis=filtered_full_sequence short<=10 long>10
2026-09-10 18:41:53,601 | INFO | users=1603 items=4090 train_interactions=8445
2026-09-10 18:41:53,744 | INFO | CATALOG_PRIORS popularity_alpha=-0.250000 transition_beta=4.000000 source=train_histories_only enabled=True
2026-09-10 18:41:53,757 | INFO | ITEM_VECTOR_ARTIFACT path=/workspace/P78123011/cache/mamba_multi_agent/amazon-all-beauty_4090_47e41e57cc9e_prompt_tok32.pt fingerprint=47e41e57cc9e
2026-09-10 18:41:53,757 | INFO | SEMANTIC_BACKBONE model_id=state-spaces/mamba-130m-hf hidden_size=768 frozen=True usage=shared_cached_item_vectors
2026-09-10 18:41:53,761 | INFO | GRAPH_EMBEDDINGS enabled=True source=train_histories_only main_device=cuda:0 graph_device=cuda:0
2026-09-10 18:41:53,784 | INFO | ADAPTATION_MODE mode=multi_lora enable_lora=1
2026-09-10 18:41:53,784 | INFO | ADAPTER_ROUTES {'long': ('candidate_lora', 'delta_lora', 'gate_lora', 'output_lora'), 'short': ('candidate_lora', 'delta_lora', 'gate_lora', 'output_lora'), 'preference': ('transition_lora', 'state_lora'), 'coordinator': ('state_lora', 'mix_lora', 'score_lora')}
2026-09-10 18:41:53,784 | INFO | agent_parameters={'long': 16513, 'short': 16513, 'preference': 78786, 'coordinator': 14373, 'shared_projection': 98304, 'graph': 728704}
2026-09-10 18:41:53,789 | INFO | training_transitions=6842
2026-09-10 18:41:53,789 | INFO | schedule specialist_epochs=3 coordinator_epochs=3 joint_ranking_epochs=7 validate_every_steps=250 validation_users=0 periodic_test_users=0 monitor=ndcg@10 early_stopping_patience=6
2026-09-10 18:41:59,290 | INFO | 
========== PERIODIC VALIDATION ==========
stage=specialists | epoch=1 | step=54 | users=1457/1457
NDCG  | @5 0.095023 | @10 0.095963
Recall| @5 0.101579 | @10 0.104324
Hit   | @5 0.101579 | @10 0.104324
================================
2026-09-10 18:41:59,290 | INFO | PERIODIC VALIDATION SEQUENCE_LENGTH {"basis": "filtered_full_sequence", "long": {"evaluated_users": 219, "history_length_max": 119, "history_length_mean": 20.98173515981735, "history_length_min": 11, "hit@10": 0.0547945205479452, "hit@5": 0.0410958904109589, "ndcg@10": 0.04066773347303378, "ndcg@5": 0.03604013361056792, "recall@10": 0.0547945205479452, "recall@5": 0.0410958904109589, "total_users": 219}, "long_rule": "length > threshold", "short": {"evaluated_users": 1238, "history_length_max": 10, "history_length_mean": 5.27221324717286, "history_length_min": 3, "hit@10": 0.11308562197092084, "hit@5": 0.1122778675282714, "ndcg@10": 0.1057446713810731, "ndcg@5": 0.1054569434431829, "recall@10": 0.11308562197092084, "recall@5": 0.1122778675282714, "total_users": 1238}, "short_rule": "length <= threshold", "threshold": 10}
2026-09-10 18:41:59,647 | INFO | 
========== PERIODIC TEST ==========
stage=specialists | epoch=1 | step=54 | users=1457/1457
NDCG  | @5 0.108098 | @10 0.109690
Recall| @5 0.115305 | @10 0.120110
Hit   | @5 0.115305 | @10 0.120110
================================
2026-09-10 18:41:59,647 | INFO | PERIODIC TEST SEQUENCE_LENGTH {"basis": "filtered_full_sequence", "long": {"evaluated_users": 219, "history_length_max": 119, "history_length_mean": 20.98173515981735, "history_length_min": 11, "hit@10": 0.0639269406392694, "hit@5": 0.0593607305936073, "ndcg@10": 0.04259761637896906, "ndcg@5": 0.041223050188722576, "recall@10": 0.0639269406392694, "recall@5": 0.0593607305936073, "total_users": 219}, "long_rule": "length > threshold", "short": {"evaluated_users": 1238, "history_length_max": 10, "history_length_mean": 5.27221324717286, "history_length_min": 3, "hit@10": 0.13004846526655897, "hit@5": 0.12520193861066237, "ndcg@10": 0.1215580349139502, "ndcg@5": 0.11992762314730471, "recall@10": 0.13004846526655897, "recall@5": 0.12520193861066237, "total_users": 1238}, "short_rule": "length <= threshold", "threshold": 10}
2026-09-10 18:41:59,648 | INFO | VALID_STEP step=54 stage=specialists epoch=1 ndcg@10=0.095963 recall@10=0.104324 improved=True
2026-09-10 18:41:59,650 | INFO | BEST_MODEL_IN_MEMORY step=54 stage=specialists ndcg@10=0.095963
2026-09-10 18:41:59,651 | INFO | stage=specialists epoch=1 loss=12.447955 steps=54 transitions/s=1462.24
2026-09-10 18:42:04,346 | INFO | 
========== PERIODIC VALIDATION ==========
stage=specialists | epoch=2 | step=108 | users=1457/1457
NDCG  | @5 0.095358 | @10 0.096017
Recall| @5 0.100892 | @10 0.102951
Hit   | @5 0.100892 | @10 0.102951
================================
2026-09-10 18:42:04,346 | INFO | PERIODIC VALIDATION SEQUENCE_LENGTH {"basis": "filtered_full_sequence", "long": {"evaluated_users": 219, "history_length_max": 119, "history_length_mean": 20.98173515981735, "history_length_min": 11, "hit@10": 0.0547945205479452, "hit@5": 0.045662100456621, "ndcg@10": 0.03906778006824786, "ndcg@5": 0.03612133251835786, "recall@10": 0.0547945205479452, "recall@5": 0.045662100456621, "total_users": 219}, "long_rule": "length > threshold", "short": {"evaluated_users": 1238, "history_length_max": 10, "history_length_mean": 5.27221324717286, "history_length_min": 3, "hit@10": 0.11147011308562198, "hit@5": 0.11066235864297254, "ndcg@10": 0.10609170613191761, "ndcg@5": 0.10583688797619407, "recall@10": 0.11147011308562198, "recall@5": 0.11066235864297254, "total_users": 1238}, "short_rule": "length <= threshold", "threshold": 10}
2026-09-10 18:42:04,704 | INFO | 
========== PERIODIC TEST ==========
stage=specialists | epoch=2 | step=108 | users=1457/1457
NDCG  | @5 0.108393 | @10 0.109913
Recall| @5 0.115992 | @10 0.120796
Hit   | @5 0.115992 | @10 0.120796
================================
2026-09-10 18:42:04,704 | INFO | PERIODIC TEST SEQUENCE_LENGTH {"basis": "filtered_full_sequence", "long": {"evaluated_users": 219, "history_length_max": 119, "history_length_mean": 20.98173515981735, "history_length_min": 11, "hit@10": 0.0593607305936073, "hit@5": 0.0547945205479452, "ndcg@10": 0.040776529727915935, "ndcg@5": 0.03945659901413562, "recall@10": 0.0593607305936073, "recall@5": 0.0547945205479452, "total_users": 219}, "long_rule": "length > threshold", "short": {"evaluated_users": 1238, "history_length_max": 10, "history_length_mean": 5.27221324717286, "history_length_min": 3, "hit@10": 0.13166397415185785, "hit@5": 0.12681744749596122, "ndcg@10": 0.12214283859250426, "ndcg@5": 0.12058798612412856, "recall@10": 0.13166397415185785, "recall@5": 0.12681744749596122, "total_users": 1238}, "short_rule": "length <= threshold", "threshold": 10}
2026-09-10 18:42:04,704 | INFO | VALID_STEP step=108 stage=specialists epoch=2 ndcg@10=0.096017 recall@10=0.102951 improved=True
2026-09-10 18:42:04,706 | INFO | BEST_MODEL_IN_MEMORY step=108 stage=specialists ndcg@10=0.096017
2026-09-10 18:42:04,707 | INFO | stage=specialists epoch=2 loss=12.439846 steps=54 transitions/s=1577.97
2026-09-10 18:42:09,311 | INFO | 
========== PERIODIC VALIDATION ==========
stage=specialists | epoch=3 | step=162 | users=1457/1457
NDCG  | @5 0.094239 | @10 0.095584
Recall| @5 0.099520 | @10 0.103638
Hit   | @5 0.099520 | @10 0.103638
================================
2026-09-10 18:42:09,312 | INFO | PERIODIC VALIDATION SEQUENCE_LENGTH {"basis": "filtered_full_sequence", "long": {"evaluated_users": 219, "history_length_max": 119, "history_length_mean": 20.98173515981735, "history_length_min": 11, "hit@10": 0.0547945205479452, "hit@5": 0.045662100456621, "ndcg@10": 0.03906778006824786, "ndcg@5": 0.03612133251835786, "recall@10": 0.0547945205479452, "recall@5": 0.045662100456621, "total_users": 219}, "long_rule": "length > threshold", "short": {"evaluated_users": 1238, "history_length_max": 10, "history_length_mean": 5.27221324717286, "history_length_min": 3, "hit@10": 0.1122778675282714, "hit@5": 0.10904684975767366, "ndcg@10": 0.10558126973061456, "ndcg@5": 0.10451949722209758, "recall@10": 0.1122778675282714, "recall@5": 0.10904684975767366, "total_users": 1238}, "short_rule": "length <= threshold", "threshold": 10}
2026-09-10 18:42:09,667 | INFO | 
========== PERIODIC TEST ==========
stage=specialists | epoch=3 | step=162 | users=1457/1457
NDCG  | @5 0.109152 | @10 0.110898
Recall| @5 0.118051 | @10 0.123542
Hit   | @5 0.118051 | @10 0.123542
================================
2026-09-10 18:42:09,667 | INFO | PERIODIC TEST SEQUENCE_LENGTH {"basis": "filtered_full_sequence", "long": {"evaluated_users": 219, "history_length_max": 119, "history_length_mean": 20.98173515981735, "history_length_min": 11, "hit@10": 0.0593607305936073, "hit@5": 0.0547945205479452, "ndcg@10": 0.03992447670628818, "ndcg@5": 0.03860454599250788, "recall@10": 0.0593607305936073, "recall@5": 0.0547945205479452, "total_users": 219}, "long_rule": "length > threshold", "short": {"evaluated_users": 1238, "history_length_max": 10, "history_length_mean": 5.27221324717286, "history_length_min": 3, "hit@10": 0.13489499192245558, "hit@5": 0.12924071082390953, "ndcg@10": 0.12345295929696924, "ndcg@5": 0.12163162883351482, "recall@10": 0.13489499192245558, "recall@5": 0.12924071082390953, "total_users": 1238}, "short_rule": "length <= threshold", "threshold": 10}
2026-09-10 18:42:09,670 | INFO | VALID_STEP step=162 stage=specialists epoch=3 ndcg@10=0.095584 recall@10=0.103638 improved=False
2026-09-10 18:42:09,670 | INFO | stage=specialists epoch=3 loss=12.353275 steps=54 transitions/s=1612.08
2026-09-10 18:42:12,161 | INFO | 
========== PERIODIC VALIDATION ==========
stage=coordinator | epoch=1 | step=216 | users=1457/1457
NDCG  | @5 0.093973 | @10 0.095563
Recall| @5 0.098833 | @10 0.103638
Hit   | @5 0.098833 | @10 0.103638
================================
2026-09-10 18:42:12,161 | INFO | PERIODIC VALIDATION SEQUENCE_LENGTH {"basis": "filtered_full_sequence", "long": {"evaluated_users": 219, "history_length_max": 119, "history_length_mean": 20.98173515981735, "history_length_min": 11, "hit@10": 0.0547945205479452, "hit@5": 0.045662100456621, "ndcg@10": 0.03906778006824786, "ndcg@5": 0.03612133251835786, "recall@10": 0.0547945205479452, "recall@5": 0.045662100456621, "total_users": 219}, "long_rule": "length > threshold", "short": {"evaluated_users": 1238, "history_length_max": 10, "history_length_mean": 5.27221324717286, "history_length_min": 3, "hit@10": 0.1122778675282714, "hit@5": 0.10823909531502424, "ndcg@10": 0.10555651559480964, "ndcg@5": 0.10420701514840248, "recall@10": 0.1122778675282714, "recall@5": 0.10823909531502424, "total_users": 1238}, "short_rule": "length <= threshold", "threshold": 10}
2026-09-10 18:42:12,547 | INFO | 
========== PERIODIC TEST ==========
stage=coordinator | epoch=1 | step=216 | users=1457/1457
NDCG  | @5 0.109152 | @10 0.110898
Recall| @5 0.118051 | @10 0.123542
Hit   | @5 0.118051 | @10 0.123542
================================
2026-09-10 18:42:12,547 | INFO | PERIODIC TEST SEQUENCE_LENGTH {"basis": "filtered_full_sequence", "long": {"evaluated_users": 219, "history_length_max": 119, "history_length_mean": 20.98173515981735, "history_length_min": 11, "hit@10": 0.0593607305936073, "hit@5": 0.0547945205479452, "ndcg@10": 0.03992447670628818, "ndcg@5": 0.03860454599250788, "recall@10": 0.0593607305936073, "recall@5": 0.0547945205479452, "total_users": 219}, "long_rule": "length > threshold", "short": {"evaluated_users": 1238, "history_length_max": 10, "history_length_mean": 5.27221324717286, "history_length_min": 3, "hit@10": 0.13489499192245558, "hit@5": 0.12924071082390953, "ndcg@10": 0.12345295929696924, "ndcg@5": 0.12163162883351482, "recall@10": 0.13489499192245558, "recall@5": 0.12924071082390953, "total_users": 1238}, "short_rule": "length <= threshold", "threshold": 10}
2026-09-10 18:42:12,548 | INFO | VALID_STEP step=216 stage=coordinator epoch=1 ndcg@10=0.095563 recall@10=0.103638 improved=False
2026-09-10 18:42:12,548 | INFO | LEARNING_RATE step=216 stage=coordinator lr=0.0001
2026-09-10 18:42:12,548 | INFO | stage=coordinator epoch=1 loss=3.837179 steps=54 transitions/s=3356.39
2026-09-10 18:42:14,994 | INFO | 
========== PERIODIC VALIDATION ==========
stage=coordinator | epoch=2 | step=270 | users=1457/1457
NDCG  | @5 0.094003 | @10 0.095593
Recall| @5 0.098833 | @10 0.103638
Hit   | @5 0.098833 | @10 0.103638
================================
2026-09-10 18:42:14,994 | INFO | PERIODIC VALIDATION SEQUENCE_LENGTH {"basis": "filtered_full_sequence", "long": {"evaluated_users": 219, "history_length_max": 119, "history_length_mean": 20.98173515981735, "history_length_min": 11, "hit@10": 0.0547945205479452, "hit@5": 0.045662100456621, "ndcg@10": 0.03926788851956682, "ndcg@5": 0.03632144096967682, "recall@10": 0.0547945205479452, "recall@5": 0.045662100456621, "total_users": 219}, "long_rule": "length > threshold", "short": {"evaluated_users": 1238, "history_length_max": 10, "history_length_mean": 5.27221324717286, "history_length_min": 3, "hit@10": 0.1122778675282714, "hit@5": 0.10823909531502424, "ndcg@10": 0.10555651559480964, "ndcg@5": 0.10420701514840248, "recall@10": 0.1122778675282714, "recall@5": 0.10823909531502424, "total_users": 1238}, "short_rule": "length <= threshold", "threshold": 10}
2026-09-10 18:42:15,379 | INFO | 
========== PERIODIC TEST ==========
stage=coordinator | epoch=2 | step=270 | users=1457/1457
NDCG  | @5 0.109152 | @10 0.110898
Recall| @5 0.118051 | @10 0.123542
Hit   | @5 0.118051 | @10 0.123542
================================
2026-09-10 18:42:15,379 | INFO | PERIODIC TEST SEQUENCE_LENGTH {"basis": "filtered_full_sequence", "long": {"evaluated_users": 219, "history_length_max": 119, "history_length_mean": 20.98173515981735, "history_length_min": 11, "hit@10": 0.0593607305936073, "hit@5": 0.0547945205479452, "ndcg@10": 0.03992447670628818, "ndcg@5": 0.03860454599250788, "recall@10": 0.0593607305936073, "recall@5": 0.0547945205479452, "total_users": 219}, "long_rule": "length > threshold", "short": {"evaluated_users": 1238, "history_length_max": 10, "history_length_mean": 5.27221324717286, "history_length_min": 3, "hit@10": 0.13489499192245558, "hit@5": 0.12924071082390953, "ndcg@10": 0.12345295929696924, "ndcg@5": 0.12163162883351482, "recall@10": 0.13489499192245558, "recall@5": 0.12924071082390953, "total_users": 1238}, "short_rule": "length <= threshold", "threshold": 10}
2026-09-10 18:42:15,379 | INFO | VALID_STEP step=270 stage=coordinator epoch=2 ndcg@10=0.095593 recall@10=0.103638 improved=False
2026-09-10 18:42:15,379 | INFO | LEARNING_RATE step=270 stage=coordinator lr=0.0001
2026-09-10 18:42:15,380 | INFO | stage=coordinator epoch=2 loss=3.927091 steps=54 transitions/s=3326.98
2026-09-10 18:42:17,806 | INFO | 
========== PERIODIC VALIDATION ==========
stage=coordinator | epoch=3 | step=324 | users=1457/1457
NDCG  | @5 0.094003 | @10 0.095394
Recall| @5 0.098833 | @10 0.102951
Hit   | @5 0.098833 | @10 0.102951
================================
2026-09-10 18:42:17,806 | INFO | PERIODIC VALIDATION SEQUENCE_LENGTH {"basis": "filtered_full_sequence", "long": {"evaluated_users": 219, "history_length_max": 119, "history_length_mean": 20.98173515981735, "history_length_min": 11, "hit@10": 0.0502283105022831, "hit@5": 0.045662100456621, "ndcg@10": 0.03794795780578652, "ndcg@5": 0.03632144096967682, "recall@10": 0.0502283105022831, "recall@5": 0.045662100456621, "total_users": 219}, "long_rule": "length > threshold", "short": {"evaluated_users": 1238, "history_length_max": 10, "history_length_mean": 5.27221324717286, "history_length_min": 3, "hit@10": 0.1122778675282714, "hit@5": 0.10823909531502424, "ndcg@10": 0.10555651559480964, "ndcg@5": 0.10420701514840248, "recall@10": 0.1122778675282714, "recall@5": 0.10823909531502424, "total_users": 1238}, "short_rule": "length <= threshold", "threshold": 10}
2026-09-10 18:42:18,192 | INFO | 
========== PERIODIC TEST ==========
stage=coordinator | epoch=3 | step=324 | users=1457/1457
NDCG  | @5 0.109152 | @10 0.110898
Recall| @5 0.118051 | @10 0.123542
Hit   | @5 0.118051 | @10 0.123542
================================
2026-09-10 18:42:18,192 | INFO | PERIODIC TEST SEQUENCE_LENGTH {"basis": "filtered_full_sequence", "long": {"evaluated_users": 219, "history_length_max": 119, "history_length_mean": 20.98173515981735, "history_length_min": 11, "hit@10": 0.0593607305936073, "hit@5": 0.0547945205479452, "ndcg@10": 0.03992447670628818, "ndcg@5": 0.03860454599250788, "recall@10": 0.0593607305936073, "recall@5": 0.0547945205479452, "total_users": 219}, "long_rule": "length > threshold", "short": {"evaluated_users": 1238, "history_length_max": 10, "history_length_mean": 5.27221324717286, "history_length_min": 3, "hit@10": 0.13489499192245558, "hit@5": 0.12924071082390953, "ndcg@10": 0.12345295929696924, "ndcg@5": 0.12163162883351482, "recall@10": 0.13489499192245558, "recall@5": 0.12924071082390953, "total_users": 1238}, "short_rule": "length <= threshold", "threshold": 10}
2026-09-10 18:42:18,193 | INFO | VALID_STEP step=324 stage=coordinator epoch=3 ndcg@10=0.095394 recall@10=0.102951 improved=False
2026-09-10 18:42:18,193 | INFO | LEARNING_RATE step=324 stage=coordinator lr=0.0001
2026-09-10 18:42:18,193 | INFO | stage=coordinator epoch=3 loss=3.926482 steps=54 transitions/s=3359.27
2026-09-10 18:42:22,972 | INFO | 
========== PERIODIC VALIDATION ==========
stage=joint | epoch=1 | step=378 | users=1457/1457
NDCG  | @5 0.094406 | @10 0.095978
Recall| @5 0.099520 | @10 0.104324
Hit   | @5 0.099520 | @10 0.104324
================================
2026-09-10 18:42:22,972 | INFO | PERIODIC VALIDATION SEQUENCE_LENGTH {"basis": "filtered_full_sequence", "long": {"evaluated_users": 219, "history_length_max": 119, "history_length_mean": 20.98173515981735, "history_length_min": 11, "hit@10": 0.0547945205479452, "hit@5": 0.045662100456621, "ndcg@10": 0.03926788851956682, "ndcg@5": 0.03632144096967682, "recall@10": 0.0547945205479452, "recall@5": 0.045662100456621, "total_users": 219}, "long_rule": "length > threshold", "short": {"evaluated_users": 1238, "history_length_max": 10, "history_length_mean": 5.27221324717286, "history_length_min": 3, "hit@10": 0.11308562197092084, "hit@5": 0.10904684975767366, "ndcg@10": 0.10600950313401161, "ndcg@5": 0.1046812526304159, "recall@10": 0.11308562197092084, "recall@5": 0.10904684975767366, "total_users": 1238}, "short_rule": "length <= threshold", "threshold": 10}
2026-09-10 18:42:23,331 | INFO | 
========== PERIODIC TEST ==========
stage=joint | epoch=1 | step=378 | users=1457/1457
NDCG  | @5 0.109259 | @10 0.111252
Recall| @5 0.118051 | @10 0.124228
Hit   | @5 0.118051 | @10 0.124228
================================
2026-09-10 18:42:23,331 | INFO | PERIODIC TEST SEQUENCE_LENGTH {"basis": "filtered_full_sequence", "long": {"evaluated_users": 219, "history_length_max": 119, "history_length_mean": 20.98173515981735, "history_length_min": 11, "hit@10": 0.0593607305936073, "hit@5": 0.0547945205479452, "ndcg@10": 0.03992447670628818, "ndcg@5": 0.03860454599250788, "recall@10": 0.0593607305936073, "recall@5": 0.0547945205479452, "total_users": 219}, "long_rule": "length > threshold", "short": {"evaluated_users": 1238, "history_length_max": 10, "history_length_mean": 5.27221324717286, "history_length_min": 3, "hit@10": 0.13570274636510501, "hit@5": 0.12924071082390953, "ndcg@10": 0.12386981729954849, "ndcg@5": 0.1217579854123995, "recall@10": 0.13570274636510501, "recall@5": 0.12924071082390953, "total_users": 1238}, "short_rule": "length <= threshold", "threshold": 10}
2026-09-10 18:42:23,332 | INFO | VALID_STEP step=378 stage=joint epoch=1 ndcg@10=0.095978 recall@10=0.104324 improved=False
2026-09-10 18:42:23,332 | INFO | LEARNING_RATE step=378 stage=joint lr=5e-05
2026-09-10 18:42:23,332 | INFO | stage=joint epoch=1 loss=4.304456 steps=54 transitions/s=1551.30
2026-09-10 18:42:28,061 | INFO | 
========== PERIODIC VALIDATION ==========
stage=joint | epoch=2 | step=432 | users=1457/1457
NDCG  | @5 0.094629 | @10 0.096213
Recall| @5 0.099520 | @10 0.104324
Hit   | @5 0.099520 | @10 0.104324
================================
2026-09-10 18:42:28,061 | INFO | PERIODIC VALIDATION SEQUENCE_LENGTH {"basis": "filtered_full_sequence", "long": {"evaluated_users": 219, "history_length_max": 119, "history_length_mean": 20.98173515981735, "history_length_min": 11, "hit@10": 0.0547945205479452, "hit@5": 0.045662100456621, "ndcg@10": 0.040848693965474824, "ndcg@5": 0.03800669323647382, "recall@10": 0.0547945205479452, "recall@5": 0.045662100456621, "total_users": 219}, "long_rule": "length > threshold", "short": {"evaluated_users": 1238, "history_length_max": 10, "history_length_mean": 5.27221324717286, "history_length_min": 3, "hit@10": 0.11308562197092084, "hit@5": 0.10904684975767366, "ndcg@10": 0.10600701408674461, "ndcg@5": 0.10464585380098226, "recall@10": 0.11308562197092084, "recall@5": 0.10904684975767366, "total_users": 1238}, "short_rule": "length <= threshold", "threshold": 10}
2026-09-10 18:42:28,420 | INFO | 
========== PERIODIC TEST ==========
stage=joint | epoch=2 | step=432 | users=1457/1457
NDCG  | @5 0.109427 | @10 0.112225
Recall| @5 0.118051 | @10 0.126973
Hit   | @5 0.118051 | @10 0.126973
================================
2026-09-10 18:42:28,420 | INFO | PERIODIC TEST SEQUENCE_LENGTH {"basis": "filtered_full_sequence", "long": {"evaluated_users": 219, "history_length_max": 119, "history_length_mean": 20.98173515981735, "history_length_min": 11, "hit@10": 0.0593607305936073, "hit@5": 0.0547945205479452, "ndcg@10": 0.03992447670628818, "ndcg@5": 0.03860454599250788, "recall@10": 0.0593607305936073, "recall@5": 0.0547945205479452, "total_users": 219}, "long_rule": "length > threshold", "short": {"evaluated_users": 1238, "history_length_max": 10, "history_length_mean": 5.27221324717286, "history_length_min": 3, "hit@10": 0.13893376413570274, "hit@5": 0.12924071082390953, "ndcg@10": 0.1250143117281149, "ndcg@5": 0.12195513965015142, "recall@10": 0.13893376413570274, "recall@5": 0.12924071082390953, "total_users": 1238}, "short_rule": "length <= threshold", "threshold": 10}
2026-09-10 18:42:28,421 | INFO | VALID_STEP step=432 stage=joint epoch=2 ndcg@10=0.096213 recall@10=0.104324 improved=True
2026-09-10 18:42:28,422 | INFO | BEST_MODEL_IN_MEMORY step=432 stage=joint ndcg@10=0.096213
2026-09-10 18:42:28,422 | INFO | LEARNING_RATE step=432 stage=joint lr=5e-05
2026-09-10 18:42:28,422 | INFO | stage=joint epoch=2 loss=4.339463 steps=54 transitions/s=1566.35
2026-09-10 18:42:33,224 | INFO | 
========== PERIODIC VALIDATION ==========
stage=joint | epoch=3 | step=486 | users=1457/1457
NDCG  | @5 0.094364 | @10 0.096600
Recall| @5 0.098833 | @10 0.105697
Hit   | @5 0.098833 | @10 0.105697
================================
2026-09-10 18:42:33,225 | INFO | PERIODIC VALIDATION SEQUENCE_LENGTH {"basis": "filtered_full_sequence", "long": {"evaluated_users": 219, "history_length_max": 119, "history_length_mean": 20.98173515981735, "history_length_min": 11, "hit@10": 0.0593607305936073, "hit@5": 0.045662100456621, "ndcg@10": 0.0424253994571617, "ndcg@5": 0.03800669323647382, "recall@10": 0.0593607305936073, "recall@5": 0.045662100456621, "total_users": 219}, "long_rule": "length > threshold", "short": {"evaluated_users": 1238, "history_length_max": 10, "history_length_mean": 5.27221324717286, "history_length_min": 3, "hit@10": 0.11389337641357028, "hit@5": 0.10823909531502424, "ndcg@10": 0.10618284356644497, "ndcg@5": 0.10433337172728714, "recall@10": 0.11389337641357028, "recall@5": 0.10823909531502424, "total_users": 1238}, "short_rule": "length <= threshold", "threshold": 10}
2026-09-10 18:42:33,582 | INFO | 
========== PERIODIC TEST ==========
stage=joint | epoch=3 | step=486 | users=1457/1457
NDCG  | @5 0.110199 | @10 0.112826
Recall| @5 0.118737 | @10 0.126973
Hit   | @5 0.118737 | @10 0.126973
================================
2026-09-10 18:42:33,582 | INFO | PERIODIC TEST SEQUENCE_LENGTH {"basis": "filtered_full_sequence", "long": {"evaluated_users": 219, "history_length_max": 119, "history_length_mean": 20.98173515981735, "history_length_min": 11, "hit@10": 0.0593607305936073, "hit@5": 0.0547945205479452, "ndcg@10": 0.04160972897308518, "ndcg@5": 0.04028979825930487, "recall@10": 0.0593607305936073, "recall@5": 0.0547945205479452, "total_users": 219}, "long_rule": "length > threshold", "short": {"evaluated_users": 1238, "history_length_max": 10, "history_length_mean": 5.27221324717286, "history_length_min": 3, "hit@10": 0.13893376413570274, "hit@5": 0.13004846526655897, "ndcg@10": 0.12542432831750708, "ndcg@5": 0.12256573985504893, "recall@10": 0.13893376413570274, "recall@5": 0.13004846526655897, "total_users": 1238}, "short_rule": "length <= threshold", "threshold": 10}
2026-09-10 18:42:33,582 | INFO | VALID_STEP step=486 stage=joint epoch=3 ndcg@10=0.096600 recall@10=0.105697 improved=True
2026-09-10 18:42:33,584 | INFO | BEST_MODEL_IN_MEMORY step=486 stage=joint ndcg@10=0.096600
2026-09-10 18:42:33,584 | INFO | LEARNING_RATE step=486 stage=joint lr=5e-05
2026-09-10 18:42:33,584 | INFO | stage=joint epoch=3 loss=4.324433 steps=54 transitions/s=1540.83
2026-09-10 18:42:38,415 | INFO | 
========== PERIODIC VALIDATION ==========
stage=joint | epoch=4 | step=540 | users=1457/1457
NDCG  | @5 0.094364 | @10 0.096804
Recall| @5 0.098833 | @10 0.106383
Hit   | @5 0.098833 | @10 0.106383
================================
2026-09-10 18:42:38,415 | INFO | PERIODIC VALIDATION SEQUENCE_LENGTH {"basis": "filtered_full_sequence", "long": {"evaluated_users": 219, "history_length_max": 119, "history_length_mean": 20.98173515981735, "history_length_min": 11, "hit@10": 0.0639269406392694, "hit@5": 0.045662100456621, "ndcg@10": 0.04390441246829718, "ndcg@5": 0.03800669323647382, "recall@10": 0.0639269406392694, "recall@5": 0.045662100456621, "total_users": 219}, "long_rule": "length > threshold", "short": {"evaluated_users": 1238, "history_length_max": 10, "history_length_mean": 5.27221324717286, "history_length_min": 3, "hit@10": 0.11389337641357028, "hit@5": 0.10823909531502424, "ndcg@10": 0.10616237218877911, "ndcg@5": 0.10433337172728714, "recall@10": 0.11389337641357028, "recall@5": 0.10823909531502424, "total_users": 1238}, "short_rule": "length <= threshold", "threshold": 10}
2026-09-10 18:42:38,773 | INFO | 
========== PERIODIC TEST ==========
stage=joint | epoch=4 | step=540 | users=1457/1457
NDCG  | @5 0.109933 | @10 0.113261
Recall| @5 0.118051 | @10 0.128346
Hit   | @5 0.118051 | @10 0.128346
================================
2026-09-10 18:42:38,774 | INFO | PERIODIC TEST SEQUENCE_LENGTH {"basis": "filtered_full_sequence", "long": {"evaluated_users": 219, "history_length_max": 119, "history_length_mean": 20.98173515981735, "history_length_min": 11, "hit@10": 0.0639269406392694, "hit@5": 0.0547945205479452, "ndcg@10": 0.042984295163331666, "ndcg@5": 0.04028979825930487, "recall@10": 0.0639269406392694, "recall@5": 0.0547945205479452, "total_users": 219}, "long_rule": "length > threshold", "short": {"evaluated_users": 1238, "history_length_max": 10, "history_length_mean": 5.27221324717286, "history_length_min": 3, "hit@10": 0.13974151857835218, "hit@5": 0.12924071082390953, "ndcg@10": 0.12569334017209854, "ndcg@5": 0.1222532577813538, "recall@10": 0.13974151857835218, "recall@5": 0.12924071082390953, "total_users": 1238}, "short_rule": "length <= threshold", "threshold": 10}
2026-09-10 18:42:38,774 | INFO | VALID_STEP step=540 stage=joint epoch=4 ndcg@10=0.096804 recall@10=0.106383 improved=True
2026-09-10 18:42:38,775 | INFO | BEST_MODEL_IN_MEMORY step=540 stage=joint ndcg@10=0.096804
2026-09-10 18:42:38,775 | INFO | LEARNING_RATE step=540 stage=joint lr=5e-05
2026-09-10 18:42:38,776 | INFO | stage=joint epoch=4 loss=4.310577 steps=54 transitions/s=1531.19
2026-09-10 18:42:43,580 | INFO | 
========== PERIODIC VALIDATION ==========
stage=joint | epoch=5 | step=594 | users=1457/1457
NDCG  | @5 0.094274 | @10 0.096993
Recall| @5 0.098833 | @10 0.107069
Hit   | @5 0.098833 | @10 0.107069
================================
2026-09-10 18:42:43,581 | INFO | PERIODIC VALIDATION SEQUENCE_LENGTH {"basis": "filtered_full_sequence", "long": {"evaluated_users": 219, "history_length_max": 119, "history_length_mean": 20.98173515981735, "history_length_min": 11, "hit@10": 0.0639269406392694, "hit@5": 0.045662100456621, "ndcg@10": 0.04415636311416039, "ndcg@5": 0.03800669323647382, "recall@10": 0.0639269406392694, "recall@5": 0.045662100456621, "total_users": 219}, "long_rule": "length > threshold", "short": {"evaluated_users": 1238, "history_length_max": 10, "history_length_mean": 5.27221324717286, "history_length_min": 3, "hit@10": 0.1147011308562197, "hit@5": 0.10823909531502424, "ndcg@10": 0.10633951933955398, "ndcg@5": 0.10422761263716482, "recall@10": 0.1147011308562197, "recall@5": 0.10823909531502424, "total_users": 1238}, "short_rule": "length <= threshold", "threshold": 10}
2026-09-10 18:42:43,939 | INFO | 
========== PERIODIC TEST ==========
stage=joint | epoch=5 | step=594 | users=1457/1457
NDCG  | @5 0.110958 | @10 0.114350
Recall| @5 0.120110 | @10 0.130405
Hit   | @5 0.120110 | @10 0.130405
================================
2026-09-10 18:42:43,939 | INFO | PERIODIC TEST SEQUENCE_LENGTH {"basis": "filtered_full_sequence", "long": {"evaluated_users": 219, "history_length_max": 119, "history_length_mean": 20.98173515981735, "history_length_min": 11, "hit@10": 0.0639269406392694, "hit@5": 0.0547945205479452, "ndcg@10": 0.04313179898830588, "ndcg@5": 0.04028979825930487, "recall@10": 0.0639269406392694, "recall@5": 0.0547945205479452, "total_users": 219}, "long_rule": "length > threshold", "short": {"evaluated_users": 1238, "history_length_max": 10, "history_length_mean": 5.27221324717286, "history_length_min": 3, "hit@10": 0.1421647819063005, "hit@5": 0.13166397415185785, "ndcg@10": 0.1269489296981739, "ndcg@5": 0.12345865589905836, "recall@10": 0.1421647819063005, "recall@5": 0.13166397415185785, "total_users": 1238}, "short_rule": "length <= threshold", "threshold": 10}
2026-09-10 18:42:43,941 | INFO | VALID_STEP step=594 stage=joint epoch=5 ndcg@10=0.096993 recall@10=0.107069 improved=True
2026-09-10 18:42:43,943 | INFO | BEST_MODEL_IN_MEMORY step=594 stage=joint ndcg@10=0.096993
2026-09-10 18:42:43,943 | INFO | LEARNING_RATE step=594 stage=joint lr=5e-05
2026-09-10 18:42:43,943 | INFO | stage=joint epoch=5 loss=4.295798 steps=54 transitions/s=1539.57
2026-09-10 18:42:48,864 | INFO | 
========== PERIODIC VALIDATION ==========
stage=joint | epoch=6 | step=648 | users=1457/1457
NDCG  | @5 0.094462 | @10 0.097367
Recall| @5 0.099520 | @10 0.108442
Hit   | @5 0.099520 | @10 0.108442
================================
2026-09-10 18:42:48,865 | INFO | PERIODIC VALIDATION SEQUENCE_LENGTH {"basis": "filtered_full_sequence", "long": {"evaluated_users": 219, "history_length_max": 119, "history_length_mean": 20.98173515981735, "history_length_min": 11, "hit@10": 0.0684931506849315, "hit@5": 0.0502283105022831, "ndcg@10": 0.045884280167044406, "ndcg@5": 0.039773144411060765, "recall@10": 0.0684931506849315, "recall@5": 0.0502283105022831, "total_users": 219}, "long_rule": "length > threshold", "short": {"evaluated_users": 1238, "history_length_max": 10, "history_length_mean": 5.27221324717286, "history_length_min": 3, "hit@10": 0.11550888529886914, "hit@5": 0.10823909531502424, "ndcg@10": 0.10647477944723409, "ndcg@5": 0.1041362174895352, "recall@10": 0.11550888529886914, "recall@5": 0.10823909531502424, "total_users": 1238}, "short_rule": "length <= threshold", "threshold": 10}
2026-09-10 18:42:49,228 | INFO | 
========== PERIODIC TEST ==========
stage=joint | epoch=6 | step=648 | users=1457/1457
NDCG  | @5 0.112055 | @10 0.115087
Recall| @5 0.122169 | @10 0.131778
Hit   | @5 0.122169 | @10 0.131778
================================
2026-09-10 18:42:49,228 | INFO | PERIODIC TEST SEQUENCE_LENGTH {"basis": "filtered_full_sequence", "long": {"evaluated_users": 219, "history_length_max": 119, "history_length_mean": 20.98173515981735, "history_length_min": 11, "hit@10": 0.0684931506849315, "hit@5": 0.0547945205479452, "ndcg@10": 0.04445172970208619, "ndcg@5": 0.04028979825930487, "recall@10": 0.0684931506849315, "recall@5": 0.0547945205479452, "total_users": 219}, "long_rule": "length > threshold", "short": {"evaluated_users": 1238, "history_length_max": 10, "history_length_mean": 5.27221324717286, "history_length_min": 3, "hit@10": 0.1429725363489499, "hit@5": 0.13408723747980614, "ndcg@10": 0.12758185848709963, "ndcg@5": 0.12475021656954201, "recall@10": 0.1429725363489499, "recall@5": 0.13408723747980614, "total_users": 1238}, "short_rule": "length <= threshold", "threshold": 10}
2026-09-10 18:42:49,229 | INFO | VALID_STEP step=648 stage=joint epoch=6 ndcg@10=0.097367 recall@10=0.108442 improved=True
2026-09-10 18:42:49,230 | INFO | BEST_MODEL_IN_MEMORY step=648 stage=joint ndcg@10=0.097367
2026-09-10 18:42:49,230 | INFO | LEARNING_RATE step=648 stage=joint lr=5e-05
2026-09-10 18:42:49,231 | INFO | stage=joint epoch=6 loss=4.282974 steps=54 transitions/s=1504.94
2026-09-10 18:42:54,203 | INFO | 
========== PERIODIC VALIDATION ==========
stage=joint | epoch=7 | step=702 | users=1457/1457
NDCG  | @5 0.094757 | @10 0.097491
Recall| @5 0.100206 | @10 0.108442
Hit   | @5 0.100206 | @10 0.108442
================================
2026-09-10 18:42:54,204 | INFO | PERIODIC VALIDATION SEQUENCE_LENGTH {"basis": "filtered_full_sequence", "long": {"evaluated_users": 219, "history_length_max": 119, "history_length_mean": 20.98173515981735, "history_length_min": 11, "hit@10": 0.0684931506849315, "hit@5": 0.0547945205479452, "ndcg@10": 0.04641036090351775, "ndcg@5": 0.04173970403696667, "recall@10": 0.0684931506849315, "recall@5": 0.0547945205479452, "total_users": 219}, "long_rule": "length > threshold", "short": {"evaluated_users": 1238, "history_length_max": 10, "history_length_mean": 5.27221324717286, "history_length_min": 3, "hit@10": 0.11550888529886914, "hit@5": 0.10823909531502424, "ndcg@10": 0.10652696577626371, "ndcg@5": 0.1041362174895352, "recall@10": 0.11550888529886914, "recall@5": 0.10823909531502424, "total_users": 1238}, "short_rule": "length <= threshold", "threshold": 10}
2026-09-10 18:42:54,566 | INFO | 
========== PERIODIC TEST ==========
stage=joint | epoch=7 | step=702 | users=1457/1457
NDCG  | @5 0.111759 | @10 0.115728
Recall| @5 0.121482 | @10 0.133837
Hit   | @5 0.121482 | @10 0.133837
================================
2026-09-10 18:42:54,566 | INFO | PERIODIC TEST SEQUENCE_LENGTH {"basis": "filtered_full_sequence", "long": {"evaluated_users": 219, "history_length_max": 119, "history_length_mean": 20.98173515981735, "history_length_min": 11, "hit@10": 0.0684931506849315, "hit@5": 0.0547945205479452, "ndcg@10": 0.04465386900352658, "ndcg@5": 0.04028979825930487, "recall@10": 0.0684931506849315, "recall@5": 0.0547945205479452, "total_users": 219}, "long_rule": "length > threshold", "short": {"evaluated_users": 1238, "history_length_max": 10, "history_length_mean": 5.27221324717286, "history_length_min": 3, "hit@10": 0.14539579967689822, "hit@5": 0.1332794830371567, "ndcg@10": 0.12830059331419127, "ndcg@5": 0.12440233566641327, "recall@10": 0.14539579967689822, "recall@5": 0.1332794830371567, "total_users": 1238}, "short_rule": "length <= threshold", "threshold": 10}
2026-09-10 18:42:54,567 | INFO | VALID_STEP step=702 stage=joint epoch=7 ndcg@10=0.097491 recall@10=0.108442 improved=True
2026-09-10 18:42:54,568 | INFO | BEST_MODEL_IN_MEMORY step=702 stage=joint ndcg@10=0.097491
2026-09-10 18:42:54,568 | INFO | LEARNING_RATE step=702 stage=joint lr=5e-05
2026-09-10 18:42:54,569 | INFO | stage=joint epoch=7 loss=4.268297 steps=54 transitions/s=1485.35
2026-09-10 18:42:54,936 | INFO | 
========== FINAL CURRENT VALIDATION ==========
stage=final | epoch=0 | step=702 | users=1457/1457
NDCG  | @5 0.094757 | @10 0.097491
Recall| @5 0.100206 | @10 0.108442
Hit   | @5 0.100206 | @10 0.108442
================================
2026-09-10 18:42:54,936 | INFO | FINAL CURRENT VALIDATION SEQUENCE_LENGTH {"basis": "filtered_full_sequence", "long": {"evaluated_users": 219, "history_length_max": 119, "history_length_mean": 20.98173515981735, "history_length_min": 11, "hit@10": 0.0684931506849315, "hit@5": 0.0547945205479452, "ndcg@10": 0.04641036090351775, "ndcg@5": 0.04173970403696667, "recall@10": 0.0684931506849315, "recall@5": 0.0547945205479452, "total_users": 219}, "long_rule": "length > threshold", "short": {"evaluated_users": 1238, "history_length_max": 10, "history_length_mean": 5.27221324717286, "history_length_min": 3, "hit@10": 0.11550888529886914, "hit@5": 0.10823909531502424, "ndcg@10": 0.10652696577626371, "ndcg@5": 0.1041362174895352, "recall@10": 0.11550888529886914, "recall@5": 0.10823909531502424, "total_users": 1238}, "short_rule": "length <= threshold", "threshold": 10}
2026-09-10 18:42:54,936 | INFO | VALID_STEP step=702 stage=final epoch=0 ndcg@10=0.097491 recall@10=0.108442 improved=False
2026-09-10 18:42:54,937 | INFO | RESTORE_BEST step=702 stage=joint ndcg@10=0.097491
2026-09-10 18:42:55,666 | INFO | 
========== BEST CHECKPOINT VALIDATION ==========
stage=joint | epoch=0 | step=702 | users=1457/1457
NDCG  | @5 0.094757 | @10 0.097491
Recall| @5 0.100206 | @10 0.108442
Hit   | @5 0.100206 | @10 0.108442
================================
2026-09-10 18:42:55,666 | INFO | BEST CHECKPOINT VALIDATION SEQUENCE_LENGTH {"basis": "filtered_full_sequence", "long": {"evaluated_users": 219, "history_length_max": 119, "history_length_mean": 20.98173515981735, "history_length_min": 11, "hit@10": 0.0684931506849315, "hit@5": 0.0547945205479452, "ndcg@10": 0.04641036090351775, "ndcg@5": 0.04173970403696667, "recall@10": 0.0684931506849315, "recall@5": 0.0547945205479452, "total_users": 219}, "long_rule": "length > threshold", "short": {"evaluated_users": 1238, "history_length_max": 10, "history_length_mean": 5.27221324717286, "history_length_min": 3, "hit@10": 0.11550888529886914, "hit@5": 0.10823909531502424, "ndcg@10": 0.10652696577626371, "ndcg@5": 0.1041362174895352, "recall@10": 0.11550888529886914, "recall@5": 0.10823909531502424, "total_users": 1238}, "short_rule": "length <= threshold", "threshold": 10}
2026-09-10 18:42:55,666 | INFO | 
========== FINAL FULL TEST ==========
stage=joint | epoch=0 | step=702 | users=1457/1457
NDCG  | @5 0.111759 | @10 0.115728
Recall| @5 0.121482 | @10 0.133837
Hit   | @5 0.121482 | @10 0.133837
================================
2026-09-10 18:42:55,666 | INFO | FINAL FULL TEST SEQUENCE_LENGTH {"basis": "filtered_full_sequence", "long": {"evaluated_users": 219, "history_length_max": 119, "history_length_mean": 20.98173515981735, "history_length_min": 11, "hit@10": 0.0684931506849315, "hit@5": 0.0547945205479452, "ndcg@10": 0.04465386900352658, "ndcg@5": 0.04028979825930487, "recall@10": 0.0684931506849315, "recall@5": 0.0547945205479452, "total_users": 219}, "long_rule": "length > threshold", "short": {"evaluated_users": 1238, "history_length_max": 10, "history_length_mean": 5.27221324717286, "history_length_min": 3, "hit@10": 0.14539579967689822, "hit@5": 0.1332794830371567, "ndcg@10": 0.12830059331419127, "ndcg@5": 0.12440233566641327, "recall@10": 0.14539579967689822, "recall@5": 0.1332794830371567, "total_users": 1238}, "short_rule": "length <= threshold", "threshold": 10}
2026-09-10 18:42:55,666 | INFO | VALID_BEST {"evaluated_users": 1457, "hit@10": 0.10844200411805079, "hit@5": 0.10020590253946465, "long_agent_weight": 0.48791860372298534, "long_preference_state_cosine": 0.10955254395039178, "long_short_state_cosine": 0.9919006201037824, "ndcg@10": 0.09749090761539457, "ndcg@5": 0.09475746969695605, "preference_change_probability": 0.020467471487324126, "preference_current_entropy": 3.345534576646416, "preference_next_entropy": 3.3893635683707695, "preference_ranking_weight": 0.2044677734375, "recall@10": 0.10844200411805079, "recall@5": 0.10020590253946465, "scores_per_second": 16472923.753661634, "sequence_length": {"basis": "filtered_full_sequence", "long": {"evaluated_users": 219, "history_length_max": 119, "history_length_mean": 20.98173515981735, "history_length_min": 11, "hit@10": 0.0684931506849315, "hit@5": 0.0547945205479452, "ndcg@10": 0.04641036090351775, "ndcg@5": 0.04173970403696667, "recall@10": 0.0684931506849315, "recall@5": 0.0547945205479452, "total_users": 219}, "long_rule": "length > threshold", "short": {"evaluated_users": 1238, "history_length_max": 10, "history_length_mean": 5.27221324717286, "history_length_min": 3, "hit@10": 0.11550888529886914, "hit@5": 0.10823909531502424, "ndcg@10": 0.10652696577626371, "ndcg@5": 0.1041362174895352, "recall@10": 0.11550888529886914, "recall@5": 0.10823909531502424, "total_users": 1238}, "short_rule": "length <= threshold", "threshold": 10}, "short_agent_weight": 0.5120814002042939, "short_preference_state_cosine": 0.113881311599899, "total_users": 1457, "users_per_second": 4027.609719721671}
2026-09-10 18:42:55,667 | INFO | TEST_FINAL {"evaluated_users": 1457, "hit@10": 0.1338366506520247, "hit@5": 0.12148249828414551, "long_agent_weight": 0.4979433205001716, "long_preference_state_cosine": 0.01673633927912768, "long_short_state_cosine": 0.9866593360246332, "ndcg@10": 0.11572775025848829, "ndcg@5": 0.11175947575513516, "preference_change_probability": 0.020896120928867105, "preference_current_entropy": 3.351720931682181, "preference_next_entropy": 3.3832939216022058, "preference_ranking_weight": 0.2044677734375, "recall@10": 0.1338366506520247, "recall@5": 0.12148249828414551, "scores_per_second": 16302510.698764723, "sequence_length": {"basis": "filtered_full_sequence", "long": {"evaluated_users": 219, "history_length_max": 119, "history_length_mean": 20.98173515981735, "history_length_min": 11, "hit@10": 0.0684931506849315, "hit@5": 0.0547945205479452, "ndcg@10": 0.04465386900352658, "ndcg@5": 0.04028979825930487, "recall@10": 0.0684931506849315, "recall@5": 0.0547945205479452, "total_users": 219}, "long_rule": "length > threshold", "short": {"evaluated_users": 1238, "history_length_max": 10, "history_length_mean": 5.27221324717286, "history_length_min": 3, "hit@10": 0.14539579967689822, "hit@5": 0.1332794830371567, "ndcg@10": 0.12830059331419127, "ndcg@5": 0.12440233566641327, "recall@10": 0.14539579967689822, "recall@5": 0.1332794830371567, "total_users": 1238}, "short_rule": "length <= threshold", "threshold": 10}, "short_agent_weight": 0.5020566834271076, "short_preference_state_cosine": 0.028966590445092383, "total_users": 1457, "users_per_second": 3985.9439361282944}
2026-09-10 18:42:55,667 | INFO | TARGET_RESULT metric=recall@10 target=>0.150000 actual=0.133837 achieved=False
2026-09-10 18:42:55,945 | INFO | FINAL_LENGTH_SCORES dataset=amazon-all-beauty group=short split=valid threshold=10 users=1238/1238 scores={"hit@10": 0.11550888529886914, "hit@5": 0.10823909531502424, "ndcg@10": 0.10652696577626371, "ndcg@5": 0.1041362174895352, "recall@10": 0.11550888529886914, "recall@5": 0.10823909531502424}
2026-09-10 18:42:55,946 | INFO | FINAL_LENGTH_SCORES dataset=amazon-all-beauty group=short split=test threshold=10 users=1238/1238 scores={"hit@10": 0.14539579967689822, "hit@5": 0.1332794830371567, "ndcg@10": 0.12830059331419127, "ndcg@5": 0.12440233566641327, "recall@10": 0.14539579967689822, "recall@5": 0.1332794830371567}
2026-09-10 18:42:55,946 | INFO | short_scores=/workspace/P78123011/MediaTek_2026_project/ver4/outputs_mamba_rl/amazons_long_short_L1_S1_P1_G1/Full_Beauty/rl_20260910_184152_r1_305035/short_scores.json
2026-09-10 18:42:55,946 | INFO | FINAL_LENGTH_SCORES dataset=amazon-all-beauty group=long split=valid threshold=10 users=219/219 scores={"hit@10": 0.0684931506849315, "hit@5": 0.0547945205479452, "ndcg@10": 0.04641036090351775, "ndcg@5": 0.04173970403696667, "recall@10": 0.0684931506849315, "recall@5": 0.0547945205479452}
2026-09-10 18:42:55,946 | INFO | FINAL_LENGTH_SCORES dataset=amazon-all-beauty group=long split=test threshold=10 users=219/219 scores={"hit@10": 0.0684931506849315, "hit@5": 0.0547945205479452, "ndcg@10": 0.04465386900352658, "ndcg@5": 0.04028979825930487, "recall@10": 0.0684931506849315, "recall@5": 0.0547945205479452}
2026-09-10 18:42:55,946 | INFO | long_scores=/workspace/P78123011/MediaTek_2026_project/ver4/outputs_mamba_rl/amazons_long_short_L1_S1_P1_G1/Full_Beauty/rl_20260910_184152_r1_305035/long_scores.json
2026-09-10 18:42:55,946 | INFO | scores=/workspace/P78123011/MediaTek_2026_project/ver4/outputs_mamba_rl/amazons_long_short_L1_S1_P1_G1/Full_Beauty/rl_20260910_184152_r1_305035/Full_Beauty_scores.json
2026-09-10 18:42:55,946 | INFO | outputs=/workspace/P78123011/MediaTek_2026_project/ver4/outputs_mamba_rl/amazons_long_short_L1_S1_P1_G1/Full_Beauty/rl_20260910_184152_r1_305035
