2026-10-06 05:24:23,594 | INFO | run_id=20261006_052423 dataset=amazon-toys-and-games device=cuda:0
2026-10-06 05:24:23,594 | INFO | MODEL recommender=MultiAgentMambaRecommender semantic_encoder=MambaTextEncoder semantic_model_id=state-spaces/mamba-130m-hf graph_backbone=LightGCN adaptation=multi_lora
2026-10-06 05:24:23,594 | INFO | ABLATION USE_SHORT=1 USE_PREFERENCE=1 USE_GCN=1 USE_COORDINATOR=1
2026-10-06 05:24:23,594 | INFO | AGENT_HISTORY mode=full_history effective_max_history=100 short=1 preference=100
2026-10-06 05:24:23,594 | INFO | EXPERIMENT_NOTE amazons_long_short subset=Toys_and_Games; short filtered-full-sequence <= 10; long > 10; same model and full catalog
2026-10-06 05:24:23,594 | INFO | EXPERIMENT_CONFIG {"agent_diversity_coef": 0.02, "batch_size": 128, "cache_dir": "/workspace/P78123011/cache", "candidates": 192, "data_path": null, "dataset": "amazon-toys-and-games", "device": "cuda:0", "dim": 128, "early_stopping_patience": 6, "enable_lora": 1, "eval_batch_size": 64, "eval_length_basis": "filtered_full_sequence", "eval_length_threshold": 10, "experiment_note": "amazons_long_short subset=Toys_and_Games; short filtered-full-sequence <= 10; long > 10; same model and full catalog", "full_catalog_supervised": false, "future_decay": 0.5, "future_horizon": 3, "generate_reasons": false, "graph_device": "cuda:0", "hard_negative_fraction": 0.75, "hard_negative_pool_multiplier": 12, "hard_negative_warmup_epochs": 2, "history_influence_negatives": 64, "history_influence_output": null, "history_influence_user_limit": 0, "item_prompt_prefix": "Preference-aware product representation: ", "item_vector_artifact": null, "joint_epochs": 0, "joint_lr": 5e-05, "lora_alpha": 32.0, "lora_dropout": 0.05, "lora_rank": 16, "lr_patience": 2, "mamba_encode_batch_size": 32, "mamba_max_tokens": 32, "mamba_model_id": "state-spaces/mamba-130m-hf", "max_events": null, "max_history": 100, "max_transitions": 1500000, "min_rating": 4.0, "monitor_metric": "ndcg@10", "output_dir": "/workspace/P78123011/MediaTek_2026_project/ver5/outputs_mamba_rl/amazons_lora", "output_run_dir": "/workspace/P78123011/MediaTek_2026_project/ver5/outputs_mamba_rl/amazons_long_short_S1_P1_G1_C1_SW1/Toys_and_Games/rl_20261006_052422_r1_1402715", "periodic_test_user_limit": 0, "popularity_alpha": 0.3, "preference_balance_coef": 0.01, "preference_coef": 0.2, "preference_contrastive_coef": 0.05, "preference_count": 32, "preference_score_weight": 0.2, "preference_separation_coef": 0.01, "preference_sharpness_coef": 0.05, "preference_temperature": 0.2, "preference_transition_coef": 0.1, "reason_count": 20, "reason_max_new_tokens": 40, "refresh_data_cache": false, "resume_checkpoint": null, "reverse_history_input": false, "rl_coef": 0.1, "rl_topk": 10, "save_model_weights": false, "score_file": "/workspace/P78123011/MediaTek_2026_project/ver5/outputs_mamba_rl/amazons_long_short_S1_P1_G1_C1_SW1/Toys_and_Games/rl_20261006_052422_r1_1402715/Toys_and_Games_scores.json", "seed": 25252, "short_window": 1, "skip_mamba": false, "specialist_epochs": 4, "specialist_lr": 0.0001, "target_recall_at_10": 0.15, "transition_beta": 0.5, "use_coordinator": true, "use_graph_embeddings": true, "use_in_batch_negatives": true, "use_preference": 1, "use_short": 1, "validate_every_steps": 6000, "validation_user_limit": 0}
2026-10-06 05:24:24,893 | INFO | INTERACTION_CACHE hit path=/workspace/P78123011/cache/mamba_multi_agent_data/amazon-toys-and-games_2cc47abc910b.pkl
2026-10-06 05:24:24,893 | INFO | HISTORY_INPUT_ORDER chronological
2026-10-06 05:24:24,895 | INFO | LENGTH_SPLIT preprocessing=original_one_pass_user_item_min_5 basis=filtered_full_sequence short<=10 long>10
2026-10-06 05:24:24,907 | INFO | users=568262 items=333160 train_interactions=3734374
2026-10-06 05:25:02,078 | INFO | CATALOG_PRIORS popularity_alpha=0.300000 transition_beta=0.500000 source=train_histories_only enabled=True
2026-10-06 05:25:04,969 | INFO | ITEM_VECTOR_ARTIFACT path=/workspace/P78123011/cache/mamba_multi_agent/amazon-toys-and-games_333160_4d0b5392ebd5_prompt_tok32.pt fingerprint=4d0b5392ebd5
2026-10-06 05:25:04,969 | INFO | SEMANTIC_BACKBONE model_id=state-spaces/mamba-130m-hf hidden_size=768 frozen=True usage=shared_cached_item_vectors
2026-10-06 05:25:06,873 | INFO | GRAPH_EMBEDDINGS enabled=True source=train_histories_only main_device=cuda:0 graph_device=cuda:0
2026-10-06 05:25:08,197 | INFO | ADAPTATION_MODE mode=multi_lora enable_lora=1
2026-10-06 05:25:08,197 | INFO | ADAPTER_ROUTES {'short': ('candidate_lora', 'delta_lora', 'gate_lora', 'output_lora'), 'preference': ('transition_encoder.candidate_lora', 'transition_encoder.delta_lora', 'transition_encoder.gate_lora', 'transition_encoder.output_lora', 'state_lora'), 'coordinator': ('state_lora', 'mix_lora', 'score_lora')}
2026-10-06 05:25:08,197 | INFO | agent_parameters={'short': 16513, 'preference': 28994, 'coordinator': 14373, 'shared_projection': 98304, 'graph': 115382016}
2026-10-06 05:25:08,197 | INFO | PREDICTION_PATH graph_only=False active_agents=2 coordinator=True
2026-10-06 05:25:14,928 | INFO | training_transitions=1500000
2026-10-06 05:25:14,928 | INFO | schedule mode=single_stage_dl specialist_dl_epochs=4 joint_dl_rl_epochs=0 effective_rl_coef=0.0000 effective_rl_topk=0 validate_every_steps=6000 validation_users=0 periodic_test_users=0 monitor=ndcg@10 early_stopping_patience=6
2026-10-06 05:25:16,782 | INFO | TRAINING_BRANCHES stage=all_dl short=True preference=True gcn=True preference_auxiliary=True preference_contrastive=True diversity_pairs=1 policy_gradient=False trainable_parameters=115540200
2026-10-06 06:39:57,340 | INFO | 
========== PERIODIC VALIDATION ==========
stage=all_dl | epoch=1 | step=6000 | users=564666/564666
NDCG  | @5 0.033946 | @10 0.037343
Recall| @5 0.043500 | @10 0.054034
Hit   | @5 0.043500 | @10 0.054034
================================
2026-10-06 06:39:57,341 | INFO | PERIODIC VALIDATION SEQUENCE_LENGTH {"basis": "filtered_full_sequence", "long": {"evaluated_users": 103913, "history_length_max": 2855, "history_length_mean": 19.26873442206461, "history_length_min": 11, "hit@10": 0.04865608730380222, "hit@5": 0.03875357270023962, "ndcg@10": 0.03347235639317023, "ndcg@5": 0.030279797508069757, "recall@10": 0.04865608730380222, "recall@5": 0.03875357270023962, "total_users": 103913}, "long_rule": "length > threshold", "short": {"evaluated_users": 460753, "history_length_max": 10, "history_length_mean": 6.196810438564698, "history_length_min": 3, "hit@10": 0.0552465203699162, "hit@5": 0.044570518260326035, "ndcg@10": 0.03821629431639924, "ndcg@5": 0.034773172759338555, "recall@10": 0.0552465203699162, "recall@5": 0.044570518260326035, "total_users": 460753}, "short_rule": "length <= threshold", "threshold": 10}
2026-10-06 07:14:08,623 | INFO | 
========== PERIODIC TEST ==========
stage=all_dl | epoch=1 | step=6000 | users=564666/564666
NDCG  | @5 0.040487 | @10 0.043450
Recall| @5 0.049323 | @10 0.058523
Hit   | @5 0.049323 | @10 0.058523
================================
2026-10-06 07:14:08,623 | INFO | PERIODIC TEST SEQUENCE_LENGTH {"basis": "filtered_full_sequence", "long": {"evaluated_users": 103913, "history_length_max": 2855, "history_length_mean": 19.26873442206461, "history_length_min": 11, "hit@10": 0.05688412421929884, "hit@5": 0.04855985295391337, "ndcg@10": 0.04253553007795167, "ndcg@5": 0.039854546860680615, "recall@10": 0.05688412421929884, "recall@5": 0.04855985295391337, "total_users": 103913}, "long_rule": "length > threshold", "short": {"evaluated_users": 460753, "history_length_max": 10, "history_length_mean": 6.196810438564698, "history_length_min": 3, "hit@10": 0.058892725603522926, "hit@5": 0.04949506568595321, "ndcg@10": 0.04365640481439587, "ndcg@5": 0.04063009081550254, "recall@10": 0.058892725603522926, "recall@5": 0.04949506568595321, "total_users": 460753}, "short_rule": "length <= threshold", "threshold": 10}
2026-10-06 07:14:08,624 | INFO | VALID_STEP step=6000 stage=all_dl epoch=1 ndcg@10=0.037343 recall@10=0.054034 improved=True
2026-10-06 07:14:08,897 | INFO | BEST_MODEL_IN_MEMORY step=6000 stage=all_dl ndcg@10=0.037343
2026-10-06 07:14:08,897 | INFO | LEARNING_RATE step=6000 stage=all_dl lr=0.0001
2026-10-06 08:08:56,421 | INFO | stage=all_dl epoch=1 loss=5.203229 steps=11719 transitions/s=240.50
2026-10-06 09:23:31,837 | INFO | 
========== PERIODIC VALIDATION ==========
stage=all_dl | epoch=2 | step=17719 | users=564666/564666
NDCG  | @5 0.037723 | @10 0.041865
Recall| @5 0.048485 | @10 0.061327
Hit   | @5 0.048485 | @10 0.061327
================================
2026-10-06 09:23:31,837 | INFO | PERIODIC VALIDATION SEQUENCE_LENGTH {"basis": "filtered_full_sequence", "long": {"evaluated_users": 103913, "history_length_max": 2855, "history_length_mean": 19.26873442206461, "history_length_min": 11, "hit@10": 0.05511341218134401, "hit@5": 0.04325734027503777, "ndcg@10": 0.037469005262627045, "ndcg@5": 0.03363520151145525, "recall@10": 0.05511341218134401, "recall@5": 0.04325734027503777, "total_users": 103913}, "long_rule": "length > threshold", "short": {"evaluated_users": 460753, "history_length_max": 10, "history_length_mean": 6.196810438564698, "history_length_min": 3, "hit@10": 0.06272775217958429, "hit@5": 0.049664353786084955, "ndcg@10": 0.04285636537887646, "ndcg@5": 0.03864538860135271, "recall@10": 0.06272775217958429, "recall@5": 0.049664353786084955, "total_users": 460753}, "short_rule": "length <= threshold", "threshold": 10}
2026-10-06 09:57:51,690 | INFO | 
========== PERIODIC TEST ==========
stage=all_dl | epoch=2 | step=17719 | users=564666/564666
NDCG  | @5 0.047229 | @10 0.050364
Recall| @5 0.055236 | @10 0.064961
Hit   | @5 0.055236 | @10 0.064961
================================
2026-10-06 09:57:51,691 | INFO | PERIODIC TEST SEQUENCE_LENGTH {"basis": "filtered_full_sequence", "long": {"evaluated_users": 103913, "history_length_max": 2855, "history_length_mean": 19.26873442206461, "history_length_min": 11, "hit@10": 0.06414981763590696, "hit@5": 0.05550797301588829, "ndcg@10": 0.05093168177899054, "ndcg@5": 0.048147504500658106, "recall@10": 0.06414981763590696, "recall@5": 0.05550797301588829, "total_users": 103913}, "long_rule": "length > threshold", "short": {"evaluated_users": 460753, "history_length_max": 10, "history_length_mean": 6.196810438564698, "history_length_min": 3, "hit@10": 0.06514336314684875, "hit@5": 0.05517489848139893, "ndcg@10": 0.05023553129285977, "ndcg@5": 0.04702245940748723, "recall@10": 0.06514336314684875, "recall@5": 0.05517489848139893, "total_users": 460753}, "short_rule": "length <= threshold", "threshold": 10}
2026-10-06 09:57:51,692 | INFO | VALID_STEP step=17719 stage=all_dl epoch=2 ndcg@10=0.041865 recall@10=0.061327 improved=True
2026-10-06 09:57:51,980 | INFO | BEST_MODEL_IN_MEMORY step=17719 stage=all_dl ndcg@10=0.041865
2026-10-06 09:57:51,980 | INFO | LEARNING_RATE step=17719 stage=all_dl lr=0.0001
2026-10-06 10:44:17,144 | INFO | stage=all_dl epoch=2 loss=4.957288 steps=11719 transitions/s=261.48
2026-10-06 11:46:10,766 | INFO | 
========== PERIODIC VALIDATION ==========
stage=all_dl | epoch=3 | step=29438 | users=564666/564666
NDCG  | @5 0.037441 | @10 0.041745
Recall| @5 0.048064 | @10 0.061408
Hit   | @5 0.048064 | @10 0.061408
================================
2026-10-06 11:46:10,767 | INFO | PERIODIC VALIDATION SEQUENCE_LENGTH {"basis": "filtered_full_sequence", "long": {"evaluated_users": 103913, "history_length_max": 2855, "history_length_mean": 19.26873442206461, "history_length_min": 11, "hit@10": 0.054969060656510735, "hit@5": 0.04243934830098255, "ndcg@10": 0.03735751395290978, "ndcg@5": 0.03331393690750001, "recall@10": 0.054969060656510735, "recall@5": 0.04243934830098255, "total_users": 103913}, "long_rule": "length > threshold", "short": {"evaluated_users": 460753, "history_length_max": 10, "history_length_mean": 6.196810438564698, "history_length_min": 3, "hit@10": 0.06286014415532834, "hit@5": 0.04933228866659577, "ndcg@10": 0.042733897197150636, "ndcg@5": 0.038372012456376975, "recall@10": 0.06286014415532834, "recall@5": 0.04933228866659577, "total_users": 460753}, "short_rule": "length <= threshold", "threshold": 10}
2026-10-06 11:51:06,868 | INFO | 
========== PERIODIC TEST ==========
stage=all_dl | epoch=3 | step=29438 | users=564666/564666
NDCG  | @5 0.047240 | @10 0.050362
Recall| @5 0.055172 | @10 0.064849
Hit   | @5 0.055172 | @10 0.064849
================================
2026-10-06 11:51:06,868 | INFO | PERIODIC TEST SEQUENCE_LENGTH {"basis": "filtered_full_sequence", "long": {"evaluated_users": 103913, "history_length_max": 2855, "history_length_mean": 19.26873442206461, "history_length_min": 11, "hit@10": 0.06445776755555128, "hit@5": 0.05516152935628843, "ndcg@10": 0.051151419391294514, "ndcg@5": 0.04815886275065972, "recall@10": 0.06445776755555128, "recall@5": 0.05516152935628843, "total_users": 103913}, "long_rule": "length > threshold", "short": {"evaluated_users": 460753, "history_length_max": 10, "history_length_mean": 6.196810438564698, "history_length_min": 3, "hit@10": 0.06493717892232932, "hit@5": 0.05517489848139893, "ndcg@10": 0.05018363932229071, "ndcg@5": 0.04703278839068575, "recall@10": 0.06493717892232932, "recall@5": 0.05517489848139893, "total_users": 460753}, "short_rule": "length <= threshold", "threshold": 10}
2026-10-06 11:51:06,869 | INFO | VALID_STEP step=29438 stage=all_dl epoch=3 ndcg@10=0.041745 recall@10=0.061408 improved=False
2026-10-06 11:51:06,869 | INFO | LEARNING_RATE step=29438 stage=all_dl lr=0.0001
2026-10-06 12:19:32,050 | INFO | stage=all_dl epoch=3 loss=4.585691 steps=11719 transitions/s=329.91
2026-10-06 12:54:24,872 | INFO | 
========== PERIODIC VALIDATION ==========
stage=all_dl | epoch=4 | step=41157 | users=564666/564666
NDCG  | @5 0.036675 | @10 0.040899
Recall| @5 0.047400 | @10 0.060482
Hit   | @5 0.047400 | @10 0.060482
================================
2026-10-06 12:54:24,872 | INFO | PERIODIC VALIDATION SEQUENCE_LENGTH {"basis": "filtered_full_sequence", "long": {"evaluated_users": 103913, "history_length_max": 2855, "history_length_mean": 19.26873442206461, "history_length_min": 11, "hit@10": 0.054766968521744154, "hit@5": 0.04242972486599367, "ndcg@10": 0.03689298868645435, "ndcg@5": 0.032918263834833116, "recall@10": 0.054766968521744154, "recall@5": 0.04242972486599367, "total_users": 103913}, "long_rule": "length > threshold", "short": {"evaluated_users": 460753, "history_length_max": 10, "history_length_mean": 6.196810438564698, "history_length_min": 3, "hit@10": 0.06177062330576252, "hit@5": 0.04852057393006665, "ndcg@10": 0.0418027169415033, "ndcg@5": 0.03752199768767791, "recall@10": 0.06177062330576252, "recall@5": 0.04852057393006665, "total_users": 460753}, "short_rule": "length <= threshold", "threshold": 10}
2026-10-06 12:59:20,041 | INFO | 
========== PERIODIC TEST ==========
stage=all_dl | epoch=4 | step=41157 | users=564666/564666
NDCG  | @5 0.046930 | @10 0.050027
Recall| @5 0.054857 | @10 0.064447
Hit   | @5 0.054857 | @10 0.064447
================================
2026-10-06 12:59:20,041 | INFO | PERIODIC TEST SEQUENCE_LENGTH {"basis": "filtered_full_sequence", "long": {"evaluated_users": 103913, "history_length_max": 2855, "history_length_mean": 19.26873442206461, "history_length_min": 11, "hit@10": 0.0639381020661515, "hit@5": 0.05520964653123286, "ndcg@10": 0.05081914537962572, "ndcg@5": 0.04800392108383958, "recall@10": 0.0639381020661515, "recall@5": 0.05520964653123286, "total_users": 103913}, "long_rule": "length > threshold", "short": {"evaluated_users": 460753, "history_length_max": 10, "history_length_mean": 6.196810438564698, "history_length_min": 3, "hit@10": 0.06456170659767815, "hit@5": 0.05477772255416677, "ndcg@10": 0.049848222946031036, "ndcg@5": 0.04668743512617962, "recall@10": 0.06456170659767815, "recall@5": 0.05477772255416677, "total_users": 460753}, "short_rule": "length <= threshold", "threshold": 10}
2026-10-06 12:59:20,042 | INFO | VALID_STEP step=41157 stage=all_dl epoch=4 ndcg@10=0.040899 recall@10=0.060482 improved=False
2026-10-06 12:59:20,042 | INFO | LEARNING_RATE step=41157 stage=all_dl lr=0.0001
2026-10-06 13:27:56,610 | INFO | stage=all_dl epoch=4 loss=4.367290 steps=11719 transitions/s=427.72
2026-10-06 13:32:49,815 | INFO | 
========== FINAL CURRENT VALIDATION ==========
stage=final | epoch=0 | step=46876 | users=564666/564666
NDCG  | @5 0.037432 | @10 0.041658
Recall| @5 0.048213 | @10 0.061314
Hit   | @5 0.048213 | @10 0.061314
================================
2026-10-06 13:32:49,815 | INFO | FINAL CURRENT VALIDATION SEQUENCE_LENGTH {"basis": "filtered_full_sequence", "long": {"evaluated_users": 103913, "history_length_max": 2855, "history_length_mean": 19.26873442206461, "history_length_min": 11, "hit@10": 0.05534437462107725, "hit@5": 0.042882026310471257, "ndcg@10": 0.037420408129895236, "ndcg@5": 0.033409113220458905, "recall@10": 0.05534437462107725, "recall@5": 0.042882026310471257, "total_users": 103913}, "long_rule": "length > threshold", "short": {"evaluated_users": 460753, "history_length_max": 10, "history_length_mean": 6.196810438564698, "history_length_min": 3, "hit@10": 0.06266047101158322, "hit@5": 0.04941476235640354, "ndcg@10": 0.042613916984104, "ndcg@5": 0.03833916408038442, "recall@10": 0.06266047101158322, "recall@5": 0.04941476235640354, "total_users": 460753}, "short_rule": "length <= threshold", "threshold": 10}
2026-10-06 13:32:49,815 | INFO | VALID_STEP step=46876 stage=final epoch=0 ndcg@10=0.041658 recall@10=0.061314 improved=False
2026-10-06 13:32:49,962 | INFO | RESTORE_BEST step=17719 stage=all_dl ndcg@10=0.041865
2026-10-06 13:42:37,122 | INFO | 
========== BEST CHECKPOINT VALIDATION ==========
stage=all_dl | epoch=0 | step=17719 | users=564666/564666
NDCG  | @5 0.037723 | @10 0.041865
Recall| @5 0.048485 | @10 0.061327
Hit   | @5 0.048485 | @10 0.061327
================================
2026-10-06 13:42:37,122 | INFO | BEST CHECKPOINT VALIDATION SEQUENCE_LENGTH {"basis": "filtered_full_sequence", "long": {"evaluated_users": 103913, "history_length_max": 2855, "history_length_mean": 19.26873442206461, "history_length_min": 11, "hit@10": 0.05511341218134401, "hit@5": 0.04325734027503777, "ndcg@10": 0.037469005262627045, "ndcg@5": 0.03363520151145525, "recall@10": 0.05511341218134401, "recall@5": 0.04325734027503777, "total_users": 103913}, "long_rule": "length > threshold", "short": {"evaluated_users": 460753, "history_length_max": 10, "history_length_mean": 6.196810438564698, "history_length_min": 3, "hit@10": 0.06272775217958429, "hit@5": 0.049664353786084955, "ndcg@10": 0.04285627026554928, "ndcg@5": 0.03864529348802552, "recall@10": 0.06272775217958429, "recall@5": 0.049664353786084955, "total_users": 460753}, "short_rule": "length <= threshold", "threshold": 10}
2026-10-06 13:42:37,122 | INFO | 
========== FINAL FULL TEST ==========
stage=all_dl | epoch=0 | step=17719 | users=564666/564666
NDCG  | @5 0.047229 | @10 0.050364
Recall| @5 0.055236 | @10 0.064961
Hit   | @5 0.055236 | @10 0.064961
================================
2026-10-06 13:42:37,122 | INFO | FINAL FULL TEST SEQUENCE_LENGTH {"basis": "filtered_full_sequence", "long": {"evaluated_users": 103913, "history_length_max": 2855, "history_length_mean": 19.26873442206461, "history_length_min": 11, "hit@10": 0.06414981763590696, "hit@5": 0.05550797301588829, "ndcg@10": 0.05093168177899054, "ndcg@5": 0.048147504500658106, "recall@10": 0.06414981763590696, "recall@5": 0.05550797301588829, "total_users": 103913}, "long_rule": "length > threshold", "short": {"evaluated_users": 460753, "history_length_max": 10, "history_length_mean": 6.196810438564698, "history_length_min": 3, "hit@10": 0.06514336314684875, "hit@5": 0.05517489848139893, "ndcg@10": 0.05023559604257577, "ndcg@5": 0.04702245940748723, "recall@10": 0.06514336314684875, "recall@5": 0.05517489848139893, "total_users": 460753}, "short_rule": "length <= threshold", "threshold": 10}
2026-10-06 13:42:37,122 | INFO | VALID_BEST {"evaluated_users": 564666, "hit@10": 0.06132651868538216, "hit@5": 0.04848529927426124, "ndcg@10": 0.04186487579629399, "ndcg@5": 0.037723308286415035, "preference_agent_weight": 0.10519597901529955, "preference_change_probability": 0.07172341420765979, "preference_current_entropy": 3.0391790674678325, "preference_next_entropy": 3.2185571644745834, "preference_ranking_weight": 0.10519597901529955, "recall@10": 0.06132651868538216, "recall@5": 0.04848529927426124, "scores_per_second": 643546241.5823218, "sequence_length": {"basis": "filtered_full_sequence", "long": {"evaluated_users": 103913, "history_length_max": 2855, "history_length_mean": 19.26873442206461, "history_length_min": 11, "hit@10": 0.05511341218134401, "hit@5": 0.04325734027503777, "ndcg@10": 0.037469005262627045, "ndcg@5": 0.03363520151145525, "recall@10": 0.05511341218134401, "recall@5": 0.04325734027503777, "total_users": 103913}, "long_rule": "length > threshold", "short": {"evaluated_users": 460753, "history_length_max": 10, "history_length_mean": 6.196810438564698, "history_length_min": 3, "hit@10": 0.06272775217958429, "hit@5": 0.049664353786084955, "ndcg@10": 0.04285627026554928, "ndcg@5": 0.03864529348802552, "recall@10": 0.06272775217958429, "recall@5": 0.049664353786084955, "total_users": 460753}, "short_rule": "length <= threshold", "threshold": 10}, "short_agent_weight": 0.8948040207566966, "short_preference_state_cosine": 0.20764331590163537, "total_users": 564666, "users_per_second": 1931.6431792001492}
2026-10-06 13:42:37,122 | INFO | TEST_FINAL {"evaluated_users": 564666, "hit@10": 0.06496052533710193, "hit@5": 0.055236192722777716, "ndcg@10": 0.050363693800299016, "ndcg@5": 0.047229496451639756, "preference_agent_weight": 0.10625471596075488, "preference_change_probability": 0.07037977177479142, "preference_current_entropy": 3.053464699212382, "preference_next_entropy": 3.2188245902733805, "preference_ranking_weight": 0.10625471596075488, "recall@10": 0.06496052533710193, "recall@5": 0.055236192722777716, "scores_per_second": 641316291.7939575, "sequence_length": {"basis": "filtered_full_sequence", "long": {"evaluated_users": 103913, "history_length_max": 2855, "history_length_mean": 19.26873442206461, "history_length_min": 11, "hit@10": 0.06414981763590696, "hit@5": 0.05550797301588829, "ndcg@10": 0.05093168177899054, "ndcg@5": 0.048147504500658106, "recall@10": 0.06414981763590696, "recall@5": 0.05550797301588829, "total_users": 103913}, "long_rule": "length > threshold", "short": {"evaluated_users": 460753, "history_length_max": 10, "history_length_mean": 6.196810438564698, "history_length_min": 3, "hit@10": 0.06514336314684875, "hit@5": 0.05517489848139893, "ndcg@10": 0.05023559604257577, "ndcg@5": 0.04702245940748723, "recall@10": 0.06514336314684875, "recall@5": 0.05517489848139893, "total_users": 460753}, "short_rule": "length <= threshold", "threshold": 10}, "short_agent_weight": 0.8937452837234175, "short_preference_state_cosine": 0.1856483772650326, "total_users": 564666, "users_per_second": 1924.94984930351}
2026-10-06 13:42:37,123 | INFO | TARGET_RESULT metric=recall@10 target=>0.150000 actual=0.064961 achieved=False
2026-10-06 13:42:37,681 | INFO | FINAL_LENGTH_SCORES dataset=amazon-toys-and-games group=short split=valid threshold=10 users=460753/460753 scores={"hit@10": 0.06272775217958429, "hit@5": 0.049664353786084955, "ndcg@10": 0.04285627026554928, "ndcg@5": 0.03864529348802552, "recall@10": 0.06272775217958429, "recall@5": 0.049664353786084955}
2026-10-06 13:42:37,682 | INFO | FINAL_LENGTH_SCORES dataset=amazon-toys-and-games group=short split=test threshold=10 users=460753/460753 scores={"hit@10": 0.06514336314684875, "hit@5": 0.05517489848139893, "ndcg@10": 0.05023559604257577, "ndcg@5": 0.04702245940748723, "recall@10": 0.06514336314684875, "recall@5": 0.05517489848139893}
2026-10-06 13:42:37,682 | INFO | short_scores=/workspace/P78123011/MediaTek_2026_project/ver5/outputs_mamba_rl/amazons_long_short_S1_P1_G1_C1_SW1/Toys_and_Games/rl_20261006_052422_r1_1402715/short_scores.json
2026-10-06 13:42:37,682 | INFO | FINAL_LENGTH_SCORES dataset=amazon-toys-and-games group=long split=valid threshold=10 users=103913/103913 scores={"hit@10": 0.05511341218134401, "hit@5": 0.04325734027503777, "ndcg@10": 0.037469005262627045, "ndcg@5": 0.03363520151145525, "recall@10": 0.05511341218134401, "recall@5": 0.04325734027503777}
2026-10-06 13:42:37,682 | INFO | FINAL_LENGTH_SCORES dataset=amazon-toys-and-games group=long split=test threshold=10 users=103913/103913 scores={"hit@10": 0.06414981763590696, "hit@5": 0.05550797301588829, "ndcg@10": 0.05093168177899054, "ndcg@5": 0.048147504500658106, "recall@10": 0.06414981763590696, "recall@5": 0.05550797301588829}
2026-10-06 13:42:37,682 | INFO | long_scores=/workspace/P78123011/MediaTek_2026_project/ver5/outputs_mamba_rl/amazons_long_short_S1_P1_G1_C1_SW1/Toys_and_Games/rl_20261006_052422_r1_1402715/long_scores.json
2026-10-06 13:42:37,683 | INFO | scores=/workspace/P78123011/MediaTek_2026_project/ver5/outputs_mamba_rl/amazons_long_short_S1_P1_G1_C1_SW1/Toys_and_Games/rl_20261006_052422_r1_1402715/Toys_and_Games_scores.json
2026-10-06 13:42:37,683 | INFO | outputs=/workspace/P78123011/MediaTek_2026_project/ver5/outputs_mamba_rl/amazons_long_short_S1_P1_G1_C1_SW1/Toys_and_Games/rl_20261006_052422_r1_1402715
