2026-10-04 21:27:27,015 | INFO | run_id=20261004_212727 dataset=amazon-sports-and-outdoors device=cuda:0
2026-10-04 21:27:27,016 | INFO | MODEL recommender=MultiAgentMambaRecommender semantic_encoder=MambaTextEncoder semantic_model_id=state-spaces/mamba-130m-hf graph_backbone=LightGCN adaptation=multi_lora
2026-10-04 21:27:27,016 | INFO | ABLATION USE_SHORT=1 USE_PREFERENCE=1 USE_GCN=1 USE_COORDINATOR=1
2026-10-04 21:27:27,016 | INFO | AGENT_HISTORY mode=full_history effective_max_history=100 short=4 preference=100
2026-10-04 21:27:27,016 | INFO | EXPERIMENT_NOTE amazons_long_short subset=Sports_and_Outdoors; short filtered-full-sequence <= 10; long > 10; same model and full catalog
2026-10-04 21:27:27,016 | INFO | EXPERIMENT_CONFIG {"agent_diversity_coef": 0.02, "batch_size": 128, "cache_dir": "/workspace/P78123011/cache", "candidates": 256, "data_path": null, "dataset": "amazon-sports-and-outdoors", "device": "cuda:0", "dim": 128, "early_stopping_patience": 6, "enable_lora": 1, "eval_batch_size": 64, "eval_length_basis": "filtered_full_sequence", "eval_length_threshold": 10, "experiment_note": "amazons_long_short subset=Sports_and_Outdoors; short filtered-full-sequence <= 10; long > 10; same model and full catalog", "full_catalog_supervised": false, "future_decay": 0.5, "future_horizon": 3, "generate_reasons": false, "graph_device": "cuda:0", "hard_negative_fraction": 0.75, "hard_negative_pool_multiplier": 12, "hard_negative_warmup_epochs": 2, "history_influence_negatives": 64, "history_influence_output": null, "history_influence_user_limit": 0, "item_prompt_prefix": "Preference-aware product representation: ", "item_vector_artifact": null, "joint_epochs": 0, "joint_lr": 5e-05, "lora_alpha": 32.0, "lora_dropout": 0.05, "lora_rank": 16, "lr_patience": 2, "mamba_encode_batch_size": 32, "mamba_max_tokens": 32, "mamba_model_id": "state-spaces/mamba-130m-hf", "max_events": null, "max_history": 100, "max_transitions": 1000000, "min_rating": 4.0, "monitor_metric": "ndcg@10", "output_dir": "/workspace/P78123011/MediaTek_2026_project/ver5/outputs_mamba_rl/amazons_lora", "output_run_dir": "/workspace/P78123011/MediaTek_2026_project/ver5/outputs_mamba_rl/amazons_long_short_S1_P1_G1_C1_SW4_P4/Sports_and_Outdoors/rl_20261004_212726_r1_2814067", "periodic_test_user_limit": 0, "popularity_alpha": 0.35, "preference_balance_coef": 0.01, "preference_coef": 0.2, "preference_contrastive_coef": 0.05, "preference_count": 4, "preference_score_weight": 0.2, "preference_separation_coef": 0.01, "preference_sharpness_coef": 0.05, "preference_temperature": 0.2, "preference_transition_coef": 0.1, "reason_count": 20, "reason_max_new_tokens": 40, "refresh_data_cache": false, "resume_checkpoint": null, "reverse_history_input": false, "rl_coef": 0.1, "rl_topk": 10, "save_model_weights": false, "score_file": "/workspace/P78123011/MediaTek_2026_project/ver5/outputs_mamba_rl/amazons_long_short_S1_P1_G1_C1_SW4_P4/Sports_and_Outdoors/rl_20261004_212726_r1_2814067/Sports_and_Outdoors_scores.json", "seed": 25252, "short_window": 4, "skip_mamba": false, "specialist_epochs": 4, "specialist_lr": 0.0001, "target_recall_at_10": 0.15, "transition_beta": 0.5, "use_coordinator": true, "use_graph_embeddings": true, "use_in_batch_negatives": true, "use_preference": 1, "use_short": 1, "validate_every_steps": 8000, "validation_user_limit": 0}
2026-10-04 21:27:28,115 | INFO | INTERACTION_CACHE hit path=/workspace/P78123011/cache/mamba_multi_agent_data/amazon-sports-and-outdoors_fcc157f72b81.pkl
2026-10-04 21:27:28,116 | INFO | HISTORY_INPUT_ORDER chronological
2026-10-04 21:27:28,123 | INFO | LENGTH_SPLIT preprocessing=original_one_pass_user_item_min_5 basis=filtered_full_sequence short<=10 long>10
2026-10-04 21:27:28,135 | INFO | users=631803 items=401572 train_interactions=3678023
2026-10-04 21:27:41,694 | INFO | CATALOG_PRIORS popularity_alpha=0.350000 transition_beta=0.500000 source=train_histories_only enabled=True
2026-10-04 21:27:44,418 | INFO | ITEM_VECTOR_ARTIFACT path=/workspace/P78123011/cache/mamba_multi_agent/amazon-sports-and-outdoors_401572_909fc18038f4_prompt_tok32.pt fingerprint=909fc18038f4
2026-10-04 21:27:44,418 | INFO | SEMANTIC_BACKBONE model_id=state-spaces/mamba-130m-hf hidden_size=768 frozen=True usage=shared_cached_item_vectors
2026-10-04 21:27:45,722 | INFO | GRAPH_EMBEDDINGS enabled=True source=train_histories_only main_device=cuda:0 graph_device=cuda:0
2026-10-04 21:27:46,635 | INFO | ADAPTATION_MODE mode=multi_lora enable_lora=1
2026-10-04 21:27:46,635 | INFO | ADAPTER_ROUTES {'short': ('candidate_lora', 'delta_lora', 'gate_lora', 'output_lora'), 'preference': ('transition_encoder.candidate_lora', 'transition_encoder.delta_lora', 'transition_encoder.gate_lora', 'transition_encoder.output_lora', 'state_lora'), 'coordinator': ('state_lora', 'mix_lora', 'score_lora')}
2026-10-04 21:27:46,636 | INFO | agent_parameters={'short': 16513, 'preference': 21770, 'coordinator': 14373, 'shared_projection': 98304, 'graph': 132272000}
2026-10-04 21:27:46,636 | INFO | PREDICTION_PATH graph_only=False active_agents=2 coordinator=True
2026-10-04 21:27:50,654 | INFO | training_transitions=1000000
2026-10-04 21:27:50,654 | INFO | schedule mode=single_stage_dl specialist_dl_epochs=4 joint_dl_rl_epochs=0 effective_rl_coef=0.0000 effective_rl_topk=0 validate_every_steps=8000 validation_users=0 periodic_test_users=0 monitor=ndcg@10 early_stopping_patience=6
2026-10-04 21:27:51,607 | INFO | TRAINING_BRANCHES stage=all_dl short=True preference=True gcn=True preference_auxiliary=True preference_contrastive=True diversity_pairs=1 policy_gradient=False trainable_parameters=132422960
2026-10-04 21:56:36,342 | INFO | 
========== PERIODIC VALIDATION ==========
stage=all_dl | epoch=1 | step=7813 | users=625563/625563
NDCG  | @5 0.023182 | @10 0.026262
Recall| @5 0.029963 | @10 0.039537
Hit   | @5 0.029963 | @10 0.039537
================================
2026-10-04 21:56:36,342 | INFO | PERIODIC VALIDATION SEQUENCE_LENGTH {"basis": "filtered_full_sequence", "long": {"evaluated_users": 97306, "history_length_max": 767, "history_length_mean": 18.187100487123097, "history_length_min": 11, "hit@10": 0.0353626703389308, "hit@5": 0.026205989353174523, "ndcg@10": 0.022942767986950146, "ndcg@5": 0.019994880858094605, "recall@10": 0.0353626703389308, "recall@5": 0.026205989353174523, "total_users": 97306}, "long_rule": "length > threshold", "short": {"evaluated_users": 528257, "history_length_max": 10, "history_length_mean": 5.959404229380775, "history_length_min": 3, "hit@10": 0.040306138868013104, "hit@5": 0.030655533196909838, "ndcg@10": 0.026873327273708125, "ndcg@5": 0.023768962180620534, "recall@10": 0.040306138868013104, "recall@5": 0.030655533196909838, "total_users": 528257}, "short_rule": "length <= threshold", "threshold": 10}
2026-10-04 21:59:35,865 | INFO | 
========== PERIODIC TEST ==========
stage=all_dl | epoch=1 | step=7813 | users=625563/625563
NDCG  | @5 0.026040 | @10 0.028804
Recall| @5 0.032767 | @10 0.041369
Hit   | @5 0.032767 | @10 0.041369
================================
2026-10-04 21:59:35,866 | INFO | PERIODIC TEST SEQUENCE_LENGTH {"basis": "filtered_full_sequence", "long": {"evaluated_users": 97306, "history_length_max": 767, "history_length_mean": 18.187100487123097, "history_length_min": 11, "hit@10": 0.0398228269582554, "hit@5": 0.03120054261813249, "ndcg@10": 0.027543394950591226, "ndcg@5": 0.024782872850990515, "recall@10": 0.0398228269582554, "recall@5": 0.03120054261813249, "total_users": 97306}, "long_rule": "length > threshold", "short": {"evaluated_users": 528257, "history_length_max": 10, "history_length_mean": 5.959404229380775, "history_length_min": 3, "hit@10": 0.041653967671038905, "hit@5": 0.0330558799978041, "ndcg@10": 0.029036730405348096, "ndcg@5": 0.02627190103946751, "recall@10": 0.041653967671038905, "recall@5": 0.0330558799978041, "total_users": 528257}, "short_rule": "length <= threshold", "threshold": 10}
2026-10-04 21:59:35,867 | INFO | VALID_STEP step=7813 stage=all_dl epoch=1 ndcg@10=0.026262 recall@10=0.039537 improved=True
2026-10-04 21:59:36,125 | INFO | BEST_MODEL_IN_MEMORY step=7813 stage=all_dl ndcg@10=0.026262
2026-10-04 21:59:36,126 | INFO | LEARNING_RATE step=7813 stage=all_dl lr=0.0001
2026-10-04 21:59:36,126 | INFO | stage=all_dl epoch=1 loss=5.569083 steps=7813 transitions/s=648.69
2026-10-04 22:28:26,996 | INFO | 
========== PERIODIC VALIDATION ==========
stage=all_dl | epoch=2 | step=15626 | users=625563/625563
NDCG  | @5 0.025070 | @10 0.028046
Recall| @5 0.031683 | @10 0.040942
Hit   | @5 0.031683 | @10 0.040942
================================
2026-10-04 22:28:26,996 | INFO | PERIODIC VALIDATION SEQUENCE_LENGTH {"basis": "filtered_full_sequence", "long": {"evaluated_users": 97306, "history_length_max": 767, "history_length_mean": 18.187100487123097, "history_length_min": 11, "hit@10": 0.03798326927424825, "hit@5": 0.028723819702793252, "ndcg@10": 0.025454126213453325, "ndcg@5": 0.022479837693524983, "recall@10": 0.03798326927424825, "recall@5": 0.028723819702793252, "total_users": 97306}, "long_rule": "length > threshold", "short": {"evaluated_users": 528257, "history_length_max": 10, "history_length_mean": 5.959404229380775, "history_length_min": 3, "hit@10": 0.04148738208864246, "hit@5": 0.0322286311397672, "ndcg@10": 0.028522925422436923, "ndcg@5": 0.025546980602756956, "recall@10": 0.04148738208864246, "recall@5": 0.0322286311397672, "total_users": 528257}, "short_rule": "length <= threshold", "threshold": 10}
2026-10-04 22:31:26,911 | INFO | 
========== PERIODIC TEST ==========
stage=all_dl | epoch=2 | step=15626 | users=625563/625563
NDCG  | @5 0.031853 | @10 0.034579
Recall| @5 0.038567 | @10 0.047010
Hit   | @5 0.038567 | @10 0.047010
================================
2026-10-04 22:31:26,912 | INFO | PERIODIC TEST SEQUENCE_LENGTH {"basis": "filtered_full_sequence", "long": {"evaluated_users": 97306, "history_length_max": 767, "history_length_mean": 18.187100487123097, "history_length_min": 11, "hit@10": 0.046934413088607074, "hit@5": 0.03862043450558034, "ndcg@10": 0.0348616045916132, "ndcg@5": 0.032185064800038486, "recall@10": 0.046934413088607074, "recall@5": 0.03862043450558034, "total_users": 97306}, "long_rule": "length > threshold", "short": {"evaluated_users": 528257, "history_length_max": 10, "history_length_mean": 5.959404229380775, "history_length_min": 3, "hit@10": 0.04702445968534255, "hit@5": 0.038556990252850414, "ndcg@10": 0.03452656876231154, "ndcg@5": 0.03179157856701393, "recall@10": 0.04702445968534255, "recall@5": 0.038556990252850414, "total_users": 528257}, "short_rule": "length <= threshold", "threshold": 10}
2026-10-04 22:31:26,912 | INFO | VALID_STEP step=15626 stage=all_dl epoch=2 ndcg@10=0.028046 recall@10=0.040942 improved=True
2026-10-04 22:31:27,197 | INFO | BEST_MODEL_IN_MEMORY step=15626 stage=all_dl ndcg@10=0.028046
2026-10-04 22:31:27,197 | INFO | LEARNING_RATE step=15626 stage=all_dl lr=0.0001
2026-10-04 22:31:27,197 | INFO | stage=all_dl epoch=2 loss=5.290971 steps=7813 transitions/s=646.58
2026-10-04 23:00:16,654 | INFO | 
========== PERIODIC VALIDATION ==========
stage=all_dl | epoch=3 | step=23439 | users=625563/625563
NDCG  | @5 0.022319 | @10 0.024877
Recall| @5 0.027994 | @10 0.035947
Hit   | @5 0.027994 | @10 0.035947
================================
2026-10-04 23:00:16,655 | INFO | PERIODIC VALIDATION SEQUENCE_LENGTH {"basis": "filtered_full_sequence", "long": {"evaluated_users": 97306, "history_length_max": 767, "history_length_mean": 18.187100487123097, "history_length_min": 11, "hit@10": 0.033923910139148666, "hit@5": 0.026144328201755287, "ndcg@10": 0.02322238557650542, "ndcg@5": 0.020721107202884226, "recall@10": 0.033923910139148666, "recall@5": 0.026144328201755287, "total_users": 97306}, "long_rule": "length > threshold", "short": {"evaluated_users": 528257, "history_length_max": 10, "history_length_mean": 5.959404229380775, "history_length_min": 3, "hit@10": 0.03631944299838904, "hit@5": 0.028334693151250243, "ndcg@10": 0.025182350454239347, "ndcg@5": 0.02261376636593571, "recall@10": 0.03631944299838904, "recall@5": 0.028334693151250243, "total_users": 528257}, "short_rule": "length <= threshold", "threshold": 10}
2026-10-04 23:03:16,271 | INFO | 
========== PERIODIC TEST ==========
stage=all_dl | epoch=3 | step=23439 | users=625563/625563
NDCG  | @5 0.029433 | @10 0.031774
Recall| @5 0.035144 | @10 0.042416
Hit   | @5 0.035144 | @10 0.042416
================================
2026-10-04 23:03:16,271 | INFO | PERIODIC TEST SEQUENCE_LENGTH {"basis": "filtered_full_sequence", "long": {"evaluated_users": 97306, "history_length_max": 767, "history_length_mean": 18.187100487123097, "history_length_min": 11, "hit@10": 0.0439130166690646, "hit@5": 0.03668838509444433, "ndcg@10": 0.03324231071616858, "ndcg@5": 0.03091764418591956, "recall@10": 0.0439130166690646, "recall@5": 0.03668838509444433, "total_users": 97306}, "long_rule": "length > threshold", "short": {"evaluated_users": 528257, "history_length_max": 10, "history_length_mean": 5.959404229380775, "history_length_min": 3, "hit@10": 0.042140473292355804, "hit@5": 0.03485992613443835, "ndcg@10": 0.031503245160289274, "ndcg@5": 0.029159746160675994, "recall@10": 0.042140473292355804, "recall@5": 0.03485992613443835, "total_users": 528257}, "short_rule": "length <= threshold", "threshold": 10}
2026-10-04 23:03:16,271 | INFO | VALID_STEP step=23439 stage=all_dl epoch=3 ndcg@10=0.024877 recall@10=0.035947 improved=False
2026-10-04 23:03:16,271 | INFO | LEARNING_RATE step=23439 stage=all_dl lr=0.0001
2026-10-04 23:03:16,272 | INFO | stage=all_dl epoch=3 loss=4.801701 steps=7813 transitions/s=647.21
2026-10-04 23:32:05,570 | INFO | 
========== PERIODIC VALIDATION ==========
stage=all_dl | epoch=4 | step=31252 | users=625563/625563
NDCG  | @5 0.021096 | @10 0.023385
Recall| @5 0.026045 | @10 0.033148
Hit   | @5 0.026045 | @10 0.033148
================================
2026-10-04 23:32:05,570 | INFO | PERIODIC VALIDATION SEQUENCE_LENGTH {"basis": "filtered_full_sequence", "long": {"evaluated_users": 97306, "history_length_max": 767, "history_length_mean": 18.187100487123097, "history_length_min": 11, "hit@10": 0.031847984708034446, "hit@5": 0.024479477113435965, "ndcg@10": 0.022197181058682642, "ndcg@5": 0.019817013619364554, "recall@10": 0.031847984708034446, "recall@5": 0.024479477113435965, "total_users": 97306}, "long_rule": "length > threshold", "short": {"evaluated_users": 528257, "history_length_max": 10, "history_length_mean": 5.959404229380775, "history_length_min": 3, "hit@10": 0.033387158144615216, "hit@5": 0.0263337731445111, "ndcg@10": 0.02360338352858583, "ndcg@5": 0.021331741530217396, "recall@10": 0.033387158144615216, "recall@5": 0.0263337731445111, "total_users": 528257}, "short_rule": "length <= threshold", "threshold": 10}
2026-10-04 23:35:04,834 | INFO | 
========== PERIODIC TEST ==========
stage=all_dl | epoch=4 | step=31252 | users=625563/625563
NDCG  | @5 0.028538 | @10 0.030628
Recall| @5 0.033531 | @10 0.040014
Hit   | @5 0.033531 | @10 0.040014
================================
2026-10-04 23:35:04,834 | INFO | PERIODIC TEST SEQUENCE_LENGTH {"basis": "filtered_full_sequence", "long": {"evaluated_users": 97306, "history_length_max": 767, "history_length_mean": 18.187100487123097, "history_length_min": 11, "hit@10": 0.041785706945101024, "hit@5": 0.035527100076048757, "ndcg@10": 0.032324239993101106, "ndcg@5": 0.03030469081839877, "recall@10": 0.041785706945101024, "recall@5": 0.035527100076048757, "total_users": 97306}, "long_rule": "length > threshold", "short": {"evaluated_users": 528257, "history_length_max": 10, "history_length_mean": 5.959404229380775, "history_length_min": 3, "hit@10": 0.039687121987971766, "hit@5": 0.03316378202276543, "ndcg@10": 0.030315478451820223, "ndcg@5": 0.028212234262336086, "recall@10": 0.039687121987971766, "recall@5": 0.03316378202276543, "total_users": 528257}, "short_rule": "length <= threshold", "threshold": 10}
2026-10-04 23:35:04,835 | INFO | VALID_STEP step=31252 stage=all_dl epoch=4 ndcg@10=0.023385 recall@10=0.033148 improved=False
2026-10-04 23:35:04,835 | INFO | LEARNING_RATE step=31252 stage=all_dl lr=0.0001
2026-10-04 23:35:04,835 | INFO | stage=all_dl epoch=4 loss=4.429303 steps=7813 transitions/s=646.79
2026-10-04 23:38:03,344 | INFO | 
========== FINAL CURRENT VALIDATION ==========
stage=final | epoch=0 | step=31252 | users=625563/625563
NDCG  | @5 0.021096 | @10 0.023385
Recall| @5 0.026045 | @10 0.033148
Hit   | @5 0.026045 | @10 0.033148
================================
2026-10-04 23:38:03,344 | INFO | FINAL CURRENT VALIDATION SEQUENCE_LENGTH {"basis": "filtered_full_sequence", "long": {"evaluated_users": 97306, "history_length_max": 767, "history_length_mean": 18.187100487123097, "history_length_min": 11, "hit@10": 0.031847984708034446, "hit@5": 0.024479477113435965, "ndcg@10": 0.022197181058682642, "ndcg@5": 0.019817013619364554, "recall@10": 0.031847984708034446, "recall@5": 0.024479477113435965, "total_users": 97306}, "long_rule": "length > threshold", "short": {"evaluated_users": 528257, "history_length_max": 10, "history_length_mean": 5.959404229380775, "history_length_min": 3, "hit@10": 0.033387158144615216, "hit@5": 0.0263337731445111, "ndcg@10": 0.02360338352858583, "ndcg@5": 0.021331741530217396, "recall@10": 0.033387158144615216, "recall@5": 0.0263337731445111, "total_users": 528257}, "short_rule": "length <= threshold", "threshold": 10}
2026-10-04 23:38:03,344 | INFO | VALID_STEP step=31252 stage=final epoch=0 ndcg@10=0.023385 recall@10=0.033148 improved=False
2026-10-04 23:38:03,385 | INFO | RESTORE_BEST step=15626 stage=all_dl ndcg@10=0.028046
2026-10-04 23:44:00,930 | INFO | 
========== BEST CHECKPOINT VALIDATION ==========
stage=all_dl | epoch=0 | step=15626 | users=625563/625563
NDCG  | @5 0.025070 | @10 0.028046
Recall| @5 0.031683 | @10 0.040942
Hit   | @5 0.031683 | @10 0.040942
================================
2026-10-04 23:44:00,930 | INFO | BEST CHECKPOINT VALIDATION SEQUENCE_LENGTH {"basis": "filtered_full_sequence", "long": {"evaluated_users": 97306, "history_length_max": 767, "history_length_mean": 18.187100487123097, "history_length_min": 11, "hit@10": 0.03798326927424825, "hit@5": 0.028723819702793252, "ndcg@10": 0.025454126213453325, "ndcg@5": 0.022479837693524983, "recall@10": 0.03798326927424825, "recall@5": 0.028723819702793252, "total_users": 97306}, "long_rule": "length > threshold", "short": {"evaluated_users": 528257, "history_length_max": 10, "history_length_mean": 5.959404229380775, "history_length_min": 3, "hit@10": 0.04148738208864246, "hit@5": 0.0322286311397672, "ndcg@10": 0.028522925422436923, "ndcg@5": 0.025546980602756956, "recall@10": 0.04148738208864246, "recall@5": 0.0322286311397672, "total_users": 528257}, "short_rule": "length <= threshold", "threshold": 10}
2026-10-04 23:44:00,930 | INFO | 
========== FINAL FULL TEST ==========
stage=all_dl | epoch=0 | step=15626 | users=625563/625563
NDCG  | @5 0.031853 | @10 0.034579
Recall| @5 0.038567 | @10 0.047010
Hit   | @5 0.038567 | @10 0.047010
================================
2026-10-04 23:44:00,930 | INFO | FINAL FULL TEST SEQUENCE_LENGTH {"basis": "filtered_full_sequence", "long": {"evaluated_users": 97306, "history_length_max": 767, "history_length_mean": 18.187100487123097, "history_length_min": 11, "hit@10": 0.046934413088607074, "hit@5": 0.03862043450558034, "ndcg@10": 0.0348616045916132, "ndcg@5": 0.032185064800038486, "recall@10": 0.046934413088607074, "recall@5": 0.03862043450558034, "total_users": 97306}, "long_rule": "length > threshold", "short": {"evaluated_users": 528257, "history_length_max": 10, "history_length_mean": 5.959404229380775, "history_length_min": 3, "hit@10": 0.04702445968534255, "hit@5": 0.038556990252850414, "ndcg@10": 0.03452656876231154, "ndcg@5": 0.03179157856701393, "recall@10": 0.04702445968534255, "recall@5": 0.038556990252850414, "total_users": 528257}, "short_rule": "length <= threshold", "threshold": 10}
2026-10-04 23:44:00,930 | INFO | VALID_BEST {"evaluated_users": 625563, "hit@10": 0.04094231915890166, "hit@5": 0.031683459539646686, "ndcg@10": 0.028045575450634755, "ndcg@5": 0.02506988810183141, "preference_agent_weight": 1.0423886577687785e-05, "preference_change_probability": 0.024685936553372253, "preference_current_entropy": 0.4346136531264273, "preference_next_entropy": 0.5078554250553392, "preference_ranking_weight": 1.0423886577687785e-05, "recall@10": 0.04094231915890166, "recall@5": 0.031683459539646686, "scores_per_second": 1413906281.4128423, "sequence_length": {"basis": "filtered_full_sequence", "long": {"evaluated_users": 97306, "history_length_max": 767, "history_length_mean": 18.187100487123097, "history_length_min": 11, "hit@10": 0.03798326927424825, "hit@5": 0.028723819702793252, "ndcg@10": 0.025454126213453325, "ndcg@5": 0.022479837693524983, "recall@10": 0.03798326927424825, "recall@5": 0.028723819702793252, "total_users": 97306}, "long_rule": "length > threshold", "short": {"evaluated_users": 528257, "history_length_max": 10, "history_length_mean": 5.959404229380775, "history_length_min": 3, "hit@10": 0.04148738208864246, "hit@5": 0.0322286311397672, "ndcg@10": 0.028522925422436923, "ndcg@5": 0.025546980602756956, "recall@10": 0.04148738208864246, "recall@5": 0.0322286311397672, "total_users": 528257}, "short_rule": "length <= threshold", "threshold": 10}, "short_agent_weight": 0.9999895869100187, "short_preference_state_cosine": 0.1718602248832167, "total_users": 625563, "users_per_second": 3520.9284547051147}
2026-10-04 23:44:00,930 | INFO | TEST_FINAL {"evaluated_users": 625563, "hit@10": 0.04701045298395205, "hit@5": 0.03856685897343673, "ndcg@10": 0.03457868349498359, "ndcg@5": 0.03185278508302986, "preference_agent_weight": 8.643732786264934e-06, "preference_change_probability": 0.026305658635650226, "preference_current_entropy": 0.47250557491268896, "preference_next_entropy": 0.5218707230881768, "preference_ranking_weight": 8.643732786264934e-06, "recall@10": 0.04701045298395205, "recall@5": 0.03856685897343673, "scores_per_second": 1403658640.69349, "sequence_length": {"basis": "filtered_full_sequence", "long": {"evaluated_users": 97306, "history_length_max": 767, "history_length_mean": 18.187100487123097, "history_length_min": 11, "hit@10": 0.046934413088607074, "hit@5": 0.03862043450558034, "ndcg@10": 0.0348616045916132, "ndcg@5": 0.032185064800038486, "recall@10": 0.046934413088607074, "recall@5": 0.03862043450558034, "total_users": 97306}, "long_rule": "length > threshold", "short": {"evaluated_users": 528257, "history_length_max": 10, "history_length_mean": 5.959404229380775, "history_length_min": 3, "hit@10": 0.04702445968534255, "hit@5": 0.038556990252850414, "ndcg@10": 0.03452656876231154, "ndcg@5": 0.03179157856701393, "recall@10": 0.04702445968534255, "recall@5": 0.038556990252850414, "total_users": 528257}, "short_rule": "length <= threshold", "threshold": 10}, "short_agent_weight": 0.9999913695876299, "short_preference_state_cosine": 0.18107571083086033, "total_users": 625563, "users_per_second": 3495.409641841289}
2026-10-04 23:44:00,930 | INFO | TARGET_RESULT metric=recall@10 target=>0.150000 actual=0.047010 achieved=False
2026-10-04 23:44:01,203 | INFO | FINAL_LENGTH_SCORES dataset=amazon-sports-and-outdoors group=short split=valid threshold=10 users=528257/528257 scores={"hit@10": 0.04148738208864246, "hit@5": 0.0322286311397672, "ndcg@10": 0.028522925422436923, "ndcg@5": 0.025546980602756956, "recall@10": 0.04148738208864246, "recall@5": 0.0322286311397672}
2026-10-04 23:44:01,203 | INFO | FINAL_LENGTH_SCORES dataset=amazon-sports-and-outdoors group=short split=test threshold=10 users=528257/528257 scores={"hit@10": 0.04702445968534255, "hit@5": 0.038556990252850414, "ndcg@10": 0.03452656876231154, "ndcg@5": 0.03179157856701393, "recall@10": 0.04702445968534255, "recall@5": 0.038556990252850414}
2026-10-04 23:44:01,203 | INFO | short_scores=/workspace/P78123011/MediaTek_2026_project/ver5/outputs_mamba_rl/amazons_long_short_S1_P1_G1_C1_SW4_P4/Sports_and_Outdoors/rl_20261004_212726_r1_2814067/short_scores.json
2026-10-04 23:44:01,203 | INFO | FINAL_LENGTH_SCORES dataset=amazon-sports-and-outdoors group=long split=valid threshold=10 users=97306/97306 scores={"hit@10": 0.03798326927424825, "hit@5": 0.028723819702793252, "ndcg@10": 0.025454126213453325, "ndcg@5": 0.022479837693524983, "recall@10": 0.03798326927424825, "recall@5": 0.028723819702793252}
2026-10-04 23:44:01,203 | INFO | FINAL_LENGTH_SCORES dataset=amazon-sports-and-outdoors group=long split=test threshold=10 users=97306/97306 scores={"hit@10": 0.046934413088607074, "hit@5": 0.03862043450558034, "ndcg@10": 0.0348616045916132, "ndcg@5": 0.032185064800038486, "recall@10": 0.046934413088607074, "recall@5": 0.03862043450558034}
2026-10-04 23:44:01,203 | INFO | long_scores=/workspace/P78123011/MediaTek_2026_project/ver5/outputs_mamba_rl/amazons_long_short_S1_P1_G1_C1_SW4_P4/Sports_and_Outdoors/rl_20261004_212726_r1_2814067/long_scores.json
2026-10-04 23:44:01,203 | INFO | scores=/workspace/P78123011/MediaTek_2026_project/ver5/outputs_mamba_rl/amazons_long_short_S1_P1_G1_C1_SW4_P4/Sports_and_Outdoors/rl_20261004_212726_r1_2814067/Sports_and_Outdoors_scores.json
2026-10-04 23:44:01,203 | INFO | outputs=/workspace/P78123011/MediaTek_2026_project/ver5/outputs_mamba_rl/amazons_long_short_S1_P1_G1_C1_SW4_P4/Sports_and_Outdoors/rl_20261004_212726_r1_2814067
