2026-08-28 01:19:27,236 | INFO | run_id=20260828_011927 dataset=amazon-sports-and-outdoors device=cuda
2026-08-28 01:19:27,237 | INFO | EXPERIMENT_NOTE amazons_full subset=Sports; common architecture; periodic validation/test
2026-08-28 01:19:27,237 | INFO | EXPERIMENT_CONFIG {"batch_size": 128, "cache_dir": "/workspace/P78123011/cache", "candidates": 256, "coordinator_epochs": 2, "coordinator_lr": 0.0001, "data_path": null, "dataset": "amazon-sports-and-outdoors", "device": "cuda", "dim": 128, "early_stopping_patience": 6, "entropy_coef": 0.003, "eval_batch_size": 64, "experiment_note": "amazons_full subset=Sports; common architecture; periodic validation/test", "full_catalog_supervised": false, "generate_reasons": false, "item_vector_artifact": null, "joint_lr": 2e-05, "lora_alpha": 16.0, "lora_dropout": 0.05, "lora_rank": 8, "lr_patience": 2, "mamba_encode_batch_size": 32, "mamba_max_tokens": 16, "max_events": null, "max_history": 100, "max_transitions": 1000000, "min_rating": 4.0, "min_user_events": 5, "monitor_metric": "ndcg@10", "output_dir": "/workspace/P78123011/MediaTek_2026_project/outputs_mamba_rl", "output_run_dir": "/workspace/P78123011/MediaTek_2026_project/outputs_mamba_rl/amazons_full/Sports/rl_20260828_011926", "periodic_test_user_limit": 0, "popularity_alpha": 0.35, "reason_count": 20, "reason_max_new_tokens": 40, "refresh_data_cache": false, "resume_checkpoint": null, "rl_epochs": 12, "save_model_weights": false, "score_file": "/workspace/P78123011/MediaTek_2026_project/outputs_mamba_rl/amazons_full/Sports/rl_20260828_011926/Sports_scores.json", "seed": 25252, "short_window": 10, "skip_mamba": false, "specialist_epochs": 3, "specialist_lr": 2e-05, "specialization_coef": 0.005, "supervised_coef": 0.5, "target_recall_at_10": 0.15, "transition_beta": 0.5, "validate_every_steps": 8000, "validation_user_limit": 0}
2026-08-28 01:19:28,644 | INFO | INTERACTION_CACHE hit path=/workspace/P78123011/cache/mamba_multi_agent_data/amazon-sports-and-outdoors_2f2f890dc509.pkl
2026-08-28 01:19:28,654 | INFO | users=632081 items=868148 train_interactions=4253294
2026-08-28 01:19:43,310 | INFO | CATALOG_PRIORS popularity_alpha=0.350000 transition_beta=0.500000 source=train_histories_only enabled=True
2026-08-28 01:19:47,957 | INFO | ITEM_VECTOR_ARTIFACT path=/workspace/P78123011/cache/mamba_multi_agent/amazon-sports-and-outdoors_868148_6f09f78a5697_tok16.pt fingerprint=6f09f78a5697
2026-08-28 01:19:49,131 | INFO | agent_parameters={'long': 8321, 'short': 8321, 'coordinator': 7185, 'shared_projection': 327680}
2026-08-28 01:19:53,442 | INFO | training_transitions=1000000
2026-08-28 01:19:53,442 | INFO | schedule specialist_epochs=3 coordinator_epochs=2 rl_epochs=12 validate_every_steps=8000 validation_users=0 periodic_test_users=0 monitor=ndcg@10 early_stopping_patience=6
2026-08-28 01:27:04,710 | INFO | stage=specialists epoch=1 loss=10.412648 steps=7813 transitions/s=2325.29
2026-08-28 01:31:00,567 | INFO | 
========== PERIODIC VALIDATION ==========
stage=specialists | epoch=2 | step=8000 | users=632081/632081
NDCG  | @5 0.008707 | @10 0.010342
Recall| @5 0.012305 | @10 0.017392
Hit   | @5 0.012305 | @10 0.017392
================================
2026-08-28 01:34:47,025 | INFO | 
========== PERIODIC TEST ==========
stage=specialists | epoch=2 | step=8000 | users=632081/632081
NDCG  | @5 0.009368 | @10 0.010909
Recall| @5 0.012861 | @10 0.017653
Hit   | @5 0.012861 | @10 0.017653
================================
2026-08-28 01:34:47,025 | INFO | VALID_STEP step=8000 stage=specialists epoch=2 ndcg@10=0.010342 recall@10=0.017392 improved=True
2026-08-28 01:34:47,026 | INFO | BEST_MODEL_IN_MEMORY step=8000 stage=specialists ndcg@10=0.010342
