2026-10-03 13:36:32,565 | INFO | run_id=20261003_133632 dataset=amazon:Baby_Products device=cuda:0
2026-10-03 13:36:32,565 | INFO | MODEL recommender=MultiAgentMambaRecommender semantic_encoder=MambaTextEncoder semantic_model_id=state-spaces/mamba-130m-hf graph_backbone=LightGCN adaptation=multi_lora
2026-10-03 13:36:32,565 | INFO | ABLATION USE_SHORT=1 USE_PREFERENCE=0 USE_GCN=1 USE_COORDINATOR=0
2026-10-03 13:36:32,565 | INFO | AGENT_HISTORY mode=short_window_only effective_max_history=4 short=4 preference=0
2026-10-03 13:36:32,565 | INFO | EXPERIMENT_NOTE amazons_long_short subset=Baby_Products; short filtered-full-sequence <= 10; long > 10; same model and full catalog
2026-10-03 13:36:32,566 | INFO | EXPERIMENT_CONFIG {"agent_diversity_coef": 0.02, "batch_size": 128, "cache_dir": "/workspace/P78123011/cache", "candidates": 192, "data_path": null, "dataset": "amazon:Baby_Products", "device": "cuda:0", "dim": 128, "early_stopping_patience": 6, "enable_lora": 1, "eval_batch_size": 64, "eval_length_basis": "filtered_full_sequence", "eval_length_threshold": 10, "experiment_note": "amazons_long_short subset=Baby_Products; short filtered-full-sequence <= 10; long > 10; same model and full catalog", "full_catalog_supervised": false, "future_decay": 0.5, "future_horizon": 3, "generate_reasons": false, "graph_device": "cuda:0", "hard_negative_fraction": 0.75, "hard_negative_pool_multiplier": 12, "hard_negative_warmup_epochs": 2, "history_influence_negatives": 64, "history_influence_output": null, "history_influence_user_limit": 0, "item_prompt_prefix": "Preference-aware product representation: ", "item_vector_artifact": null, "joint_epochs": 0, "joint_lr": 5e-05, "lora_alpha": 32.0, "lora_dropout": 0.05, "lora_rank": 16, "lr_patience": 2, "mamba_encode_batch_size": 32, "mamba_max_tokens": 32, "mamba_model_id": "state-spaces/mamba-130m-hf", "max_events": null, "max_history": 100, "max_transitions": 1500000, "min_rating": 4.0, "monitor_metric": "ndcg@10", "output_dir": "/workspace/P78123011/MediaTek_2026_project/ver5/outputs_mamba_rl/amazons_lora", "output_run_dir": "/workspace/P78123011/MediaTek_2026_project/ver5/outputs_mamba_rl/amazons_long_short_S1_P0_G1_C0_SW4/Baby_Products/rl_20261003_133631_r1_965670", "periodic_test_user_limit": 0, "popularity_alpha": 0.3, "preference_balance_coef": 0.01, "preference_coef": 0.2, "preference_contrastive_coef": 0.05, "preference_count": 32, "preference_score_weight": 0.2, "preference_separation_coef": 0.01, "preference_sharpness_coef": 0.05, "preference_temperature": 0.2, "preference_transition_coef": 0.1, "reason_count": 20, "reason_max_new_tokens": 40, "refresh_data_cache": false, "resume_checkpoint": null, "reverse_history_input": false, "rl_coef": 0.1, "rl_topk": 10, "save_model_weights": false, "score_file": "/workspace/P78123011/MediaTek_2026_project/ver5/outputs_mamba_rl/amazons_long_short_S1_P0_G1_C0_SW4/Baby_Products/rl_20261003_133631_r1_965670/Baby_Products_scores.json", "seed": 25252, "short_window": 4, "skip_mamba": false, "specialist_epochs": 4, "specialist_lr": 0.0001, "target_recall_at_10": 0.15, "transition_beta": 0.5, "use_coordinator": false, "use_graph_embeddings": true, "use_in_batch_negatives": true, "use_preference": 0, "use_short": 1, "validate_every_steps": 6000, "validation_user_limit": 0}
2026-10-03 13:36:32,970 | INFO | INTERACTION_CACHE hit path=/workspace/P78123011/cache/mamba_multi_agent_data/amazon_Baby_Products_e6e228b87df8.pkl
2026-10-03 13:36:32,970 | INFO | HISTORY_INPUT_ORDER chronological
2026-10-03 13:36:32,971 | INFO | LENGTH_SPLIT preprocessing=original_one_pass_user_item_min_5 basis=filtered_full_sequence short<=10 long>10
2026-10-03 13:36:32,976 | INFO | users=184834 items=77324 train_interactions=1121805
2026-10-03 13:36:44,623 | INFO | CATALOG_PRIORS popularity_alpha=0.300000 transition_beta=0.500000 source=train_histories_only enabled=True
2026-10-03 13:36:45,402 | INFO | ITEM_VECTOR_ARTIFACT path=/workspace/P78123011/cache/mamba_multi_agent/amazon_Baby_Products_77324_1b6c35e33122_prompt_tok32.pt fingerprint=1b6c35e33122
2026-10-03 13:36:45,402 | INFO | SEMANTIC_BACKBONE model_id=state-spaces/mamba-130m-hf hidden_size=768 frozen=True usage=shared_cached_item_vectors
2026-10-03 13:36:45,981 | INFO | GRAPH_EMBEDDINGS enabled=True source=train_histories_only main_device=cuda:0 graph_device=cuda:0
2026-10-03 13:36:46,389 | INFO | ADAPTATION_MODE mode=multi_lora enable_lora=1
2026-10-03 13:36:46,389 | INFO | ADAPTER_ROUTES {'short': ('candidate_lora', 'delta_lora', 'gate_lora', 'output_lora')}
2026-10-03 13:36:46,390 | INFO | agent_parameters={'short': 16513, 'preference': 28994, 'coordinator': 0, 'shared_projection': 98304, 'graph': 33556224}
2026-10-03 13:36:46,390 | INFO | PREDICTION_PATH graph_only=False active_agents=1 coordinator=False
2026-10-03 13:36:48,642 | INFO | training_transitions=936971
2026-10-03 13:36:48,642 | INFO | schedule mode=single_stage_dl specialist_dl_epochs=4 joint_dl_rl_epochs=0 effective_rl_coef=0.0000 effective_rl_topk=0 validate_every_steps=6000 validation_users=0 periodic_test_users=0 monitor=ndcg@10 early_stopping_patience=6
2026-10-03 13:36:49,482 | INFO | TRAINING_BRANCHES stage=all_dl short=True preference=False gcn=True preference_auxiliary=False preference_contrastive=False diversity_pairs=0 policy_gradient=False trainable_parameters=33671041
2026-10-03 15:14:32,615 | INFO | 
========== PERIODIC VALIDATION ==========
stage=all_dl | epoch=1 | step=6000 | users=184584/184584
NDCG  | @5 0.023390 | @10 0.027423
Recall| @5 0.031839 | @10 0.044375
Hit   | @5 0.031839 | @10 0.044375
================================
2026-10-03 15:14:32,615 | INFO | PERIODIC VALIDATION SEQUENCE_LENGTH {"basis": "filtered_full_sequence", "long": {"evaluated_users": 29587, "history_length_max": 507, "history_length_mean": 17.607935917801736, "history_length_min": 11, "hit@10": 0.044310001013958836, "hit@5": 0.031905904620272416, "ndcg@10": 0.026875007517945144, "ndcg@5": 0.022901183729321265, "recall@10": 0.044310001013958836, "recall@5": 0.031905904620272416, "total_users": 29587}, "long_rule": "length > threshold", "short": {"evaluated_users": 154997, "history_length_max": 10, "history_length_mean": 6.255211391188216, "history_length_min": 3, "hit@10": 0.04438795589592057, "hit@5": 0.03182642244688607, "ndcg@10": 0.02752777799543486, "ndcg@5": 0.02348389589317623, "recall@10": 0.04438795589592057, "recall@5": 0.03182642244688607, "total_users": 154997}, "short_rule": "length <= threshold", "threshold": 10}
2026-10-03 15:33:48,895 | INFO | 
========== PERIODIC TEST ==========
stage=all_dl | epoch=1 | step=6000 | users=184584/184584
NDCG  | @5 0.025364 | @10 0.029122
Recall| @5 0.033762 | @10 0.045491
Hit   | @5 0.033762 | @10 0.045491
================================
2026-10-03 15:33:48,895 | INFO | PERIODIC TEST SEQUENCE_LENGTH {"basis": "filtered_full_sequence", "long": {"evaluated_users": 29587, "history_length_max": 507, "history_length_mean": 17.607935917801736, "history_length_min": 11, "hit@10": 0.046642106330482984, "hit@5": 0.03400141954236658, "ndcg@10": 0.029650778564481194, "ndcg@5": 0.025585631047574036, "recall@10": 0.046642106330482984, "recall@5": 0.03400141954236658, "total_users": 29587}, "long_rule": "length > threshold", "short": {"evaluated_users": 154997, "history_length_max": 10, "history_length_mean": 6.255211391188216, "history_length_min": 3, "hit@10": 0.045271843971173634, "hit@5": 0.03371678161512803, "ndcg@10": 0.02902154035958938, "ndcg@5": 0.02532199178441387, "recall@10": 0.045271843971173634, "recall@5": 0.03371678161512803, "total_users": 154997}, "short_rule": "length <= threshold", "threshold": 10}
2026-10-03 15:33:48,896 | INFO | VALID_STEP step=6000 stage=all_dl epoch=1 ndcg@10=0.027423 recall@10=0.044375 improved=True
2026-10-03 15:33:48,978 | INFO | BEST_MODEL_IN_MEMORY step=6000 stage=all_dl ndcg@10=0.027423
2026-10-03 15:33:48,978 | INFO | LEARNING_RATE step=6000 stage=all_dl lr=0.0001
2026-10-03 15:48:08,088 | INFO | stage=all_dl epoch=1 loss=4.951829 steps=7321 transitions/s=170.19
2026-10-03 17:29:11,567 | INFO | 
========== PERIODIC VALIDATION ==========
stage=all_dl | epoch=2 | step=13321 | users=184584/184584
NDCG  | @5 0.031333 | @10 0.035649
Recall| @5 0.041098 | @10 0.054539
Hit   | @5 0.041098 | @10 0.054539
================================
2026-10-03 17:29:11,568 | INFO | PERIODIC VALIDATION SEQUENCE_LENGTH {"basis": "filtered_full_sequence", "long": {"evaluated_users": 29587, "history_length_max": 507, "history_length_mean": 17.607935917801736, "history_length_min": 11, "hit@10": 0.053841214046709704, "hit@5": 0.03957819312535911, "ndcg@10": 0.03490154287172542, "ndcg@5": 0.030304019203064383, "recall@10": 0.053841214046709704, "recall@5": 0.03957819312535911, "total_users": 29587}, "long_rule": "length > threshold", "short": {"evaluated_users": 154997, "history_length_max": 10, "history_length_mean": 6.255211391188216, "history_length_min": 3, "hit@10": 0.054672025910178904, "hit@5": 0.04138789783028059, "ndcg@10": 0.03579158082058124, "ndcg@5": 0.031529184597483384, "recall@10": 0.054672025910178904, "recall@5": 0.04138789783028059, "total_users": 154997}, "short_rule": "length <= threshold", "threshold": 10}
2026-10-03 17:48:42,868 | INFO | 
========== PERIODIC TEST ==========
stage=all_dl | epoch=2 | step=13321 | users=184584/184584
NDCG  | @5 0.036318 | @10 0.040300
Recall| @5 0.046239 | @10 0.058613
Hit   | @5 0.046239 | @10 0.058613
================================
2026-10-03 17:48:42,868 | INFO | PERIODIC TEST SEQUENCE_LENGTH {"basis": "filtered_full_sequence", "long": {"evaluated_users": 29587, "history_length_max": 507, "history_length_mean": 17.607935917801736, "history_length_min": 11, "hit@10": 0.059823571163010784, "hit@5": 0.04735187751377294, "ndcg@10": 0.041596043012700444, "ndcg@5": 0.03754919131400358, "recall@10": 0.059823571163010784, "recall@5": 0.04735187751377294, "total_users": 29587}, "long_rule": "length > threshold", "short": {"evaluated_users": 154997, "history_length_max": 10, "history_length_mean": 6.255211391188216, "history_length_min": 3, "hit@10": 0.05838177513113157, "hit@5": 0.04602669729091531, "ndcg@10": 0.04005265882005553, "ndcg@5": 0.03608243475545583, "recall@10": 0.05838177513113157, "recall@5": 0.04602669729091531, "total_users": 154997}, "short_rule": "length <= threshold", "threshold": 10}
2026-10-03 17:48:42,869 | INFO | VALID_STEP step=13321 stage=all_dl epoch=2 ndcg@10=0.035649 recall@10=0.054539 improved=True
2026-10-03 17:48:42,965 | INFO | BEST_MODEL_IN_MEMORY step=13321 stage=all_dl ndcg@10=0.035649
2026-10-03 17:48:42,965 | INFO | LEARNING_RATE step=13321 stage=all_dl lr=0.0001
2026-10-03 18:00:26,765 | INFO | stage=all_dl epoch=2 loss=4.905877 steps=7321 transitions/s=177.51
2026-10-03 19:44:10,153 | INFO | 
========== PERIODIC VALIDATION ==========
stage=all_dl | epoch=3 | step=20642 | users=184584/184584
NDCG  | @5 0.029941 | @10 0.033697
Recall| @5 0.038443 | @10 0.050134
Hit   | @5 0.038443 | @10 0.050134
================================
2026-10-03 19:44:10,153 | INFO | PERIODIC VALIDATION SEQUENCE_LENGTH {"basis": "filtered_full_sequence", "long": {"evaluated_users": 29587, "history_length_max": 507, "history_length_mean": 17.607935917801736, "history_length_min": 11, "hit@10": 0.05096833068577416, "hit@5": 0.039003616453172, "ndcg@10": 0.03379161434306284, "ndcg@5": 0.029946836829598443, "recall@10": 0.05096833068577416, "recall@5": 0.039003616453172, "total_users": 29587}, "long_rule": "length > threshold", "short": {"evaluated_users": 154997, "history_length_max": 10, "history_length_mean": 6.255211391188216, "history_length_min": 3, "hit@10": 0.04997516080956406, "hit@5": 0.03833622586243605, "ndcg@10": 0.03367865442407502, "ndcg@5": 0.029939755386205566, "recall@10": 0.04997516080956406, "recall@5": 0.03833622586243605, "total_users": 154997}, "short_rule": "length <= threshold", "threshold": 10}
2026-10-03 20:03:41,527 | INFO | 
========== PERIODIC TEST ==========
stage=all_dl | epoch=3 | step=20642 | users=184584/184584
NDCG  | @5 0.035815 | @10 0.039199
Recall| @5 0.044072 | @10 0.054615
Hit   | @5 0.044072 | @10 0.054615
================================
2026-10-03 20:03:41,527 | INFO | PERIODIC TEST SEQUENCE_LENGTH {"basis": "filtered_full_sequence", "long": {"evaluated_users": 29587, "history_length_max": 507, "history_length_mean": 17.607935917801736, "history_length_min": 11, "hit@10": 0.05762666035758948, "hit@5": 0.04623652279717443, "ndcg@10": 0.041477964584078174, "ndcg@5": 0.03781725028026945, "recall@10": 0.05762666035758948, "recall@5": 0.04623652279717443, "total_users": 29587}, "long_rule": "length > threshold", "short": {"evaluated_users": 154997, "history_length_max": 10, "history_length_mean": 6.255211391188216, "history_length_min": 3, "hit@10": 0.05403975560817306, "hit@5": 0.04365890952728117, "ndcg@10": 0.03876453387379035, "ndcg@5": 0.035433197551842974, "recall@10": 0.05403975560817306, "recall@5": 0.04365890952728117, "total_users": 154997}, "short_rule": "length <= threshold", "threshold": 10}
2026-10-03 20:03:41,528 | INFO | VALID_STEP step=20642 stage=all_dl epoch=3 ndcg@10=0.033697 recall@10=0.050134 improved=False
2026-10-03 20:03:41,529 | INFO | LEARNING_RATE step=20642 stage=all_dl lr=0.0001
2026-10-03 20:15:03,808 | INFO | stage=all_dl epoch=3 loss=4.498837 steps=7321 transitions/s=180.44
2026-10-03 21:54:26,761 | INFO | 
========== PERIODIC VALIDATION ==========
stage=all_dl | epoch=4 | step=27963 | users=184584/184584
NDCG  | @5 0.026102 | @10 0.029216
Recall| @5 0.033036 | @10 0.042756
Hit   | @5 0.033036 | @10 0.042756
================================
2026-10-03 21:54:26,761 | INFO | PERIODIC VALIDATION SEQUENCE_LENGTH {"basis": "filtered_full_sequence", "long": {"evaluated_users": 29587, "history_length_max": 507, "history_length_mean": 17.607935917801736, "history_length_min": 11, "hit@10": 0.043634028458444586, "hit@5": 0.03281846757021665, "ndcg@10": 0.02907113695862032, "ndcg@5": 0.02561382421450126, "recall@10": 0.043634028458444586, "recall@5": 0.03281846757021665, "total_users": 29587}, "long_rule": "length > threshold", "short": {"evaluated_users": 154997, "history_length_max": 10, "history_length_mean": 6.255211391188216, "history_length_min": 3, "hit@10": 0.042587921056536575, "hit@5": 0.03307805957534662, "ndcg@10": 0.02924392250856883, "ndcg@5": 0.02619522878050113, "recall@10": 0.042587921056536575, "recall@5": 0.03307805957534662, "total_users": 154997}, "short_rule": "length <= threshold", "threshold": 10}
2026-10-03 22:19:19,520 | INFO | 
========== PERIODIC TEST ==========
stage=all_dl | epoch=4 | step=27963 | users=184584/184584
NDCG  | @5 0.031870 | @10 0.034621
Recall| @5 0.037972 | @10 0.046537
Hit   | @5 0.037972 | @10 0.046537
================================
2026-10-03 22:19:19,520 | INFO | PERIODIC TEST SEQUENCE_LENGTH {"basis": "filtered_full_sequence", "long": {"evaluated_users": 29587, "history_length_max": 507, "history_length_mean": 17.607935917801736, "history_length_min": 11, "hit@10": 0.0499881704802785, "hit@5": 0.04133572176969615, "ndcg@10": 0.0379569352584202, "ndcg@5": 0.035159894491729696, "recall@10": 0.0499881704802785, "recall@5": 0.04133572176969615, "total_users": 29587}, "long_rule": "length > threshold", "short": {"evaluated_users": 154997, "history_length_max": 10, "history_length_mean": 6.255211391188216, "history_length_min": 3, "hit@10": 0.0458783073220772, "hit@5": 0.03732975476944715, "ndcg@10": 0.03398398993812048, "ndcg@5": 0.031242549889533802, "recall@10": 0.0458783073220772, "recall@5": 0.03732975476944715, "total_users": 154997}, "short_rule": "length <= threshold", "threshold": 10}
2026-10-03 22:19:19,521 | INFO | VALID_STEP step=27963 stage=all_dl epoch=4 ndcg@10=0.029216 recall@10=0.042756 improved=False
2026-10-03 22:19:19,521 | INFO | LEARNING_RATE step=27963 stage=all_dl lr=0.0001
2026-10-03 22:32:44,182 | INFO | stage=all_dl epoch=4 loss=4.067523 steps=7321 transitions/s=186.29
2026-10-03 22:58:28,578 | INFO | 
========== FINAL CURRENT VALIDATION ==========
stage=final | epoch=0 | step=29284 | users=184584/184584
NDCG  | @5 0.025878 | @10 0.028912
Recall| @5 0.032614 | @10 0.042073
Hit   | @5 0.032614 | @10 0.042073
================================
2026-10-03 22:58:28,578 | INFO | FINAL CURRENT VALIDATION SEQUENCE_LENGTH {"basis": "filtered_full_sequence", "long": {"evaluated_users": 29587, "history_length_max": 507, "history_length_mean": 17.607935917801736, "history_length_min": 11, "hit@10": 0.042856660019603206, "hit@5": 0.032412884036908104, "ndcg@10": 0.028668205151419407, "ndcg@5": 0.025319917454830615, "recall@10": 0.042856660019603206, "recall@5": 0.032412884036908104, "total_users": 29587}, "long_rule": "length > threshold", "short": {"evaluated_users": 154997, "history_length_max": 10, "history_length_mean": 6.255211391188216, "history_length_min": 3, "hit@10": 0.04192339206565288, "hit@5": 0.03265224488215901, "ndcg@10": 0.028958551500775507, "ndcg@5": 0.02598400571605818, "recall@10": 0.04192339206565288, "recall@5": 0.03265224488215901, "total_users": 154997}, "short_rule": "length <= threshold", "threshold": 10}
2026-10-03 22:58:28,579 | INFO | VALID_STEP step=29284 stage=final epoch=0 ndcg@10=0.028912 recall@10=0.042073 improved=False
2026-10-03 22:58:28,760 | INFO | RESTORE_BEST step=13321 stage=all_dl ndcg@10=0.035649
2026-10-03 23:40:19,670 | INFO | 
========== BEST CHECKPOINT VALIDATION ==========
stage=all_dl | epoch=0 | step=13321 | users=184584/184584
NDCG  | @5 0.031333 | @10 0.035649
Recall| @5 0.041098 | @10 0.054539
Hit   | @5 0.041098 | @10 0.054539
================================
2026-10-03 23:40:19,670 | INFO | BEST CHECKPOINT VALIDATION SEQUENCE_LENGTH {"basis": "filtered_full_sequence", "long": {"evaluated_users": 29587, "history_length_max": 507, "history_length_mean": 17.607935917801736, "history_length_min": 11, "hit@10": 0.053841214046709704, "hit@5": 0.03957819312535911, "ndcg@10": 0.03490154287172542, "ndcg@5": 0.030304019203064383, "recall@10": 0.053841214046709704, "recall@5": 0.03957819312535911, "total_users": 29587}, "long_rule": "length > threshold", "short": {"evaluated_users": 154997, "history_length_max": 10, "history_length_mean": 6.255211391188216, "history_length_min": 3, "hit@10": 0.054672025910178904, "hit@5": 0.04138789783028059, "ndcg@10": 0.03579158082058124, "ndcg@5": 0.031529184597483384, "recall@10": 0.054672025910178904, "recall@5": 0.04138789783028059, "total_users": 154997}, "short_rule": "length <= threshold", "threshold": 10}
2026-10-03 23:40:19,670 | INFO | 
========== FINAL FULL TEST ==========
stage=all_dl | epoch=0 | step=13321 | users=184584/184584
NDCG  | @5 0.036318 | @10 0.040300
Recall| @5 0.046239 | @10 0.058613
Hit   | @5 0.046239 | @10 0.058613
================================
2026-10-03 23:40:19,670 | INFO | FINAL FULL TEST SEQUENCE_LENGTH {"basis": "filtered_full_sequence", "long": {"evaluated_users": 29587, "history_length_max": 507, "history_length_mean": 17.607935917801736, "history_length_min": 11, "hit@10": 0.059823571163010784, "hit@5": 0.04735187751377294, "ndcg@10": 0.041596043012700444, "ndcg@5": 0.03754919131400358, "recall@10": 0.059823571163010784, "recall@5": 0.04735187751377294, "total_users": 29587}, "long_rule": "length > threshold", "short": {"evaluated_users": 154997, "history_length_max": 10, "history_length_mean": 6.255211391188216, "history_length_min": 3, "hit@10": 0.05838177513113157, "hit@5": 0.04602669729091531, "ndcg@10": 0.04005258162392047, "ndcg@5": 0.03608243475545583, "recall@10": 0.05838177513113157, "recall@5": 0.04602669729091531, "total_users": 154997}, "short_rule": "length <= threshold", "threshold": 10}
2026-10-03 23:40:19,670 | INFO | VALID_BEST {"evaluated_users": 184584, "hit@10": 0.05453885493867291, "hit@5": 0.041097819962726996, "ndcg@10": 0.03564891673865732, "ndcg@5": 0.03133280263712439, "preference_agent_weight": 0.0, "preference_change_probability": 0.0, "preference_current_entropy": 5.894617970625404e-06, "preference_next_entropy": 5.894617970625404e-06, "preference_ranking_weight": 0.0, "recall@10": 0.05453885493867291, "recall@5": 0.041097819962726996, "scores_per_second": 9943773.270095473, "sequence_length": {"basis": "filtered_full_sequence", "long": {"evaluated_users": 29587, "history_length_max": 507, "history_length_mean": 17.607935917801736, "history_length_min": 11, "hit@10": 0.053841214046709704, "hit@5": 0.03957819312535911, "ndcg@10": 0.03490154287172542, "ndcg@5": 0.030304019203064383, "recall@10": 0.053841214046709704, "recall@5": 0.03957819312535911, "total_users": 29587}, "long_rule": "length > threshold", "short": {"evaluated_users": 154997, "history_length_max": 10, "history_length_mean": 6.255211391188216, "history_length_min": 3, "hit@10": 0.054672025910178904, "hit@5": 0.04138789783028059, "ndcg@10": 0.03579158082058124, "ndcg@5": 0.031529184597483384, "recall@10": 0.054672025910178904, "recall@5": 0.04138789783028059, "total_users": 154997}, "short_rule": "length <= threshold", "threshold": 10}, "short_agent_weight": 1.0, "short_preference_state_cosine": 0.0, "total_users": 184584, "users_per_second": 128.59879558863318}
2026-10-03 23:40:19,671 | INFO | TEST_FINAL {"evaluated_users": 184584, "hit@10": 0.05861288085641226, "hit@5": 0.0462391106488103, "ndcg@10": 0.04029998350212794, "ndcg@5": 0.03631754139045851, "preference_agent_weight": 0.0, "preference_change_probability": 0.0, "preference_current_entropy": 5.894617970625404e-06, "preference_next_entropy": 5.894617970625404e-06, "preference_ranking_weight": 0.0, "recall@10": 0.05861288085641226, "recall@5": 0.0462391106488103, "scores_per_second": 13276570.200581774, "sequence_length": {"basis": "filtered_full_sequence", "long": {"evaluated_users": 29587, "history_length_max": 507, "history_length_mean": 17.607935917801736, "history_length_min": 11, "hit@10": 0.059823571163010784, "hit@5": 0.04735187751377294, "ndcg@10": 0.041596043012700444, "ndcg@5": 0.03754919131400358, "recall@10": 0.059823571163010784, "recall@5": 0.04735187751377294, "total_users": 29587}, "long_rule": "length > threshold", "short": {"evaluated_users": 154997, "history_length_max": 10, "history_length_mean": 6.255211391188216, "history_length_min": 3, "hit@10": 0.05838177513113157, "hit@5": 0.04602669729091531, "ndcg@10": 0.04005258162392047, "ndcg@5": 0.03608243475545583, "recall@10": 0.05838177513113157, "recall@5": 0.04602669729091531, "total_users": 154997}, "short_rule": "length <= threshold", "threshold": 10}, "short_agent_weight": 1.0, "short_preference_state_cosine": 0.0, "total_users": 184584, "users_per_second": 171.7005095517792}
2026-10-03 23:40:19,671 | INFO | TARGET_RESULT metric=recall@10 target=>0.150000 actual=0.058613 achieved=False
2026-10-03 23:40:20,152 | INFO | FINAL_LENGTH_SCORES dataset=amazon:Baby_Products group=short split=valid threshold=10 users=154997/154997 scores={"hit@10": 0.054672025910178904, "hit@5": 0.04138789783028059, "ndcg@10": 0.03579158082058124, "ndcg@5": 0.031529184597483384, "recall@10": 0.054672025910178904, "recall@5": 0.04138789783028059}
2026-10-03 23:40:20,153 | INFO | FINAL_LENGTH_SCORES dataset=amazon:Baby_Products group=short split=test threshold=10 users=154997/154997 scores={"hit@10": 0.05838177513113157, "hit@5": 0.04602669729091531, "ndcg@10": 0.04005258162392047, "ndcg@5": 0.03608243475545583, "recall@10": 0.05838177513113157, "recall@5": 0.04602669729091531}
2026-10-03 23:40:20,153 | INFO | short_scores=/workspace/P78123011/MediaTek_2026_project/ver5/outputs_mamba_rl/amazons_long_short_S1_P0_G1_C0_SW4/Baby_Products/rl_20261003_133631_r1_965670/short_scores.json
2026-10-03 23:40:20,153 | INFO | FINAL_LENGTH_SCORES dataset=amazon:Baby_Products group=long split=valid threshold=10 users=29587/29587 scores={"hit@10": 0.053841214046709704, "hit@5": 0.03957819312535911, "ndcg@10": 0.03490154287172542, "ndcg@5": 0.030304019203064383, "recall@10": 0.053841214046709704, "recall@5": 0.03957819312535911}
2026-10-03 23:40:20,153 | INFO | FINAL_LENGTH_SCORES dataset=amazon:Baby_Products group=long split=test threshold=10 users=29587/29587 scores={"hit@10": 0.059823571163010784, "hit@5": 0.04735187751377294, "ndcg@10": 0.041596043012700444, "ndcg@5": 0.03754919131400358, "recall@10": 0.059823571163010784, "recall@5": 0.04735187751377294}
2026-10-03 23:40:20,153 | INFO | long_scores=/workspace/P78123011/MediaTek_2026_project/ver5/outputs_mamba_rl/amazons_long_short_S1_P0_G1_C0_SW4/Baby_Products/rl_20261003_133631_r1_965670/long_scores.json
2026-10-03 23:40:20,154 | INFO | scores=/workspace/P78123011/MediaTek_2026_project/ver5/outputs_mamba_rl/amazons_long_short_S1_P0_G1_C0_SW4/Baby_Products/rl_20261003_133631_r1_965670/Baby_Products_scores.json
2026-10-03 23:40:20,154 | INFO | outputs=/workspace/P78123011/MediaTek_2026_project/ver5/outputs_mamba_rl/amazons_long_short_S1_P0_G1_C0_SW4/Baby_Products/rl_20261003_133631_r1_965670
