2026-08-23 00:47:24,528 | INFO | run_id=20260823_004724 seed=25252 device=cuda cache_dir=/workspace/P78123011/cache world_size=1
2026-08-23 00:47:42,285 | INFO | users=451 items=2365 train_edges=2339
2026-08-23 00:47:43,810 | INFO | epoch=1 loss=1.6105 valid Recall@10=0.1064 NDCG@10=0.0481
2026-08-23 00:47:43,898 | INFO | epoch=2 loss=1.2557 valid Recall@10=0.1153 NDCG@10=0.0489
2026-08-23 00:47:43,987 | INFO | epoch=3 loss=0.8346 valid Recall@10=0.1330 NDCG@10=0.0611
2026-08-23 00:47:44,077 | INFO | epoch=4 loss=0.6537 valid Recall@10=0.1463 NDCG@10=0.0674
2026-08-23 00:47:44,164 | INFO | epoch=5 loss=0.6262 valid Recall@10=0.1308 NDCG@10=0.0611
2026-08-23 00:47:44,253 | INFO | epoch=6 loss=0.5366 valid Recall@10=0.1619 NDCG@10=0.0722
2026-08-23 00:47:44,341 | INFO | epoch=7 loss=0.4879 valid Recall@10=0.1574 NDCG@10=0.0731
2026-08-23 00:47:44,428 | INFO | epoch=8 loss=0.5099 valid Recall@10=0.1707 NDCG@10=0.0814
2026-08-23 00:47:44,516 | INFO | epoch=9 loss=0.3255 valid Recall@10=0.1619 NDCG@10=0.0769
2026-08-23 00:47:44,605 | INFO | epoch=10 loss=0.3938 valid Recall@10=0.1375 NDCG@10=0.0641
2026-08-23 00:47:44,694 | INFO | epoch=11 loss=0.2615 valid Recall@10=0.1486 NDCG@10=0.0687
2026-08-23 00:47:44,785 | INFO | epoch=12 loss=0.3088 valid Recall@10=0.1574 NDCG@10=0.0794
2026-08-23 00:47:44,871 | INFO | epoch=13 loss=0.3391 valid Recall@10=0.1863 NDCG@10=0.0888
2026-08-23 00:47:44,961 | INFO | epoch=14 loss=0.3518 valid Recall@10=0.1729 NDCG@10=0.0882
2026-08-23 00:47:45,050 | INFO | epoch=15 loss=0.3245 valid Recall@10=0.1641 NDCG@10=0.0806
2026-08-23 00:47:45,138 | INFO | epoch=16 loss=0.3045 valid Recall@10=0.1641 NDCG@10=0.0880
2026-08-23 00:47:45,224 | INFO | epoch=17 loss=0.2782 valid Recall@10=0.1951 NDCG@10=0.1024
2026-08-23 00:47:45,313 | INFO | epoch=18 loss=0.2415 valid Recall@10=0.1729 NDCG@10=0.0883
2026-08-23 00:47:45,400 | INFO | epoch=19 loss=0.3182 valid Recall@10=0.1818 NDCG@10=0.0997
2026-08-23 00:47:45,489 | INFO | epoch=20 loss=0.3112 valid Recall@10=0.1951 NDCG@10=0.0991
2026-08-23 00:47:45,556 | INFO | TEST Recall@10=0.1619 NDCG@10=0.0800
2026-08-23 00:47:45,967 | INFO | loss curve: /workspace/P78123011/MediaTek_2026_project/fig_outputs/loss_20260823_004724.png
2026-08-23 00:47:45,968 | INFO | test samples: /workspace/P78123011/MediaTek_2026_project/json_outputs/test_samples_20260823_004724.json
