2026-09-09 07:51:10,884 | INFO | EXPERIMENT_CONFIG {"batch_size": 256, "branch_factor": 0, "cache_dir": "/workspace/P78123011/cache", "d_model": 96, "data_path": null, "dataset": "amazon-toys-and-games", "device": "cuda", "din_batch_size": 128, "din_negatives": 60, "din_steps": 20000, "eval_batch_size": 50, "eval_every_steps": 300, "eval_user_limit": 0, "kmeans_iters": 100, "log_every_steps": 100, "max_events": null, "max_train_samples": 0, "maxlen": 19, "min_history": 4, "min_rating": 4.0, "monitor_metric": "ndcg@10", "num_heads": 4, "output_dir": "/workspace/P78123011/MediaTek_2026_project/Reproduce/EAGER/outputs/Toys_and_Games/eager_20260909_075108_r1", "predict_candidates": 50, "seed": 2024, "semantic_backend": "t5", "semantic_batch_size": 32, "semantic_max_tokens": 64, "semantic_model_id": "google-t5/t5-base", "train_steps": 30000, "tree_workers": 1, "use_contrastive": false, "use_guide": false}
2026-09-09 08:09:59,945 | INFO | INTERACTION_CACHE miss_saved path=/workspace/P78123011/cache/mamba_multi_agent_data/amazon-toys-and-games_2cc47abc910b.pkl
2026-09-09 08:10:06,516 | INFO | DIN step=100 loss=13.104082
2026-09-09 08:10:07,609 | INFO | DIN step=200 loss=12.660999
2026-09-09 08:10:08,703 | INFO | DIN step=300 loss=12.452436
2026-09-09 08:10:09,782 | INFO | DIN step=400 loss=12.354304
2026-09-09 08:10:10,848 | INFO | DIN step=500 loss=12.266772
2026-09-09 08:10:11,920 | INFO | DIN step=600 loss=12.226234
2026-09-09 08:10:12,985 | INFO | DIN step=700 loss=12.206439
2026-09-09 08:10:14,054 | INFO | DIN step=800 loss=12.161981
2026-09-09 08:10:15,123 | INFO | DIN step=900 loss=12.077929
2026-09-09 08:10:16,194 | INFO | DIN step=1000 loss=12.077415
2026-09-09 08:10:17,262 | INFO | DIN step=1100 loss=12.039149
2026-09-09 08:10:18,331 | INFO | DIN step=1200 loss=11.978917
2026-09-09 08:10:19,423 | INFO | DIN step=1300 loss=11.953844
2026-09-09 08:10:20,512 | INFO | DIN step=1400 loss=11.877750
2026-09-09 08:10:21,600 | INFO | DIN step=1500 loss=11.889581
2026-09-09 08:10:22,687 | INFO | DIN step=1600 loss=11.784000
2026-09-09 08:10:23,777 | INFO | DIN step=1700 loss=11.810646
2026-09-09 08:10:24,867 | INFO | DIN step=1800 loss=11.799060
2026-09-09 08:10:25,956 | INFO | DIN step=1900 loss=11.730849
2026-09-09 08:10:27,027 | INFO | DIN step=2000 loss=11.704139
2026-09-09 08:10:28,097 | INFO | DIN step=2100 loss=11.682705
2026-09-09 08:10:29,165 | INFO | DIN step=2200 loss=11.672811
2026-09-09 08:10:30,230 | INFO | DIN step=2300 loss=11.676366
2026-09-09 08:10:31,295 | INFO | DIN step=2400 loss=11.611258
2026-09-09 08:10:32,363 | INFO | DIN step=2500 loss=11.601716
2026-09-09 08:10:33,457 | INFO | DIN step=2600 loss=11.587210
2026-09-09 08:10:34,549 | INFO | DIN step=2700 loss=11.550837
2026-09-09 08:10:35,638 | INFO | DIN step=2800 loss=11.528341
2026-09-09 08:10:36,728 | INFO | DIN step=2900 loss=11.543900
2026-09-09 08:10:37,820 | INFO | DIN step=3000 loss=11.496350
2026-09-09 08:10:38,911 | INFO | DIN step=3100 loss=11.478921
2026-09-09 08:10:39,998 | INFO | DIN step=3200 loss=11.496652
2026-09-09 08:10:41,067 | INFO | DIN step=3300 loss=11.498942
2026-09-09 08:10:42,133 | INFO | DIN step=3400 loss=11.411691
2026-09-09 08:10:43,204 | INFO | DIN step=3500 loss=11.436393
2026-09-09 08:10:44,271 | INFO | DIN step=3600 loss=11.423502
2026-09-09 08:10:45,336 | INFO | DIN step=3700 loss=11.437322
2026-09-09 08:10:46,404 | INFO | DIN step=3800 loss=11.372463
2026-09-09 08:10:47,476 | INFO | DIN step=3900 loss=11.448762
2026-09-09 08:10:48,544 | INFO | DIN step=4000 loss=11.356156
2026-09-09 08:10:49,612 | INFO | DIN step=4100 loss=11.351517
2026-09-09 08:10:50,678 | INFO | DIN step=4200 loss=11.365861
2026-09-09 08:10:51,744 | INFO | DIN step=4300 loss=11.308228
2026-09-09 08:10:52,809 | INFO | DIN step=4400 loss=11.332358
2026-09-09 08:10:53,880 | INFO | DIN step=4500 loss=11.297611
2026-09-09 08:10:54,949 | INFO | DIN step=4600 loss=11.306588
2026-09-09 08:10:56,019 | INFO | DIN step=4700 loss=11.297222
2026-09-09 08:10:57,083 | INFO | DIN step=4800 loss=11.286080
2026-09-09 08:10:58,149 | INFO | DIN step=4900 loss=11.271176
2026-09-09 08:10:59,218 | INFO | DIN step=5000 loss=11.239726
2026-09-09 08:11:00,287 | INFO | DIN step=5100 loss=11.250733
2026-09-09 08:11:01,357 | INFO | DIN step=5200 loss=11.252295
2026-09-09 08:11:02,427 | INFO | DIN step=5300 loss=11.219325
2026-09-09 08:11:03,496 | INFO | DIN step=5400 loss=11.217073
2026-09-09 08:11:04,565 | INFO | DIN step=5500 loss=11.162645
2026-09-09 08:11:05,633 | INFO | DIN step=5600 loss=11.163602
2026-09-09 08:11:06,700 | INFO | DIN step=5700 loss=11.145309
2026-09-09 08:11:07,770 | INFO | DIN step=5800 loss=11.150112
2026-09-09 08:11:08,843 | INFO | DIN step=5900 loss=11.134006
2026-09-09 08:11:09,913 | INFO | DIN step=6000 loss=11.157836
2026-09-09 08:11:10,992 | INFO | DIN step=6100 loss=11.096840
2026-09-09 08:11:12,061 | INFO | DIN step=6200 loss=11.109475
2026-09-09 08:11:13,127 | INFO | DIN step=6300 loss=11.053964
2026-09-09 08:11:14,194 | INFO | DIN step=6400 loss=11.071549
2026-09-09 08:11:15,266 | INFO | DIN step=6500 loss=11.039613
2026-09-09 08:11:16,333 | INFO | DIN step=6600 loss=11.070220
2026-09-09 08:11:17,398 | INFO | DIN step=6700 loss=11.082458
2026-09-09 08:11:18,463 | INFO | DIN step=6800 loss=11.038976
2026-09-09 08:11:19,531 | INFO | DIN step=6900 loss=11.036124
2026-09-09 08:11:20,603 | INFO | DIN step=7000 loss=11.031994
2026-09-09 08:11:21,670 | INFO | DIN step=7100 loss=11.041677
2026-09-09 08:11:22,735 | INFO | DIN step=7200 loss=11.027552
2026-09-09 08:11:23,801 | INFO | DIN step=7300 loss=11.008010
2026-09-09 08:11:24,869 | INFO | DIN step=7400 loss=10.970561
2026-09-09 08:11:25,937 | INFO | DIN step=7500 loss=10.945949
2026-09-09 08:11:27,009 | INFO | DIN step=7600 loss=10.982326
2026-09-09 08:11:28,078 | INFO | DIN step=7700 loss=10.950027
2026-09-09 08:11:29,146 | INFO | DIN step=7800 loss=10.927208
2026-09-09 08:11:30,215 | INFO | DIN step=7900 loss=10.909558
2026-09-09 08:11:31,286 | INFO | DIN step=8000 loss=10.939132
2026-09-09 08:11:32,356 | INFO | DIN step=8100 loss=10.898475
2026-09-09 08:11:33,423 | INFO | DIN step=8200 loss=10.911564
2026-09-09 08:11:34,494 | INFO | DIN step=8300 loss=10.848929
2026-09-09 08:11:35,563 | INFO | DIN step=8400 loss=10.898905
2026-09-09 08:11:36,631 | INFO | DIN step=8500 loss=10.852702
2026-09-09 08:11:37,698 | INFO | DIN step=8600 loss=10.861236
2026-09-09 08:11:38,764 | INFO | DIN step=8700 loss=10.847223
2026-09-09 08:11:39,832 | INFO | DIN step=8800 loss=10.863747
2026-09-09 08:11:40,903 | INFO | DIN step=8900 loss=10.751031
2026-09-09 08:11:41,975 | INFO | DIN step=9000 loss=10.825055
2026-09-09 08:11:43,045 | INFO | DIN step=9100 loss=10.735512
2026-09-09 08:11:44,119 | INFO | DIN step=9200 loss=10.787814
2026-09-09 08:11:45,185 | INFO | DIN step=9300 loss=10.813330
2026-09-09 08:11:46,254 | INFO | DIN step=9400 loss=10.796934
2026-09-09 08:11:47,323 | INFO | DIN step=9500 loss=10.792237
2026-09-09 08:11:48,389 | INFO | DIN step=9600 loss=10.665343
2026-09-09 08:11:49,454 | INFO | DIN step=9700 loss=10.752718
2026-09-09 08:11:50,521 | INFO | DIN step=9800 loss=10.728892
2026-09-09 08:11:51,593 | INFO | DIN step=9900 loss=10.728636
2026-09-09 08:11:52,661 | INFO | DIN step=10000 loss=10.748141
2026-09-09 08:11:53,729 | INFO | DIN step=10100 loss=10.652196
2026-09-09 08:11:54,796 | INFO | DIN step=10200 loss=10.694892
2026-09-09 08:11:55,867 | INFO | DIN step=10300 loss=10.702852
2026-09-09 08:11:56,935 | INFO | DIN step=10400 loss=10.658331
2026-09-09 08:11:58,007 | INFO | DIN step=10500 loss=10.647059
2026-09-09 08:11:59,079 | INFO | DIN step=10600 loss=10.708013
2026-09-09 08:12:00,145 | INFO | DIN step=10700 loss=10.545829
2026-09-09 08:12:01,215 | INFO | DIN step=10800 loss=10.634423
2026-09-09 08:12:02,285 | INFO | DIN step=10900 loss=10.657779
2026-09-09 08:12:03,354 | INFO | DIN step=11000 loss=10.568861
2026-09-09 08:12:04,421 | INFO | DIN step=11100 loss=10.514584
2026-09-09 08:12:05,497 | INFO | DIN step=11200 loss=10.569571
2026-09-09 08:12:06,566 | INFO | DIN step=11300 loss=10.612790
2026-09-09 08:12:07,634 | INFO | DIN step=11400 loss=10.560540
2026-09-09 08:12:08,704 | INFO | DIN step=11500 loss=10.596100
2026-09-09 08:12:09,777 | INFO | DIN step=11600 loss=10.489352
2026-09-09 08:12:10,847 | INFO | DIN step=11700 loss=10.495104
2026-09-09 08:12:11,916 | INFO | DIN step=11800 loss=10.508953
2026-09-09 08:12:12,986 | INFO | DIN step=11900 loss=10.485906
2026-09-09 08:12:14,058 | INFO | DIN step=12000 loss=10.487679
2026-09-09 08:12:15,127 | INFO | DIN step=12100 loss=10.448070
2026-09-09 08:12:16,194 | INFO | DIN step=12200 loss=10.433211
2026-09-09 08:12:17,264 | INFO | DIN step=12300 loss=10.376267
2026-09-09 08:12:18,333 | INFO | DIN step=12400 loss=10.508451
2026-09-09 08:12:19,401 | INFO | DIN step=12500 loss=10.458230
2026-09-09 08:12:20,470 | INFO | DIN step=12600 loss=10.372162
2026-09-09 08:12:21,543 | INFO | DIN step=12700 loss=10.450922
2026-09-09 08:12:22,612 | INFO | DIN step=12800 loss=10.398062
2026-09-09 08:12:23,685 | INFO | DIN step=12900 loss=10.397809
2026-09-09 08:12:24,753 | INFO | DIN step=13000 loss=10.421514
2026-09-09 08:12:25,825 | INFO | DIN step=13100 loss=10.341151
2026-09-09 08:12:26,895 | INFO | DIN step=13200 loss=10.316031
2026-09-09 08:12:27,967 | INFO | DIN step=13300 loss=10.358888
2026-09-09 08:12:29,037 | INFO | DIN step=13400 loss=10.355763
2026-09-09 08:12:30,174 | INFO | DIN step=13500 loss=10.080029
2026-09-09 08:12:31,246 | INFO | DIN step=13600 loss=9.827626
2026-09-09 08:12:32,322 | INFO | DIN step=13700 loss=9.788553
2026-09-09 08:12:33,391 | INFO | DIN step=13800 loss=9.829931
2026-09-09 08:12:34,462 | INFO | DIN step=13900 loss=9.864583
2026-09-09 08:12:35,531 | INFO | DIN step=14000 loss=9.912275
2026-09-09 08:12:36,598 | INFO | DIN step=14100 loss=9.878706
2026-09-09 08:12:37,668 | INFO | DIN step=14200 loss=9.795695
2026-09-09 08:12:38,740 | INFO | DIN step=14300 loss=9.775460
2026-09-09 08:12:39,811 | INFO | DIN step=14400 loss=9.822744
2026-09-09 08:12:40,878 | INFO | DIN step=14500 loss=9.873262
2026-09-09 08:12:41,947 | INFO | DIN step=14600 loss=9.885299
2026-09-09 08:12:43,016 | INFO | DIN step=14700 loss=9.838693
2026-09-09 08:12:44,084 | INFO | DIN step=14800 loss=9.879065
2026-09-09 08:12:45,154 | INFO | DIN step=14900 loss=9.868357
2026-09-09 08:12:46,224 | INFO | DIN step=15000 loss=9.811033
2026-09-09 08:12:47,295 | INFO | DIN step=15100 loss=9.923302
2026-09-09 08:12:48,363 | INFO | DIN step=15200 loss=9.840909
2026-09-09 08:12:49,435 | INFO | DIN step=15300 loss=9.800564
2026-09-09 08:12:50,508 | INFO | DIN step=15400 loss=9.858859
2026-09-09 08:12:51,576 | INFO | DIN step=15500 loss=9.875346
2026-09-09 08:12:52,647 | INFO | DIN step=15600 loss=9.758899
2026-09-09 08:12:53,716 | INFO | DIN step=15700 loss=9.818898
2026-09-09 08:12:54,789 | INFO | DIN step=15800 loss=9.808147
2026-09-09 08:12:55,857 | INFO | DIN step=15900 loss=9.831796
2026-09-09 08:12:56,923 | INFO | DIN step=16000 loss=9.762137
2026-09-09 08:12:57,994 | INFO | DIN step=16100 loss=9.845805
2026-09-09 08:12:59,062 | INFO | DIN step=16200 loss=9.727466
2026-09-09 08:13:00,132 | INFO | DIN step=16300 loss=9.737712
2026-09-09 08:13:01,202 | INFO | DIN step=16400 loss=9.743391
2026-09-09 08:13:02,272 | INFO | DIN step=16500 loss=9.750637
2026-09-09 08:13:03,340 | INFO | DIN step=16600 loss=9.723923
2026-09-09 08:13:04,411 | INFO | DIN step=16700 loss=9.791542
2026-09-09 08:13:05,477 | INFO | DIN step=16800 loss=9.783644
2026-09-09 08:13:06,549 | INFO | DIN step=16900 loss=9.682813
2026-09-09 08:13:07,619 | INFO | DIN step=17000 loss=9.810250
2026-09-09 08:13:08,691 | INFO | DIN step=17100 loss=9.700129
2026-09-09 08:13:09,762 | INFO | DIN step=17200 loss=9.663804
2026-09-09 08:13:10,831 | INFO | DIN step=17300 loss=9.769379
2026-09-09 08:13:11,903 | INFO | DIN step=17400 loss=9.705585
2026-09-09 08:13:12,971 | INFO | DIN step=17500 loss=9.719774
2026-09-09 08:13:14,042 | INFO | DIN step=17600 loss=9.700335
2026-09-09 08:13:15,114 | INFO | DIN step=17700 loss=9.698232
2026-09-09 08:13:16,184 | INFO | DIN step=17800 loss=9.744337
2026-09-09 08:13:17,256 | INFO | DIN step=17900 loss=9.717151
2026-09-09 08:13:18,329 | INFO | DIN step=18000 loss=9.701005
2026-09-09 08:13:19,400 | INFO | DIN step=18100 loss=9.622635
2026-09-09 08:13:20,472 | INFO | DIN step=18200 loss=9.718579
2026-09-09 08:13:21,542 | INFO | DIN step=18300 loss=9.676317
2026-09-09 08:13:22,615 | INFO | DIN step=18400 loss=9.685790
2026-09-09 08:13:23,685 | INFO | DIN step=18500 loss=9.668116
2026-09-09 08:13:24,752 | INFO | DIN step=18600 loss=9.548251
2026-09-09 08:13:25,821 | INFO | DIN step=18700 loss=9.646809
2026-09-09 08:13:26,888 | INFO | DIN step=18800 loss=9.667994
2026-09-09 08:13:27,952 | INFO | DIN step=18900 loss=9.653216
2026-09-09 08:13:29,026 | INFO | DIN step=19000 loss=9.554053
2026-09-09 08:13:30,095 | INFO | DIN step=19100 loss=9.621088
2026-09-09 08:13:31,164 | INFO | DIN step=19200 loss=9.698442
2026-09-09 08:13:32,234 | INFO | DIN step=19300 loss=9.605469
2026-09-09 08:13:33,305 | INFO | DIN step=19400 loss=9.556403
2026-09-09 08:13:34,374 | INFO | DIN step=19500 loss=9.664308
2026-09-09 08:13:35,446 | INFO | DIN step=19600 loss=9.545940
2026-09-09 08:13:36,517 | INFO | DIN step=19700 loss=9.536799
2026-09-09 08:13:37,587 | INFO | DIN step=19800 loss=9.601374
2026-09-09 08:13:38,655 | INFO | DIN step=19900 loss=9.639483
2026-09-09 08:13:39,726 | INFO | DIN step=20000 loss=9.619325
2026-09-09 08:13:39,824 | INFO | DIN_CACHE saved path=/workspace/P78123011/cache/eager/amazon-toys-and-games/din_steps20000_seed2024.pt
2026-09-09 08:30:20,882 | INFO | TRAIN step=100 loss=12.712245 lr=5.0095e-05
2026-09-09 08:30:59,969 | INFO | TRAIN step=200 loss=12.467358 lr=0.00010009
2026-09-09 08:31:39,042 | INFO | TRAIN step=300 loss=12.183708 lr=0.000150085
