2026-10-03 13:11:52,885 | INFO | run_id=20261003_131152 dataset=amazon-all-beauty device=cuda:0
2026-10-03 13:11:52,885 | INFO | MODEL recommender=MultiAgentMambaRecommender semantic_encoder=MambaTextEncoder semantic_model_id=state-spaces/mamba-130m-hf graph_backbone=LightGCN adaptation=multi_lora
2026-10-03 13:11:52,885 | INFO | ABLATION USE_SHORT=1 USE_PREFERENCE=1 USE_GCN=1 USE_COORDINATOR=0
2026-10-03 13:11:52,885 | INFO | AGENT_HISTORY mode=full_history effective_max_history=100 short=4 preference=100
2026-10-03 13:11:52,885 | INFO | EXPERIMENT_NOTE amazons_long_short subset=Full_Beauty; short filtered-full-sequence <= 10; long > 10; same model and full catalog
2026-10-03 13:11:52,885 | INFO | EXPERIMENT_CONFIG {"agent_diversity_coef": 0.02, "batch_size": 128, "cache_dir": "/workspace/P78123011/cache", "candidates": 64, "data_path": null, "dataset": "amazon-all-beauty", "device": "cuda:0", "dim": 128, "early_stopping_patience": 6, "enable_lora": 1, "eval_batch_size": 64, "eval_length_basis": "filtered_full_sequence", "eval_length_threshold": 10, "experiment_note": "amazons_long_short subset=Full_Beauty; short filtered-full-sequence <= 10; long > 10; same model and full catalog", "full_catalog_supervised": false, "future_decay": 0.5, "future_horizon": 3, "generate_reasons": false, "graph_device": "cuda:0", "hard_negative_fraction": 0.75, "hard_negative_pool_multiplier": 12, "hard_negative_warmup_epochs": 2, "history_influence_negatives": 64, "history_influence_output": null, "history_influence_user_limit": 0, "item_prompt_prefix": "Preference-aware product representation: ", "item_vector_artifact": null, "joint_epochs": 0, "joint_lr": 5e-05, "lora_alpha": 32.0, "lora_dropout": 0.05, "lora_rank": 16, "lr_patience": 2, "mamba_encode_batch_size": 32, "mamba_max_tokens": 32, "mamba_model_id": "state-spaces/mamba-130m-hf", "max_events": null, "max_history": 100, "max_transitions": 500000, "min_rating": 4.0, "monitor_metric": "ndcg@10", "output_dir": "/workspace/P78123011/MediaTek_2026_project/ver5/outputs_mamba_rl/amazons_lora", "output_run_dir": "/workspace/P78123011/MediaTek_2026_project/ver5/outputs_mamba_rl/amazons_long_short_S1_P1_G1_C0_SW4/Full_Beauty/rl_20261003_131151_r1_938112", "periodic_test_user_limit": 0, "popularity_alpha": -0.25, "preference_balance_coef": 0.01, "preference_coef": 0.2, "preference_contrastive_coef": 0.05, "preference_count": 32, "preference_score_weight": 0.2, "preference_separation_coef": 0.01, "preference_sharpness_coef": 0.05, "preference_temperature": 0.2, "preference_transition_coef": 0.1, "reason_count": 20, "reason_max_new_tokens": 40, "refresh_data_cache": false, "resume_checkpoint": null, "reverse_history_input": false, "rl_coef": 0.1, "rl_topk": 10, "save_model_weights": false, "score_file": "/workspace/P78123011/MediaTek_2026_project/ver5/outputs_mamba_rl/amazons_long_short_S1_P1_G1_C0_SW4/Full_Beauty/rl_20261003_131151_r1_938112/Full_Beauty_scores.json", "seed": 25252, "short_window": 4, "skip_mamba": false, "specialist_epochs": 6, "specialist_lr": 0.0001, "target_recall_at_10": 0.15, "transition_beta": 4.0, "use_coordinator": false, "use_graph_embeddings": true, "use_in_batch_negatives": true, "use_preference": 1, "use_short": 1, "validate_every_steps": 250, "validation_user_limit": 0}
2026-10-03 13:11:52,889 | INFO | INTERACTION_CACHE hit path=/workspace/P78123011/cache/mamba_multi_agent_data/amazon-all-beauty_90e3e920169a.pkl
2026-10-03 13:11:52,889 | INFO | HISTORY_INPUT_ORDER chronological
2026-10-03 13:11:52,890 | INFO | LENGTH_SPLIT preprocessing=original_one_pass_user_item_min_5 basis=filtered_full_sequence short<=10 long>10
2026-10-03 13:11:52,890 | INFO | users=1603 items=4090 train_interactions=8445
2026-10-03 13:11:53,221 | INFO | CATALOG_PRIORS popularity_alpha=-0.250000 transition_beta=4.000000 source=train_histories_only enabled=True
2026-10-03 13:11:53,246 | INFO | ITEM_VECTOR_ARTIFACT path=/workspace/P78123011/cache/mamba_multi_agent/amazon-all-beauty_4090_47e41e57cc9e_prompt_tok32.pt fingerprint=47e41e57cc9e
2026-10-03 13:11:53,246 | INFO | SEMANTIC_BACKBONE model_id=state-spaces/mamba-130m-hf hidden_size=768 frozen=True usage=shared_cached_item_vectors
2026-10-03 13:11:53,256 | INFO | GRAPH_EMBEDDINGS enabled=True source=train_histories_only main_device=cuda:0 graph_device=cuda:0
2026-10-03 13:11:53,301 | INFO | ADAPTATION_MODE mode=multi_lora enable_lora=1
2026-10-03 13:11:53,301 | INFO | ADAPTER_ROUTES {'short': ('candidate_lora', 'delta_lora', 'gate_lora', 'output_lora'), 'preference': ('transition_encoder.candidate_lora', 'transition_encoder.delta_lora', 'transition_encoder.gate_lora', 'transition_encoder.output_lora', 'state_lora')}
2026-10-03 13:11:53,301 | INFO | agent_parameters={'short': 16513, 'preference': 28994, 'coordinator': 0, 'shared_projection': 98304, 'graph': 728704}
2026-10-03 13:11:53,301 | INFO | PREDICTION_PATH graph_only=False active_agents=2 coordinator=False
2026-10-03 13:11:53,311 | INFO | training_transitions=6842
2026-10-03 13:11:53,311 | INFO | schedule mode=single_stage_dl specialist_dl_epochs=6 joint_dl_rl_epochs=0 effective_rl_coef=0.0000 effective_rl_topk=0 validate_every_steps=250 validation_users=0 periodic_test_users=0 monitor=ndcg@10 early_stopping_patience=6
2026-10-03 13:11:54,131 | INFO | TRAINING_BRANCHES stage=all_dl short=True preference=True gcn=True preference_auxiliary=True preference_contrastive=True diversity_pairs=1 policy_gradient=False trainable_parameters=872515
2026-10-03 13:12:35,830 | INFO | 
========== PERIODIC VALIDATION ==========
stage=all_dl | epoch=1 | step=54 | users=1457/1457
NDCG  | @5 0.090289 | @10 0.092449
Recall| @5 0.094715 | @10 0.101579
Hit   | @5 0.094715 | @10 0.101579
================================
2026-10-03 13:12:35,830 | INFO | PERIODIC VALIDATION SEQUENCE_LENGTH {"basis": "filtered_full_sequence", "long": {"evaluated_users": 219, "history_length_max": 119, "history_length_mean": 20.98173515981735, "history_length_min": 11, "hit@10": 0.0502283105022831, "hit@5": 0.0365296803652968, "ndcg@10": 0.03509263772811926, "ndcg@5": 0.03087607080887176, "recall@10": 0.0502283105022831, "recall@5": 0.0365296803652968, "total_users": 219}, "long_rule": "length > threshold", "short": {"evaluated_users": 1238, "history_length_max": 10, "history_length_mean": 5.27221324717286, "history_length_min": 3, "hit@10": 0.11066235864297254, "hit@5": 0.1050080775444265, "ndcg@10": 0.10259467792775476, "ndcg@5": 0.10079944062881512, "recall@10": 0.11066235864297254, "recall@5": 0.1050080775444265, "total_users": 1238}, "short_rule": "length <= threshold", "threshold": 10}
2026-10-03 13:12:43,730 | INFO | 
========== PERIODIC TEST ==========
stage=all_dl | epoch=1 | step=54 | users=1457/1457
NDCG  | @5 0.104333 | @10 0.105635
Recall| @5 0.109128 | @10 0.113246
Hit   | @5 0.109128 | @10 0.113246
================================
2026-10-03 13:12:43,730 | INFO | PERIODIC TEST SEQUENCE_LENGTH {"basis": "filtered_full_sequence", "long": {"evaluated_users": 219, "history_length_max": 119, "history_length_mean": 20.98173515981735, "history_length_min": 11, "hit@10": 0.0502283105022831, "hit@5": 0.0410958904109589, "ndcg@10": 0.03451767137734901, "ndcg@5": 0.03155512247269576, "recall@10": 0.0502283105022831, "recall@5": 0.0410958904109589, "total_users": 219}, "long_rule": "length > threshold", "short": {"evaluated_users": 1238, "history_length_max": 10, "history_length_mean": 5.27221324717286, "history_length_min": 3, "hit@10": 0.12439418416801293, "hit@5": 0.12116316639741519, "ndcg@10": 0.11821521800605049, "ndcg@5": 0.11720768003775173, "recall@10": 0.12439418416801293, "recall@5": 0.12116316639741519, "total_users": 1238}, "short_rule": "length <= threshold", "threshold": 10}
2026-10-03 13:12:43,731 | INFO | VALID_STEP step=54 stage=all_dl epoch=1 ndcg@10=0.092449 recall@10=0.101579 improved=True
2026-10-03 13:12:43,734 | INFO | BEST_MODEL_IN_MEMORY step=54 stage=all_dl ndcg@10=0.092449
2026-10-03 13:12:43,734 | INFO | LEARNING_RATE step=54 stage=all_dl lr=0.0001
2026-10-03 13:12:43,734 | INFO | stage=all_dl epoch=1 loss=4.516932 steps=54 transitions/s=207.62
2026-10-03 13:13:25,191 | INFO | 
========== PERIODIC VALIDATION ==========
stage=all_dl | epoch=2 | step=108 | users=1457/1457
NDCG  | @5 0.090415 | @10 0.092600
Recall| @5 0.094029 | @10 0.100892
Hit   | @5 0.094029 | @10 0.100892
================================
2026-10-03 13:13:25,192 | INFO | PERIODIC VALIDATION SEQUENCE_LENGTH {"basis": "filtered_full_sequence", "long": {"evaluated_users": 219, "history_length_max": 119, "history_length_mean": 20.98173515981735, "history_length_min": 11, "hit@10": 0.0502283105022831, "hit@5": 0.0365296803652968, "ndcg@10": 0.03563585500768713, "ndcg@5": 0.03147392356490581, "recall@10": 0.0502283105022831, "recall@5": 0.0365296803652968, "total_users": 219}, "long_rule": "length > threshold", "short": {"evaluated_users": 1238, "history_length_max": 10, "history_length_mean": 5.27221324717286, "history_length_min": 3, "hit@10": 0.1098546042003231, "hit@5": 0.10420032310177706, "ndcg@10": 0.10267683679313243, "ndcg@5": 0.10084107300451836, "recall@10": 0.1098546042003231, "recall@5": 0.10420032310177706, "total_users": 1238}, "short_rule": "length <= threshold", "threshold": 10}
2026-10-03 13:13:33,180 | INFO | 
========== PERIODIC TEST ==========
stage=all_dl | epoch=2 | step=108 | users=1457/1457
NDCG  | @5 0.104886 | @10 0.106705
Recall| @5 0.109815 | @10 0.115305
Hit   | @5 0.109815 | @10 0.115305
================================
2026-10-03 13:13:33,180 | INFO | PERIODIC TEST SEQUENCE_LENGTH {"basis": "filtered_full_sequence", "long": {"evaluated_users": 219, "history_length_max": 119, "history_length_mean": 20.98173515981735, "history_length_min": 11, "hit@10": 0.0410958904109589, "hit@5": 0.0410958904109589, "ndcg@10": 0.03095726971666171, "ndcg@5": 0.03095726971666171, "recall@10": 0.0410958904109589, "recall@5": 0.0410958904109589, "total_users": 219}, "long_rule": "length > threshold", "short": {"evaluated_users": 1238, "history_length_max": 10, "history_length_mean": 5.27221324717286, "history_length_min": 3, "hit@10": 0.1284329563812601, "hit@5": 0.12197092084006463, "ndcg@10": 0.12010428143696965, "ndcg@5": 0.11796423335887711, "recall@10": 0.1284329563812601, "recall@5": 0.12197092084006463, "total_users": 1238}, "short_rule": "length <= threshold", "threshold": 10}
2026-10-03 13:13:33,181 | INFO | VALID_STEP step=108 stage=all_dl epoch=2 ndcg@10=0.092600 recall@10=0.100892 improved=True
2026-10-03 13:13:33,185 | INFO | BEST_MODEL_IN_MEMORY step=108 stage=all_dl ndcg@10=0.092600
2026-10-03 13:13:33,185 | INFO | LEARNING_RATE step=108 stage=all_dl lr=0.0001
2026-10-03 13:13:33,185 | INFO | stage=all_dl epoch=2 loss=4.506214 steps=54 transitions/s=208.04
2026-10-03 13:14:13,777 | INFO | 
========== PERIODIC VALIDATION ==========
stage=all_dl | epoch=3 | step=162 | users=1457/1457
NDCG  | @5 0.090848 | @10 0.092356
Recall| @5 0.094029 | @10 0.098833
Hit   | @5 0.094029 | @10 0.098833
================================
2026-10-03 13:14:13,778 | INFO | PERIODIC VALIDATION SEQUENCE_LENGTH {"basis": "filtered_full_sequence", "long": {"evaluated_users": 219, "history_length_max": 119, "history_length_mean": 20.98173515981735, "history_length_min": 11, "hit@10": 0.045662100456621, "hit@5": 0.0365296803652968, "ndcg@10": 0.034370559770373, "ndcg@5": 0.03147392356490581, "recall@10": 0.045662100456621, "recall@5": 0.0365296803652968, "total_users": 219}, "long_rule": "length > threshold", "short": {"evaluated_users": 1238, "history_length_max": 10, "history_length_mean": 5.27221324717286, "history_length_min": 3, "hit@10": 0.10823909531502424, "hit@5": 0.10420032310177706, "ndcg@10": 0.10261306543998772, "ndcg@5": 0.10135070931596542, "recall@10": 0.10823909531502424, "recall@5": 0.10420032310177706, "total_users": 1238}, "short_rule": "length <= threshold", "threshold": 10}
2026-10-03 13:14:21,406 | INFO | 
========== PERIODIC TEST ==========
stage=all_dl | epoch=3 | step=162 | users=1457/1457
NDCG  | @5 0.105808 | @10 0.107330
Recall| @5 0.111187 | @10 0.115992
Hit   | @5 0.111187 | @10 0.115992
================================
2026-10-03 13:14:21,406 | INFO | PERIODIC TEST SEQUENCE_LENGTH {"basis": "filtered_full_sequence", "long": {"evaluated_users": 219, "history_length_max": 119, "history_length_mean": 20.98173515981735, "history_length_min": 11, "hit@10": 0.0410958904109589, "hit@5": 0.0410958904109589, "ndcg@10": 0.03095726971666171, "ndcg@5": 0.03095726971666171, "recall@10": 0.0410958904109589, "recall@5": 0.0410958904109589, "total_users": 219}, "long_rule": "length > threshold", "short": {"evaluated_users": 1238, "history_length_max": 10, "history_length_mean": 5.27221324717286, "history_length_min": 3, "hit@10": 0.12924071082390953, "hit@5": 0.12358642972536349, "ndcg@10": 0.1208402652128802, "ndcg@5": 0.119049071045788, "recall@10": 0.12924071082390953, "recall@5": 0.12358642972536349, "total_users": 1238}, "short_rule": "length <= threshold", "threshold": 10}
2026-10-03 13:14:21,407 | INFO | VALID_STEP step=162 stage=all_dl epoch=3 ndcg@10=0.092356 recall@10=0.098833 improved=False
2026-10-03 13:14:21,407 | INFO | LEARNING_RATE step=162 stage=all_dl lr=0.0001
2026-10-03 13:14:21,408 | INFO | stage=all_dl epoch=3 loss=4.478214 steps=54 transitions/s=213.48
2026-10-03 13:15:03,571 | INFO | 
========== PERIODIC VALIDATION ==========
stage=all_dl | epoch=4 | step=216 | users=1457/1457
NDCG  | @5 0.090848 | @10 0.093003
Recall| @5 0.094029 | @10 0.100892
Hit   | @5 0.094029 | @10 0.100892
================================
2026-10-03 13:15:03,571 | INFO | PERIODIC VALIDATION SEQUENCE_LENGTH {"basis": "filtered_full_sequence", "long": {"evaluated_users": 219, "history_length_max": 119, "history_length_mean": 20.98173515981735, "history_length_min": 11, "hit@10": 0.0502283105022831, "hit@5": 0.0365296803652968, "ndcg@10": 0.035745125960619496, "ndcg@5": 0.03147392356490581, "recall@10": 0.0502283105022831, "recall@5": 0.0365296803652968, "total_users": 219}, "long_rule": "length > threshold", "short": {"evaluated_users": 1238, "history_length_max": 10, "history_length_mean": 5.27221324717286, "history_length_min": 3, "hit@10": 0.1098546042003231, "hit@5": 0.10420032310177706, "ndcg@10": 0.103132291854891, "ndcg@5": 0.10135070931596542, "recall@10": 0.1098546042003231, "recall@5": 0.10420032310177706, "total_users": 1238}, "short_rule": "length <= threshold", "threshold": 10}
2026-10-03 13:15:12,117 | INFO | 
========== PERIODIC TEST ==========
stage=all_dl | epoch=4 | step=216 | users=1457/1457
NDCG  | @5 0.106026 | @10 0.107869
Recall| @5 0.111874 | @10 0.117364
Hit   | @5 0.111874 | @10 0.117364
================================
2026-10-03 13:15:12,117 | INFO | PERIODIC TEST SEQUENCE_LENGTH {"basis": "filtered_full_sequence", "long": {"evaluated_users": 219, "history_length_max": 119, "history_length_mean": 20.98173515981735, "history_length_min": 11, "hit@10": 0.045662100456621, "hit@5": 0.0410958904109589, "ndcg@10": 0.0325837865527714, "ndcg@5": 0.03095726971666171, "recall@10": 0.045662100456621, "recall@5": 0.0410958904109589, "total_users": 219}, "long_rule": "length > threshold", "short": {"evaluated_users": 1238, "history_length_max": 10, "history_length_mean": 5.27221324717286, "history_length_min": 3, "hit@10": 0.13004846526655897, "hit@5": 0.12439418416801293, "ndcg@10": 0.12118674359180875, "ndcg@5": 0.11930555680128713, "recall@10": 0.13004846526655897, "recall@5": 0.12439418416801293, "total_users": 1238}, "short_rule": "length <= threshold", "threshold": 10}
2026-10-03 13:15:12,118 | INFO | VALID_STEP step=216 stage=all_dl epoch=4 ndcg@10=0.093003 recall@10=0.100892 improved=True
2026-10-03 13:15:12,122 | INFO | BEST_MODEL_IN_MEMORY step=216 stage=all_dl ndcg@10=0.093003
2026-10-03 13:15:12,122 | INFO | LEARNING_RATE step=216 stage=all_dl lr=0.0001
2026-10-03 13:15:12,123 | INFO | stage=all_dl epoch=4 loss=4.455328 steps=54 transitions/s=208.08
2026-10-03 13:15:56,208 | INFO | 
========== PERIODIC VALIDATION ==========
stage=all_dl | epoch=5 | step=270 | users=1457/1457
NDCG  | @5 0.090925 | @10 0.092249
Recall| @5 0.093342 | @10 0.097461
Hit   | @5 0.093342 | @10 0.097461
================================
2026-10-03 13:15:56,208 | INFO | PERIODIC VALIDATION SEQUENCE_LENGTH {"basis": "filtered_full_sequence", "long": {"evaluated_users": 219, "history_length_max": 119, "history_length_mean": 20.98173515981735, "history_length_min": 11, "hit@10": 0.0502283105022831, "hit@5": 0.0365296803652968, "ndcg@10": 0.03569049048415331, "ndcg@5": 0.03147392356490581, "recall@10": 0.0502283105022831, "recall@5": 0.0365296803652968, "total_users": 219}, "long_rule": "length > threshold", "short": {"evaluated_users": 1238, "history_length_max": 10, "history_length_mean": 5.27221324717286, "history_length_min": 3, "hit@10": 0.10581583198707593, "hit@5": 0.10339256865912763, "ndcg@10": 0.10225390203809187, "ndcg@5": 0.10144210446359503, "recall@10": 0.10581583198707593, "recall@5": 0.10339256865912763, "total_users": 1238}, "short_rule": "length <= threshold", "threshold": 10}
2026-10-03 13:16:04,638 | INFO | 
========== PERIODIC TEST ==========
stage=all_dl | epoch=5 | step=270 | users=1457/1457
NDCG  | @5 0.107461 | @10 0.109007
Recall| @5 0.115305 | @10 0.120110
Hit   | @5 0.115305 | @10 0.120110
================================
2026-10-03 13:16:04,638 | INFO | PERIODIC TEST SEQUENCE_LENGTH {"basis": "filtered_full_sequence", "long": {"evaluated_users": 219, "history_length_max": 119, "history_length_mean": 20.98173515981735, "history_length_min": 11, "hit@10": 0.045662100456621, "hit@5": 0.045662100456621, "ndcg@10": 0.03324037473949276, "ndcg@5": 0.03324037473949276, "recall@10": 0.045662100456621, "recall@5": 0.045662100456621, "total_users": 219}, "long_rule": "length > threshold", "short": {"evaluated_users": 1238, "history_length_max": 10, "history_length_mean": 5.27221324717286, "history_length_min": 3, "hit@10": 0.1332794830371567, "hit@5": 0.12762520193861066, "ndcg@10": 0.12241021946829679, "ndcg@5": 0.1205908839255012, "recall@10": 0.1332794830371567, "recall@5": 0.12762520193861066, "total_users": 1238}, "short_rule": "length <= threshold", "threshold": 10}
2026-10-03 13:16:04,639 | INFO | VALID_STEP step=270 stage=all_dl epoch=5 ndcg@10=0.092249 recall@10=0.097461 improved=False
2026-10-03 13:16:04,639 | INFO | LEARNING_RATE step=270 stage=all_dl lr=0.0001
2026-10-03 13:16:04,640 | INFO | stage=all_dl epoch=5 loss=4.437099 steps=54 transitions/s=196.72
2026-10-03 13:16:44,772 | INFO | 
========== PERIODIC VALIDATION ==========
stage=all_dl | epoch=6 | step=324 | users=1457/1457
NDCG  | @5 0.091179 | @10 0.092523
Recall| @5 0.093342 | @10 0.097461
Hit   | @5 0.093342 | @10 0.097461
================================
2026-10-03 13:16:44,772 | INFO | PERIODIC VALIDATION SEQUENCE_LENGTH {"basis": "filtered_full_sequence", "long": {"evaluated_users": 219, "history_length_max": 119, "history_length_mean": 20.98173515981735, "history_length_min": 11, "hit@10": 0.0502283105022831, "hit@5": 0.0365296803652968, "ndcg@10": 0.037430378227416496, "ndcg@5": 0.03315917583170281, "recall@10": 0.0502283105022831, "recall@5": 0.0365296803652968, "total_users": 219}, "long_rule": "length > threshold", "short": {"evaluated_users": 1238, "history_length_max": 10, "history_length_mean": 5.27221324717286, "history_length_min": 3, "hit@10": 0.10581583198707593, "hit@5": 0.10339256865912763, "ndcg@10": 0.10226833536325149, "ndcg@5": 0.10144210446359503, "recall@10": 0.10581583198707593, "recall@5": 0.10339256865912763, "total_users": 1238}, "short_rule": "length <= threshold", "threshold": 10}
2026-10-03 13:16:51,051 | INFO | 
========== PERIODIC TEST ==========
stage=all_dl | epoch=6 | step=324 | users=1457/1457
NDCG  | @5 0.107256 | @10 0.108829
Recall| @5 0.114619 | @10 0.119423
Hit   | @5 0.114619 | @10 0.119423
================================
2026-10-03 13:16:51,051 | INFO | PERIODIC TEST SEQUENCE_LENGTH {"basis": "filtered_full_sequence", "long": {"evaluated_users": 219, "history_length_max": 119, "history_length_mean": 20.98173515981735, "history_length_min": 11, "hit@10": 0.045662100456621, "hit@5": 0.045662100456621, "ndcg@10": 0.03324037473949276, "ndcg@5": 0.03324037473949276, "recall@10": 0.045662100456621, "recall@5": 0.045662100456621, "total_users": 219}, "long_rule": "length > threshold", "short": {"evaluated_users": 1238, "history_length_max": 10, "history_length_mean": 5.27221324717286, "history_length_min": 3, "hit@10": 0.13247172859450726, "hit@5": 0.12681744749596122, "ndcg@10": 0.12220025000483274, "ndcg@5": 0.1203491995106734, "recall@10": 0.13247172859450726, "recall@5": 0.12681744749596122, "total_users": 1238}, "short_rule": "length <= threshold", "threshold": 10}
2026-10-03 13:16:51,053 | INFO | VALID_STEP step=324 stage=all_dl epoch=6 ndcg@10=0.092523 recall@10=0.097461 improved=False
2026-10-03 13:16:51,053 | INFO | LEARNING_RATE step=324 stage=all_dl lr=0.0001
2026-10-03 13:16:51,053 | INFO | stage=all_dl epoch=6 loss=4.422238 steps=54 transitions/s=207.94
2026-10-03 13:16:56,736 | INFO | 
========== FINAL CURRENT VALIDATION ==========
stage=final | epoch=0 | step=324 | users=1457/1457
NDCG  | @5 0.091179 | @10 0.092523
Recall| @5 0.093342 | @10 0.097461
Hit   | @5 0.093342 | @10 0.097461
================================
2026-10-03 13:16:56,736 | INFO | FINAL CURRENT VALIDATION SEQUENCE_LENGTH {"basis": "filtered_full_sequence", "long": {"evaluated_users": 219, "history_length_max": 119, "history_length_mean": 20.98173515981735, "history_length_min": 11, "hit@10": 0.0502283105022831, "hit@5": 0.0365296803652968, "ndcg@10": 0.037430378227416496, "ndcg@5": 0.03315917583170281, "recall@10": 0.0502283105022831, "recall@5": 0.0365296803652968, "total_users": 219}, "long_rule": "length > threshold", "short": {"evaluated_users": 1238, "history_length_max": 10, "history_length_mean": 5.27221324717286, "history_length_min": 3, "hit@10": 0.10581583198707593, "hit@5": 0.10339256865912763, "ndcg@10": 0.10226833536325149, "ndcg@5": 0.10144210446359503, "recall@10": 0.10581583198707593, "recall@5": 0.10339256865912763, "total_users": 1238}, "short_rule": "length <= threshold", "threshold": 10}
2026-10-03 13:16:56,737 | INFO | VALID_STEP step=324 stage=final epoch=0 ndcg@10=0.092523 recall@10=0.097461 improved=False
2026-10-03 13:16:56,755 | INFO | RESTORE_BEST step=216 stage=all_dl ndcg@10=0.093003
2026-10-03 13:17:11,498 | INFO | 
========== BEST CHECKPOINT VALIDATION ==========
stage=all_dl | epoch=0 | step=216 | users=1457/1457
NDCG  | @5 0.090848 | @10 0.093003
Recall| @5 0.094029 | @10 0.100892
Hit   | @5 0.094029 | @10 0.100892
================================
2026-10-03 13:17:11,498 | INFO | BEST CHECKPOINT VALIDATION SEQUENCE_LENGTH {"basis": "filtered_full_sequence", "long": {"evaluated_users": 219, "history_length_max": 119, "history_length_mean": 20.98173515981735, "history_length_min": 11, "hit@10": 0.0502283105022831, "hit@5": 0.0365296803652968, "ndcg@10": 0.035745125960619496, "ndcg@5": 0.03147392356490581, "recall@10": 0.0502283105022831, "recall@5": 0.0365296803652968, "total_users": 219}, "long_rule": "length > threshold", "short": {"evaluated_users": 1238, "history_length_max": 10, "history_length_mean": 5.27221324717286, "history_length_min": 3, "hit@10": 0.1098546042003231, "hit@5": 0.10420032310177706, "ndcg@10": 0.103132291854891, "ndcg@5": 0.10135070931596542, "recall@10": 0.1098546042003231, "recall@5": 0.10420032310177706, "total_users": 1238}, "short_rule": "length <= threshold", "threshold": 10}
2026-10-03 13:17:11,498 | INFO | 
========== FINAL FULL TEST ==========
stage=all_dl | epoch=0 | step=216 | users=1457/1457
NDCG  | @5 0.106026 | @10 0.107869
Recall| @5 0.111874 | @10 0.117364
Hit   | @5 0.111874 | @10 0.117364
================================
2026-10-03 13:17:11,498 | INFO | FINAL FULL TEST SEQUENCE_LENGTH {"basis": "filtered_full_sequence", "long": {"evaluated_users": 219, "history_length_max": 119, "history_length_mean": 20.98173515981735, "history_length_min": 11, "hit@10": 0.045662100456621, "hit@5": 0.0410958904109589, "ndcg@10": 0.0325837865527714, "ndcg@5": 0.03095726971666171, "recall@10": 0.045662100456621, "recall@5": 0.0410958904109589, "total_users": 219}, "long_rule": "length > threshold", "short": {"evaluated_users": 1238, "history_length_max": 10, "history_length_mean": 5.27221324717286, "history_length_min": 3, "hit@10": 0.13004846526655897, "hit@5": 0.12439418416801293, "ndcg@10": 0.12118674359180875, "ndcg@5": 0.11930555680128713, "recall@10": 0.13004846526655897, "recall@5": 0.12439418416801293, "total_users": 1238}, "short_rule": "length <= threshold", "threshold": 10}
2026-10-03 13:17:11,499 | INFO | VALID_BEST {"evaluated_users": 1457, "hit@10": 0.10089224433768017, "hit@5": 0.09402882635552505, "ndcg@10": 0.09300340441047286, "ndcg@5": 0.09084760987275908, "preference_agent_weight": 0.2000000030109141, "preference_change_probability": 0.3551699835385209, "preference_current_entropy": 3.2480592852024976, "preference_next_entropy": 3.442005846053669, "preference_ranking_weight": 0.2000000030109141, "recall@10": 0.10089224433768017, "recall@5": 0.09402882635552505, "scores_per_second": 803856.7463405629, "sequence_length": {"basis": "filtered_full_sequence", "long": {"evaluated_users": 219, "history_length_max": 119, "history_length_mean": 20.98173515981735, "history_length_min": 11, "hit@10": 0.0502283105022831, "hit@5": 0.0365296803652968, "ndcg@10": 0.035745125960619496, "ndcg@5": 0.03147392356490581, "recall@10": 0.0502283105022831, "recall@5": 0.0365296803652968, "total_users": 219}, "long_rule": "length > threshold", "short": {"evaluated_users": 1238, "history_length_max": 10, "history_length_mean": 5.27221324717286, "history_length_min": 3, "hit@10": 0.1098546042003231, "hit@5": 0.10420032310177706, "ndcg@10": 0.103132291854891, "ndcg@5": 0.10135070931596542, "recall@10": 0.1098546042003231, "recall@5": 0.10420032310177706, "total_users": 1238}, "short_rule": "length <= threshold", "threshold": 10}, "short_agent_weight": 0.8000000120436564, "short_preference_state_cosine": 0.05442333749163699, "total_users": 1457, "users_per_second": 196.54199177030878}
2026-10-03 13:17:11,499 | INFO | TEST_FINAL {"evaluated_users": 1457, "hit@10": 0.11736444749485243, "hit@5": 0.11187371310912834, "ndcg@10": 0.10786893323585442, "ndcg@5": 0.1060260263467866, "preference_agent_weight": 0.2000000030109141, "preference_change_probability": 0.35456842908158887, "preference_current_entropy": 3.2492129313430316, "preference_next_entropy": 3.441894227540403, "preference_ranking_weight": 0.2000000030109141, "recall@10": 0.11736444749485243, "recall@5": 0.11187371310912834, "scores_per_second": 813946.8752866107, "sequence_length": {"basis": "filtered_full_sequence", "long": {"evaluated_users": 219, "history_length_max": 119, "history_length_mean": 20.98173515981735, "history_length_min": 11, "hit@10": 0.045662100456621, "hit@5": 0.0410958904109589, "ndcg@10": 0.0325837865527714, "ndcg@5": 0.03095726971666171, "recall@10": 0.045662100456621, "recall@5": 0.0410958904109589, "total_users": 219}, "long_rule": "length > threshold", "short": {"evaluated_users": 1238, "history_length_max": 10, "history_length_mean": 5.27221324717286, "history_length_min": 3, "hit@10": 0.13004846526655897, "hit@5": 0.12439418416801293, "ndcg@10": 0.12118674359180875, "ndcg@5": 0.11930555680128713, "recall@10": 0.13004846526655897, "recall@5": 0.12439418416801293, "total_users": 1238}, "short_rule": "length <= threshold", "threshold": 10}, "short_agent_weight": 0.8000000120436564, "short_preference_state_cosine": -0.022524743147230183, "total_users": 1457, "users_per_second": 199.0090159624965}
2026-10-03 13:17:11,499 | INFO | TARGET_RESULT metric=recall@10 target=>0.150000 actual=0.117364 achieved=False
2026-10-03 13:17:11,994 | INFO | FINAL_LENGTH_SCORES dataset=amazon-all-beauty group=short split=valid threshold=10 users=1238/1238 scores={"hit@10": 0.1098546042003231, "hit@5": 0.10420032310177706, "ndcg@10": 0.103132291854891, "ndcg@5": 0.10135070931596542, "recall@10": 0.1098546042003231, "recall@5": 0.10420032310177706}
2026-10-03 13:17:11,994 | INFO | FINAL_LENGTH_SCORES dataset=amazon-all-beauty group=short split=test threshold=10 users=1238/1238 scores={"hit@10": 0.13004846526655897, "hit@5": 0.12439418416801293, "ndcg@10": 0.12118674359180875, "ndcg@5": 0.11930555680128713, "recall@10": 0.13004846526655897, "recall@5": 0.12439418416801293}
2026-10-03 13:17:11,995 | INFO | short_scores=/workspace/P78123011/MediaTek_2026_project/ver5/outputs_mamba_rl/amazons_long_short_S1_P1_G1_C0_SW4/Full_Beauty/rl_20261003_131151_r1_938112/short_scores.json
2026-10-03 13:17:11,995 | INFO | FINAL_LENGTH_SCORES dataset=amazon-all-beauty group=long split=valid threshold=10 users=219/219 scores={"hit@10": 0.0502283105022831, "hit@5": 0.0365296803652968, "ndcg@10": 0.035745125960619496, "ndcg@5": 0.03147392356490581, "recall@10": 0.0502283105022831, "recall@5": 0.0365296803652968}
2026-10-03 13:17:11,995 | INFO | FINAL_LENGTH_SCORES dataset=amazon-all-beauty group=long split=test threshold=10 users=219/219 scores={"hit@10": 0.045662100456621, "hit@5": 0.0410958904109589, "ndcg@10": 0.0325837865527714, "ndcg@5": 0.03095726971666171, "recall@10": 0.045662100456621, "recall@5": 0.0410958904109589}
2026-10-03 13:17:11,995 | INFO | long_scores=/workspace/P78123011/MediaTek_2026_project/ver5/outputs_mamba_rl/amazons_long_short_S1_P1_G1_C0_SW4/Full_Beauty/rl_20261003_131151_r1_938112/long_scores.json
2026-10-03 13:17:11,995 | INFO | scores=/workspace/P78123011/MediaTek_2026_project/ver5/outputs_mamba_rl/amazons_long_short_S1_P1_G1_C0_SW4/Full_Beauty/rl_20261003_131151_r1_938112/Full_Beauty_scores.json
2026-10-03 13:17:11,996 | INFO | outputs=/workspace/P78123011/MediaTek_2026_project/ver5/outputs_mamba_rl/amazons_long_short_S1_P1_G1_C0_SW4/Full_Beauty/rl_20261003_131151_r1_938112
