2026-10-04 20:17:16,841 | INFO | run_id=20261004_201716 dataset=amazon-all-beauty device=cuda:0
2026-10-04 20:17:16,841 | INFO | MODEL recommender=MultiAgentMambaRecommender semantic_encoder=MambaTextEncoder semantic_model_id=state-spaces/mamba-130m-hf graph_backbone=LightGCN adaptation=multi_lora
2026-10-04 20:17:16,841 | INFO | ABLATION USE_SHORT=1 USE_PREFERENCE=1 USE_GCN=1 USE_COORDINATOR=1
2026-10-04 20:17:16,841 | INFO | AGENT_HISTORY mode=full_history effective_max_history=100 short=4 preference=100
2026-10-04 20:17:16,841 | INFO | EXPERIMENT_NOTE amazons_long_short subset=Full_Beauty; short filtered-full-sequence <= 10; long > 10; same model and full catalog
2026-10-04 20:17:16,841 | INFO | EXPERIMENT_CONFIG {"agent_diversity_coef": 0.02, "batch_size": 128, "cache_dir": "/workspace/P78123011/cache", "candidates": 64, "data_path": null, "dataset": "amazon-all-beauty", "device": "cuda:0", "dim": 128, "early_stopping_patience": 6, "enable_lora": 1, "eval_batch_size": 64, "eval_length_basis": "filtered_full_sequence", "eval_length_threshold": 10, "experiment_note": "amazons_long_short subset=Full_Beauty; short filtered-full-sequence <= 10; long > 10; same model and full catalog", "full_catalog_supervised": false, "future_decay": 0.5, "future_horizon": 3, "generate_reasons": false, "graph_device": "cuda:0", "hard_negative_fraction": 0.75, "hard_negative_pool_multiplier": 12, "hard_negative_warmup_epochs": 2, "history_influence_negatives": 64, "history_influence_output": null, "history_influence_user_limit": 0, "item_prompt_prefix": "Preference-aware product representation: ", "item_vector_artifact": null, "joint_epochs": 0, "joint_lr": 5e-05, "lora_alpha": 32.0, "lora_dropout": 0.05, "lora_rank": 16, "lr_patience": 2, "mamba_encode_batch_size": 32, "mamba_max_tokens": 32, "mamba_model_id": "state-spaces/mamba-130m-hf", "max_events": null, "max_history": 100, "max_transitions": 500000, "min_rating": 4.0, "monitor_metric": "ndcg@10", "output_dir": "/workspace/P78123011/MediaTek_2026_project/ver5/outputs_mamba_rl/amazons_lora", "output_run_dir": "/workspace/P78123011/MediaTek_2026_project/ver5/outputs_mamba_rl/amazons_long_short_S1_P1_G1_C1_SW4_P4/Full_Beauty/rl_20261004_201716_r1_2814067", "periodic_test_user_limit": 0, "popularity_alpha": -0.25, "preference_balance_coef": 0.01, "preference_coef": 0.2, "preference_contrastive_coef": 0.05, "preference_count": 4, "preference_score_weight": 0.2, "preference_separation_coef": 0.01, "preference_sharpness_coef": 0.05, "preference_temperature": 0.2, "preference_transition_coef": 0.1, "reason_count": 20, "reason_max_new_tokens": 40, "refresh_data_cache": false, "resume_checkpoint": null, "reverse_history_input": false, "rl_coef": 0.1, "rl_topk": 10, "save_model_weights": false, "score_file": "/workspace/P78123011/MediaTek_2026_project/ver5/outputs_mamba_rl/amazons_long_short_S1_P1_G1_C1_SW4_P4/Full_Beauty/rl_20261004_201716_r1_2814067/Full_Beauty_scores.json", "seed": 25252, "short_window": 4, "skip_mamba": false, "specialist_epochs": 4, "specialist_lr": 0.0001, "target_recall_at_10": 0.15, "transition_beta": 4.0, "use_coordinator": true, "use_graph_embeddings": true, "use_in_batch_negatives": true, "use_preference": 1, "use_short": 1, "validate_every_steps": 250, "validation_user_limit": 0}
2026-10-04 20:17:16,843 | INFO | INTERACTION_CACHE hit path=/workspace/P78123011/cache/mamba_multi_agent_data/amazon-all-beauty_90e3e920169a.pkl
2026-10-04 20:17:16,843 | INFO | HISTORY_INPUT_ORDER chronological
2026-10-04 20:17:16,843 | INFO | LENGTH_SPLIT preprocessing=original_one_pass_user_item_min_5 basis=filtered_full_sequence short<=10 long>10
2026-10-04 20:17:16,843 | INFO | users=1603 items=4090 train_interactions=8445
2026-10-04 20:17:16,988 | INFO | CATALOG_PRIORS popularity_alpha=-0.250000 transition_beta=4.000000 source=train_histories_only enabled=True
2026-10-04 20:17:17,002 | INFO | ITEM_VECTOR_ARTIFACT path=/workspace/P78123011/cache/mamba_multi_agent/amazon-all-beauty_4090_47e41e57cc9e_prompt_tok32.pt fingerprint=47e41e57cc9e
2026-10-04 20:17:17,002 | INFO | SEMANTIC_BACKBONE model_id=state-spaces/mamba-130m-hf hidden_size=768 frozen=True usage=shared_cached_item_vectors
2026-10-04 20:17:17,006 | INFO | GRAPH_EMBEDDINGS enabled=True source=train_histories_only main_device=cuda:0 graph_device=cuda:0
2026-10-04 20:17:17,015 | INFO | ADAPTATION_MODE mode=multi_lora enable_lora=1
2026-10-04 20:17:17,015 | INFO | ADAPTER_ROUTES {'short': ('candidate_lora', 'delta_lora', 'gate_lora', 'output_lora'), 'preference': ('transition_encoder.candidate_lora', 'transition_encoder.delta_lora', 'transition_encoder.gate_lora', 'transition_encoder.output_lora', 'state_lora'), 'coordinator': ('state_lora', 'mix_lora', 'score_lora')}
2026-10-04 20:17:17,015 | INFO | agent_parameters={'short': 16513, 'preference': 21770, 'coordinator': 14373, 'shared_projection': 98304, 'graph': 728704}
2026-10-04 20:17:17,015 | INFO | PREDICTION_PATH graph_only=False active_agents=2 coordinator=True
2026-10-04 20:17:17,020 | INFO | training_transitions=6842
2026-10-04 20:17:17,020 | INFO | schedule mode=single_stage_dl specialist_dl_epochs=4 joint_dl_rl_epochs=0 effective_rl_coef=0.0000 effective_rl_topk=0 validate_every_steps=250 validation_users=0 periodic_test_users=0 monitor=ndcg@10 early_stopping_patience=6
2026-10-04 20:17:17,519 | INFO | TRAINING_BRANCHES stage=all_dl short=True preference=True gcn=True preference_auxiliary=True preference_contrastive=True diversity_pairs=1 policy_gradient=False trainable_parameters=879664
2026-10-04 20:17:22,598 | INFO | 
========== PERIODIC VALIDATION ==========
stage=all_dl | epoch=1 | step=54 | users=1457/1457
NDCG  | @5 0.093129 | @10 0.094242
Recall| @5 0.098833 | @10 0.102265
Hit   | @5 0.098833 | @10 0.102265
================================
2026-10-04 20:17:22,598 | INFO | PERIODIC VALIDATION SEQUENCE_LENGTH {"basis": "filtered_full_sequence", "long": {"evaluated_users": 219, "history_length_max": 119, "history_length_mean": 20.98173515981735, "history_length_min": 11, "hit@10": 0.0502283105022831, "hit@5": 0.0410958904109589, "ndcg@10": 0.037421877069313166, "ndcg@5": 0.03435488134377092, "recall@10": 0.0502283105022831, "recall@5": 0.0410958904109589, "total_users": 219}, "long_rule": "length > threshold", "short": {"evaluated_users": 1238, "history_length_max": 10, "history_length_mean": 5.27221324717286, "history_length_min": 3, "hit@10": 0.11147011308562198, "hit@5": 0.10904684975767366, "ndcg@10": 0.1042928452376127, "ndcg@5": 0.10352561728463772, "recall@10": 0.11147011308562198, "recall@5": 0.10904684975767366, "total_users": 1238}, "short_rule": "length <= threshold", "threshold": 10}
2026-10-04 20:17:22,921 | INFO | 
========== PERIODIC TEST ==========
stage=all_dl | epoch=1 | step=54 | users=1457/1457
NDCG  | @5 0.109011 | @10 0.110188
Recall| @5 0.116678 | @10 0.120110
Hit   | @5 0.116678 | @10 0.120110
================================
2026-10-04 20:17:22,921 | INFO | PERIODIC TEST SEQUENCE_LENGTH {"basis": "filtered_full_sequence", "long": {"evaluated_users": 219, "history_length_max": 119, "history_length_mean": 20.98173515981735, "history_length_min": 11, "hit@10": 0.0639269406392694, "hit@5": 0.0593607305936073, "ndcg@10": 0.043763965177791464, "ndcg@5": 0.042137448341681774, "recall@10": 0.0639269406392694, "recall@5": 0.0593607305936073, "total_users": 219}, "long_rule": "length > threshold", "short": {"evaluated_users": 1238, "history_length_max": 10, "history_length_mean": 5.27221324717286, "history_length_min": 3, "hit@10": 0.13004846526655897, "hit@5": 0.12681744749596122, "ndcg@10": 0.12193781389141893, "ndcg@5": 0.12084113668007648, "recall@10": 0.13004846526655897, "recall@5": 0.12681744749596122, "total_users": 1238}, "short_rule": "length <= threshold", "threshold": 10}
2026-10-04 20:17:22,921 | INFO | VALID_STEP step=54 stage=all_dl epoch=1 ndcg@10=0.094242 recall@10=0.102265 improved=True
2026-10-04 20:17:22,924 | INFO | BEST_MODEL_IN_MEMORY step=54 stage=all_dl ndcg@10=0.094242
2026-10-04 20:17:22,924 | INFO | LEARNING_RATE step=54 stage=all_dl lr=0.0001
2026-10-04 20:17:22,924 | INFO | stage=all_dl epoch=1 loss=4.511915 steps=54 transitions/s=1438.55
2026-10-04 20:17:27,643 | INFO | 
========== PERIODIC VALIDATION ==========
stage=all_dl | epoch=2 | step=108 | users=1457/1457
NDCG  | @5 0.093895 | @10 0.094942
Recall| @5 0.099520 | @10 0.102951
Hit   | @5 0.099520 | @10 0.102951
================================
2026-10-04 20:17:27,643 | INFO | PERIODIC VALIDATION SEQUENCE_LENGTH {"basis": "filtered_full_sequence", "long": {"evaluated_users": 219, "history_length_max": 119, "history_length_mean": 20.98173515981735, "history_length_min": 11, "hit@10": 0.0547945205479452, "hit@5": 0.045662100456621, "ndcg@10": 0.03906778006824786, "ndcg@5": 0.03612133251835786, "recall@10": 0.0547945205479452, "recall@5": 0.045662100456621, "total_users": 219}, "long_rule": "length > threshold", "short": {"evaluated_users": 1238, "history_length_max": 10, "history_length_mean": 5.27221324717286, "history_length_min": 3, "hit@10": 0.11147011308562198, "hit@5": 0.10904684975767366, "ndcg@10": 0.1048257651124851, "ndcg@5": 0.10411562000077287, "recall@10": 0.11147011308562198, "recall@5": 0.10904684975767366, "total_users": 1238}, "short_rule": "length <= threshold", "threshold": 10}
2026-10-04 20:17:27,970 | INFO | 
========== PERIODIC TEST ==========
stage=all_dl | epoch=2 | step=108 | users=1457/1457
NDCG  | @5 0.108964 | @10 0.110910
Recall| @5 0.116678 | @10 0.122855
Hit   | @5 0.116678 | @10 0.122855
================================
2026-10-04 20:17:27,970 | INFO | PERIODIC TEST SEQUENCE_LENGTH {"basis": "filtered_full_sequence", "long": {"evaluated_users": 219, "history_length_max": 119, "history_length_mean": 20.98173515981735, "history_length_min": 11, "hit@10": 0.0639269406392694, "hit@5": 0.0547945205479452, "ndcg@10": 0.04152774562929883, "ndcg@5": 0.03868574490029783, "recall@10": 0.0639269406392694, "recall@5": 0.0547945205479452, "total_users": 219}, "long_rule": "length > threshold", "short": {"evaluated_users": 1238, "history_length_max": 10, "history_length_mean": 5.27221324717286, "history_length_min": 3, "hit@10": 0.1332794830371567, "hit@5": 0.12762520193861066, "ndcg@10": 0.12318408643282568, "ndcg@5": 0.121395740566778, "recall@10": 0.1332794830371567, "recall@5": 0.12762520193861066, "total_users": 1238}, "short_rule": "length <= threshold", "threshold": 10}
2026-10-04 20:17:27,971 | INFO | VALID_STEP step=108 stage=all_dl epoch=2 ndcg@10=0.094942 recall@10=0.102951 improved=True
2026-10-04 20:17:27,973 | INFO | BEST_MODEL_IN_MEMORY step=108 stage=all_dl ndcg@10=0.094942
2026-10-04 20:17:27,973 | INFO | LEARNING_RATE step=108 stage=all_dl lr=0.0001
2026-10-04 20:17:27,974 | INFO | stage=all_dl epoch=2 loss=4.556660 steps=54 transitions/s=1559.58
2026-10-04 20:17:32,656 | INFO | 
========== PERIODIC VALIDATION ==========
stage=all_dl | epoch=3 | step=162 | users=1457/1457
NDCG  | @5 0.093245 | @10 0.094374
Recall| @5 0.097461 | @10 0.100892
Hit   | @5 0.097461 | @10 0.100892
================================
2026-10-04 20:17:32,656 | INFO | PERIODIC VALIDATION SEQUENCE_LENGTH {"basis": "filtered_full_sequence", "long": {"evaluated_users": 219, "history_length_max": 119, "history_length_mean": 20.98173515981735, "history_length_min": 11, "hit@10": 0.0547945205479452, "hit@5": 0.045662100456621, "ndcg@10": 0.04064858551415587, "ndcg@5": 0.03780658478515486, "recall@10": 0.0547945205479452, "recall@5": 0.045662100456621, "total_users": 219}, "long_rule": "length > threshold", "short": {"evaluated_users": 1238, "history_length_max": 10, "history_length_mean": 5.27221324717286, "history_length_min": 3, "hit@10": 0.10904684975767366, "hit@5": 0.10662358642972536, "ndcg@10": 0.10387761070228077, "ndcg@5": 0.1030513798026243, "recall@10": 0.10904684975767366, "recall@5": 0.10662358642972536, "total_users": 1238}, "short_rule": "length <= threshold", "threshold": 10}
2026-10-04 20:17:32,982 | INFO | 
========== PERIODIC TEST ==========
stage=all_dl | epoch=3 | step=162 | users=1457/1457
NDCG  | @5 0.108856 | @10 0.111467
Recall| @5 0.116678 | @10 0.124914
Hit   | @5 0.116678 | @10 0.124914
================================
2026-10-04 20:17:32,982 | INFO | PERIODIC TEST SEQUENCE_LENGTH {"basis": "filtered_full_sequence", "long": {"evaluated_users": 219, "history_length_max": 119, "history_length_mean": 20.98173515981735, "history_length_min": 11, "hit@10": 0.0593607305936073, "hit@5": 0.0547945205479452, "ndcg@10": 0.04189103633219409, "ndcg@5": 0.04057110561841378, "recall@10": 0.0593607305936073, "recall@5": 0.0547945205479452, "total_users": 219}, "long_rule": "length > threshold", "short": {"evaluated_users": 1238, "history_length_max": 10, "history_length_mean": 5.27221324717286, "history_length_min": 3, "hit@10": 0.13651050080775445, "hit@5": 0.12762520193861066, "ndcg@10": 0.12377512565232274, "ndcg@5": 0.12093586702725732, "recall@10": 0.13651050080775445, "recall@5": 0.12762520193861066, "total_users": 1238}, "short_rule": "length <= threshold", "threshold": 10}
2026-10-04 20:17:32,982 | INFO | VALID_STEP step=162 stage=all_dl epoch=3 ndcg@10=0.094374 recall@10=0.100892 improved=False
2026-10-04 20:17:32,982 | INFO | LEARNING_RATE step=162 stage=all_dl lr=0.0001
2026-10-04 20:17:32,983 | INFO | stage=all_dl epoch=3 loss=4.511863 steps=54 transitions/s=1571.67
2026-10-04 20:17:37,696 | INFO | 
========== PERIODIC VALIDATION ==========
stage=all_dl | epoch=4 | step=216 | users=1457/1457
NDCG  | @5 0.093468 | @10 0.094791
Recall| @5 0.097461 | @10 0.101579
Hit   | @5 0.097461 | @10 0.101579
================================
2026-10-04 20:17:37,696 | INFO | PERIODIC VALIDATION SEQUENCE_LENGTH {"basis": "filtered_full_sequence", "long": {"evaluated_users": 219, "history_length_max": 119, "history_length_mean": 20.98173515981735, "history_length_min": 11, "hit@10": 0.0547945205479452, "hit@5": 0.045662100456621, "ndcg@10": 0.04064858551415587, "ndcg@5": 0.03780658478515486, "recall@10": 0.0547945205479452, "recall@5": 0.045662100456621, "total_users": 219}, "long_rule": "length > threshold", "short": {"evaluated_users": 1238, "history_length_max": 10, "history_length_mean": 5.27221324717286, "history_length_min": 3, "hit@10": 0.1098546042003231, "hit@5": 0.10662358642972536, "ndcg@10": 0.10436905499525817, "ndcg@5": 0.10331409910439304, "recall@10": 0.1098546042003231, "recall@5": 0.10662358642972536, "total_users": 1238}, "short_rule": "length <= threshold", "threshold": 10}
2026-10-04 20:17:38,023 | INFO | 
========== PERIODIC TEST ==========
stage=all_dl | epoch=4 | step=216 | users=1457/1457
NDCG  | @5 0.109713 | @10 0.111638
Recall| @5 0.118737 | @10 0.124914
Hit   | @5 0.118737 | @10 0.124914
================================
2026-10-04 20:17:38,023 | INFO | PERIODIC TEST SEQUENCE_LENGTH {"basis": "filtered_full_sequence", "long": {"evaluated_users": 219, "history_length_max": 119, "history_length_mean": 20.98173515981735, "history_length_min": 11, "hit@10": 0.0593607305936073, "hit@5": 0.0547945205479452, "ndcg@10": 0.040976638179234894, "ndcg@5": 0.03965670746545458, "recall@10": 0.0593607305936073, "recall@5": 0.0547945205479452, "total_users": 219}, "long_rule": "length > threshold", "short": {"evaluated_users": 1238, "history_length_max": 10, "history_length_mean": 5.27221324717286, "history_length_min": 3, "hit@10": 0.13651050080775445, "hit@5": 0.13004846526655897, "ndcg@10": 0.12413744531318435, "ndcg@5": 0.12210586631552824, "recall@10": 0.13651050080775445, "recall@5": 0.13004846526655897, "total_users": 1238}, "short_rule": "length <= threshold", "threshold": 10}
2026-10-04 20:17:38,024 | INFO | VALID_STEP step=216 stage=all_dl epoch=4 ndcg@10=0.094791 recall@10=0.101579 improved=False
2026-10-04 20:17:38,024 | INFO | LEARNING_RATE step=216 stage=all_dl lr=0.0001
2026-10-04 20:17:38,024 | INFO | stage=all_dl epoch=4 loss=4.466900 steps=54 transitions/s=1561.19
2026-10-04 20:17:38,349 | INFO | 
========== FINAL CURRENT VALIDATION ==========
stage=final | epoch=0 | step=216 | users=1457/1457
NDCG  | @5 0.093468 | @10 0.094791
Recall| @5 0.097461 | @10 0.101579
Hit   | @5 0.097461 | @10 0.101579
================================
2026-10-04 20:17:38,349 | INFO | FINAL CURRENT VALIDATION SEQUENCE_LENGTH {"basis": "filtered_full_sequence", "long": {"evaluated_users": 219, "history_length_max": 119, "history_length_mean": 20.98173515981735, "history_length_min": 11, "hit@10": 0.0547945205479452, "hit@5": 0.045662100456621, "ndcg@10": 0.04064858551415587, "ndcg@5": 0.03780658478515486, "recall@10": 0.0547945205479452, "recall@5": 0.045662100456621, "total_users": 219}, "long_rule": "length > threshold", "short": {"evaluated_users": 1238, "history_length_max": 10, "history_length_mean": 5.27221324717286, "history_length_min": 3, "hit@10": 0.1098546042003231, "hit@5": 0.10662358642972536, "ndcg@10": 0.10436905499525817, "ndcg@5": 0.10331409910439304, "recall@10": 0.1098546042003231, "recall@5": 0.10662358642972536, "total_users": 1238}, "short_rule": "length <= threshold", "threshold": 10}
2026-10-04 20:17:38,349 | INFO | VALID_STEP step=216 stage=final epoch=0 ndcg@10=0.094791 recall@10=0.101579 improved=False
2026-10-04 20:17:38,350 | INFO | RESTORE_BEST step=108 stage=all_dl ndcg@10=0.094942
2026-10-04 20:17:39,001 | INFO | 
========== BEST CHECKPOINT VALIDATION ==========
stage=all_dl | epoch=0 | step=108 | users=1457/1457
NDCG  | @5 0.093895 | @10 0.094942
Recall| @5 0.099520 | @10 0.102951
Hit   | @5 0.099520 | @10 0.102951
================================
2026-10-04 20:17:39,001 | INFO | BEST CHECKPOINT VALIDATION SEQUENCE_LENGTH {"basis": "filtered_full_sequence", "long": {"evaluated_users": 219, "history_length_max": 119, "history_length_mean": 20.98173515981735, "history_length_min": 11, "hit@10": 0.0547945205479452, "hit@5": 0.045662100456621, "ndcg@10": 0.03906778006824786, "ndcg@5": 0.03612133251835786, "recall@10": 0.0547945205479452, "recall@5": 0.045662100456621, "total_users": 219}, "long_rule": "length > threshold", "short": {"evaluated_users": 1238, "history_length_max": 10, "history_length_mean": 5.27221324717286, "history_length_min": 3, "hit@10": 0.11147011308562198, "hit@5": 0.10904684975767366, "ndcg@10": 0.1048257651124851, "ndcg@5": 0.10411562000077287, "recall@10": 0.11147011308562198, "recall@5": 0.10904684975767366, "total_users": 1238}, "short_rule": "length <= threshold", "threshold": 10}
2026-10-04 20:17:39,001 | INFO | 
========== FINAL FULL TEST ==========
stage=all_dl | epoch=0 | step=108 | users=1457/1457
NDCG  | @5 0.108964 | @10 0.110910
Recall| @5 0.116678 | @10 0.122855
Hit   | @5 0.116678 | @10 0.122855
================================
2026-10-04 20:17:39,001 | INFO | FINAL FULL TEST SEQUENCE_LENGTH {"basis": "filtered_full_sequence", "long": {"evaluated_users": 219, "history_length_max": 119, "history_length_mean": 20.98173515981735, "history_length_min": 11, "hit@10": 0.0639269406392694, "hit@5": 0.0547945205479452, "ndcg@10": 0.04152774562929883, "ndcg@5": 0.03868574490029783, "recall@10": 0.0639269406392694, "recall@5": 0.0547945205479452, "total_users": 219}, "long_rule": "length > threshold", "short": {"evaluated_users": 1238, "history_length_max": 10, "history_length_mean": 5.27221324717286, "history_length_min": 3, "hit@10": 0.1332794830371567, "hit@5": 0.12762520193861066, "ndcg@10": 0.12318408643282568, "ndcg@5": 0.121395740566778, "recall@10": 0.1332794830371567, "recall@5": 0.12762520193861066, "total_users": 1238}, "short_rule": "length <= threshold", "threshold": 10}
2026-10-04 20:17:39,001 | INFO | VALID_BEST {"evaluated_users": 1457, "hit@10": 0.1029512697323267, "hit@5": 0.09951956074124914, "ndcg@10": 0.09494175825858656, "ndcg@5": 0.09389547673332094, "preference_agent_weight": 0.17256666129798862, "preference_change_probability": 0.4481190280220487, "preference_current_entropy": 0.49640728564972575, "preference_next_entropy": 1.352498182140971, "preference_ranking_weight": 0.17256666129798862, "recall@10": 0.1029512697323267, "recall@5": 0.09951956074124914, "scores_per_second": 18532305.610594776, "sequence_length": {"basis": "filtered_full_sequence", "long": {"evaluated_users": 219, "history_length_max": 119, "history_length_mean": 20.98173515981735, "history_length_min": 11, "hit@10": 0.0547945205479452, "hit@5": 0.045662100456621, "ndcg@10": 0.03906778006824786, "ndcg@5": 0.03612133251835786, "recall@10": 0.0547945205479452, "recall@5": 0.045662100456621, "total_users": 219}, "long_rule": "length > threshold", "short": {"evaluated_users": 1238, "history_length_max": 10, "history_length_mean": 5.27221324717286, "history_length_min": 3, "hit@10": 0.11147011308562198, "hit@5": 0.10904684975767366, "ndcg@10": 0.1048257651124851, "ndcg@5": 0.10411562000077287, "recall@10": 0.11147011308562198, "recall@5": 0.10904684975767366, "total_users": 1238}, "short_rule": "length <= threshold", "threshold": 10}, "short_agent_weight": 0.8274333354292787, "short_preference_state_cosine": 0.04058786205993422, "total_users": 1457, "users_per_second": 4531.126066160092}
2026-10-04 20:17:39,001 | INFO | TEST_FINAL {"evaluated_users": 1457, "hit@10": 0.12285518188057652, "hit@5": 0.11667810569663692, "ndcg@10": 0.11091041532214078, "ndcg@5": 0.10896369604190573, "preference_agent_weight": 0.17219281769322464, "preference_change_probability": 0.44778607852179136, "preference_current_entropy": 0.5121919007520603, "preference_next_entropy": 1.351809059829031, "preference_ranking_weight": 0.17219281769322464, "recall@10": 0.12285518188057652, "recall@5": 0.11667810569663692, "scores_per_second": 18210626.07460972, "sequence_length": {"basis": "filtered_full_sequence", "long": {"evaluated_users": 219, "history_length_max": 119, "history_length_mean": 20.98173515981735, "history_length_min": 11, "hit@10": 0.0639269406392694, "hit@5": 0.0547945205479452, "ndcg@10": 0.04152774562929883, "ndcg@5": 0.03868574490029783, "recall@10": 0.0639269406392694, "recall@5": 0.0547945205479452, "total_users": 219}, "long_rule": "length > threshold", "short": {"evaluated_users": 1238, "history_length_max": 10, "history_length_mean": 5.27221324717286, "history_length_min": 3, "hit@10": 0.1332794830371567, "hit@5": 0.12762520193861066, "ndcg@10": 0.12318408643282568, "ndcg@5": 0.121395740566778, "recall@10": 0.1332794830371567, "recall@5": 0.12762520193861066, "total_users": 1238}, "short_rule": "length <= threshold", "threshold": 10}, "short_agent_weight": 0.8278071862340546, "short_preference_state_cosine": 0.019605300568847028, "total_users": 1457, "users_per_second": 4452.475812863012}
2026-10-04 20:17:39,001 | INFO | TARGET_RESULT metric=recall@10 target=>0.150000 actual=0.122855 achieved=False
2026-10-04 20:17:39,208 | INFO | FINAL_LENGTH_SCORES dataset=amazon-all-beauty group=short split=valid threshold=10 users=1238/1238 scores={"hit@10": 0.11147011308562198, "hit@5": 0.10904684975767366, "ndcg@10": 0.1048257651124851, "ndcg@5": 0.10411562000077287, "recall@10": 0.11147011308562198, "recall@5": 0.10904684975767366}
2026-10-04 20:17:39,208 | INFO | FINAL_LENGTH_SCORES dataset=amazon-all-beauty group=short split=test threshold=10 users=1238/1238 scores={"hit@10": 0.1332794830371567, "hit@5": 0.12762520193861066, "ndcg@10": 0.12318408643282568, "ndcg@5": 0.121395740566778, "recall@10": 0.1332794830371567, "recall@5": 0.12762520193861066}
2026-10-04 20:17:39,208 | INFO | short_scores=/workspace/P78123011/MediaTek_2026_project/ver5/outputs_mamba_rl/amazons_long_short_S1_P1_G1_C1_SW4_P4/Full_Beauty/rl_20261004_201716_r1_2814067/short_scores.json
2026-10-04 20:17:39,208 | INFO | FINAL_LENGTH_SCORES dataset=amazon-all-beauty group=long split=valid threshold=10 users=219/219 scores={"hit@10": 0.0547945205479452, "hit@5": 0.045662100456621, "ndcg@10": 0.03906778006824786, "ndcg@5": 0.03612133251835786, "recall@10": 0.0547945205479452, "recall@5": 0.045662100456621}
2026-10-04 20:17:39,208 | INFO | FINAL_LENGTH_SCORES dataset=amazon-all-beauty group=long split=test threshold=10 users=219/219 scores={"hit@10": 0.0639269406392694, "hit@5": 0.0547945205479452, "ndcg@10": 0.04152774562929883, "ndcg@5": 0.03868574490029783, "recall@10": 0.0639269406392694, "recall@5": 0.0547945205479452}
2026-10-04 20:17:39,208 | INFO | long_scores=/workspace/P78123011/MediaTek_2026_project/ver5/outputs_mamba_rl/amazons_long_short_S1_P1_G1_C1_SW4_P4/Full_Beauty/rl_20261004_201716_r1_2814067/long_scores.json
2026-10-04 20:17:39,208 | INFO | scores=/workspace/P78123011/MediaTek_2026_project/ver5/outputs_mamba_rl/amazons_long_short_S1_P1_G1_C1_SW4_P4/Full_Beauty/rl_20261004_201716_r1_2814067/Full_Beauty_scores.json
2026-10-04 20:17:39,208 | INFO | outputs=/workspace/P78123011/MediaTek_2026_project/ver5/outputs_mamba_rl/amazons_long_short_S1_P1_G1_C1_SW4_P4/Full_Beauty/rl_20261004_201716_r1_2814067
