2026-08-27 01:39:35,152 | INFO | run_id=20260827_013935 dataset=movielens-1m device=cuda
2026-08-27 01:39:35,152 | INFO | EXPERIMENT_NOTE MOVIELENS SWEEP RUN 3/3. Fixed method, split and common specialist initialization identical to Runs 1-2. Hyperparameters only: batch=768, policy candidates=256, extra epochs=2/3/20, lrs=1.5e-4/2e-4/5e-5, supervised=1.0, entropy=0.001, popularity_alpha=-0.5, transition_beta=1.5. Prior coefficients were selected exclusively by a local validation refinement around Run 2 (best validation Recall@10=0.229698376); held-out test was not used to choose this configuration.
2026-08-27 01:39:35,153 | INFO | EXPERIMENT_CONFIG {"batch_size": 768, "cache_dir": "/workspace/P78123011/cache", "candidates": 256, "coordinator_epochs": 3, "coordinator_lr": 0.0002, "data_path": null, "dataset": "movielens-1m", "device": "cuda", "dim": 128, "early_stopping_patience": 4, "entropy_coef": 0.001, "eval_batch_size": 1024, "experiment_note": "MOVIELENS SWEEP RUN 3/3. Fixed method, split and common specialist initialization identical to Runs 1-2. Hyperparameters only: batch=768, policy candidates=256, extra epochs=2/3/20, lrs=1.5e-4/2e-4/5e-5, supervised=1.0, entropy=0.001, popularity_alpha=-0.5, transition_beta=1.5. Prior coefficients were selected exclusively by a local validation refinement around Run 2 (best validation Recall@10=0.229698376); held-out test was not used to choose this configuration.", "full_catalog_supervised": true, "generate_reasons": false, "item_vector_artifact": "/workspace/P78123011/cache/mamba_multi_agent/movielens-1m_3533_d3193a313f17.pt", "joint_lr": 5e-05, "lora_alpha": 16.0, "lora_dropout": 0.05, "lora_rank": 8, "lr_patience": 1, "max_events": null, "max_history": 100, "max_transitions": 500000, "min_rating": 4.0, "min_user_events": 5, "monitor_metric": "recall@10", "output_dir": "/workspace/P78123011/MediaTek_2026_project/outputs_mamba_rl", "popularity_alpha": -0.5, "reason_count": 0, "reason_max_new_tokens": 40, "resume_checkpoint": "/workspace/P78123011/MediaTek_2026_project/outputs_mamba_rl/movielens-1m/20260826_154040/best_validation.pt", "rl_epochs": 20, "seed": 25252, "short_window": 10, "skip_mamba": false, "specialist_epochs": 2, "specialist_lr": 0.00015, "specialization_coef": 0.01, "supervised_coef": 1.0, "target_recall_at_10": 0.15, "transition_beta": 1.5, "validate_every_steps": 1000}
2026-08-27 01:39:35,921 | INFO | users=6034 items=3533 train_interactions=563204
2026-08-27 01:39:37,454 | INFO | CATALOG_PRIORS popularity_alpha=-0.500000 transition_beta=1.500000 source=train_histories_only enabled=True
2026-08-27 01:39:37,462 | INFO | ITEM_VECTOR_ARTIFACT path=/workspace/P78123011/cache/mamba_multi_agent/movielens-1m_3533_d3193a313f17.pt fingerprint=d3193a313f17
2026-08-27 01:39:37,481 | INFO | RESUME_CHECKPOINT path=/workspace/P78123011/MediaTek_2026_project/outputs_mamba_rl/movielens-1m/20260826_154040/best_validation.pt
2026-08-27 01:39:37,481 | INFO | agent_parameters={'long': 8321, 'short': 8321, 'coordinator': 7185, 'shared_projection': 327680}
2026-08-27 01:39:38,002 | INFO | training_transitions=500000
2026-08-27 01:39:38,002 | INFO | schedule specialist_epochs=2 coordinator_epochs=3 rl_epochs=20 validate_every_steps=1000 monitor=recall@10 early_stopping_patience=4
2026-08-27 01:39:38,921 | INFO | VALID_STEP step=0 stage=resume epoch=0 recall@10=0.191912 recall@10=0.191912 improved=True
2026-08-27 01:39:38,923 | INFO | BEST_CHECKPOINT step=0 stage=resume recall@10=0.191912 path=/workspace/P78123011/MediaTek_2026_project/outputs_mamba_rl/movielens-1m/20260827_013935/best_validation.pt
2026-08-27 01:40:25,597 | INFO | stage=specialists epoch=1 loss=13.001941 steps=652 transitions/s=10842.26
2026-08-27 01:40:51,028 | INFO | VALID_STEP step=1000 stage=specialists epoch=2 recall@10=0.200530 recall@10=0.200530 improved=True
2026-08-27 01:40:51,030 | INFO | BEST_CHECKPOINT step=1000 stage=specialists recall@10=0.200530 path=/workspace/P78123011/MediaTek_2026_project/outputs_mamba_rl/movielens-1m/20260827_013935/best_validation.pt
2026-08-27 01:41:12,610 | INFO | stage=specialists epoch=2 loss=12.860217 steps=652 transitions/s=10828.10
2026-08-27 01:41:33,826 | INFO | stage=coordinator epoch=1 loss=6.350222 steps=652 transitions/s=23700.50
2026-08-27 01:41:36,095 | INFO | VALID_STEP step=2000 stage=coordinator epoch=2 recall@10=0.201856 recall@10=0.201856 improved=True
2026-08-27 01:41:36,098 | INFO | BEST_CHECKPOINT step=2000 stage=coordinator recall@10=0.201856 path=/workspace/P78123011/MediaTek_2026_project/outputs_mamba_rl/movielens-1m/20260827_013935/best_validation.pt
2026-08-27 01:41:36,098 | INFO | LEARNING_RATE step=2000 stage=coordinator lr=0.0002
2026-08-27 01:41:55,688 | INFO | stage=coordinator epoch=2 loss=6.336650 steps=652 transitions/s=23784.19
2026-08-27 01:42:09,221 | INFO | VALID_STEP step=3000 stage=coordinator epoch=3 recall@10=0.204176 recall@10=0.204176 improved=True
2026-08-27 01:42:09,223 | INFO | BEST_CHECKPOINT step=3000 stage=coordinator recall@10=0.204176 path=/workspace/P78123011/MediaTek_2026_project/outputs_mamba_rl/movielens-1m/20260827_013935/best_validation.pt
2026-08-27 01:42:09,223 | INFO | LEARNING_RATE step=3000 stage=coordinator lr=0.0002
2026-08-27 01:42:17,580 | INFO | stage=coordinator epoch=3 loss=6.329534 steps=652 transitions/s=23753.74
2026-08-27 01:43:09,712 | INFO | stage=joint epoch=1 loss=6.069621 steps=652 transitions/s=9611.73
2026-08-27 01:43:17,538 | INFO | VALID_STEP step=4000 stage=joint epoch=2 recall@10=0.206165 recall@10=0.206165 improved=True
2026-08-27 01:43:17,543 | INFO | BEST_CHECKPOINT step=4000 stage=joint recall@10=0.206165 path=/workspace/P78123011/MediaTek_2026_project/outputs_mamba_rl/movielens-1m/20260827_013935/best_validation.pt
2026-08-27 01:43:17,543 | INFO | LEARNING_RATE step=4000 stage=joint lr=5e-05
2026-08-27 01:44:02,458 | INFO | stage=joint epoch=2 loss=6.022486 steps=652 transitions/s=9630.35
2026-08-27 01:44:38,025 | INFO | VALID_STEP step=5000 stage=joint epoch=3 recall@10=0.208982 recall@10=0.208982 improved=True
2026-08-27 01:44:38,028 | INFO | BEST_CHECKPOINT step=5000 stage=joint recall@10=0.208982 path=/workspace/P78123011/MediaTek_2026_project/outputs_mamba_rl/movielens-1m/20260827_013935/best_validation.pt
2026-08-27 01:44:38,028 | INFO | LEARNING_RATE step=5000 stage=joint lr=5e-05
2026-08-27 01:44:55,412 | INFO | stage=joint epoch=3 loss=5.990767 steps=652 transitions/s=9591.36
2026-08-27 01:45:47,256 | INFO | stage=joint epoch=4 loss=5.955061 steps=652 transitions/s=9665.70
2026-08-27 01:45:58,731 | INFO | VALID_STEP step=6000 stage=joint epoch=5 recall@10=0.208154 recall@10=0.208154 improved=False
2026-08-27 01:45:58,731 | INFO | LEARNING_RATE step=6000 stage=joint lr=5e-05
2026-08-27 01:46:40,664 | INFO | stage=joint epoch=5 loss=5.925279 steps=652 transitions/s=9509.12
2026-08-27 01:47:21,792 | INFO | VALID_STEP step=7000 stage=joint epoch=6 recall@10=0.211634 recall@10=0.211634 improved=True
2026-08-27 01:47:21,846 | INFO | BEST_CHECKPOINT step=7000 stage=joint recall@10=0.211634 path=/workspace/P78123011/MediaTek_2026_project/outputs_mamba_rl/movielens-1m/20260827_013935/best_validation.pt
2026-08-27 01:47:21,846 | INFO | LEARNING_RATE step=7000 stage=joint lr=5e-05
2026-08-27 01:47:35,620 | INFO | stage=joint epoch=6 loss=5.897182 steps=652 transitions/s=9239.37
2026-08-27 01:48:28,422 | INFO | stage=joint epoch=7 loss=5.866792 steps=652 transitions/s=9490.52
2026-08-27 01:48:43,422 | INFO | VALID_STEP step=8000 stage=joint epoch=8 recall@10=0.212463 recall@10=0.212463 improved=True
2026-08-27 01:48:43,427 | INFO | BEST_CHECKPOINT step=8000 stage=joint recall@10=0.212463 path=/workspace/P78123011/MediaTek_2026_project/outputs_mamba_rl/movielens-1m/20260827_013935/best_validation.pt
2026-08-27 01:48:43,427 | INFO | LEARNING_RATE step=8000 stage=joint lr=5e-05
2026-08-27 01:49:21,978 | INFO | stage=joint epoch=8 loss=5.844944 steps=652 transitions/s=9483.02
2026-08-27 01:50:05,060 | INFO | VALID_STEP step=9000 stage=joint epoch=9 recall@10=0.215446 recall@10=0.215446 improved=True
2026-08-27 01:50:05,062 | INFO | BEST_CHECKPOINT step=9000 stage=joint recall@10=0.215446 path=/workspace/P78123011/MediaTek_2026_project/outputs_mamba_rl/movielens-1m/20260827_013935/best_validation.pt
2026-08-27 01:50:05,062 | INFO | LEARNING_RATE step=9000 stage=joint lr=5e-05
2026-08-27 01:50:15,484 | INFO | stage=joint epoch=9 loss=5.820892 steps=652 transitions/s=9492.07
2026-08-27 01:51:08,259 | INFO | stage=joint epoch=10 loss=5.794287 steps=652 transitions/s=9494.90
2026-08-27 01:51:26,868 | INFO | VALID_STEP step=10000 stage=joint epoch=11 recall@10=0.215612 recall@10=0.215612 improved=True
2026-08-27 01:51:26,873 | INFO | BEST_CHECKPOINT step=10000 stage=joint recall@10=0.215612 path=/workspace/P78123011/MediaTek_2026_project/outputs_mamba_rl/movielens-1m/20260827_013935/best_validation.pt
2026-08-27 01:51:26,873 | INFO | LEARNING_RATE step=10000 stage=joint lr=5e-05
2026-08-27 01:52:01,728 | INFO | stage=joint epoch=11 loss=5.772321 steps=652 transitions/s=9498.20
2026-08-27 01:52:48,550 | INFO | VALID_STEP step=11000 stage=joint epoch=12 recall@10=0.217600 recall@10=0.217600 improved=True
2026-08-27 01:52:48,556 | INFO | BEST_CHECKPOINT step=11000 stage=joint recall@10=0.217600 path=/workspace/P78123011/MediaTek_2026_project/outputs_mamba_rl/movielens-1m/20260827_013935/best_validation.pt
2026-08-27 01:52:48,556 | INFO | LEARNING_RATE step=11000 stage=joint lr=5e-05
2026-08-27 01:52:55,299 | INFO | stage=joint epoch=12 loss=5.749057 steps=652 transitions/s=9481.03
2026-08-27 01:53:48,243 | INFO | stage=joint epoch=13 loss=5.729826 steps=652 transitions/s=9464.71
2026-08-27 01:54:10,317 | INFO | VALID_STEP step=12000 stage=joint epoch=14 recall@10=0.222075 recall@10=0.222075 improved=True
2026-08-27 01:54:10,322 | INFO | BEST_CHECKPOINT step=12000 stage=joint recall@10=0.222075 path=/workspace/P78123011/MediaTek_2026_project/outputs_mamba_rl/movielens-1m/20260827_013935/best_validation.pt
2026-08-27 01:54:10,322 | INFO | LEARNING_RATE step=12000 stage=joint lr=5e-05
2026-08-27 01:54:41,769 | INFO | stage=joint epoch=14 loss=5.709162 steps=652 transitions/s=9488.87
2026-08-27 01:55:32,141 | INFO | VALID_STEP step=13000 stage=joint epoch=15 recall@10=0.222075 recall@10=0.222075 improved=False
2026-08-27 01:55:32,141 | INFO | LEARNING_RATE step=13000 stage=joint lr=5e-05
2026-08-27 01:55:35,359 | INFO | stage=joint epoch=15 loss=5.686935 steps=652 transitions/s=9476.49
2026-08-27 01:56:28,148 | INFO | stage=joint epoch=16 loss=5.666835 steps=652 transitions/s=9492.19
2026-08-27 01:56:53,834 | INFO | VALID_STEP step=14000 stage=joint epoch=17 recall@10=0.223069 recall@10=0.223069 improved=True
2026-08-27 01:56:53,836 | INFO | BEST_CHECKPOINT step=14000 stage=joint recall@10=0.223069 path=/workspace/P78123011/MediaTek_2026_project/outputs_mamba_rl/movielens-1m/20260827_013935/best_validation.pt
2026-08-27 01:56:53,836 | INFO | LEARNING_RATE step=14000 stage=joint lr=5e-05
2026-08-27 01:57:21,868 | INFO | stage=joint epoch=17 loss=5.649802 steps=652 transitions/s=9456.71
2026-08-27 01:58:14,503 | INFO | stage=joint epoch=18 loss=5.633057 steps=652 transitions/s=9520.51
2026-08-27 01:58:15,662 | INFO | VALID_STEP step=15000 stage=joint epoch=19 recall@10=0.224727 recall@10=0.224727 improved=True
2026-08-27 01:58:15,664 | INFO | BEST_CHECKPOINT step=15000 stage=joint recall@10=0.224727 path=/workspace/P78123011/MediaTek_2026_project/outputs_mamba_rl/movielens-1m/20260827_013935/best_validation.pt
2026-08-27 01:58:15,664 | INFO | LEARNING_RATE step=15000 stage=joint lr=5e-05
2026-08-27 01:59:07,738 | INFO | stage=joint epoch=19 loss=5.614489 steps=652 transitions/s=9541.30
2026-08-27 01:59:36,916 | INFO | VALID_STEP step=16000 stage=joint epoch=20 recall@10=0.224561 recall@10=0.224561 improved=False
2026-08-27 01:59:36,916 | INFO | LEARNING_RATE step=16000 stage=joint lr=5e-05
2026-08-27 02:00:00,988 | INFO | stage=joint epoch=20 loss=5.601157 steps=652 transitions/s=9537.98
2026-08-27 02:00:01,709 | INFO | VALID_STEP step=16300 stage=final epoch=0 recall@10=0.224561 recall@10=0.224561 improved=False
2026-08-27 02:00:01,710 | INFO | RESTORE_BEST step=15000 stage=joint recall@10=0.224727
2026-08-27 02:00:03,138 | INFO | VALID_BEST {"ndcg@10": 0.12799297455410552, "ndcg@5": 0.10552197874560433, "recall@10": 0.22472654955253563, "recall@5": 0.1549552535631422, "scores_per_second": 29776390.66390116, "users_per_second": 8428.075478035993}
2026-08-27 02:00:03,138 | INFO | TEST_FINAL {"ndcg@10": 0.12220616478140796, "ndcg@5": 0.10043115334515544, "recall@10": 0.2117998011269473, "recall@5": 0.14434869075240306, "scores_per_second": 29984546.303565785, "users_per_second": 8486.993009783693}
2026-08-27 02:00:03,138 | INFO | TARGET_RESULT metric=recall@10 target=>0.150000 actual=0.211800 achieved=True
2026-08-27 02:00:03,320 | INFO | outputs=/workspace/P78123011/MediaTek_2026_project/outputs_mamba_rl/movielens-1m/20260827_013935
