2026-10-02 21:05:36,550 | INFO | run_id=20261002_210536 dataset=amazon-all-beauty device=cuda:0
2026-10-02 21:05:36,551 | INFO | MODEL recommender=MultiAgentMambaRecommender semantic_encoder=MambaTextEncoder semantic_model_id=state-spaces/mamba-130m-hf graph_backbone=LightGCN adaptation=multi_lora
2026-10-02 21:05:36,551 | INFO | ABLATION USE_SHORT=1 USE_PREFERENCE=0 USE_GCN=1 USE_COORDINATOR=0
2026-10-02 21:05:36,551 | INFO | AGENT_HISTORY mode=short_window_only effective_max_history=4 short=4 preference=0
2026-10-02 21:05:36,551 | INFO | EXPERIMENT_NOTE amazons_long_short subset=Full_Beauty; short filtered-full-sequence <= 10; long > 10; same model and full catalog
2026-10-02 21:05:36,551 | INFO | EXPERIMENT_CONFIG {"agent_diversity_coef": 0.02, "batch_size": 128, "cache_dir": "/workspace/P78123011/cache", "candidates": 64, "data_path": null, "dataset": "amazon-all-beauty", "device": "cuda:0", "dim": 128, "early_stopping_patience": 6, "enable_lora": 1, "eval_batch_size": 64, "eval_length_basis": "filtered_full_sequence", "eval_length_threshold": 10, "experiment_note": "amazons_long_short subset=Full_Beauty; short filtered-full-sequence <= 10; long > 10; same model and full catalog", "full_catalog_supervised": false, "future_decay": 0.5, "future_horizon": 3, "generate_reasons": false, "graph_device": "cuda:0", "hard_negative_fraction": 0.75, "hard_negative_pool_multiplier": 12, "hard_negative_warmup_epochs": 2, "history_influence_negatives": 64, "history_influence_output": null, "history_influence_user_limit": 0, "item_prompt_prefix": "Preference-aware product representation: ", "item_vector_artifact": null, "joint_epochs": 5, "joint_lr": 5e-05, "lora_alpha": 32.0, "lora_dropout": 0.05, "lora_rank": 16, "lr_patience": 2, "mamba_encode_batch_size": 32, "mamba_max_tokens": 32, "mamba_model_id": "state-spaces/mamba-130m-hf", "max_events": null, "max_history": 100, "max_transitions": 500000, "min_rating": 4.0, "monitor_metric": "ndcg@10", "output_dir": "/workspace/P78123011/MediaTek_2026_project/ver5/outputs_mamba_rl/amazons_lora", "output_run_dir": "/workspace/P78123011/MediaTek_2026_project/ver5/outputs_mamba_rl/amazons_long_short_S1_P0_G1_C0_SW4/Full_Beauty/rl_20261002_210535_r1_777411", "periodic_test_user_limit": 0, "popularity_alpha": -0.25, "preference_balance_coef": 0.01, "preference_coef": 0.2, "preference_contrastive_coef": 0.05, "preference_count": 32, "preference_score_weight": 0.2, "preference_separation_coef": 0.01, "preference_sharpness_coef": 0.05, "preference_temperature": 0.2, "preference_transition_coef": 0.1, "reason_count": 20, "reason_max_new_tokens": 40, "refresh_data_cache": false, "resume_checkpoint": null, "reverse_history_input": false, "rl_coef": 0.1, "rl_topk": 10, "save_model_weights": false, "score_file": "/workspace/P78123011/MediaTek_2026_project/ver5/outputs_mamba_rl/amazons_long_short_S1_P0_G1_C0_SW4/Full_Beauty/rl_20261002_210535_r1_777411/Full_Beauty_scores.json", "seed": 25252, "short_window": 4, "skip_mamba": false, "specialist_epochs": 3, "specialist_lr": 0.0001, "target_recall_at_10": 0.15, "transition_beta": 4.0, "use_coordinator": false, "use_graph_embeddings": true, "use_in_batch_negatives": true, "use_preference": 0, "use_short": 1, "validate_every_steps": 250, "validation_user_limit": 0}
2026-10-02 21:05:36,554 | INFO | INTERACTION_CACHE hit path=/workspace/P78123011/cache/mamba_multi_agent_data/amazon-all-beauty_90e3e920169a.pkl
2026-10-02 21:05:36,554 | INFO | HISTORY_INPUT_ORDER chronological
2026-10-02 21:05:36,555 | INFO | LENGTH_SPLIT preprocessing=original_one_pass_user_item_min_5 basis=filtered_full_sequence short<=10 long>10
2026-10-02 21:05:36,555 | INFO | users=1603 items=4090 train_interactions=8445
2026-10-02 21:05:36,860 | INFO | CATALOG_PRIORS popularity_alpha=-0.250000 transition_beta=4.000000 source=train_histories_only enabled=True
2026-10-02 21:05:36,886 | INFO | ITEM_VECTOR_ARTIFACT path=/workspace/P78123011/cache/mamba_multi_agent/amazon-all-beauty_4090_47e41e57cc9e_prompt_tok32.pt fingerprint=47e41e57cc9e
2026-10-02 21:05:36,886 | INFO | SEMANTIC_BACKBONE model_id=state-spaces/mamba-130m-hf hidden_size=768 frozen=True usage=shared_cached_item_vectors
2026-10-02 21:05:36,897 | INFO | GRAPH_EMBEDDINGS enabled=True source=train_histories_only main_device=cuda:0 graph_device=cuda:0
2026-10-02 21:05:36,945 | INFO | ADAPTATION_MODE mode=multi_lora enable_lora=1
2026-10-02 21:05:36,945 | INFO | ADAPTER_ROUTES {'short': ('candidate_lora', 'delta_lora', 'gate_lora', 'output_lora')}
2026-10-02 21:05:36,945 | INFO | agent_parameters={'short': 16513, 'preference': 28994, 'coordinator': 0, 'shared_projection': 98304, 'graph': 728704}
2026-10-02 21:05:36,945 | INFO | PREDICTION_PATH graph_only=False active_agents=1 coordinator=False
2026-10-02 21:05:36,954 | INFO | training_transitions=6842
2026-10-02 21:05:36,954 | INFO | schedule specialist_dl_epochs=3 joint_dl_rl_epochs=5 rl_coef=0.1000 rl_topk=10 validate_every_steps=250 validation_users=0 periodic_test_users=0 monitor=ndcg@10 early_stopping_patience=6
2026-10-02 21:05:37,797 | INFO | TRAINING_BRANCHES stage=specialists short=True preference=False gcn=True preference_auxiliary=False preference_contrastive=False diversity_pairs=0 policy_gradient=False trainable_parameters=843521
2026-10-02 21:06:02,872 | INFO | 
========== PERIODIC VALIDATION ==========
stage=specialists | epoch=1 | step=54 | users=1457/1457
NDCG  | @5 0.091203 | @10 0.092508
Recall| @5 0.096088 | @10 0.100206
Hit   | @5 0.096088 | @10 0.100206
================================
2026-10-02 21:06:02,873 | INFO | PERIODIC VALIDATION SEQUENCE_LENGTH {"basis": "filtered_full_sequence", "long": {"evaluated_users": 219, "history_length_max": 119, "history_length_mean": 20.98173515981735, "history_length_min": 11, "hit@10": 0.0502283105022831, "hit@5": 0.0365296803652968, "ndcg@10": 0.03569049048415331, "ndcg@5": 0.03147392356490581, "recall@10": 0.0502283105022831, "recall@5": 0.0365296803652968, "total_users": 219}, "long_rule": "length > threshold", "short": {"evaluated_users": 1238, "history_length_max": 10, "history_length_mean": 5.27221324717286, "history_length_min": 3, "hit@10": 0.10904684975767366, "hit@5": 0.10662358642972536, "ndcg@10": 0.10255942329622814, "ndcg@5": 0.10176895047978288, "recall@10": 0.10904684975767366, "recall@5": 0.10662358642972536, "total_users": 1238}, "short_rule": "length <= threshold", "threshold": 10}
2026-10-02 21:06:08,486 | INFO | 
========== PERIODIC TEST ==========
stage=specialists | epoch=1 | step=54 | users=1457/1457
NDCG  | @5 0.105199 | @10 0.106801
Recall| @5 0.109815 | @10 0.114619
Hit   | @5 0.109815 | @10 0.114619
================================
2026-10-02 21:06:08,486 | INFO | PERIODIC TEST SEQUENCE_LENGTH {"basis": "filtered_full_sequence", "long": {"evaluated_users": 219, "history_length_max": 119, "history_length_mean": 20.98173515981735, "history_length_min": 11, "hit@10": 0.0502283105022831, "hit@5": 0.0410958904109589, "ndcg@10": 0.03462211819823801, "ndcg@5": 0.03155512247269576, "recall@10": 0.0502283105022831, "recall@5": 0.0410958904109589, "total_users": 219}, "long_rule": "length > threshold", "short": {"evaluated_users": 1238, "history_length_max": 10, "history_length_mean": 5.27221324717286, "history_length_min": 3, "hit@10": 0.1260096930533118, "hit@5": 0.12197092084006463, "ndcg@10": 0.11956963648940115, "ndcg@5": 0.11822695266064583, "recall@10": 0.1260096930533118, "recall@5": 0.12197092084006463, "total_users": 1238}, "short_rule": "length <= threshold", "threshold": 10}
2026-10-02 21:06:08,487 | INFO | VALID_STEP step=54 stage=specialists epoch=1 ndcg@10=0.092508 recall@10=0.100206 improved=True
2026-10-02 21:06:08,489 | INFO | BEST_MODEL_IN_MEMORY step=54 stage=specialists ndcg@10=0.092508
2026-10-02 21:06:08,489 | INFO | stage=specialists epoch=1 loss=4.100679 sampled_ndcg_reward=0.000000 steps=54 transitions/s=356.01
2026-10-02 21:06:32,593 | INFO | 
========== PERIODIC VALIDATION ==========
stage=specialists | epoch=2 | step=108 | users=1457/1457
NDCG  | @5 0.091967 | @10 0.093277
Recall| @5 0.096088 | @10 0.100206
Hit   | @5 0.096088 | @10 0.100206
================================
2026-10-02 21:06:32,593 | INFO | PERIODIC VALIDATION SEQUENCE_LENGTH {"basis": "filtered_full_sequence", "long": {"evaluated_users": 219, "history_length_max": 119, "history_length_mean": 20.98173515981735, "history_length_min": 11, "hit@10": 0.0502283105022831, "hit@5": 0.0365296803652968, "ndcg@10": 0.035745125960619496, "ndcg@5": 0.03147392356490581, "recall@10": 0.0502283105022831, "recall@5": 0.0365296803652968, "total_users": 219}, "long_rule": "length > threshold", "short": {"evaluated_users": 1238, "history_length_max": 10, "history_length_mean": 5.27221324717286, "history_length_min": 3, "hit@10": 0.10904684975767366, "hit@5": 0.10662358642972536, "ndcg@10": 0.10345380448004393, "ndcg@5": 0.10266810007006193, "recall@10": 0.10904684975767366, "recall@5": 0.10662358642972536, "total_users": 1238}, "short_rule": "length <= threshold", "threshold": 10}
2026-10-02 21:06:38,191 | INFO | 
========== PERIODIC TEST ==========
stage=specialists | epoch=2 | step=108 | users=1457/1457
NDCG  | @5 0.106096 | @10 0.107445
Recall| @5 0.111187 | @10 0.115305
Hit   | @5 0.111187 | @10 0.115305
================================
2026-10-02 21:06:38,191 | INFO | PERIODIC TEST SEQUENCE_LENGTH {"basis": "filtered_full_sequence", "long": {"evaluated_users": 219, "history_length_max": 119, "history_length_mean": 20.98173515981735, "history_length_min": 11, "hit@10": 0.045662100456621, "hit@5": 0.0410958904109589, "ndcg@10": 0.03299560136212831, "ndcg@5": 0.03155512247269576, "recall@10": 0.045662100456621, "recall@5": 0.0410958904109589, "total_users": 219}, "long_rule": "length > threshold", "short": {"evaluated_users": 1238, "history_length_max": 10, "history_length_mean": 5.27221324717286, "history_length_min": 3, "hit@10": 0.12762520193861066, "hit@5": 0.12358642972536349, "ndcg@10": 0.12061464302303253, "ndcg@5": 0.11928162411297359, "recall@10": 0.12762520193861066, "recall@5": 0.12358642972536349, "total_users": 1238}, "short_rule": "length <= threshold", "threshold": 10}
2026-10-02 21:06:38,192 | INFO | VALID_STEP step=108 stage=specialists epoch=2 ndcg@10=0.093277 recall@10=0.100206 improved=True
2026-10-02 21:06:38,196 | INFO | BEST_MODEL_IN_MEMORY step=108 stage=specialists ndcg@10=0.093277
2026-10-02 21:06:38,196 | INFO | stage=specialists epoch=2 loss=4.100870 sampled_ndcg_reward=0.000000 steps=54 transitions/s=373.34
2026-10-02 21:07:02,224 | INFO | 
========== PERIODIC VALIDATION ==========
stage=specialists | epoch=3 | step=162 | users=1457/1457
NDCG  | @5 0.092829 | @10 0.093669
Recall| @5 0.096774 | @10 0.099520
Hit   | @5 0.096774 | @10 0.099520
================================
2026-10-02 21:07:02,224 | INFO | PERIODIC VALIDATION SEQUENCE_LENGTH {"basis": "filtered_full_sequence", "long": {"evaluated_users": 219, "history_length_max": 119, "history_length_mean": 20.98173515981735, "history_length_min": 11, "hit@10": 0.045662100456621, "hit@5": 0.0365296803652968, "ndcg@10": 0.03605581203717, "ndcg@5": 0.03315917583170281, "recall@10": 0.045662100456621, "recall@5": 0.0365296803652968, "total_users": 219}, "long_rule": "length > threshold", "short": {"evaluated_users": 1238, "history_length_max": 10, "history_length_mean": 5.27221324717286, "history_length_min": 3, "hit@10": 0.10904684975767366, "hit@5": 0.1074313408723748, "ndcg@10": 0.10386111107912202, "ndcg@5": 0.10338445936508174, "recall@10": 0.10904684975767366, "recall@5": 0.1074313408723748, "total_users": 1238}, "short_rule": "length <= threshold", "threshold": 10}
2026-10-02 21:07:07,881 | INFO | 
========== PERIODIC TEST ==========
stage=specialists | epoch=3 | step=162 | users=1457/1457
NDCG  | @5 0.106880 | @10 0.108011
Recall| @5 0.113246 | @10 0.116678
Hit   | @5 0.113246 | @10 0.116678
================================
2026-10-02 21:07:07,882 | INFO | PERIODIC TEST SEQUENCE_LENGTH {"basis": "filtered_full_sequence", "long": {"evaluated_users": 219, "history_length_max": 119, "history_length_mean": 20.98173515981735, "history_length_min": 11, "hit@10": 0.045662100456621, "hit@5": 0.045662100456621, "ndcg@10": 0.03383822749552681, "ndcg@5": 0.03383822749552681, "recall@10": 0.045662100456621, "recall@5": 0.045662100456621, "total_users": 219}, "long_rule": "length > threshold", "short": {"evaluated_users": 1238, "history_length_max": 10, "history_length_mean": 5.27221324717286, "history_length_min": 3, "hit@10": 0.12924071082390953, "hit@5": 0.12520193861066237, "ndcg@10": 0.12113185315964159, "ndcg@5": 0.11980082917024146, "recall@10": 0.12924071082390953, "recall@5": 0.12520193861066237, "total_users": 1238}, "short_rule": "length <= threshold", "threshold": 10}
2026-10-02 21:07:07,883 | INFO | VALID_STEP step=162 stage=specialists epoch=3 ndcg@10=0.093669 recall@10=0.099520 improved=True
2026-10-02 21:07:07,886 | INFO | BEST_MODEL_IN_MEMORY step=162 stage=specialists ndcg@10=0.093669
2026-10-02 21:07:07,887 | INFO | stage=specialists epoch=3 loss=4.062419 sampled_ndcg_reward=0.000000 steps=54 transitions/s=374.96
2026-10-02 21:07:07,889 | INFO | TRAINING_BRANCHES stage=joint short=True preference=False gcn=True preference_auxiliary=False preference_contrastive=False diversity_pairs=0 policy_gradient=True trainable_parameters=843521
2026-10-02 21:07:32,149 | INFO | 
========== PERIODIC VALIDATION ==========
stage=joint | epoch=1 | step=216 | users=1457/1457
NDCG  | @5 0.092143 | @10 0.093444
Recall| @5 0.096088 | @10 0.100206
Hit   | @5 0.096088 | @10 0.100206
================================
2026-10-02 21:07:32,149 | INFO | PERIODIC VALIDATION SEQUENCE_LENGTH {"basis": "filtered_full_sequence", "long": {"evaluated_users": 219, "history_length_max": 119, "history_length_mean": 20.98173515981735, "history_length_min": 11, "hit@10": 0.045662100456621, "hit@5": 0.0365296803652968, "ndcg@10": 0.03612172473635607, "ndcg@5": 0.03315917583170281, "recall@10": 0.045662100456621, "recall@5": 0.0365296803652968, "total_users": 219}, "long_rule": "length > threshold", "short": {"evaluated_users": 1238, "history_length_max": 10, "history_length_mean": 5.27221324717286, "history_length_min": 3, "hit@10": 0.1098546042003231, "hit@5": 0.10662358642972536, "ndcg@10": 0.10358424289073108, "ndcg@5": 0.10257670492243232, "recall@10": 0.1098546042003231, "recall@5": 0.10662358642972536, "total_users": 1238}, "short_rule": "length <= threshold", "threshold": 10}
2026-10-02 21:07:37,811 | INFO | 
========== PERIODIC TEST ==========
stage=joint | epoch=1 | step=216 | users=1457/1457
NDCG  | @5 0.107339 | @10 0.108273
Recall| @5 0.113933 | @10 0.116678
Hit   | @5 0.113933 | @10 0.116678
================================
2026-10-02 21:07:37,811 | INFO | PERIODIC TEST SEQUENCE_LENGTH {"basis": "filtered_full_sequence", "long": {"evaluated_users": 219, "history_length_max": 119, "history_length_mean": 20.98173515981735, "history_length_min": 11, "hit@10": 0.045662100456621, "hit@5": 0.045662100456621, "ndcg@10": 0.03492562700628976, "ndcg@5": 0.03492562700628976, "recall@10": 0.045662100456621, "recall@5": 0.045662100456621, "total_users": 219}, "long_rule": "length > threshold", "short": {"evaluated_users": 1238, "history_length_max": 10, "history_length_mean": 5.27221324717286, "history_length_min": 3, "hit@10": 0.12924071082390953, "hit@5": 0.1260096930533118, "ndcg@10": 0.12124823558575723, "ndcg@5": 0.12014871007337022, "recall@10": 0.12924071082390953, "recall@5": 0.1260096930533118, "total_users": 1238}, "short_rule": "length <= threshold", "threshold": 10}
2026-10-02 21:07:37,812 | INFO | VALID_STEP step=216 stage=joint epoch=1 ndcg@10=0.093444 recall@10=0.100206 improved=False
2026-10-02 21:07:37,812 | INFO | LEARNING_RATE step=216 stage=joint lr=5e-05
2026-10-02 21:07:37,813 | INFO | stage=joint epoch=1 loss=2.824011 sampled_ndcg_reward=0.098494 steps=54 transitions/s=362.23
2026-10-02 21:08:02,506 | INFO | 
========== PERIODIC VALIDATION ==========
stage=joint | epoch=2 | step=270 | users=1457/1457
NDCG  | @5 0.092486 | @10 0.093535
Recall| @5 0.096088 | @10 0.099520
Hit   | @5 0.096088 | @10 0.099520
================================
2026-10-02 21:08:02,506 | INFO | PERIODIC VALIDATION SEQUENCE_LENGTH {"basis": "filtered_full_sequence", "long": {"evaluated_users": 219, "history_length_max": 119, "history_length_mean": 20.98173515981735, "history_length_min": 11, "hit@10": 0.0502283105022831, "hit@5": 0.0365296803652968, "ndcg@10": 0.037375742750950305, "ndcg@5": 0.03315917583170281, "recall@10": 0.0502283105022831, "recall@5": 0.0365296803652968, "total_users": 219}, "long_rule": "length > threshold", "short": {"evaluated_users": 1238, "history_length_max": 10, "history_length_mean": 5.27221324717286, "history_length_min": 3, "hit@10": 0.10823909531502424, "hit@5": 0.10662358642972536, "ndcg@10": 0.10346889369715252, "ndcg@5": 0.10298058214375702, "recall@10": 0.10823909531502424, "recall@5": 0.10662358642972536, "total_users": 1238}, "short_rule": "length <= threshold", "threshold": 10}
2026-10-02 21:08:08,204 | INFO | 
========== PERIODIC TEST ==========
stage=joint | epoch=2 | step=270 | users=1457/1457
NDCG  | @5 0.107043 | @10 0.108188
Recall| @5 0.113246 | @10 0.116678
Hit   | @5 0.113246 | @10 0.116678
================================
2026-10-02 21:08:08,205 | INFO | PERIODIC TEST SEQUENCE_LENGTH {"basis": "filtered_full_sequence", "long": {"evaluated_users": 219, "history_length_max": 119, "history_length_mean": 20.98173515981735, "history_length_min": 11, "hit@10": 0.045662100456621, "hit@5": 0.045662100456621, "ndcg@10": 0.03492562700628976, "ndcg@5": 0.03492562700628976, "recall@10": 0.045662100456621, "recall@5": 0.045662100456621, "total_users": 219}, "long_rule": "length > threshold", "short": {"evaluated_users": 1238, "history_length_max": 10, "history_length_mean": 5.27221324717286, "history_length_min": 3, "hit@10": 0.12924071082390953, "hit@5": 0.12520193861066237, "ndcg@10": 0.12114828140546002, "ndcg@5": 0.11980082917024146, "recall@10": 0.12924071082390953, "recall@5": 0.12520193861066237, "total_users": 1238}, "short_rule": "length <= threshold", "threshold": 10}
2026-10-02 21:08:08,205 | INFO | VALID_STEP step=270 stage=joint epoch=2 ndcg@10=0.093535 recall@10=0.099520 improved=False
2026-10-02 21:08:08,206 | INFO | LEARNING_RATE step=270 stage=joint lr=5e-05
2026-10-02 21:08:08,206 | INFO | stage=joint epoch=2 loss=2.712852 sampled_ndcg_reward=0.096987 steps=54 transitions/s=354.51
2026-10-02 21:08:42,114 | INFO | 
========== PERIODIC VALIDATION ==========
stage=joint | epoch=3 | step=324 | users=1457/1457
NDCG  | @5 0.092220 | @10 0.093498
Recall| @5 0.095402 | @10 0.099520
Hit   | @5 0.095402 | @10 0.099520
================================
2026-10-02 21:08:42,114 | INFO | PERIODIC VALIDATION SEQUENCE_LENGTH {"basis": "filtered_full_sequence", "long": {"evaluated_users": 219, "history_length_max": 119, "history_length_mean": 20.98173515981735, "history_length_min": 11, "hit@10": 0.0502283105022831, "hit@5": 0.0365296803652968, "ndcg@10": 0.037375742750950305, "ndcg@5": 0.03315917583170281, "recall@10": 0.0502283105022831, "recall@5": 0.0365296803652968, "total_users": 219}, "long_rule": "length > threshold", "short": {"evaluated_users": 1238, "history_length_max": 10, "history_length_mean": 5.27221324717286, "history_length_min": 3, "hit@10": 0.10823909531502424, "hit@5": 0.10581583198707593, "ndcg@10": 0.10342566310434052, "ndcg@5": 0.10266810007006191, "recall@10": 0.10823909531502424, "recall@5": 0.10581583198707593, "total_users": 1238}, "short_rule": "length <= threshold", "threshold": 10}
2026-10-02 21:08:48,845 | INFO | 
========== PERIODIC TEST ==========
stage=joint | epoch=3 | step=324 | users=1457/1457
NDCG  | @5 0.107291 | @10 0.108827
Recall| @5 0.113933 | @10 0.118737
Hit   | @5 0.113933 | @10 0.118737
================================
2026-10-02 21:08:48,845 | INFO | PERIODIC TEST SEQUENCE_LENGTH {"basis": "filtered_full_sequence", "long": {"evaluated_users": 219, "history_length_max": 119, "history_length_mean": 20.98173515981735, "history_length_min": 11, "hit@10": 0.045662100456621, "hit@5": 0.045662100456621, "ndcg@10": 0.034609081609364614, "ndcg@5": 0.034609081609364614, "recall@10": 0.045662100456621, "recall@5": 0.045662100456621, "total_users": 219}, "long_rule": "length > threshold", "short": {"evaluated_users": 1238, "history_length_max": 10, "history_length_mean": 5.27221324717286, "history_length_min": 3, "hit@10": 0.13166397415185785, "hit@5": 0.1260096930533118, "ndcg@10": 0.12195553239642488, "ndcg@5": 0.12014871007337019, "recall@10": 0.13166397415185785, "recall@5": 0.1260096930533118, "total_users": 1238}, "short_rule": "length <= threshold", "threshold": 10}
2026-10-02 21:08:48,846 | INFO | VALID_STEP step=324 stage=joint epoch=3 ndcg@10=0.093498 recall@10=0.099520 improved=False
2026-10-02 21:08:48,846 | INFO | LEARNING_RATE step=324 stage=joint lr=5e-05
2026-10-02 21:08:48,847 | INFO | stage=joint epoch=3 loss=2.572163 sampled_ndcg_reward=0.095300 steps=54 transitions/s=260.81
2026-10-02 21:09:20,527 | INFO | 
========== PERIODIC VALIDATION ==========
stage=joint | epoch=4 | step=378 | users=1457/1457
NDCG  | @5 0.092083 | @10 0.093132
Recall| @5 0.095402 | @10 0.098833
Hit   | @5 0.095402 | @10 0.098833
================================
2026-10-02 21:09:20,527 | INFO | PERIODIC VALIDATION SEQUENCE_LENGTH {"basis": "filtered_full_sequence", "long": {"evaluated_users": 219, "history_length_max": 119, "history_length_mean": 20.98173515981735, "history_length_min": 11, "hit@10": 0.0502283105022831, "hit@5": 0.0365296803652968, "ndcg@10": 0.037375742750950305, "ndcg@5": 0.03315917583170281, "recall@10": 0.0502283105022831, "recall@5": 0.0365296803652968, "total_users": 219}, "long_rule": "length > threshold", "short": {"evaluated_users": 1238, "history_length_max": 10, "history_length_mean": 5.27221324717286, "history_length_min": 3, "hit@10": 0.1074313408723748, "hit@5": 0.10581583198707593, "ndcg@10": 0.10299465621513908, "ndcg@5": 0.1025063446617436, "recall@10": 0.1074313408723748, "recall@5": 0.10581583198707593, "total_users": 1238}, "short_rule": "length <= threshold", "threshold": 10}
2026-10-02 21:09:25,896 | INFO | 
========== PERIODIC TEST ==========
stage=joint | epoch=4 | step=378 | users=1457/1457
NDCG  | @5 0.107417 | @10 0.109224
Recall| @5 0.113933 | @10 0.119423
Hit   | @5 0.113933 | @10 0.119423
================================
2026-10-02 21:09:25,896 | INFO | PERIODIC TEST SEQUENCE_LENGTH {"basis": "filtered_full_sequence", "long": {"evaluated_users": 219, "history_length_max": 119, "history_length_mean": 20.98173515981735, "history_length_min": 11, "hit@10": 0.0502283105022831, "hit@5": 0.045662100456621, "ndcg@10": 0.03636610589572231, "ndcg@5": 0.03492562700628976, "recall@10": 0.0502283105022831, "recall@5": 0.045662100456621, "total_users": 219}, "long_rule": "length > threshold", "short": {"evaluated_users": 1238, "history_length_max": 10, "history_length_mean": 5.27221324717286, "history_length_min": 3, "hit@10": 0.13166397415185785, "hit@5": 0.1260096930533118, "ndcg@10": 0.12211282192362792, "ndcg@5": 0.12024010522099983, "recall@10": 0.13166397415185785, "recall@5": 0.1260096930533118, "total_users": 1238}, "short_rule": "length <= threshold", "threshold": 10}
2026-10-02 21:09:25,897 | INFO | VALID_STEP step=378 stage=joint epoch=4 ndcg@10=0.093132 recall@10=0.098833 improved=False
2026-10-02 21:09:25,897 | INFO | LEARNING_RATE step=378 stage=joint lr=5e-05
2026-10-02 21:09:25,897 | INFO | stage=joint epoch=4 loss=2.479570 sampled_ndcg_reward=0.098216 steps=54 transitions/s=280.03
2026-10-02 21:09:55,286 | INFO | 
========== PERIODIC VALIDATION ==========
stage=joint | epoch=5 | step=432 | users=1457/1457
NDCG  | @5 0.091799 | @10 0.092858
Recall| @5 0.095402 | @10 0.098833
Hit   | @5 0.095402 | @10 0.098833
================================
2026-10-02 21:09:55,286 | INFO | PERIODIC VALIDATION SEQUENCE_LENGTH {"basis": "filtered_full_sequence", "long": {"evaluated_users": 219, "history_length_max": 119, "history_length_mean": 20.98173515981735, "history_length_min": 11, "hit@10": 0.0502283105022831, "hit@5": 0.0365296803652968, "ndcg@10": 0.03744165545013637, "ndcg@5": 0.03315917583170281, "recall@10": 0.0502283105022831, "recall@5": 0.0365296803652968, "total_users": 219}, "long_rule": "length > threshold", "short": {"evaluated_users": 1238, "history_length_max": 10, "history_length_mean": 5.27221324717286, "history_length_min": 3, "hit@10": 0.1074313408723748, "hit@5": 0.10581583198707593, "ndcg@10": 0.10266113925450308, "ndcg@5": 0.1021728277011076, "recall@10": 0.1074313408723748, "recall@5": 0.10581583198707593, "total_users": 1238}, "short_rule": "length <= threshold", "threshold": 10}
2026-10-02 21:10:03,732 | INFO | 
========== PERIODIC TEST ==========
stage=joint | epoch=5 | step=432 | users=1457/1457
NDCG  | @5 0.108025 | @10 0.109158
Recall| @5 0.114619 | @10 0.118051
Hit   | @5 0.114619 | @10 0.118051
================================
2026-10-02 21:10:03,732 | INFO | PERIODIC TEST SEQUENCE_LENGTH {"basis": "filtered_full_sequence", "long": {"evaluated_users": 219, "history_length_max": 119, "history_length_mean": 20.98173515981735, "history_length_min": 11, "hit@10": 0.0502283105022831, "hit@5": 0.045662100456621, "ndcg@10": 0.036447697021510454, "ndcg@5": 0.03492562700628976, "recall@10": 0.0502283105022831, "recall@5": 0.045662100456621, "total_users": 219}, "long_rule": "length > threshold", "short": {"evaluated_users": 1238, "history_length_max": 10, "history_length_mean": 5.27221324717286, "history_length_min": 3, "hit@10": 0.13004846526655897, "hit@5": 0.12681744749596122, "ndcg@10": 0.12202023194519547, "ndcg@5": 0.12095646451601963, "recall@10": 0.13004846526655897, "recall@5": 0.12681744749596122, "total_users": 1238}, "short_rule": "length <= threshold", "threshold": 10}
2026-10-02 21:10:03,733 | INFO | VALID_STEP step=432 stage=joint epoch=5 ndcg@10=0.092858 recall@10=0.098833 improved=False
2026-10-02 21:10:03,733 | INFO | LEARNING_RATE step=432 stage=joint lr=2.5e-05
2026-10-02 21:10:03,733 | INFO | stage=joint epoch=5 loss=2.390895 sampled_ndcg_reward=0.098766 steps=54 transitions/s=334.32
2026-10-02 21:10:11,862 | INFO | 
========== FINAL CURRENT VALIDATION ==========
stage=final | epoch=0 | step=432 | users=1457/1457
NDCG  | @5 0.091799 | @10 0.092858
Recall| @5 0.095402 | @10 0.098833
Hit   | @5 0.095402 | @10 0.098833
================================
2026-10-02 21:10:11,862 | INFO | FINAL CURRENT VALIDATION SEQUENCE_LENGTH {"basis": "filtered_full_sequence", "long": {"evaluated_users": 219, "history_length_max": 119, "history_length_mean": 20.98173515981735, "history_length_min": 11, "hit@10": 0.0502283105022831, "hit@5": 0.0365296803652968, "ndcg@10": 0.03744165545013637, "ndcg@5": 0.03315917583170281, "recall@10": 0.0502283105022831, "recall@5": 0.0365296803652968, "total_users": 219}, "long_rule": "length > threshold", "short": {"evaluated_users": 1238, "history_length_max": 10, "history_length_mean": 5.27221324717286, "history_length_min": 3, "hit@10": 0.1074313408723748, "hit@5": 0.10581583198707593, "ndcg@10": 0.10266113925450308, "ndcg@5": 0.1021728277011076, "recall@10": 0.1074313408723748, "recall@5": 0.10581583198707593, "total_users": 1238}, "short_rule": "length <= threshold", "threshold": 10}
2026-10-02 21:10:11,862 | INFO | VALID_STEP step=432 stage=final epoch=0 ndcg@10=0.092858 recall@10=0.098833 improved=False
2026-10-02 21:10:11,880 | INFO | RESTORE_BEST step=162 stage=specialists ndcg@10=0.093669
2026-10-02 21:10:28,400 | INFO | 
========== BEST CHECKPOINT VALIDATION ==========
stage=specialists | epoch=0 | step=162 | users=1457/1457
NDCG  | @5 0.092829 | @10 0.093669
Recall| @5 0.096774 | @10 0.099520
Hit   | @5 0.096774 | @10 0.099520
================================
2026-10-02 21:10:28,400 | INFO | BEST CHECKPOINT VALIDATION SEQUENCE_LENGTH {"basis": "filtered_full_sequence", "long": {"evaluated_users": 219, "history_length_max": 119, "history_length_mean": 20.98173515981735, "history_length_min": 11, "hit@10": 0.045662100456621, "hit@5": 0.0365296803652968, "ndcg@10": 0.03605581203717, "ndcg@5": 0.03315917583170281, "recall@10": 0.045662100456621, "recall@5": 0.0365296803652968, "total_users": 219}, "long_rule": "length > threshold", "short": {"evaluated_users": 1238, "history_length_max": 10, "history_length_mean": 5.27221324717286, "history_length_min": 3, "hit@10": 0.10904684975767366, "hit@5": 0.1074313408723748, "ndcg@10": 0.10386111107912202, "ndcg@5": 0.10338445936508174, "recall@10": 0.10904684975767366, "recall@5": 0.1074313408723748, "total_users": 1238}, "short_rule": "length <= threshold", "threshold": 10}
2026-10-02 21:10:28,400 | INFO | 
========== FINAL FULL TEST ==========
stage=specialists | epoch=0 | step=162 | users=1457/1457
NDCG  | @5 0.106880 | @10 0.108011
Recall| @5 0.113246 | @10 0.116678
Hit   | @5 0.113246 | @10 0.116678
================================
2026-10-02 21:10:28,400 | INFO | FINAL FULL TEST SEQUENCE_LENGTH {"basis": "filtered_full_sequence", "long": {"evaluated_users": 219, "history_length_max": 119, "history_length_mean": 20.98173515981735, "history_length_min": 11, "hit@10": 0.045662100456621, "hit@5": 0.045662100456621, "ndcg@10": 0.03383822749552681, "ndcg@5": 0.03383822749552681, "recall@10": 0.045662100456621, "recall@5": 0.045662100456621, "total_users": 219}, "long_rule": "length > threshold", "short": {"evaluated_users": 1238, "history_length_max": 10, "history_length_mean": 5.27221324717286, "history_length_min": 3, "hit@10": 0.12924071082390953, "hit@5": 0.12520193861066237, "ndcg@10": 0.12113185315964159, "ndcg@5": 0.11980082917024146, "recall@10": 0.12924071082390953, "recall@5": 0.12520193861066237, "total_users": 1238}, "short_rule": "length <= threshold", "threshold": 10}
2026-10-02 21:10:28,401 | INFO | VALID_BEST {"evaluated_users": 1457, "hit@10": 0.09951956074124914, "hit@5": 0.0967741935483871, "ndcg@10": 0.09366937442928777, "ndcg@5": 0.09282897757436612, "preference_agent_weight": 0.0, "preference_change_probability": 0.0, "preference_current_entropy": 5.89461797000118e-06, "preference_next_entropy": 5.89461797000118e-06, "preference_ranking_weight": 0.0, "recall@10": 0.09951956074124914, "recall@5": 0.0967741935483871, "scores_per_second": 736499.1653294506, "sequence_length": {"basis": "filtered_full_sequence", "long": {"evaluated_users": 219, "history_length_max": 119, "history_length_mean": 20.98173515981735, "history_length_min": 11, "hit@10": 0.045662100456621, "hit@5": 0.0365296803652968, "ndcg@10": 0.03605581203717, "ndcg@5": 0.03315917583170281, "recall@10": 0.045662100456621, "recall@5": 0.0365296803652968, "total_users": 219}, "long_rule": "length > threshold", "short": {"evaluated_users": 1238, "history_length_max": 10, "history_length_mean": 5.27221324717286, "history_length_min": 3, "hit@10": 0.10904684975767366, "hit@5": 0.1074313408723748, "ndcg@10": 0.10386111107912202, "ndcg@5": 0.10338445936508174, "recall@10": 0.10904684975767366, "recall@5": 0.1074313408723748, "total_users": 1238}, "short_rule": "length <= threshold", "threshold": 10}, "short_agent_weight": 1.0, "short_preference_state_cosine": 0.0, "total_users": 1457, "users_per_second": 180.07314555732287}
2026-10-02 21:10:28,401 | INFO | TEST_FINAL {"evaluated_users": 1457, "hit@10": 0.11667810569663692, "hit@5": 0.11324639670555937, "ndcg@10": 0.10801084743596628, "ndcg@5": 0.10687988820596353, "preference_agent_weight": 0.0, "preference_change_probability": 0.0, "preference_current_entropy": 5.89461797000118e-06, "preference_next_entropy": 5.89461797000118e-06, "preference_ranking_weight": 0.0, "recall@10": 0.11667810569663692, "recall@5": 0.11324639670555937, "scores_per_second": 707573.0956170674, "sequence_length": {"basis": "filtered_full_sequence", "long": {"evaluated_users": 219, "history_length_max": 119, "history_length_mean": 20.98173515981735, "history_length_min": 11, "hit@10": 0.045662100456621, "hit@5": 0.045662100456621, "ndcg@10": 0.03383822749552681, "ndcg@5": 0.03383822749552681, "recall@10": 0.045662100456621, "recall@5": 0.045662100456621, "total_users": 219}, "long_rule": "length > threshold", "short": {"evaluated_users": 1238, "history_length_max": 10, "history_length_mean": 5.27221324717286, "history_length_min": 3, "hit@10": 0.12924071082390953, "hit@5": 0.12520193861066237, "ndcg@10": 0.12113185315964159, "ndcg@5": 0.11980082917024146, "recall@10": 0.12924071082390953, "recall@5": 0.12520193861066237, "total_users": 1238}, "short_rule": "length <= threshold", "threshold": 10}, "short_agent_weight": 1.0, "short_preference_state_cosine": 0.0, "total_users": 1457, "users_per_second": 173.00075687458863}
2026-10-02 21:10:28,401 | INFO | TARGET_RESULT metric=recall@10 target=>0.150000 actual=0.116678 achieved=False
2026-10-02 21:10:28,799 | INFO | FINAL_LENGTH_SCORES dataset=amazon-all-beauty group=short split=valid threshold=10 users=1238/1238 scores={"hit@10": 0.10904684975767366, "hit@5": 0.1074313408723748, "ndcg@10": 0.10386111107912202, "ndcg@5": 0.10338445936508174, "recall@10": 0.10904684975767366, "recall@5": 0.1074313408723748}
2026-10-02 21:10:28,799 | INFO | FINAL_LENGTH_SCORES dataset=amazon-all-beauty group=short split=test threshold=10 users=1238/1238 scores={"hit@10": 0.12924071082390953, "hit@5": 0.12520193861066237, "ndcg@10": 0.12113185315964159, "ndcg@5": 0.11980082917024146, "recall@10": 0.12924071082390953, "recall@5": 0.12520193861066237}
2026-10-02 21:10:28,799 | INFO | short_scores=/workspace/P78123011/MediaTek_2026_project/ver5/outputs_mamba_rl/amazons_long_short_S1_P0_G1_C0_SW4/Full_Beauty/rl_20261002_210535_r1_777411/short_scores.json
2026-10-02 21:10:28,799 | INFO | FINAL_LENGTH_SCORES dataset=amazon-all-beauty group=long split=valid threshold=10 users=219/219 scores={"hit@10": 0.045662100456621, "hit@5": 0.0365296803652968, "ndcg@10": 0.03605581203717, "ndcg@5": 0.03315917583170281, "recall@10": 0.045662100456621, "recall@5": 0.0365296803652968}
2026-10-02 21:10:28,799 | INFO | FINAL_LENGTH_SCORES dataset=amazon-all-beauty group=long split=test threshold=10 users=219/219 scores={"hit@10": 0.045662100456621, "hit@5": 0.045662100456621, "ndcg@10": 0.03383822749552681, "ndcg@5": 0.03383822749552681, "recall@10": 0.045662100456621, "recall@5": 0.045662100456621}
2026-10-02 21:10:28,800 | INFO | long_scores=/workspace/P78123011/MediaTek_2026_project/ver5/outputs_mamba_rl/amazons_long_short_S1_P0_G1_C0_SW4/Full_Beauty/rl_20261002_210535_r1_777411/long_scores.json
2026-10-02 21:10:28,800 | INFO | scores=/workspace/P78123011/MediaTek_2026_project/ver5/outputs_mamba_rl/amazons_long_short_S1_P0_G1_C0_SW4/Full_Beauty/rl_20261002_210535_r1_777411/Full_Beauty_scores.json
2026-10-02 21:10:28,801 | INFO | outputs=/workspace/P78123011/MediaTek_2026_project/ver5/outputs_mamba_rl/amazons_long_short_S1_P0_G1_C0_SW4/Full_Beauty/rl_20261002_210535_r1_777411
