2026-10-05 03:12:25,420 | INFO | run_id=20261005_031225 dataset=amazon-all-beauty device=cuda:0
2026-10-05 03:12:25,420 | INFO | MODEL recommender=MultiAgentMambaRecommender semantic_encoder=MambaTextEncoder semantic_model_id=state-spaces/mamba-130m-hf graph_backbone=LightGCN adaptation=multi_lora
2026-10-05 03:12:25,420 | INFO | ABLATION USE_SHORT=1 USE_PREFERENCE=1 USE_GCN=1 USE_COORDINATOR=1
2026-10-05 03:12:25,420 | INFO | AGENT_HISTORY mode=full_history effective_max_history=100 short=4 preference=100
2026-10-05 03:12:25,420 | INFO | EXPERIMENT_NOTE amazons_long_short subset=Full_Beauty; short filtered-full-sequence <= 10; long > 10; same model and full catalog
2026-10-05 03:12:25,420 | INFO | EXPERIMENT_CONFIG {"agent_diversity_coef": 0.02, "batch_size": 128, "cache_dir": "/workspace/P78123011/cache", "candidates": 64, "data_path": null, "dataset": "amazon-all-beauty", "device": "cuda:0", "dim": 128, "early_stopping_patience": 6, "enable_lora": 1, "eval_batch_size": 64, "eval_length_basis": "filtered_full_sequence", "eval_length_threshold": 10, "experiment_note": "amazons_long_short subset=Full_Beauty; short filtered-full-sequence <= 10; long > 10; same model and full catalog", "full_catalog_supervised": false, "future_decay": 0.5, "future_horizon": 3, "generate_reasons": false, "graph_device": "cuda:0", "hard_negative_fraction": 0.75, "hard_negative_pool_multiplier": 12, "hard_negative_warmup_epochs": 2, "history_influence_negatives": 64, "history_influence_output": null, "history_influence_user_limit": 0, "item_prompt_prefix": "Preference-aware product representation: ", "item_vector_artifact": null, "joint_epochs": 0, "joint_lr": 5e-05, "lora_alpha": 32.0, "lora_dropout": 0.05, "lora_rank": 16, "lr_patience": 2, "mamba_encode_batch_size": 32, "mamba_max_tokens": 32, "mamba_model_id": "state-spaces/mamba-130m-hf", "max_events": null, "max_history": 100, "max_transitions": 500000, "min_rating": 4.0, "monitor_metric": "ndcg@10", "output_dir": "/workspace/P78123011/MediaTek_2026_project/ver5/outputs_mamba_rl/amazons_lora", "output_run_dir": "/workspace/P78123011/MediaTek_2026_project/ver5/outputs_mamba_rl/amazons_long_short_S1_P1_G1_C1_SW4_P8/Full_Beauty/rl_20261005_031224_r1_2848917", "periodic_test_user_limit": 0, "popularity_alpha": -0.25, "preference_balance_coef": 0.01, "preference_coef": 0.2, "preference_contrastive_coef": 0.05, "preference_count": 8, "preference_score_weight": 0.2, "preference_separation_coef": 0.01, "preference_sharpness_coef": 0.05, "preference_temperature": 0.2, "preference_transition_coef": 0.1, "reason_count": 20, "reason_max_new_tokens": 40, "refresh_data_cache": false, "resume_checkpoint": null, "reverse_history_input": false, "rl_coef": 0.1, "rl_topk": 10, "save_model_weights": false, "score_file": "/workspace/P78123011/MediaTek_2026_project/ver5/outputs_mamba_rl/amazons_long_short_S1_P1_G1_C1_SW4_P8/Full_Beauty/rl_20261005_031224_r1_2848917/Full_Beauty_scores.json", "seed": 25252, "short_window": 4, "skip_mamba": false, "specialist_epochs": 4, "specialist_lr": 0.0001, "target_recall_at_10": 0.15, "transition_beta": 4.0, "use_coordinator": true, "use_graph_embeddings": true, "use_in_batch_negatives": true, "use_preference": 1, "use_short": 1, "validate_every_steps": 250, "validation_user_limit": 0}
2026-10-05 03:12:25,422 | INFO | INTERACTION_CACHE hit path=/workspace/P78123011/cache/mamba_multi_agent_data/amazon-all-beauty_90e3e920169a.pkl
2026-10-05 03:12:25,423 | INFO | HISTORY_INPUT_ORDER chronological
2026-10-05 03:12:25,423 | INFO | LENGTH_SPLIT preprocessing=original_one_pass_user_item_min_5 basis=filtered_full_sequence short<=10 long>10
2026-10-05 03:12:25,423 | INFO | users=1603 items=4090 train_interactions=8445
2026-10-05 03:12:25,563 | INFO | CATALOG_PRIORS popularity_alpha=-0.250000 transition_beta=4.000000 source=train_histories_only enabled=True
2026-10-05 03:12:25,577 | INFO | ITEM_VECTOR_ARTIFACT path=/workspace/P78123011/cache/mamba_multi_agent/amazon-all-beauty_4090_47e41e57cc9e_prompt_tok32.pt fingerprint=47e41e57cc9e
2026-10-05 03:12:25,578 | INFO | SEMANTIC_BACKBONE model_id=state-spaces/mamba-130m-hf hidden_size=768 frozen=True usage=shared_cached_item_vectors
2026-10-05 03:12:25,582 | INFO | GRAPH_EMBEDDINGS enabled=True source=train_histories_only main_device=cuda:0 graph_device=cuda:0
2026-10-05 03:12:25,594 | INFO | ADAPTATION_MODE mode=multi_lora enable_lora=1
2026-10-05 03:12:25,594 | INFO | ADAPTER_ROUTES {'short': ('candidate_lora', 'delta_lora', 'gate_lora', 'output_lora'), 'preference': ('transition_encoder.candidate_lora', 'transition_encoder.delta_lora', 'transition_encoder.gate_lora', 'transition_encoder.output_lora', 'state_lora'), 'coordinator': ('state_lora', 'mix_lora', 'score_lora')}
2026-10-05 03:12:25,594 | INFO | agent_parameters={'short': 16513, 'preference': 22802, 'coordinator': 14373, 'shared_projection': 98304, 'graph': 728704}
2026-10-05 03:12:25,594 | INFO | PREDICTION_PATH graph_only=False active_agents=2 coordinator=True
2026-10-05 03:12:25,599 | INFO | training_transitions=6842
2026-10-05 03:12:25,599 | INFO | schedule mode=single_stage_dl specialist_dl_epochs=4 joint_dl_rl_epochs=0 effective_rl_coef=0.0000 effective_rl_topk=0 validate_every_steps=250 validation_users=0 periodic_test_users=0 monitor=ndcg@10 early_stopping_patience=6
2026-10-05 03:12:26,081 | INFO | TRAINING_BRANCHES stage=all_dl short=True preference=True gcn=True preference_auxiliary=True preference_contrastive=True diversity_pairs=1 policy_gradient=False trainable_parameters=880696
2026-10-05 03:12:30,967 | INFO | 
========== PERIODIC VALIDATION ==========
stage=all_dl | epoch=1 | step=54 | users=1457/1457
NDCG  | @5 0.094684 | @10 0.095328
Recall| @5 0.101579 | @10 0.103638
Hit   | @5 0.101579 | @10 0.103638
================================
2026-10-05 03:12:30,967 | INFO | PERIODIC VALIDATION SEQUENCE_LENGTH {"basis": "filtered_full_sequence", "long": {"evaluated_users": 219, "history_length_max": 119, "history_length_mean": 20.98173515981735, "history_length_min": 11, "hit@10": 0.0502283105022831, "hit@5": 0.045662100456621, "ndcg@10": 0.03932865480037556, "ndcg@5": 0.03780658478515486, "recall@10": 0.0502283105022831, "recall@5": 0.045662100456621, "total_users": 219}, "long_rule": "length > threshold", "short": {"evaluated_users": 1238, "history_length_max": 10, "history_length_mean": 5.27221324717286, "history_length_min": 3, "hit@10": 0.11308562197092084, "hit@5": 0.11147011308562198, "ndcg@10": 0.1052336908982305, "ndcg@5": 0.10474537934483498, "recall@10": 0.11308562197092084, "recall@5": 0.11147011308562198, "total_users": 1238}, "short_rule": "length <= threshold", "threshold": 10}
2026-10-05 03:12:31,287 | INFO | 
========== PERIODIC TEST ==========
stage=all_dl | epoch=1 | step=54 | users=1457/1457
NDCG  | @5 0.108127 | @10 0.108823
Recall| @5 0.115992 | @10 0.118051
Hit   | @5 0.115992 | @10 0.118051
================================
2026-10-05 03:12:31,287 | INFO | PERIODIC TEST SEQUENCE_LENGTH {"basis": "filtered_full_sequence", "long": {"evaluated_users": 219, "history_length_max": 119, "history_length_mean": 20.98173515981735, "history_length_min": 11, "hit@10": 0.0593607305936073, "hit@5": 0.0547945205479452, "ndcg@10": 0.04114771060130726, "ndcg@5": 0.03977314441106077, "recall@10": 0.0593607305936073, "recall@5": 0.0547945205479452, "total_users": 219}, "long_rule": "length > threshold", "short": {"evaluated_users": 1238, "history_length_max": 10, "history_length_mean": 5.27221324717286, "history_length_min": 3, "hit@10": 0.1284329563812601, "hit@5": 0.12681744749596122, "ndcg@10": 0.1207945262098392, "ndcg@5": 0.12021907033405889, "recall@10": 0.1284329563812601, "recall@5": 0.12681744749596122, "total_users": 1238}, "short_rule": "length <= threshold", "threshold": 10}
2026-10-05 03:12:31,287 | INFO | VALID_STEP step=54 stage=all_dl epoch=1 ndcg@10=0.095328 recall@10=0.103638 improved=True
2026-10-05 03:12:31,290 | INFO | BEST_MODEL_IN_MEMORY step=54 stage=all_dl ndcg@10=0.095328
2026-10-05 03:12:31,290 | INFO | LEARNING_RATE step=54 stage=all_dl lr=0.0001
2026-10-05 03:12:31,290 | INFO | stage=all_dl epoch=1 loss=4.483510 steps=54 transitions/s=1499.13
2026-10-05 03:12:35,682 | INFO | 
========== PERIODIC VALIDATION ==========
stage=all_dl | epoch=2 | step=108 | users=1457/1457
NDCG  | @5 0.094973 | @10 0.096037
Recall| @5 0.100892 | @10 0.104324
Hit   | @5 0.100892 | @10 0.104324
================================
2026-10-05 03:12:35,682 | INFO | PERIODIC VALIDATION SEQUENCE_LENGTH {"basis": "filtered_full_sequence", "long": {"evaluated_users": 219, "history_length_max": 119, "history_length_mean": 20.98173515981735, "history_length_min": 11, "hit@10": 0.0547945205479452, "hit@5": 0.045662100456621, "ndcg@10": 0.04075303233504486, "ndcg@5": 0.03780658478515486, "recall@10": 0.0547945205479452, "recall@5": 0.045662100456621, "total_users": 219}, "long_rule": "length > threshold", "short": {"evaluated_users": 1238, "history_length_max": 10, "history_length_mean": 5.27221324717286, "history_length_min": 3, "hit@10": 0.11308562197092084, "hit@5": 0.11066235864297254, "ndcg@10": 0.10581659972150441, "ndcg@5": 0.10508512985174062, "recall@10": 0.11308562197092084, "recall@5": 0.11066235864297254, "total_users": 1238}, "short_rule": "length <= threshold", "threshold": 10}
2026-10-05 03:12:36,002 | INFO | 
========== PERIODIC TEST ==========
stage=all_dl | epoch=2 | step=108 | users=1457/1457
NDCG  | @5 0.108072 | @10 0.109864
Recall| @5 0.115992 | @10 0.121482
Hit   | @5 0.115992 | @10 0.121482
================================
2026-10-05 03:12:36,002 | INFO | PERIODIC TEST SEQUENCE_LENGTH {"basis": "filtered_full_sequence", "long": {"evaluated_users": 219, "history_length_max": 119, "history_length_mean": 20.98173515981735, "history_length_min": 11, "hit@10": 0.0593607305936073, "hit@5": 0.0547945205479452, "ndcg@10": 0.04000567561407814, "ndcg@5": 0.03868574490029783, "recall@10": 0.0593607305936073, "recall@5": 0.0547945205479452, "total_users": 219}, "long_rule": "length > threshold", "short": {"evaluated_users": 1238, "history_length_max": 10, "history_length_mean": 5.27221324717286, "history_length_min": 3, "hit@10": 0.13247172859450726, "hit@5": 0.12681744749596122, "ndcg@10": 0.12222142931479481, "ndcg@5": 0.12034586431112214, "recall@10": 0.13247172859450726, "recall@5": 0.12681744749596122, "total_users": 1238}, "short_rule": "length <= threshold", "threshold": 10}
2026-10-05 03:12:36,004 | INFO | VALID_STEP step=108 stage=all_dl epoch=2 ndcg@10=0.096037 recall@10=0.104324 improved=True
2026-10-05 03:12:36,007 | INFO | BEST_MODEL_IN_MEMORY step=108 stage=all_dl ndcg@10=0.096037
2026-10-05 03:12:36,008 | INFO | LEARNING_RATE step=108 stage=all_dl lr=0.0001
2026-10-05 03:12:36,008 | INFO | stage=all_dl epoch=2 loss=4.474494 steps=54 transitions/s=1681.54
2026-10-05 03:12:40,352 | INFO | 
========== PERIODIC VALIDATION ==========
stage=all_dl | epoch=3 | step=162 | users=1457/1457
NDCG  | @5 0.095011 | @10 0.095636
Recall| @5 0.100892 | @10 0.102951
Hit   | @5 0.100892 | @10 0.102951
================================
2026-10-05 03:12:40,353 | INFO | PERIODIC VALIDATION SEQUENCE_LENGTH {"basis": "filtered_full_sequence", "long": {"evaluated_users": 219, "history_length_max": 119, "history_length_mean": 20.98173515981735, "history_length_min": 11, "hit@10": 0.0547945205479452, "hit@5": 0.045662100456621, "ndcg@10": 0.04064858551415587, "ndcg@5": 0.03780658478515486, "recall@10": 0.0547945205479452, "recall@5": 0.045662100456621, "total_users": 219}, "long_rule": "length > threshold", "short": {"evaluated_users": 1238, "history_length_max": 10, "history_length_mean": 5.27221324717286, "history_length_min": 3, "hit@10": 0.11147011308562198, "hit@5": 0.11066235864297254, "ndcg@10": 0.10536359082466702, "ndcg@5": 0.10513009742699507, "recall@10": 0.11147011308562198, "recall@5": 0.11066235864297254, "total_users": 1238}, "short_rule": "length <= threshold", "threshold": 10}
2026-10-05 03:12:40,670 | INFO | 
========== PERIODIC TEST ==========
stage=all_dl | epoch=3 | step=162 | users=1457/1457
NDCG  | @5 0.109092 | @10 0.111294
Recall| @5 0.117364 | @10 0.124228
Hit   | @5 0.117364 | @10 0.124228
================================
2026-10-05 03:12:40,670 | INFO | PERIODIC TEST SEQUENCE_LENGTH {"basis": "filtered_full_sequence", "long": {"evaluated_users": 219, "history_length_max": 119, "history_length_mean": 20.98173515981735, "history_length_min": 11, "hit@10": 0.0593607305936073, "hit@5": 0.0547945205479452, "ndcg@10": 0.04169092788087514, "ndcg@5": 0.04037099716709482, "recall@10": 0.0593607305936073, "recall@5": 0.0547945205479452, "total_users": 219}, "long_rule": "length > threshold", "short": {"evaluated_users": 1238, "history_length_max": 10, "history_length_mean": 5.27221324717286, "history_length_min": 3, "hit@10": 0.13570274636510501, "hit@5": 0.1284329563812601, "ndcg@10": 0.1236061876055143, "ndcg@5": 0.12124834910095242, "recall@10": 0.13570274636510501, "recall@5": 0.1284329563812601, "total_users": 1238}, "short_rule": "length <= threshold", "threshold": 10}
2026-10-05 03:12:40,670 | INFO | VALID_STEP step=162 stage=all_dl epoch=3 ndcg@10=0.095636 recall@10=0.102951 improved=False
2026-10-05 03:12:40,670 | INFO | LEARNING_RATE step=162 stage=all_dl lr=0.0001
2026-10-05 03:12:40,670 | INFO | stage=all_dl epoch=3 loss=4.434496 steps=54 transitions/s=1700.24
2026-10-05 03:12:45,171 | INFO | 
========== PERIODIC VALIDATION ==========
stage=all_dl | epoch=4 | step=216 | users=1457/1457
NDCG  | @5 0.094107 | @10 0.095897
Recall| @5 0.098833 | @10 0.104324
Hit   | @5 0.098833 | @10 0.104324
================================
2026-10-05 03:12:45,171 | INFO | PERIODIC VALIDATION SEQUENCE_LENGTH {"basis": "filtered_full_sequence", "long": {"evaluated_users": 219, "history_length_max": 119, "history_length_mean": 20.98173515981735, "history_length_min": 11, "hit@10": 0.0593607305936073, "hit@5": 0.045662100456621, "ndcg@10": 0.0421436998800546, "ndcg@5": 0.03780658478515486, "recall@10": 0.0593607305936073, "recall@5": 0.045662100456621, "total_users": 219}, "long_rule": "length > threshold", "short": {"evaluated_users": 1238, "history_length_max": 10, "history_length_mean": 5.27221324717286, "history_length_min": 3, "hit@10": 0.1122778675282714, "hit@5": 0.10823909531502424, "ndcg@10": 0.10540569275655727, "ndcg@5": 0.1040658572288465, "recall@10": 0.1122778675282714, "recall@5": 0.10823909531502424, "total_users": 1238}, "short_rule": "length <= threshold", "threshold": 10}
2026-10-05 03:12:45,492 | INFO | 
========== PERIODIC TEST ==========
stage=all_dl | epoch=4 | step=216 | users=1457/1457
NDCG  | @5 0.109761 | @10 0.111471
Recall| @5 0.118737 | @10 0.124228
Hit   | @5 0.118737 | @10 0.124228
================================
2026-10-05 03:12:45,492 | INFO | PERIODIC TEST SEQUENCE_LENGTH {"basis": "filtered_full_sequence", "long": {"evaluated_users": 219, "history_length_max": 119, "history_length_mean": 20.98173515981735, "history_length_min": 11, "hit@10": 0.0593607305936073, "hit@5": 0.0547945205479452, "ndcg@10": 0.041293183576160034, "ndcg@5": 0.03997325286237973, "recall@10": 0.0593607305936073, "recall@5": 0.0547945205479452, "total_users": 219}, "long_rule": "length > threshold", "short": {"evaluated_users": 1238, "history_length_max": 10, "history_length_mean": 5.27221324717286, "history_length_min": 3, "hit@10": 0.13570274636510501, "hit@5": 0.13004846526655897, "ndcg@10": 0.12388540064326524, "ndcg@5": 0.12210586631552824, "recall@10": 0.13570274636510501, "recall@5": 0.13004846526655897, "total_users": 1238}, "short_rule": "length <= threshold", "threshold": 10}
2026-10-05 03:12:45,492 | INFO | VALID_STEP step=216 stage=all_dl epoch=4 ndcg@10=0.095897 recall@10=0.104324 improved=False
2026-10-05 03:12:45,492 | INFO | LEARNING_RATE step=216 stage=all_dl lr=0.0001
2026-10-05 03:12:45,493 | INFO | stage=all_dl epoch=4 loss=4.401845 steps=54 transitions/s=1637.83
2026-10-05 03:12:45,812 | INFO | 
========== FINAL CURRENT VALIDATION ==========
stage=final | epoch=0 | step=216 | users=1457/1457
NDCG  | @5 0.094107 | @10 0.095897
Recall| @5 0.098833 | @10 0.104324
Hit   | @5 0.098833 | @10 0.104324
================================
2026-10-05 03:12:45,812 | INFO | FINAL CURRENT VALIDATION SEQUENCE_LENGTH {"basis": "filtered_full_sequence", "long": {"evaluated_users": 219, "history_length_max": 119, "history_length_mean": 20.98173515981735, "history_length_min": 11, "hit@10": 0.0593607305936073, "hit@5": 0.045662100456621, "ndcg@10": 0.0421436998800546, "ndcg@5": 0.03780658478515486, "recall@10": 0.0593607305936073, "recall@5": 0.045662100456621, "total_users": 219}, "long_rule": "length > threshold", "short": {"evaluated_users": 1238, "history_length_max": 10, "history_length_mean": 5.27221324717286, "history_length_min": 3, "hit@10": 0.1122778675282714, "hit@5": 0.10823909531502424, "ndcg@10": 0.10540569275655727, "ndcg@5": 0.1040658572288465, "recall@10": 0.1122778675282714, "recall@5": 0.10823909531502424, "total_users": 1238}, "short_rule": "length <= threshold", "threshold": 10}
2026-10-05 03:12:45,812 | INFO | VALID_STEP step=216 stage=final epoch=0 ndcg@10=0.095897 recall@10=0.104324 improved=False
2026-10-05 03:12:45,814 | INFO | RESTORE_BEST step=108 stage=all_dl ndcg@10=0.096037
2026-10-05 03:12:46,464 | INFO | 
========== BEST CHECKPOINT VALIDATION ==========
stage=all_dl | epoch=0 | step=108 | users=1457/1457
NDCG  | @5 0.094973 | @10 0.096037
Recall| @5 0.100892 | @10 0.104324
Hit   | @5 0.100892 | @10 0.104324
================================
2026-10-05 03:12:46,464 | INFO | BEST CHECKPOINT VALIDATION SEQUENCE_LENGTH {"basis": "filtered_full_sequence", "long": {"evaluated_users": 219, "history_length_max": 119, "history_length_mean": 20.98173515981735, "history_length_min": 11, "hit@10": 0.0547945205479452, "hit@5": 0.045662100456621, "ndcg@10": 0.04075303233504486, "ndcg@5": 0.03780658478515486, "recall@10": 0.0547945205479452, "recall@5": 0.045662100456621, "total_users": 219}, "long_rule": "length > threshold", "short": {"evaluated_users": 1238, "history_length_max": 10, "history_length_mean": 5.27221324717286, "history_length_min": 3, "hit@10": 0.11308562197092084, "hit@5": 0.11066235864297254, "ndcg@10": 0.10581659972150441, "ndcg@5": 0.10508512985174062, "recall@10": 0.11308562197092084, "recall@5": 0.11066235864297254, "total_users": 1238}, "short_rule": "length <= threshold", "threshold": 10}
2026-10-05 03:12:46,464 | INFO | 
========== FINAL FULL TEST ==========
stage=all_dl | epoch=0 | step=108 | users=1457/1457
NDCG  | @5 0.108072 | @10 0.109864
Recall| @5 0.115992 | @10 0.121482
Hit   | @5 0.115992 | @10 0.121482
================================
2026-10-05 03:12:46,464 | INFO | FINAL FULL TEST SEQUENCE_LENGTH {"basis": "filtered_full_sequence", "long": {"evaluated_users": 219, "history_length_max": 119, "history_length_mean": 20.98173515981735, "history_length_min": 11, "hit@10": 0.0593607305936073, "hit@5": 0.0547945205479452, "ndcg@10": 0.04000567561407814, "ndcg@5": 0.03868574490029783, "recall@10": 0.0593607305936073, "recall@5": 0.0547945205479452, "total_users": 219}, "long_rule": "length > threshold", "short": {"evaluated_users": 1238, "history_length_max": 10, "history_length_mean": 5.27221324717286, "history_length_min": 3, "hit@10": 0.13247172859450726, "hit@5": 0.12681744749596122, "ndcg@10": 0.12222142931479481, "ndcg@5": 0.12034586431112214, "recall@10": 0.13247172859450726, "recall@5": 0.12681744749596122, "total_users": 1238}, "short_rule": "length <= threshold", "threshold": 10}
2026-10-05 03:12:46,464 | INFO | VALID_BEST {"evaluated_users": 1457, "hit@10": 0.10432395332875773, "hit@5": 0.10089224433768017, "ndcg@10": 0.09603696942902135, "ndcg@5": 0.09497256907356383, "preference_agent_weight": 0.17301166982133664, "preference_change_probability": 0.3705997715768703, "preference_current_entropy": 1.839623759524333, "preference_next_entropy": 2.0598675185225153, "preference_ranking_weight": 0.17301166982133664, "recall@10": 0.10432395332875773, "recall@5": 0.10089224433768017, "scores_per_second": 18762779.39785716, "sequence_length": {"basis": "filtered_full_sequence", "long": {"evaluated_users": 219, "history_length_max": 119, "history_length_mean": 20.98173515981735, "history_length_min": 11, "hit@10": 0.0547945205479452, "hit@5": 0.045662100456621, "ndcg@10": 0.04075303233504486, "ndcg@5": 0.03780658478515486, "recall@10": 0.0547945205479452, "recall@5": 0.045662100456621, "total_users": 219}, "long_rule": "length > threshold", "short": {"evaluated_users": 1238, "history_length_max": 10, "history_length_mean": 5.27221324717286, "history_length_min": 3, "hit@10": 0.11308562197092084, "hit@5": 0.11066235864297254, "ndcg@10": 0.10581659972150441, "ndcg@5": 0.10508512985174062, "recall@10": 0.11308562197092084, "recall@5": 0.11066235864297254, "total_users": 1238}, "short_rule": "length <= threshold", "threshold": 10}, "short_agent_weight": 0.8269883354150357, "short_preference_state_cosine": 0.020662190585653505, "total_users": 1457, "users_per_second": 4587.476625392948}
2026-10-05 03:12:46,464 | INFO | TEST_FINAL {"evaluated_users": 1457, "hit@10": 0.12148249828414551, "hit@5": 0.11599176389842142, "ndcg@10": 0.10986367365065387, "ndcg@5": 0.10807162568269728, "preference_agent_weight": 0.17260364579598053, "preference_change_probability": 0.3694512884994852, "preference_current_entropy": 1.8472772989685435, "preference_next_entropy": 2.0595723599215936, "preference_ranking_weight": 0.17260364579598053, "recall@10": 0.12148249828414551, "recall@5": 0.11599176389842142, "scores_per_second": 18059258.512102757, "sequence_length": {"basis": "filtered_full_sequence", "long": {"evaluated_users": 219, "history_length_max": 119, "history_length_mean": 20.98173515981735, "history_length_min": 11, "hit@10": 0.0593607305936073, "hit@5": 0.0547945205479452, "ndcg@10": 0.04000567561407814, "ndcg@5": 0.03868574490029783, "recall@10": 0.0593607305936073, "recall@5": 0.0547945205479452, "total_users": 219}, "long_rule": "length > threshold", "short": {"evaluated_users": 1238, "history_length_max": 10, "history_length_mean": 5.27221324717286, "history_length_min": 3, "hit@10": 0.13247172859450726, "hit@5": 0.12681744749596122, "ndcg@10": 0.12222142931479481, "ndcg@5": 0.12034586431112214, "recall@10": 0.13247172859450726, "recall@5": 0.12681744749596122, "total_users": 1238}, "short_rule": "length <= threshold", "threshold": 10}, "short_agent_weight": 0.8273963483131005, "short_preference_state_cosine": -0.003713100013376182, "total_users": 1457, "users_per_second": 4415.46662887598}
2026-10-05 03:12:46,464 | INFO | TARGET_RESULT metric=recall@10 target=>0.150000 actual=0.121482 achieved=False
2026-10-05 03:12:46,665 | INFO | FINAL_LENGTH_SCORES dataset=amazon-all-beauty group=short split=valid threshold=10 users=1238/1238 scores={"hit@10": 0.11308562197092084, "hit@5": 0.11066235864297254, "ndcg@10": 0.10581659972150441, "ndcg@5": 0.10508512985174062, "recall@10": 0.11308562197092084, "recall@5": 0.11066235864297254}
2026-10-05 03:12:46,665 | INFO | FINAL_LENGTH_SCORES dataset=amazon-all-beauty group=short split=test threshold=10 users=1238/1238 scores={"hit@10": 0.13247172859450726, "hit@5": 0.12681744749596122, "ndcg@10": 0.12222142931479481, "ndcg@5": 0.12034586431112214, "recall@10": 0.13247172859450726, "recall@5": 0.12681744749596122}
2026-10-05 03:12:46,665 | INFO | short_scores=/workspace/P78123011/MediaTek_2026_project/ver5/outputs_mamba_rl/amazons_long_short_S1_P1_G1_C1_SW4_P8/Full_Beauty/rl_20261005_031224_r1_2848917/short_scores.json
2026-10-05 03:12:46,665 | INFO | FINAL_LENGTH_SCORES dataset=amazon-all-beauty group=long split=valid threshold=10 users=219/219 scores={"hit@10": 0.0547945205479452, "hit@5": 0.045662100456621, "ndcg@10": 0.04075303233504486, "ndcg@5": 0.03780658478515486, "recall@10": 0.0547945205479452, "recall@5": 0.045662100456621}
2026-10-05 03:12:46,665 | INFO | FINAL_LENGTH_SCORES dataset=amazon-all-beauty group=long split=test threshold=10 users=219/219 scores={"hit@10": 0.0593607305936073, "hit@5": 0.0547945205479452, "ndcg@10": 0.04000567561407814, "ndcg@5": 0.03868574490029783, "recall@10": 0.0593607305936073, "recall@5": 0.0547945205479452}
2026-10-05 03:12:46,665 | INFO | long_scores=/workspace/P78123011/MediaTek_2026_project/ver5/outputs_mamba_rl/amazons_long_short_S1_P1_G1_C1_SW4_P8/Full_Beauty/rl_20261005_031224_r1_2848917/long_scores.json
2026-10-05 03:12:46,665 | INFO | scores=/workspace/P78123011/MediaTek_2026_project/ver5/outputs_mamba_rl/amazons_long_short_S1_P1_G1_C1_SW4_P8/Full_Beauty/rl_20261005_031224_r1_2848917/Full_Beauty_scores.json
2026-10-05 03:12:46,665 | INFO | outputs=/workspace/P78123011/MediaTek_2026_project/ver5/outputs_mamba_rl/amazons_long_short_S1_P1_G1_C1_SW4_P8/Full_Beauty/rl_20261005_031224_r1_2848917
