2026-09-12 17:00:17,063 | INFO | run_id=20260912_170017 dataset=amazon-sports-and-outdoors device=cuda:0
2026-09-12 17:00:17,063 | INFO | MODEL recommender=MultiAgentMambaRecommender semantic_encoder=MambaTextEncoder semantic_model_id=state-spaces/mamba-130m-hf graph_backbone=LightGCN adaptation=multi_lora
2026-09-12 17:00:17,063 | INFO | ABLATION USE_LONG=0 USE_SHORT=1 USE_PREFERENCE=0 USE_GCN=1
2026-09-12 17:00:17,063 | INFO | AGENT_HISTORY mode=short_window_only effective_max_history=10
2026-09-12 17:00:17,063 | INFO | EXPERIMENT_NOTE amazons_long_short subset=Sports_and_Outdoors; short filtered-full-sequence <= 10; long > 10; same model and full catalog
2026-09-12 17:00:17,063 | INFO | EXPERIMENT_CONFIG {"agent_diversity_coef": 0.02, "batch_size": 128, "cache_dir": "/workspace/P78123011/cache", "candidates": 256, "coordinator_epochs": 3, "coordinator_lr": 0.0001, "data_path": null, "dataset": "amazon-sports-and-outdoors", "device": "cuda:0", "dim": 128, "early_stopping_patience": 6, "enable_lora": 1, "eval_batch_size": 64, "eval_length_basis": "filtered_full_sequence", "eval_length_threshold": 10, "experiment_note": "amazons_long_short subset=Sports_and_Outdoors; short filtered-full-sequence <= 10; long > 10; same model and full catalog", "full_catalog_supervised": false, "future_decay": 0.5, "future_horizon": 3, "generate_reasons": false, "graph_device": "cuda:0", "hard_negative_fraction": 0.75, "hard_negative_pool_multiplier": 12, "hard_negative_warmup_epochs": 2, "item_prompt_prefix": "Preference-aware product representation: ", "item_vector_artifact": null, "joint_epochs": 7, "joint_lr": 5e-05, "lora_alpha": 32.0, "lora_dropout": 0.05, "lora_rank": 16, "lr_patience": 2, "mamba_encode_batch_size": 32, "mamba_max_tokens": 32, "mamba_model_id": "state-spaces/mamba-130m-hf", "max_events": null, "max_history": 100, "max_transitions": 1000000, "min_rating": 4.0, "monitor_metric": "ndcg@10", "output_dir": "/workspace/P78123011/MediaTek_2026_project/ver4/outputs_mamba_rl/amazons_lora", "output_run_dir": "/workspace/P78123011/MediaTek_2026_project/ver4/outputs_mamba_rl/amazons_long_short_L0_S1_P0_G1/Sports_and_Outdoors/rl_20260912_170016_r1_630172", "periodic_test_user_limit": 0, "popularity_alpha": 0.35, "preference_balance_coef": 0.01, "preference_coef": 0.2, "preference_contrastive_coef": 0.05, "preference_count": 32, "preference_hidden": 128, "preference_score_weight": 0.2, "preference_separation_coef": 0.01, "preference_sharpness_coef": 0.05, "preference_temperature": 0.2, "preference_transition_coef": 0.1, "reason_count": 20, "reason_max_new_tokens": 40, "refresh_data_cache": false, "resume_checkpoint": null, "save_model_weights": false, "score_file": "/workspace/P78123011/MediaTek_2026_project/ver4/outputs_mamba_rl/amazons_long_short_L0_S1_P0_G1/Sports_and_Outdoors/rl_20260912_170016_r1_630172/Sports_and_Outdoors_scores.json", "seed": 25252, "short_window": 10, "skip_mamba": false, "specialist_epochs": 3, "specialist_lr": 0.0001, "target_recall_at_10": 0.15, "transition_beta": 0.5, "use_graph_embeddings": true, "use_in_batch_negatives": true, "use_long": 0, "use_preference": 0, "use_short": 1, "validate_every_steps": 8000, "validation_user_limit": 0}
2026-09-12 17:00:18,131 | INFO | INTERACTION_CACHE hit path=/workspace/P78123011/cache/mamba_multi_agent_data/amazon-sports-and-outdoors_fcc157f72b81.pkl
2026-09-12 17:00:18,137 | INFO | LENGTH_SPLIT preprocessing=original_one_pass_user_item_min_5 basis=filtered_full_sequence short<=10 long>10
2026-09-12 17:00:18,147 | INFO | users=631803 items=401572 train_interactions=3678023
2026-09-12 17:00:30,894 | INFO | CATALOG_PRIORS popularity_alpha=0.350000 transition_beta=0.500000 source=train_histories_only enabled=True
2026-09-12 17:00:33,301 | INFO | ITEM_VECTOR_ARTIFACT path=/workspace/P78123011/cache/mamba_multi_agent/amazon-sports-and-outdoors_401572_909fc18038f4_prompt_tok32.pt fingerprint=909fc18038f4
2026-09-12 17:00:33,301 | INFO | SEMANTIC_BACKBONE model_id=state-spaces/mamba-130m-hf hidden_size=768 frozen=True usage=shared_cached_item_vectors
2026-09-12 17:00:34,620 | INFO | GRAPH_EMBEDDINGS enabled=True source=train_histories_only main_device=cuda:0 graph_device=cuda:0
2026-09-12 17:00:35,834 | INFO | ADAPTATION_MODE mode=multi_lora enable_lora=1
2026-09-12 17:00:35,834 | INFO | ADAPTER_ROUTES {'short': ('candidate_lora', 'delta_lora', 'gate_lora', 'output_lora')}
2026-09-12 17:00:35,835 | INFO | agent_parameters={'long': 16513, 'short': 16513, 'preference': 78786, 'coordinator': 0, 'shared_projection': 98304, 'graph': 132272000}
2026-09-12 17:00:35,835 | INFO | PREDICTION_PATH graph_only=False active_agents=1 coordinator=False
2026-09-12 17:00:40,012 | INFO | training_transitions=1000000
2026-09-12 17:00:40,012 | INFO | schedule specialist_epochs=3 coordinator_epochs=3 joint_ranking_epochs=7 validate_every_steps=8000 validation_users=0 periodic_test_users=0 monitor=ndcg@10 early_stopping_patience=6
2026-09-12 17:00:41,003 | INFO | TRAINING_BRANCHES stage=specialists long=False short=True preference=False gcn=True preference_auxiliary=False preference_contrastive=False diversity_pairs=0 trainable_parameters=132386817
2026-09-12 17:22:06,094 | INFO | 
========== PERIODIC VALIDATION ==========
stage=specialists | epoch=1 | step=7813 | users=625563/625563
NDCG  | @5 0.018075 | @10 0.020839
Recall| @5 0.024281 | @10 0.032874
Hit   | @5 0.024281 | @10 0.032874
================================
2026-09-12 17:22:06,094 | INFO | PERIODIC VALIDATION SEQUENCE_LENGTH {"basis": "filtered_full_sequence", "long": {"evaluated_users": 97306, "history_length_max": 767, "history_length_mean": 18.187100487123097, "history_length_min": 11, "hit@10": 0.0289293568741907, "hit@5": 0.020214580806938935, "ndcg@10": 0.01743743115493495, "ndcg@5": 0.014625317701257726, "recall@10": 0.0289293568741907, "recall@5": 0.020214580806938935, "total_users": 97306}, "long_rule": "length > threshold", "short": {"evaluated_users": 528257, "history_length_max": 10, "history_length_mean": 5.959404229380775, "history_length_min": 3, "hit@10": 0.03360106917655611, "hit@5": 0.02502948375506619, "ndcg@10": 0.021465213177335688, "ndcg@5": 0.018710904743346746, "recall@10": 0.03360106917655611, "recall@5": 0.02502948375506619, "total_users": 528257}, "short_rule": "length <= threshold", "threshold": 10}
2026-09-12 17:24:08,465 | INFO | 
========== PERIODIC TEST ==========
stage=specialists | epoch=1 | step=7813 | users=625563/625563
NDCG  | @5 0.018535 | @10 0.021036
Recall| @5 0.024528 | @10 0.032299
Hit   | @5 0.024528 | @10 0.032299
================================
2026-09-12 17:24:08,465 | INFO | PERIODIC TEST SEQUENCE_LENGTH {"basis": "filtered_full_sequence", "long": {"evaluated_users": 97306, "history_length_max": 767, "history_length_mean": 18.187100487123097, "history_length_min": 11, "hit@10": 0.029227385772716996, "hit@5": 0.021447803835323617, "ndcg@10": 0.01838886659715321, "ndcg@5": 0.015887044387271718, "recall@10": 0.029227385772716996, "recall@5": 0.021447803835323617, "total_users": 97306}, "long_rule": "length > threshold", "short": {"evaluated_users": 528257, "history_length_max": 10, "history_length_mean": 5.959404229380775, "history_length_min": 3, "hit@10": 0.03286468518164454, "hit@5": 0.02509573938442841, "ndcg@10": 0.021524023712960274, "ndcg@5": 0.019023098407986803, "recall@10": 0.03286468518164454, "recall@5": 0.02509573938442841, "total_users": 528257}, "short_rule": "length <= threshold", "threshold": 10}
2026-09-12 17:24:08,466 | INFO | VALID_STEP step=7813 stage=specialists epoch=1 ndcg@10=0.020839 recall@10=0.032874 improved=True
2026-09-12 17:24:08,716 | INFO | BEST_MODEL_IN_MEMORY step=7813 stage=specialists ndcg@10=0.020839
2026-09-12 17:24:08,716 | INFO | stage=specialists epoch=1 loss=5.237508 steps=7813 transitions/s=863.59
2026-09-12 17:45:31,814 | INFO | 
========== PERIODIC VALIDATION ==========
stage=specialists | epoch=2 | step=15626 | users=625563/625563
NDCG  | @5 0.024771 | @10 0.027986
Recall| @5 0.031747 | @10 0.041754
Hit   | @5 0.031747 | @10 0.041754
================================
2026-09-12 17:45:31,814 | INFO | PERIODIC VALIDATION SEQUENCE_LENGTH {"basis": "filtered_full_sequence", "long": {"evaluated_users": 97306, "history_length_max": 767, "history_length_mean": 18.187100487123097, "history_length_min": 11, "hit@10": 0.03566069923745709, "hit@5": 0.026442357100281585, "ndcg@10": 0.023173349588059538, "ndcg@5": 0.020206239366070525, "recall@10": 0.03566069923745709, "recall@5": 0.026442357100281585, "total_users": 97306}, "long_rule": "length > threshold", "short": {"evaluated_users": 528257, "history_length_max": 10, "history_length_mean": 5.959404229380775, "history_length_min": 3, "hit@10": 0.042876857287267374, "hit@5": 0.03272460185099298, "ndcg@10": 0.028872622394533927, "ndcg@5": 0.02561218672241401, "recall@10": 0.042876857287267374, "recall@5": 0.03272460185099298, "total_users": 528257}, "short_rule": "length <= threshold", "threshold": 10}
2026-09-12 17:47:34,310 | INFO | 
========== PERIODIC TEST ==========
stage=specialists | epoch=2 | step=15626 | users=625563/625563
NDCG  | @5 0.025777 | @10 0.028583
Recall| @5 0.032444 | @10 0.041165
Hit   | @5 0.032444 | @10 0.041165
================================
2026-09-12 17:47:34,310 | INFO | PERIODIC TEST SEQUENCE_LENGTH {"basis": "filtered_full_sequence", "long": {"evaluated_users": 97306, "history_length_max": 767, "history_length_mean": 18.187100487123097, "history_length_min": 11, "hit@10": 0.03551682321747888, "hit@5": 0.02723367521016176, "ndcg@10": 0.024022698113635728, "ndcg@5": 0.0213575311202108, "recall@10": 0.03551682321747888, "recall@5": 0.02723367521016176, "total_users": 97306}, "long_rule": "length > threshold", "short": {"evaluated_users": 528257, "history_length_max": 10, "history_length_mean": 5.959404229380775, "history_length_min": 3, "hit@10": 0.04220483590373625, "hit@5": 0.033404195306451216, "ndcg@10": 0.02942294064705354, "ndcg@5": 0.026590941743893315, "recall@10": 0.04220483590373625, "recall@5": 0.033404195306451216, "total_users": 528257}, "short_rule": "length <= threshold", "threshold": 10}
2026-09-12 17:47:34,311 | INFO | VALID_STEP step=15626 stage=specialists epoch=2 ndcg@10=0.027986 recall@10=0.041754 improved=True
2026-09-12 17:47:34,591 | INFO | BEST_MODEL_IN_MEMORY step=15626 stage=specialists ndcg@10=0.027986
2026-09-12 17:47:34,592 | INFO | stage=specialists epoch=2 loss=4.964991 steps=7813 transitions/s=865.04
2026-09-12 18:09:01,244 | INFO | 
========== PERIODIC VALIDATION ==========
stage=specialists | epoch=3 | step=23439 | users=625563/625563
NDCG  | @5 0.024093 | @10 0.027017
Recall| @5 0.030441 | @10 0.039513
Hit   | @5 0.030441 | @10 0.039513
================================
2026-09-12 18:09:01,245 | INFO | PERIODIC VALIDATION SEQUENCE_LENGTH {"basis": "filtered_full_sequence", "long": {"evaluated_users": 97306, "history_length_max": 767, "history_length_mean": 18.187100487123097, "history_length_min": 11, "hit@10": 0.035527100076048757, "hit@5": 0.026524571968840564, "ndcg@10": 0.023570090142158263, "ndcg@5": 0.020680604971969968, "recall@10": 0.035527100076048757, "recall@5": 0.026524571968840564, "total_users": 97306}, "long_rule": "length > threshold", "short": {"evaluated_users": 528257, "history_length_max": 10, "history_length_mean": 5.959404229380775, "history_length_min": 3, "hit@10": 0.040247455310577995, "hit@5": 0.03116286201602629, "ndcg@10": 0.027651369029905035, "ndcg@5": 0.024722075462252503, "recall@10": 0.040247455310577995, "recall@5": 0.03116286201602629, "total_users": 528257}, "short_rule": "length <= threshold", "threshold": 10}
2026-09-12 18:11:03,951 | INFO | 
========== PERIODIC TEST ==========
stage=specialists | epoch=3 | step=23439 | users=625563/625563
NDCG  | @5 0.026007 | @10 0.028695
Recall| @5 0.032118 | @10 0.040472
Hit   | @5 0.032118 | @10 0.040472
================================
2026-09-12 18:11:03,951 | INFO | PERIODIC TEST SEQUENCE_LENGTH {"basis": "filtered_full_sequence", "long": {"evaluated_users": 97306, "history_length_max": 767, "history_length_mean": 18.187100487123097, "history_length_min": 11, "hit@10": 0.03636980247877829, "hit@5": 0.028251084208579122, "ndcg@10": 0.024764497628914892, "ndcg@5": 0.022161727990334983, "recall@10": 0.03636980247877829, "recall@5": 0.028251084208579122, "total_users": 97306}, "long_rule": "length > threshold", "short": {"evaluated_users": 528257, "history_length_max": 10, "history_length_mean": 5.959404229380775, "history_length_min": 3, "hit@10": 0.0412280386251389, "hit@5": 0.032830610857972536, "ndcg@10": 0.029419597202837988, "ndcg@5": 0.02671553632596641, "recall@10": 0.0412280386251389, "recall@5": 0.032830610857972536, "total_users": 528257}, "short_rule": "length <= threshold", "threshold": 10}
2026-09-12 18:11:03,951 | INFO | VALID_STEP step=23439 stage=specialists epoch=3 ndcg@10=0.027017 recall@10=0.039513 improved=False
2026-09-12 18:11:03,952 | INFO | stage=specialists epoch=3 loss=4.279919 steps=7813 transitions/s=863.61
2026-09-12 18:11:04,211 | INFO | SKIP_STAGE stage=coordinator epochs=3 use_coordinator=False
2026-09-12 18:11:04,212 | INFO | TRAINING_BRANCHES stage=joint long=False short=True preference=False gcn=True preference_auxiliary=False preference_contrastive=False diversity_pairs=0 trainable_parameters=132386817
2026-09-12 18:32:30,374 | INFO | 
========== PERIODIC VALIDATION ==========
stage=joint | epoch=1 | step=31252 | users=625563/625563
NDCG  | @5 0.022464 | @10 0.025005
Recall| @5 0.028063 | @10 0.035966
Hit   | @5 0.028063 | @10 0.035966
================================
2026-09-12 18:32:30,374 | INFO | PERIODIC VALIDATION SEQUENCE_LENGTH {"basis": "filtered_full_sequence", "long": {"evaluated_users": 97306, "history_length_max": 767, "history_length_mean": 18.187100487123097, "history_length_min": 11, "hit@10": 0.032485149939366534, "hit@5": 0.02466446056769367, "ndcg@10": 0.02215208204405637, "ndcg@5": 0.019644914049465508, "recall@10": 0.032485149939366534, "recall@5": 0.02466446056769367, "total_users": 97306}, "long_rule": "length > threshold", "short": {"evaluated_users": 528257, "history_length_max": 10, "history_length_mean": 5.959404229380775, "history_length_min": 3, "hit@10": 0.03660718173161927, "hit@5": 0.028688687513842695, "ndcg@10": 0.025530847276801702, "ndcg@5": 0.022983843792351542, "recall@10": 0.03660718173161927, "recall@5": 0.028688687513842695, "total_users": 528257}, "short_rule": "length <= threshold", "threshold": 10}
2026-09-12 18:34:32,897 | INFO | 
========== PERIODIC TEST ==========
stage=joint | epoch=1 | step=31252 | users=625563/625563
NDCG  | @5 0.024309 | @10 0.026639
Recall| @5 0.029527 | @10 0.036775
Hit   | @5 0.029527 | @10 0.036775
================================
2026-09-12 18:34:32,897 | INFO | PERIODIC TEST SEQUENCE_LENGTH {"basis": "filtered_full_sequence", "long": {"evaluated_users": 97306, "history_length_max": 767, "history_length_mean": 18.187100487123097, "history_length_min": 11, "hit@10": 0.03347172836207428, "hit@5": 0.026524571968840564, "ndcg@10": 0.023415419807610076, "ndcg@5": 0.021181715015249805, "recall@10": 0.03347172836207428, "recall@5": 0.026524571968840564, "total_users": 97306}, "long_rule": "length > threshold", "short": {"evaluated_users": 528257, "history_length_max": 10, "history_length_mean": 5.959404229380775, "history_length_min": 3, "hit@10": 0.03738331910414817, "hit@5": 0.030080055730449383, "ndcg@10": 0.027232419684509446, "ndcg@5": 0.024884836159764345, "recall@10": 0.03738331910414817, "recall@5": 0.030080055730449383, "total_users": 528257}, "short_rule": "length <= threshold", "threshold": 10}
2026-09-12 18:34:32,898 | INFO | VALID_STEP step=31252 stage=joint epoch=1 ndcg@10=0.025005 recall@10=0.035966 improved=False
2026-09-12 18:34:32,898 | INFO | LEARNING_RATE step=31252 stage=joint lr=5e-05
2026-09-12 18:34:32,898 | INFO | stage=joint epoch=1 loss=3.378711 steps=7813 transitions/s=862.70
2026-09-12 18:56:01,028 | INFO | 
========== PERIODIC VALIDATION ==========
stage=joint | epoch=2 | step=39065 | users=625563/625563
NDCG  | @5 0.020940 | @10 0.023227
Recall| @5 0.025836 | @10 0.032948
Hit   | @5 0.025836 | @10 0.032948
================================
2026-09-12 18:56:01,028 | INFO | PERIODIC VALIDATION SEQUENCE_LENGTH {"basis": "filtered_full_sequence", "long": {"evaluated_users": 97306, "history_length_max": 767, "history_length_mean": 18.187100487123097, "history_length_min": 11, "hit@10": 0.03015230304400551, "hit@5": 0.022917394610815368, "ndcg@10": 0.020865865578255014, "ndcg@5": 0.018552645746260355, "recall@10": 0.03015230304400551, "recall@5": 0.022917394610815368, "total_users": 97306}, "long_rule": "length > threshold", "short": {"evaluated_users": 528257, "history_length_max": 10, "history_length_mean": 5.959404229380775, "history_length_min": 3, "hit@10": 0.033462878863886325, "hit@5": 0.026373526522128432, "ndcg@10": 0.02366202951763545, "ndcg@5": 0.02138006910678506, "recall@10": 0.033462878863886325, "recall@5": 0.026373526522128432, "total_users": 528257}, "short_rule": "length <= threshold", "threshold": 10}
2026-09-12 18:58:03,600 | INFO | 
========== PERIODIC TEST ==========
stage=joint | epoch=2 | step=39065 | users=625563/625563
NDCG  | @5 0.023176 | @10 0.025141
Recall| @5 0.027652 | @10 0.033757
Hit   | @5 0.027652 | @10 0.033757
================================
2026-09-12 18:58:03,600 | INFO | PERIODIC TEST SEQUENCE_LENGTH {"basis": "filtered_full_sequence", "long": {"evaluated_users": 97306, "history_length_max": 767, "history_length_mean": 18.187100487123097, "history_length_min": 11, "hit@10": 0.030881960002466447, "hit@5": 0.02463362999198405, "ndcg@10": 0.02214846142558498, "ndcg@5": 0.020139186547486657, "recall@10": 0.030881960002466447, "recall@5": 0.02463362999198405, "total_users": 97306}, "long_rule": "length > threshold", "short": {"evaluated_users": 528257, "history_length_max": 10, "history_length_mean": 5.959404229380775, "history_length_min": 3, "hit@10": 0.034286341685959676, "hit@5": 0.028207860946471132, "ndcg@10": 0.02569224498988348, "ndcg@5": 0.02373596457375023, "recall@10": 0.034286341685959676, "recall@5": 0.028207860946471132, "total_users": 528257}, "short_rule": "length <= threshold", "threshold": 10}
2026-09-12 18:58:03,601 | INFO | VALID_STEP step=39065 stage=joint epoch=2 ndcg@10=0.023227 recall@10=0.032948 improved=False
2026-09-12 18:58:03,601 | INFO | LEARNING_RATE step=39065 stage=joint lr=5e-05
2026-09-12 18:58:03,601 | INFO | stage=joint epoch=2 loss=3.183589 steps=7813 transitions/s=862.63
2026-09-12 19:19:29,994 | INFO | 
========== PERIODIC VALIDATION ==========
stage=joint | epoch=3 | step=46878 | users=625563/625563
NDCG  | @5 0.020677 | @10 0.022845
Recall| @5 0.025438 | @10 0.032193
Hit   | @5 0.025438 | @10 0.032193
================================
2026-09-12 19:19:29,994 | INFO | PERIODIC VALIDATION SEQUENCE_LENGTH {"basis": "filtered_full_sequence", "long": {"evaluated_users": 97306, "history_length_max": 767, "history_length_mean": 18.187100487123097, "history_length_min": 11, "hit@10": 0.02946375351982406, "hit@5": 0.023133208640782686, "ndcg@10": 0.020765840737514227, "ndcg@5": 0.01874818508594708, "recall@10": 0.02946375351982406, "recall@5": 0.023133208640782686, "total_users": 97306}, "long_rule": "length > threshold", "short": {"evaluated_users": 528257, "history_length_max": 10, "history_length_mean": 5.959404229380775, "history_length_min": 3, "hit@10": 0.03269620658126632, "hit@5": 0.025862411667048425, "ndcg@10": 0.023228469464941302, "ndcg@5": 0.021032689977966024, "recall@10": 0.03269620658126632, "recall@5": 0.025862411667048425, "total_users": 528257}, "short_rule": "length <= threshold", "threshold": 10}
2026-09-12 19:21:32,300 | INFO | 
========== PERIODIC TEST ==========
stage=joint | epoch=3 | step=46878 | users=625563/625563
NDCG  | @5 0.022946 | @10 0.024792
Recall| @5 0.027270 | @10 0.033005
Hit   | @5 0.027270 | @10 0.033005
================================
2026-09-12 19:21:32,300 | INFO | PERIODIC TEST SEQUENCE_LENGTH {"basis": "filtered_full_sequence", "long": {"evaluated_users": 97306, "history_length_max": 767, "history_length_mean": 18.187100487123097, "history_length_min": 11, "hit@10": 0.030368117073972828, "hit@5": 0.02419172507347954, "ndcg@10": 0.0220146012283252, "ndcg@5": 0.020026560977154922, "recall@10": 0.030368117073972828, "recall@5": 0.02419172507347954, "total_users": 97306}, "long_rule": "length > threshold", "short": {"evaluated_users": 528257, "history_length_max": 10, "history_length_mean": 5.959404229380775, "history_length_min": 3, "hit@10": 0.033491274133613, "hit@5": 0.02783682942204268, "ndcg@10": 0.025303396447660345, "ndcg@5": 0.023483518645234146, "recall@10": 0.033491274133613, "recall@5": 0.02783682942204268, "total_users": 528257}, "short_rule": "length <= threshold", "threshold": 10}
2026-09-12 19:21:32,301 | INFO | VALID_STEP step=46878 stage=joint epoch=3 ndcg@10=0.022845 recall@10=0.032193 improved=False
2026-09-12 19:21:32,301 | INFO | LEARNING_RATE step=46878 stage=joint lr=5e-05
2026-09-12 19:21:32,301 | INFO | stage=joint epoch=3 loss=2.986063 steps=7813 transitions/s=863.06
2026-09-12 19:42:59,255 | INFO | 
========== PERIODIC VALIDATION ==========
stage=joint | epoch=4 | step=54691 | users=625563/625563
NDCG  | @5 0.020372 | @10 0.022453
Recall| @5 0.024997 | @10 0.031464
Hit   | @5 0.024997 | @10 0.031464
================================
2026-09-12 19:42:59,255 | INFO | PERIODIC VALIDATION SEQUENCE_LENGTH {"basis": "filtered_full_sequence", "long": {"evaluated_users": 97306, "history_length_max": 767, "history_length_mean": 18.187100487123097, "history_length_min": 11, "hit@10": 0.02903212545988942, "hit@5": 0.022722134297987792, "ndcg@10": 0.020539182710016004, "ndcg@5": 0.018503757069751374, "recall@10": 0.02903212545988942, "recall@5": 0.022722134297987792, "total_users": 97306}, "long_rule": "length > threshold", "short": {"evaluated_users": 528257, "history_length_max": 10, "history_length_mean": 5.959404229380775, "history_length_min": 3, "hit@10": 0.031912497136810304, "hit@5": 0.025415659423348863, "ndcg@10": 0.02280546416166761, "ndcg@5": 0.020715593164260065, "recall@10": 0.031912497136810304, "recall@5": 0.025415659423348863, "total_users": 528257}, "short_rule": "length <= threshold", "threshold": 10}
2026-09-12 19:45:01,994 | INFO | 
========== PERIODIC TEST ==========
stage=joint | epoch=4 | step=54691 | users=625563/625563
NDCG  | @5 0.022694 | @10 0.024530
Recall| @5 0.026803 | @10 0.032510
Hit   | @5 0.026803 | @10 0.032510
================================
2026-09-12 19:45:01,994 | INFO | PERIODIC TEST SEQUENCE_LENGTH {"basis": "filtered_full_sequence", "long": {"evaluated_users": 97306, "history_length_max": 767, "history_length_mean": 18.187100487123097, "history_length_min": 11, "hit@10": 0.029566522105522783, "hit@5": 0.023780650730684645, "ndcg@10": 0.02156667541176576, "ndcg@5": 0.019705923796757098, "recall@10": 0.029566522105522783, "recall@5": 0.023780650730684645, "total_users": 97306}, "long_rule": "length > threshold", "short": {"evaluated_users": 528257, "history_length_max": 10, "history_length_mean": 5.959404229380775, "history_length_min": 3, "hit@10": 0.03305209396184054, "hit@5": 0.027359788890634673, "ndcg@10": 0.025076170350947048, "ndcg@5": 0.023244102011075525, "recall@10": 0.03305209396184054, "recall@5": 0.027359788890634673, "total_users": 528257}, "short_rule": "length <= threshold", "threshold": 10}
2026-09-12 19:45:01,995 | INFO | VALID_STEP step=54691 stage=joint epoch=4 ndcg@10=0.022453 recall@10=0.031464 improved=False
2026-09-12 19:45:01,995 | INFO | LEARNING_RATE step=54691 stage=joint lr=2.5e-05
2026-09-12 19:45:01,995 | INFO | stage=joint epoch=4 loss=2.895859 steps=7813 transitions/s=863.71
2026-09-12 20:06:27,141 | INFO | 
========== PERIODIC VALIDATION ==========
stage=joint | epoch=5 | step=62504 | users=625563/625563
NDCG  | @5 0.020382 | @10 0.022490
Recall| @5 0.024867 | @10 0.031404
Hit   | @5 0.024867 | @10 0.031404
================================
2026-09-12 20:06:27,141 | INFO | PERIODIC VALIDATION SEQUENCE_LENGTH {"basis": "filtered_full_sequence", "long": {"evaluated_users": 97306, "history_length_max": 767, "history_length_mean": 18.187100487123097, "history_length_min": 11, "hit@10": 0.0291143403284484, "hit@5": 0.022660473146568556, "ndcg@10": 0.02058272195848833, "ndcg@5": 0.01849870081346567, "recall@10": 0.0291143403284484, "recall@5": 0.022660473146568556, "total_users": 97306}, "long_rule": "length > threshold", "short": {"evaluated_users": 528257, "history_length_max": 10, "history_length_mean": 5.959404229380775, "history_length_min": 3, "hit@10": 0.03182541830964852, "hit@5": 0.025273683074715527, "ndcg@10": 0.022841034340937365, "ndcg@5": 0.02072861633647348, "recall@10": 0.03182541830964852, "recall@5": 0.025273683074715527, "total_users": 528257}, "short_rule": "length <= threshold", "threshold": 10}
2026-09-12 20:08:29,929 | INFO | 
========== PERIODIC TEST ==========
stage=joint | epoch=5 | step=62504 | users=625563/625563
NDCG  | @5 0.022627 | @10 0.024409
Recall| @5 0.026669 | @10 0.032217
Hit   | @5 0.026669 | @10 0.032217
================================
2026-09-12 20:08:29,930 | INFO | PERIODIC TEST SEQUENCE_LENGTH {"basis": "filtered_full_sequence", "long": {"evaluated_users": 97306, "history_length_max": 767, "history_length_mean": 18.187100487123097, "history_length_min": 11, "hit@10": 0.029484307236963804, "hit@5": 0.023616220993566688, "ndcg@10": 0.021576434672203392, "ndcg@5": 0.019695587005116665, "recall@10": 0.029484307236963804, "recall@5": 0.023616220993566688, "total_users": 97306}, "long_rule": "length > threshold", "short": {"evaluated_users": 528257, "history_length_max": 10, "history_length_mean": 5.959404229380775, "history_length_min": 3, "hit@10": 0.032720815815029426, "hit@5": 0.02723106366787378, "ndcg@10": 0.024931261261107625, "ndcg@5": 0.023167269096630333, "recall@10": 0.032720815815029426, "recall@5": 0.02723106366787378, "total_users": 528257}, "short_rule": "length <= threshold", "threshold": 10}
2026-09-12 20:08:29,930 | INFO | VALID_STEP step=62504 stage=joint epoch=5 ndcg@10=0.022490 recall@10=0.031404 improved=False
2026-09-12 20:08:29,930 | INFO | LEARNING_RATE step=62504 stage=joint lr=2.5e-05
2026-09-12 20:08:29,931 | INFO | stage=joint epoch=5 loss=2.742083 steps=7813 transitions/s=864.26
2026-09-12 20:29:55,493 | INFO | 
========== PERIODIC VALIDATION ==========
stage=joint | epoch=6 | step=70317 | users=625563/625563
NDCG  | @5 0.020255 | @10 0.022325
Recall| @5 0.024746 | @10 0.031178
Hit   | @5 0.024746 | @10 0.031178
================================
2026-09-12 20:29:55,493 | INFO | PERIODIC VALIDATION SEQUENCE_LENGTH {"basis": "filtered_full_sequence", "long": {"evaluated_users": 97306, "history_length_max": 767, "history_length_mean": 18.187100487123097, "history_length_min": 11, "hit@10": 0.02924793948985674, "hit@5": 0.022783795449407025, "ndcg@10": 0.02061202519163383, "ndcg@5": 0.01854040162007253, "recall@10": 0.02924793948985674, "recall@5": 0.022783795449407025, "total_users": 97306}, "long_rule": "length > threshold", "short": {"evaluated_users": 528257, "history_length_max": 10, "history_length_mean": 5.959404229380775, "history_length_min": 3, "hit@10": 0.031533893540454744, "hit@5": 0.02510709749231908, "ndcg@10": 0.022640045726580005, "ndcg@5": 0.020571368451156365, "recall@10": 0.031533893540454744, "recall@5": 0.02510709749231908, "total_users": 528257}, "short_rule": "length <= threshold", "threshold": 10}
2026-09-12 20:31:57,825 | INFO | 
========== PERIODIC TEST ==========
stage=joint | epoch=6 | step=70317 | users=625563/625563
NDCG  | @5 0.022581 | @10 0.024286
Recall| @5 0.026544 | @10 0.031843
Hit   | @5 0.026544 | @10 0.031843
================================
2026-09-12 20:31:57,825 | INFO | PERIODIC TEST SEQUENCE_LENGTH {"basis": "filtered_full_sequence", "long": {"evaluated_users": 97306, "history_length_max": 767, "history_length_mean": 18.187100487123097, "history_length_min": 11, "hit@10": 0.029278770065566357, "hit@5": 0.023862865599243624, "ndcg@10": 0.021606070405626596, "ndcg@5": 0.01986441836238773, "recall@10": 0.029278770065566357, "recall@5": 0.023862865599243624, "total_users": 97306}, "long_rule": "length > threshold", "short": {"evaluated_users": 528257, "history_length_max": 10, "history_length_mean": 5.959404229380775, "history_length_min": 3, "hit@10": 0.03231570996692897, "hit@5": 0.027037975833732443, "ndcg@10": 0.02477976796893783, "ndcg@5": 0.02308132951542408, "recall@10": 0.03231570996692897, "recall@5": 0.027037975833732443, "total_users": 528257}, "short_rule": "length <= threshold", "threshold": 10}
2026-09-12 20:31:57,826 | INFO | VALID_STEP step=70317 stage=joint epoch=6 ndcg@10=0.022325 recall@10=0.031178 improved=False
2026-09-12 20:31:57,826 | INFO | LEARNING_RATE step=70317 stage=joint lr=2.5e-05
2026-09-12 20:31:57,826 | INFO | EARLY_STOP step=70317 checks_without_improvement=6 best_step=15626 best_ndcg@10=0.027986
2026-09-12 20:31:57,826 | INFO | stage=joint epoch=6 loss=2.664902 steps=7813 transitions/s=864.02
2026-09-12 20:34:01,158 | INFO | 
========== FINAL CURRENT VALIDATION ==========
stage=final | epoch=0 | step=70317 | users=625563/625563
NDCG  | @5 0.020256 | @10 0.022325
Recall| @5 0.024747 | @10 0.031178
Hit   | @5 0.024747 | @10 0.031178
================================
2026-09-12 20:34:01,158 | INFO | FINAL CURRENT VALIDATION SEQUENCE_LENGTH {"basis": "filtered_full_sequence", "long": {"evaluated_users": 97306, "history_length_max": 767, "history_length_mean": 18.187100487123097, "history_length_min": 11, "hit@10": 0.02924793948985674, "hit@5": 0.022794072307976896, "ndcg@10": 0.020612340132337655, "ndcg@5": 0.018544377251659836, "recall@10": 0.02924793948985674, "recall@5": 0.022794072307976896, "total_users": 97306}, "long_rule": "length > threshold", "short": {"evaluated_users": 528257, "history_length_max": 10, "history_length_mean": 5.959404229380775, "history_length_min": 3, "hit@10": 0.031533893540454744, "hit@5": 0.02510709749231908, "ndcg@10": 0.022640045726580005, "ndcg@5": 0.020571368451156365, "recall@10": 0.031533893540454744, "recall@5": 0.02510709749231908, "total_users": 528257}, "short_rule": "length <= threshold", "threshold": 10}
2026-09-12 20:34:01,158 | INFO | VALID_STEP step=70317 stage=final epoch=0 ndcg@10=0.022325 recall@10=0.031178 improved=False
2026-09-12 20:34:01,319 | INFO | RESTORE_BEST step=15626 stage=specialists ndcg@10=0.027986
2026-09-12 20:38:06,618 | INFO | 
========== BEST CHECKPOINT VALIDATION ==========
stage=specialists | epoch=0 | step=15626 | users=625563/625563
NDCG  | @5 0.024771 | @10 0.027987
Recall| @5 0.031747 | @10 0.041756
Hit   | @5 0.031747 | @10 0.041756
================================
2026-09-12 20:38:06,618 | INFO | BEST CHECKPOINT VALIDATION SEQUENCE_LENGTH {"basis": "filtered_full_sequence", "long": {"evaluated_users": 97306, "history_length_max": 767, "history_length_mean": 18.187100487123097, "history_length_min": 11, "hit@10": 0.03566069923745709, "hit@5": 0.026442357100281585, "ndcg@10": 0.023173349588059538, "ndcg@5": 0.020206239366070525, "recall@10": 0.03566069923745709, "recall@5": 0.026442357100281585, "total_users": 97306}, "long_rule": "length > threshold", "short": {"evaluated_users": 528257, "history_length_max": 10, "history_length_mean": 5.959404229380775, "history_length_min": 3, "hit@10": 0.04287875030524915, "hit@5": 0.03272460185099298, "ndcg@10": 0.028873169599448047, "ndcg@5": 0.02561218672241401, "recall@10": 0.04287875030524915, "recall@5": 0.03272460185099298, "total_users": 528257}, "short_rule": "length <= threshold", "threshold": 10}
2026-09-12 20:38:06,618 | INFO | 
========== FINAL FULL TEST ==========
stage=specialists | epoch=0 | step=15626 | users=625563/625563
NDCG  | @5 0.025777 | @10 0.028583
Recall| @5 0.032444 | @10 0.041165
Hit   | @5 0.032444 | @10 0.041165
================================
2026-09-12 20:38:06,618 | INFO | FINAL FULL TEST SEQUENCE_LENGTH {"basis": "filtered_full_sequence", "long": {"evaluated_users": 97306, "history_length_max": 767, "history_length_mean": 18.187100487123097, "history_length_min": 11, "hit@10": 0.03551682321747888, "hit@5": 0.02723367521016176, "ndcg@10": 0.024022698113635728, "ndcg@5": 0.0213575311202108, "recall@10": 0.03551682321747888, "recall@5": 0.02723367521016176, "total_users": 97306}, "long_rule": "length > threshold", "short": {"evaluated_users": 528257, "history_length_max": 10, "history_length_mean": 5.959404229380775, "history_length_min": 3, "hit@10": 0.04220483590373625, "hit@5": 0.033404195306451216, "ndcg@10": 0.02942290682174399, "ndcg@5": 0.026590941743893315, "recall@10": 0.04220483590373625, "recall@5": 0.033404195306451216, "total_users": 528257}, "short_rule": "length <= threshold", "threshold": 10}
2026-09-12 20:38:06,618 | INFO | VALID_BEST {"evaluated_users": 625563, "hit@10": 0.04175598620762417, "hit@5": 0.03174740194033215, "long_agent_weight": 0.0, "long_preference_state_cosine": 0.0, "long_short_state_cosine": 0.0, "ndcg@10": 0.027986565737941144, "ndcg@5": 0.024771294413664015, "preference_change_probability": 0.0, "preference_current_entropy": 5.8946179706326735e-06, "preference_next_entropy": 5.8946179706326735e-06, "preference_ranking_weight": 0.0, "recall@10": 0.04175598620762417, "recall@5": 0.03174740194033215, "scores_per_second": 2051791360.70842, "sequence_length": {"basis": "filtered_full_sequence", "long": {"evaluated_users": 97306, "history_length_max": 767, "history_length_mean": 18.187100487123097, "history_length_min": 11, "hit@10": 0.03566069923745709, "hit@5": 0.026442357100281585, "ndcg@10": 0.023173349588059538, "ndcg@5": 0.020206239366070525, "recall@10": 0.03566069923745709, "recall@5": 0.026442357100281585, "total_users": 97306}, "long_rule": "length > threshold", "short": {"evaluated_users": 528257, "history_length_max": 10, "history_length_mean": 5.959404229380775, "history_length_min": 3, "hit@10": 0.04287875030524915, "hit@5": 0.03272460185099298, "ndcg@10": 0.028873169599448047, "ndcg@5": 0.02561218672241401, "recall@10": 0.04287875030524915, "recall@5": 0.03272460185099298, "total_users": 528257}, "short_rule": "length <= threshold", "threshold": 10}, "short_agent_weight": 1.0, "short_preference_state_cosine": 0.0, "total_users": 625563, "users_per_second": 5109.398465800455}
2026-09-12 20:38:06,619 | INFO | TEST_FINAL {"evaluated_users": 625563, "hit@10": 0.04116451900128364, "hit@5": 0.03244437410780369, "long_agent_weight": 0.0, "long_preference_state_cosine": 0.0, "long_short_state_cosine": 0.0, "ndcg@10": 0.028582907296398556, "ndcg@5": 0.02577688742801575, "preference_change_probability": 0.0, "preference_current_entropy": 5.8946179706326735e-06, "preference_next_entropy": 5.8946179706326735e-06, "preference_ranking_weight": 0.0, "recall@10": 0.04116451900128364, "recall@5": 0.03244437410780369, "scores_per_second": 2059795687.0470798, "sequence_length": {"basis": "filtered_full_sequence", "long": {"evaluated_users": 97306, "history_length_max": 767, "history_length_mean": 18.187100487123097, "history_length_min": 11, "hit@10": 0.03551682321747888, "hit@5": 0.02723367521016176, "ndcg@10": 0.024022698113635728, "ndcg@5": 0.0213575311202108, "recall@10": 0.03551682321747888, "recall@5": 0.02723367521016176, "total_users": 97306}, "long_rule": "length > threshold", "short": {"evaluated_users": 528257, "history_length_max": 10, "history_length_mean": 5.959404229380775, "history_length_min": 3, "hit@10": 0.04220483590373625, "hit@5": 0.033404195306451216, "ndcg@10": 0.02942290682174399, "ndcg@5": 0.026590941743893315, "recall@10": 0.04220483590373625, "recall@5": 0.033404195306451216, "total_users": 528257}, "short_rule": "length <= threshold", "threshold": 10}, "short_agent_weight": 1.0, "short_preference_state_cosine": 0.0, "total_users": 625563, "users_per_second": 5129.330946996005}
2026-09-12 20:38:06,619 | INFO | TARGET_RESULT metric=recall@10 target=>0.150000 actual=0.041165 achieved=False
2026-09-12 20:38:06,941 | INFO | FINAL_LENGTH_SCORES dataset=amazon-sports-and-outdoors group=short split=valid threshold=10 users=528257/528257 scores={"hit@10": 0.04287875030524915, "hit@5": 0.03272460185099298, "ndcg@10": 0.028873169599448047, "ndcg@5": 0.02561218672241401, "recall@10": 0.04287875030524915, "recall@5": 0.03272460185099298}
2026-09-12 20:38:06,941 | INFO | FINAL_LENGTH_SCORES dataset=amazon-sports-and-outdoors group=short split=test threshold=10 users=528257/528257 scores={"hit@10": 0.04220483590373625, "hit@5": 0.033404195306451216, "ndcg@10": 0.02942290682174399, "ndcg@5": 0.026590941743893315, "recall@10": 0.04220483590373625, "recall@5": 0.033404195306451216}
2026-09-12 20:38:06,941 | INFO | short_scores=/workspace/P78123011/MediaTek_2026_project/ver4/outputs_mamba_rl/amazons_long_short_L0_S1_P0_G1/Sports_and_Outdoors/rl_20260912_170016_r1_630172/short_scores.json
2026-09-12 20:38:06,941 | INFO | FINAL_LENGTH_SCORES dataset=amazon-sports-and-outdoors group=long split=valid threshold=10 users=97306/97306 scores={"hit@10": 0.03566069923745709, "hit@5": 0.026442357100281585, "ndcg@10": 0.023173349588059538, "ndcg@5": 0.020206239366070525, "recall@10": 0.03566069923745709, "recall@5": 0.026442357100281585}
2026-09-12 20:38:06,941 | INFO | FINAL_LENGTH_SCORES dataset=amazon-sports-and-outdoors group=long split=test threshold=10 users=97306/97306 scores={"hit@10": 0.03551682321747888, "hit@5": 0.02723367521016176, "ndcg@10": 0.024022698113635728, "ndcg@5": 0.0213575311202108, "recall@10": 0.03551682321747888, "recall@5": 0.02723367521016176}
2026-09-12 20:38:06,941 | INFO | long_scores=/workspace/P78123011/MediaTek_2026_project/ver4/outputs_mamba_rl/amazons_long_short_L0_S1_P0_G1/Sports_and_Outdoors/rl_20260912_170016_r1_630172/long_scores.json
2026-09-12 20:38:06,942 | INFO | scores=/workspace/P78123011/MediaTek_2026_project/ver4/outputs_mamba_rl/amazons_long_short_L0_S1_P0_G1/Sports_and_Outdoors/rl_20260912_170016_r1_630172/Sports_and_Outdoors_scores.json
2026-09-12 20:38:06,942 | INFO | outputs=/workspace/P78123011/MediaTek_2026_project/ver4/outputs_mamba_rl/amazons_long_short_L0_S1_P0_G1/Sports_and_Outdoors/rl_20260912_170016_r1_630172
