2026-09-22 00:06:35,454 | INFO | EXPERIMENT_CONFIG {"batch_size": 256, "branch_factor": 0, "cache_dir": "/workspace/P78123011/cache", "d_model": 96, "data_path": null, "dataset": "amazon-sports-and-outdoors", "device": "cuda", "din_batch_size": 128, "din_negatives": 60, "din_steps": 10000, "eval_batch_size": 50, "eval_every_steps": 300, "eval_user_limit": 0, "kmeans_iters": 100, "log_every_steps": 100, "max_events": null, "max_train_samples": 0, "maxlen": 19, "min_history": 4, "min_rating": 4.0, "monitor_metric": "ndcg@10", "num_heads": 4, "output_dir": "/workspace/P78123011/MediaTek_2026_project/Reproduce/EAGER/outputs/Sports_and_Outdoors/eager_20260922_000631_r1", "predict_candidates": 50, "rerank_batch_size": 64, "seed": 2024, "semantic_backend": "t5", "semantic_batch_size": 32, "semantic_max_tokens": 64, "semantic_model_id": "google-t5/t5-base", "train_steps": 20000, "tree_workers": 1, "use_contrastive": false, "use_guide": false, "world_size": 1}
2026-09-22 00:44:37,738 | INFO | INTERACTION_CACHE miss_saved path=/workspace/P78123011/cache/mamba_multi_agent_data/amazon-sports-and-outdoors_fcc157f72b81.pkl
2026-09-22 00:44:54,935 | INFO | DIN step=100 loss=13.483556
2026-09-22 00:45:05,745 | INFO | DIN step=200 loss=12.874104
2026-09-22 00:45:16,578 | INFO | DIN step=300 loss=12.605811
2026-09-22 00:45:27,392 | INFO | DIN step=400 loss=12.523987
2026-09-22 00:45:38,206 | INFO | DIN step=500 loss=12.449143
2026-09-22 00:45:48,996 | INFO | DIN step=600 loss=12.356654
2026-09-22 00:45:59,845 | INFO | DIN step=700 loss=12.335298
2026-09-22 00:46:10,643 | INFO | DIN step=800 loss=12.319549
2026-09-22 00:46:21,496 | INFO | DIN step=900 loss=12.232100
2026-09-22 00:46:32,281 | INFO | DIN step=1000 loss=12.219162
2026-09-22 00:46:43,078 | INFO | DIN step=1100 loss=12.139695
2026-09-22 00:46:53,864 | INFO | DIN step=1200 loss=12.086691
2026-09-22 00:47:04,654 | INFO | DIN step=1300 loss=12.005498
2026-09-22 00:47:15,471 | INFO | DIN step=1400 loss=11.994407
2026-09-22 00:47:26,241 | INFO | DIN step=1500 loss=11.948413
2026-09-22 00:47:37,074 | INFO | DIN step=1600 loss=11.955616
2026-09-22 00:47:47,886 | INFO | DIN step=1700 loss=11.908785
2026-09-22 00:47:58,705 | INFO | DIN step=1800 loss=11.888729
2026-09-22 00:48:09,527 | INFO | DIN step=1900 loss=11.861500
2026-09-22 00:48:20,337 | INFO | DIN step=2000 loss=11.840315
2026-09-22 00:48:31,156 | INFO | DIN step=2100 loss=11.786743
2026-09-22 00:48:41,991 | INFO | DIN step=2200 loss=11.791904
2026-09-22 00:48:52,764 | INFO | DIN step=2300 loss=11.745189
2026-09-22 00:49:03,552 | INFO | DIN step=2400 loss=11.727775
2026-09-22 00:49:14,369 | INFO | DIN step=2500 loss=11.703417
2026-09-22 00:49:25,171 | INFO | DIN step=2600 loss=11.686584
2026-09-22 00:49:35,970 | INFO | DIN step=2700 loss=11.699575
2026-09-22 00:49:46,824 | INFO | DIN step=2800 loss=11.627044
2026-09-22 00:49:57,663 | INFO | DIN step=2900 loss=11.622148
2026-09-22 00:50:08,453 | INFO | DIN step=3000 loss=11.639264
2026-09-22 00:50:19,251 | INFO | DIN step=3100 loss=11.630440
2026-09-22 00:50:30,089 | INFO | DIN step=3200 loss=11.633826
2026-09-22 00:50:40,872 | INFO | DIN step=3300 loss=11.580252
2026-09-22 00:50:51,719 | INFO | DIN step=3400 loss=11.542201
2026-09-22 00:51:02,510 | INFO | DIN step=3500 loss=11.568760
2026-09-22 00:51:13,260 | INFO | DIN step=3600 loss=11.569762
2026-09-22 00:51:24,090 | INFO | DIN step=3700 loss=11.536402
2026-09-22 00:51:34,920 | INFO | DIN step=3800 loss=11.505559
2026-09-22 00:51:45,744 | INFO | DIN step=3900 loss=11.474517
2026-09-22 00:51:56,586 | INFO | DIN step=4000 loss=11.494740
2026-09-22 00:52:07,424 | INFO | DIN step=4100 loss=11.495172
2026-09-22 00:52:18,253 | INFO | DIN step=4200 loss=11.478548
2026-09-22 00:52:29,079 | INFO | DIN step=4300 loss=11.487458
2026-09-22 00:52:39,885 | INFO | DIN step=4400 loss=11.465204
2026-09-22 00:52:50,739 | INFO | DIN step=4500 loss=11.455094
2026-09-22 00:53:01,528 | INFO | DIN step=4600 loss=11.470427
2026-09-22 00:53:12,368 | INFO | DIN step=4700 loss=11.433619
2026-09-22 00:53:23,226 | INFO | DIN step=4800 loss=11.420682
2026-09-22 00:53:34,094 | INFO | DIN step=4900 loss=11.398081
2026-09-22 00:53:44,935 | INFO | DIN step=5000 loss=11.398023
2026-09-22 00:53:55,751 | INFO | DIN step=5100 loss=11.367604
2026-09-22 00:54:06,582 | INFO | DIN step=5200 loss=11.338984
2026-09-22 00:54:17,378 | INFO | DIN step=5300 loss=11.310395
2026-09-22 00:54:28,244 | INFO | DIN step=5400 loss=11.358480
2026-09-22 00:54:39,018 | INFO | DIN step=5500 loss=11.339744
2026-09-22 00:54:49,845 | INFO | DIN step=5600 loss=11.346823
2026-09-22 00:55:00,661 | INFO | DIN step=5700 loss=11.331754
2026-09-22 00:55:11,493 | INFO | DIN step=5800 loss=11.358493
2026-09-22 00:55:22,307 | INFO | DIN step=5900 loss=11.291167
2026-09-22 00:55:33,145 | INFO | DIN step=6000 loss=11.294122
2026-09-22 00:55:43,909 | INFO | DIN step=6100 loss=11.263499
2026-09-22 00:55:54,745 | INFO | DIN step=6200 loss=11.269075
2026-09-22 00:56:05,549 | INFO | DIN step=6300 loss=11.309610
2026-09-22 00:56:16,377 | INFO | DIN step=6400 loss=11.219987
2026-09-22 00:56:27,160 | INFO | DIN step=6500 loss=11.240371
2026-09-22 00:56:37,940 | INFO | DIN step=6600 loss=11.181409
2026-09-22 00:56:48,747 | INFO | DIN step=6700 loss=11.232980
2026-09-22 00:56:59,536 | INFO | DIN step=6800 loss=11.206045
2026-09-22 00:57:10,387 | INFO | DIN step=6900 loss=11.224520
2026-09-22 00:57:21,180 | INFO | DIN step=7000 loss=11.219647
2026-09-22 00:57:31,954 | INFO | DIN step=7100 loss=11.173302
2026-09-22 00:57:42,782 | INFO | DIN step=7200 loss=11.197582
2026-09-22 00:57:53,630 | INFO | DIN step=7300 loss=11.141750
2026-09-22 00:58:04,439 | INFO | DIN step=7400 loss=11.077795
2026-09-22 00:58:15,304 | INFO | DIN step=7500 loss=11.154553
2026-09-22 00:58:26,099 | INFO | DIN step=7600 loss=11.108633
2026-09-22 00:58:36,948 | INFO | DIN step=7700 loss=11.164833
2026-09-22 00:58:47,727 | INFO | DIN step=7800 loss=11.093329
2026-09-22 00:58:58,597 | INFO | DIN step=7900 loss=11.074701
2026-09-22 00:59:09,396 | INFO | DIN step=8000 loss=11.059779
2026-09-22 00:59:20,195 | INFO | DIN step=8100 loss=11.068680
2026-09-22 00:59:31,055 | INFO | DIN step=8200 loss=11.019863
2026-09-22 00:59:41,870 | INFO | DIN step=8300 loss=11.063472
2026-09-22 00:59:52,715 | INFO | DIN step=8400 loss=10.996356
2026-09-22 01:00:03,518 | INFO | DIN step=8500 loss=11.007390
2026-09-22 01:00:14,314 | INFO | DIN step=8600 loss=11.033415
2026-09-22 01:00:25,147 | INFO | DIN step=8700 loss=10.951521
2026-09-22 01:00:35,972 | INFO | DIN step=8800 loss=11.023470
2026-09-22 01:00:46,841 | INFO | DIN step=8900 loss=11.040980
2026-09-22 01:00:57,615 | INFO | DIN step=9000 loss=10.936210
2026-09-22 01:01:08,400 | INFO | DIN step=9100 loss=11.000479
2026-09-22 01:01:19,263 | INFO | DIN step=9200 loss=10.943250
2026-09-22 01:01:30,070 | INFO | DIN step=9300 loss=10.941128
2026-09-22 01:01:40,943 | INFO | DIN step=9400 loss=10.924385
2026-09-22 01:01:51,784 | INFO | DIN step=9500 loss=10.920565
2026-09-22 01:02:02,576 | INFO | DIN step=9600 loss=10.887543
2026-09-22 01:02:13,417 | INFO | DIN step=9700 loss=10.837039
2026-09-22 01:02:24,188 | INFO | DIN step=9800 loss=10.863716
2026-09-22 01:02:34,962 | INFO | DIN step=9900 loss=10.904273
2026-09-22 01:02:45,752 | INFO | DIN step=10000 loss=10.870272
2026-09-22 01:02:45,960 | INFO | DIN_CACHE saved path=/workspace/P78123011/cache/eager/amazon-sports-and-outdoors/din_steps10000_seed2024.pt
2026-09-22 02:33:48,447 | INFO | TRAIN step=100 loss=12.877940 lr=5.0095e-05
2026-09-22 02:34:33,345 | INFO | TRAIN step=200 loss=12.627336 lr=0.00010009
2026-09-22 02:35:18,250 | INFO | TRAIN step=300 loss=12.309156 lr=0.000150085
