2026-09-23 16:05:26,981 | INFO | run_id=20260923_160526 dataset=amazon-all-beauty device=cuda:0
2026-09-23 16:05:26,981 | INFO | CUDA_SCOPE requested_physical=1 visible_count=1 main_logical=cuda:0 graph_logical=cuda:0
2026-09-23 16:05:26,981 | INFO | MODEL recommender=MultiAgentMambaRecommender semantic_encoder=MambaTextEncoder semantic_model_id=state-spaces/mamba-130m-hf graph_backbone=LightGCN adaptation=multi_lora
2026-09-23 16:05:26,981 | INFO | ABLATION USE_LONG=1 USE_SHORT=0 USE_PREFERENCE=0 USE_GCN=1
2026-09-23 16:05:26,981 | INFO | AGENT_HISTORY mode=full_history effective_max_history=100
2026-09-23 16:05:26,981 | INFO | EXPERIMENT_NOTE preliminary single full-history Mamba+LoRA+LightGCN; no coordinator or short/preference agents; no saved weights
2026-09-23 16:05:26,981 | INFO | EXPERIMENT_CONFIG {"agent_diversity_coef": 0.02, "batch_size": 128, "cache_dir": "/workspace/P78123011/cache", "candidates": 64, "coordinator_epochs": 0, "coordinator_lr": 0.0001, "data_path": null, "dataset": "amazon-all-beauty", "device": "cuda:0", "dim": 128, "early_stopping_patience": 6, "enable_lora": 1, "eval_batch_size": 64, "eval_length_basis": "untruncated_train_history", "eval_length_threshold": null, "experiment_note": "preliminary single full-history Mamba+LoRA+LightGCN; no coordinator or short/preference agents; no saved weights", "full_catalog_supervised": false, "future_decay": 0.5, "future_horizon": 3, "generate_reasons": false, "graph_device": "cuda:0", "hard_negative_fraction": 0.75, "hard_negative_pool_multiplier": 12, "hard_negative_warmup_epochs": 2, "item_prompt_prefix": "Preference-aware product representation: ", "item_vector_artifact": null, "joint_epochs": 3, "joint_lr": 5e-05, "lora_alpha": 32.0, "lora_dropout": 0.05, "lora_rank": 16, "lr_patience": 2, "mamba_encode_batch_size": 32, "mamba_max_tokens": 32, "mamba_model_id": "state-spaces/mamba-130m-hf", "max_events": null, "max_history": 100, "max_transitions": 500000, "min_rating": 4.0, "monitor_metric": "ndcg@10", "output_dir": "/workspace/P78123011/MediaTek_2026_project/ver4/outputs_mamba_rl/amazons_lora", "output_run_dir": "/workspace/P78123011/MediaTek_2026_project/preliminary/outputs/training/amazon-all-beauty/single_mamba_lora_lightgcn_20260923_160525", "periodic_test_user_limit": 0, "popularity_alpha": -0.25, "preference_balance_coef": 0.01, "preference_coef": 0.2, "preference_contrastive_coef": 0.05, "preference_count": 32, "preference_hidden": 128, "preference_score_weight": 0.2, "preference_separation_coef": 0.01, "preference_sharpness_coef": 0.05, "preference_temperature": 0.2, "preference_transition_coef": 0.1, "reason_count": 20, "reason_max_new_tokens": 40, "refresh_data_cache": false, "resume_checkpoint": null, "save_model_weights": false, "score_file": "/workspace/P78123011/MediaTek_2026_project/preliminary/outputs/training/amazon-all-beauty/single_mamba_lora_lightgcn_20260923_160525/amazon-all-beauty_scores.json", "seed": 25252, "short_window": 10, "skip_mamba": false, "specialist_epochs": 0, "specialist_lr": 0.0001, "target_recall_at_10": 0.15, "transition_beta": 4.0, "use_graph_embeddings": true, "use_in_batch_negatives": true, "use_long": 1, "use_preference": 0, "use_short": 0, "validate_every_steps": 2147483647, "validation_user_limit": 0}
2026-09-23 16:05:26,985 | INFO | INTERACTION_CACHE hit path=/workspace/P78123011/cache/mamba_multi_agent_data/amazon-all-beauty_90e3e920169a.pkl
2026-09-23 16:05:26,985 | INFO | users=1603 items=4090 train_interactions=8445
2026-09-23 16:05:27,462 | INFO | CATALOG_PRIORS popularity_alpha=-0.250000 transition_beta=4.000000 source=train_histories_only enabled=True
2026-09-23 16:05:27,485 | INFO | ITEM_VECTOR_ARTIFACT path=/workspace/P78123011/cache/mamba_multi_agent/amazon-all-beauty_4090_47e41e57cc9e_prompt_tok32.pt fingerprint=47e41e57cc9e
2026-09-23 16:05:27,485 | INFO | SEMANTIC_BACKBONE model_id=state-spaces/mamba-130m-hf hidden_size=768 frozen=True usage=shared_cached_item_vectors
2026-09-23 16:05:27,493 | INFO | GRAPH_EMBEDDINGS enabled=True source=train_histories_only main_device=cuda:0 graph_device=cuda:0
2026-09-23 16:05:27,704 | INFO | ADAPTATION_MODE mode=multi_lora enable_lora=1
2026-09-23 16:05:27,704 | INFO | ADAPTER_ROUTES {'long': ('candidate_lora', 'delta_lora', 'gate_lora', 'output_lora')}
2026-09-23 16:05:27,704 | INFO | agent_parameters={'long': 16513, 'short': 16513, 'preference': 78786, 'coordinator': 0, 'shared_projection': 98304, 'graph': 728704}
2026-09-23 16:05:27,704 | INFO | PREDICTION_PATH graph_only=False active_agents=1 coordinator=False
2026-09-23 16:05:27,713 | INFO | training_transitions=6842
2026-09-23 16:05:27,713 | INFO | schedule specialist_epochs=0 coordinator_epochs=0 joint_ranking_epochs=3 validate_every_steps=2147483647 validation_users=0 periodic_test_users=0 monitor=ndcg@10 early_stopping_patience=6
2026-09-23 16:05:27,713 | INFO | SKIP_STAGE stage=specialists epochs=0 use_coordinator=False
2026-09-23 16:05:27,713 | INFO | SKIP_STAGE stage=coordinator epochs=0 use_coordinator=False
2026-09-23 16:05:28,523 | INFO | TRAINING_BRANCHES stage=joint long=True short=False preference=False gcn=True preference_auxiliary=False preference_contrastive=False diversity_pairs=0 trainable_parameters=843521
2026-09-23 16:08:57,819 | INFO | 
========== PERIODIC VALIDATION ==========
stage=joint | epoch=1 | step=54 | users=1457/1457
NDCG  | @5 0.091311 | @10 0.092871
Recall| @5 0.095402 | @10 0.100206
Hit   | @5 0.095402 | @10 0.100206
================================
2026-09-23 16:09:45,054 | INFO | 
========== PERIODIC TEST ==========
stage=joint | epoch=1 | step=54 | users=1457/1457
NDCG  | @5 0.104501 | @10 0.106528
Recall| @5 0.108442 | @10 0.114619
Hit   | @5 0.108442 | @10 0.114619
================================
2026-09-23 16:09:45,054 | INFO | VALID_STEP step=54 stage=joint epoch=1 ndcg@10=0.092871 recall@10=0.100206 improved=True
2026-09-23 16:09:45,058 | INFO | BEST_MODEL_IN_MEMORY step=54 stage=joint ndcg@10=0.092871
2026-09-23 16:09:45,058 | INFO | LEARNING_RATE step=54 stage=joint lr=5e-05
2026-09-23 16:09:45,059 | INFO | stage=joint epoch=1 loss=4.109633 steps=54 transitions/s=42.49
2026-09-23 16:13:13,986 | INFO | 
========== PERIODIC VALIDATION ==========
stage=joint | epoch=2 | step=108 | users=1457/1457
NDCG  | @5 0.091057 | @10 0.092610
Recall| @5 0.095402 | @10 0.100206
Hit   | @5 0.095402 | @10 0.100206
================================
2026-09-23 16:14:01,250 | INFO | 
========== PERIODIC TEST ==========
stage=joint | epoch=2 | step=108 | users=1457/1457
NDCG  | @5 0.104886 | @10 0.106244
Recall| @5 0.109815 | @10 0.113933
Hit   | @5 0.109815 | @10 0.113933
================================
2026-09-23 16:14:01,250 | INFO | VALID_STEP step=108 stage=joint epoch=2 ndcg@10=0.092610 recall@10=0.100206 improved=False
2026-09-23 16:14:01,250 | INFO | LEARNING_RATE step=108 stage=joint lr=5e-05
2026-09-23 16:14:01,251 | INFO | stage=joint epoch=2 loss=4.126160 steps=54 transitions/s=42.59
2026-09-23 16:17:29,952 | INFO | 
========== PERIODIC VALIDATION ==========
stage=joint | epoch=3 | step=162 | users=1457/1457
NDCG  | @5 0.091323 | @10 0.092624
Recall| @5 0.095402 | @10 0.099520
Hit   | @5 0.095402 | @10 0.099520
================================
2026-09-23 16:18:17,372 | INFO | 
========== PERIODIC TEST ==========
stage=joint | epoch=3 | step=162 | users=1457/1457
NDCG  | @5 0.105543 | @10 0.106734
Recall| @5 0.110501 | @10 0.113933
Hit   | @5 0.110501 | @10 0.113933
================================
2026-09-23 16:18:17,372 | INFO | VALID_STEP step=162 stage=joint epoch=3 ndcg@10=0.092624 recall@10=0.099520 improved=False
2026-09-23 16:18:17,372 | INFO | LEARNING_RATE step=162 stage=joint lr=5e-05
2026-09-23 16:18:17,373 | INFO | stage=joint epoch=3 loss=4.108809 steps=54 transitions/s=42.62
2026-09-23 16:19:05,499 | INFO | 
========== FINAL CURRENT VALIDATION ==========
stage=final | epoch=0 | step=162 | users=1457/1457
NDCG  | @5 0.091323 | @10 0.092624
Recall| @5 0.095402 | @10 0.099520
Hit   | @5 0.095402 | @10 0.099520
================================
2026-09-23 16:19:05,500 | INFO | VALID_STEP step=162 stage=final epoch=0 ndcg@10=0.092624 recall@10=0.099520 improved=False
2026-09-23 16:19:05,675 | INFO | RESTORE_BEST step=54 stage=joint ndcg@10=0.092871
2026-09-23 16:20:41,330 | INFO | 
========== BEST CHECKPOINT VALIDATION ==========
stage=joint | epoch=0 | step=54 | users=1457/1457
NDCG  | @5 0.091311 | @10 0.092871
Recall| @5 0.095402 | @10 0.100206
Hit   | @5 0.095402 | @10 0.100206
================================
2026-09-23 16:20:41,330 | INFO | 
========== FINAL FULL TEST ==========
stage=joint | epoch=0 | step=54 | users=1457/1457
NDCG  | @5 0.104501 | @10 0.106528
Recall| @5 0.108442 | @10 0.114619
Hit   | @5 0.108442 | @10 0.114619
================================
2026-09-23 16:20:41,331 | INFO | VALID_BEST {"evaluated_users": 1457, "hit@10": 0.10020590253946465, "hit@5": 0.09540150995195608, "long_agent_weight": 1.0, "long_preference_state_cosine": 0.0, "long_short_state_cosine": 0.0, "ndcg@10": 0.09287127928121824, "ndcg@5": 0.09131072217172846, "preference_change_probability": 0.0, "preference_current_entropy": 5.89461797000118e-06, "preference_next_entropy": 5.89461797000118e-06, "preference_ranking_weight": 0.0, "recall@10": 0.10020590253946465, "recall@5": 0.09540150995195608, "scores_per_second": 123427.78739086162, "short_agent_weight": 0.0, "short_preference_state_cosine": 0.0, "total_users": 1457, "users_per_second": 30.17794312735003}
2026-09-23 16:20:41,331 | INFO | TEST_FINAL {"evaluated_users": 1457, "hit@10": 0.11461908030199039, "hit@5": 0.10844200411805079, "long_agent_weight": 1.0, "long_preference_state_cosine": 0.0, "long_short_state_cosine": 0.0, "ndcg@10": 0.106528208529041, "ndcg@5": 0.10450086285991053, "preference_change_probability": 0.0, "preference_current_entropy": 5.89461797000118e-06, "preference_next_entropy": 5.89461797000118e-06, "preference_ranking_weight": 0.0, "recall@10": 0.11461908030199039, "recall@5": 0.10844200411805079, "scores_per_second": 125867.09152483812, "short_agent_weight": 0.0, "short_preference_state_cosine": 0.0, "total_users": 1457, "users_per_second": 30.77435000607289}
2026-09-23 16:20:41,331 | INFO | TARGET_RESULT metric=recall@10 target=>0.150000 actual=0.114619 achieved=False
2026-09-23 16:20:41,840 | INFO | scores=/workspace/P78123011/MediaTek_2026_project/preliminary/outputs/training/amazon-all-beauty/single_mamba_lora_lightgcn_20260923_160525/amazon-all-beauty_scores.json
2026-09-23 16:20:41,840 | INFO | outputs=/workspace/P78123011/MediaTek_2026_project/preliminary/outputs/training/amazon-all-beauty/single_mamba_lora_lightgcn_20260923_160525
