2026-10-02 21:15:18,433 | INFO | run_id=20261002_211518 dataset=amazon:Baby_Products device=cuda:0
2026-10-02 21:15:18,433 | INFO | MODEL recommender=MultiAgentMambaRecommender semantic_encoder=MambaTextEncoder semantic_model_id=state-spaces/mamba-130m-hf graph_backbone=LightGCN adaptation=multi_lora
2026-10-02 21:15:18,433 | INFO | ABLATION USE_SHORT=1 USE_PREFERENCE=1 USE_GCN=1 USE_COORDINATOR=0
2026-10-02 21:15:18,433 | INFO | AGENT_HISTORY mode=full_history effective_max_history=100 short=4 preference=100
2026-10-02 21:15:18,433 | INFO | EXPERIMENT_NOTE amazons_long_short subset=Baby_Products; short filtered-full-sequence <= 10; long > 10; same model and full catalog
2026-10-02 21:15:18,434 | INFO | EXPERIMENT_CONFIG {"agent_diversity_coef": 0.02, "batch_size": 128, "cache_dir": "/workspace/P78123011/cache", "candidates": 192, "data_path": null, "dataset": "amazon:Baby_Products", "device": "cuda:0", "dim": 128, "early_stopping_patience": 6, "enable_lora": 1, "eval_batch_size": 64, "eval_length_basis": "filtered_full_sequence", "eval_length_threshold": 10, "experiment_note": "amazons_long_short subset=Baby_Products; short filtered-full-sequence <= 10; long > 10; same model and full catalog", "full_catalog_supervised": false, "future_decay": 0.5, "future_horizon": 3, "generate_reasons": false, "graph_device": "cuda:0", "hard_negative_fraction": 0.75, "hard_negative_pool_multiplier": 12, "hard_negative_warmup_epochs": 2, "history_influence_negatives": 64, "history_influence_output": null, "history_influence_user_limit": 0, "item_prompt_prefix": "Preference-aware product representation: ", "item_vector_artifact": null, "joint_epochs": 5, "joint_lr": 5e-05, "lora_alpha": 32.0, "lora_dropout": 0.05, "lora_rank": 16, "lr_patience": 2, "mamba_encode_batch_size": 32, "mamba_max_tokens": 32, "mamba_model_id": "state-spaces/mamba-130m-hf", "max_events": null, "max_history": 100, "max_transitions": 1500000, "min_rating": 4.0, "monitor_metric": "ndcg@10", "output_dir": "/workspace/P78123011/MediaTek_2026_project/ver5/outputs_mamba_rl/amazons_lora", "output_run_dir": "/workspace/P78123011/MediaTek_2026_project/ver5/outputs_mamba_rl/amazons_long_short_S1_P1_G1_C0_SW4/Baby_Products/rl_20261002_211516_r1_778674", "periodic_test_user_limit": 0, "popularity_alpha": 0.3, "preference_balance_coef": 0.01, "preference_coef": 0.2, "preference_contrastive_coef": 0.05, "preference_count": 32, "preference_score_weight": 0.2, "preference_separation_coef": 0.01, "preference_sharpness_coef": 0.05, "preference_temperature": 0.2, "preference_transition_coef": 0.1, "reason_count": 20, "reason_max_new_tokens": 40, "refresh_data_cache": false, "resume_checkpoint": null, "reverse_history_input": false, "rl_coef": 0.1, "rl_topk": 10, "save_model_weights": false, "score_file": "/workspace/P78123011/MediaTek_2026_project/ver5/outputs_mamba_rl/amazons_long_short_S1_P1_G1_C0_SW4/Baby_Products/rl_20261002_211516_r1_778674/Baby_Products_scores.json", "seed": 25252, "short_window": 4, "skip_mamba": false, "specialist_epochs": 3, "specialist_lr": 0.0001, "target_recall_at_10": 0.15, "transition_beta": 0.5, "use_coordinator": false, "use_graph_embeddings": true, "use_in_batch_negatives": true, "use_preference": 1, "use_short": 1, "validate_every_steps": 6000, "validation_user_limit": 0}
2026-10-02 21:15:18,828 | INFO | INTERACTION_CACHE hit path=/workspace/P78123011/cache/mamba_multi_agent_data/amazon_Baby_Products_e6e228b87df8.pkl
2026-10-02 21:15:18,828 | INFO | HISTORY_INPUT_ORDER chronological
2026-10-02 21:15:18,829 | INFO | LENGTH_SPLIT preprocessing=original_one_pass_user_item_min_5 basis=filtered_full_sequence short<=10 long>10
2026-10-02 21:15:18,833 | INFO | users=184834 items=77324 train_interactions=1121805
2026-10-02 21:15:30,340 | INFO | CATALOG_PRIORS popularity_alpha=0.300000 transition_beta=0.500000 source=train_histories_only enabled=True
2026-10-02 21:15:31,090 | INFO | ITEM_VECTOR_ARTIFACT path=/workspace/P78123011/cache/mamba_multi_agent/amazon_Baby_Products_77324_1b6c35e33122_prompt_tok32.pt fingerprint=1b6c35e33122
2026-10-02 21:15:31,090 | INFO | SEMANTIC_BACKBONE model_id=state-spaces/mamba-130m-hf hidden_size=768 frozen=True usage=shared_cached_item_vectors
2026-10-02 21:15:31,680 | INFO | GRAPH_EMBEDDINGS enabled=True source=train_histories_only main_device=cuda:0 graph_device=cuda:0
2026-10-02 21:15:32,111 | INFO | ADAPTATION_MODE mode=multi_lora enable_lora=1
2026-10-02 21:15:32,111 | INFO | ADAPTER_ROUTES {'short': ('candidate_lora', 'delta_lora', 'gate_lora', 'output_lora'), 'preference': ('transition_encoder.candidate_lora', 'transition_encoder.delta_lora', 'transition_encoder.gate_lora', 'transition_encoder.output_lora', 'state_lora')}
2026-10-02 21:15:32,111 | INFO | agent_parameters={'short': 16513, 'preference': 28994, 'coordinator': 0, 'shared_projection': 98304, 'graph': 33556224}
2026-10-02 21:15:32,111 | INFO | PREDICTION_PATH graph_only=False active_agents=2 coordinator=False
2026-10-02 21:15:34,338 | INFO | training_transitions=936971
2026-10-02 21:15:34,338 | INFO | schedule specialist_dl_epochs=3 joint_dl_rl_epochs=5 rl_coef=0.1000 rl_topk=10 validate_every_steps=6000 validation_users=0 periodic_test_users=0 monitor=ndcg@10 early_stopping_patience=6
2026-10-02 21:15:35,212 | INFO | TRAINING_BRANCHES stage=specialists short=True preference=True gcn=True preference_auxiliary=True preference_contrastive=False diversity_pairs=0 policy_gradient=False trainable_parameters=33700035
2026-10-02 22:52:27,718 | INFO | 
========== PERIODIC VALIDATION ==========
stage=specialists | epoch=1 | step=6000 | users=184584/184584
NDCG  | @5 0.020752 | @10 0.024582
Recall| @5 0.028545 | @10 0.040491
Hit   | @5 0.028545 | @10 0.040491
================================
2026-10-02 22:52:27,718 | INFO | PERIODIC VALIDATION SEQUENCE_LENGTH {"basis": "filtered_full_sequence", "long": {"evaluated_users": 29587, "history_length_max": 507, "history_length_mean": 17.607935917801736, "history_length_min": 11, "hit@10": 0.03940919998648055, "hit@5": 0.028796430864906884, "ndcg@10": 0.02402203009757048, "ndcg@5": 0.02063593774100777, "recall@10": 0.03940919998648055, "recall@5": 0.028796430864906884, "total_users": 29587}, "long_rule": "length > threshold", "short": {"evaluated_users": 154997, "history_length_max": 10, "history_length_mean": 6.255211391188216, "history_length_min": 3, "hit@10": 0.04069756188829461, "hit@5": 0.028497325754692025, "ndcg@10": 0.02468885888742552, "ndcg@5": 0.02077415404274141, "recall@10": 0.04069756188829461, "recall@5": 0.028497325754692025, "total_users": 154997}, "short_rule": "length <= threshold", "threshold": 10}
2026-10-02 23:15:43,690 | INFO | 
========== PERIODIC TEST ==========
stage=specialists | epoch=1 | step=6000 | users=184584/184584
NDCG  | @5 0.022076 | @10 0.025730
Recall| @5 0.029943 | @10 0.041320
Hit   | @5 0.029943 | @10 0.041320
================================
2026-10-02 23:15:43,691 | INFO | PERIODIC TEST SEQUENCE_LENGTH {"basis": "filtered_full_sequence", "long": {"evaluated_users": 29587, "history_length_max": 507, "history_length_mean": 17.607935917801736, "history_length_min": 11, "hit@10": 0.041403319025247576, "hit@5": 0.030689154020346773, "ndcg@10": 0.02600361792604991, "ndcg@5": 0.02257859284320915, "recall@10": 0.041403319025247576, "recall@5": 0.030689154020346773, "total_users": 29587}, "long_rule": "length > threshold", "short": {"evaluated_users": 154997, "history_length_max": 10, "history_length_mean": 6.255211391188216, "history_length_min": 3, "hit@10": 0.041304025239198176, "hit@5": 0.029800576785357136, "ndcg@10": 0.025677701124985453, "ndcg@5": 0.02197954618119263, "recall@10": 0.041304025239198176, "recall@5": 0.029800576785357136, "total_users": 154997}, "short_rule": "length <= threshold", "threshold": 10}
2026-10-02 23:15:43,691 | INFO | VALID_STEP step=6000 stage=specialists epoch=1 ndcg@10=0.024582 recall@10=0.040491 improved=True
2026-10-02 23:15:43,777 | INFO | BEST_MODEL_IN_MEMORY step=6000 stage=specialists ndcg@10=0.024582
2026-10-02 23:34:35,211 | INFO | stage=specialists epoch=1 loss=10.071219 sampled_ndcg_reward=0.000000 steps=7321 transitions/s=162.35
2026-10-03 01:13:58,925 | INFO | 
========== PERIODIC VALIDATION ==========
stage=specialists | epoch=2 | step=13321 | users=184584/184584
NDCG  | @5 0.029860 | @10 0.034292
Recall| @5 0.039581 | @10 0.053396
Hit   | @5 0.039581 | @10 0.053396
================================
2026-10-03 01:13:58,925 | INFO | PERIODIC VALIDATION SEQUENCE_LENGTH {"basis": "filtered_full_sequence", "long": {"evaluated_users": 29587, "history_length_max": 507, "history_length_mean": 17.607935917801736, "history_length_min": 11, "hit@10": 0.053131442863419746, "hit@5": 0.03913881096427485, "ndcg@10": 0.03363603341373888, "ndcg@5": 0.029168343983814276, "recall@10": 0.053131442863419746, "recall@5": 0.03913881096427485, "total_users": 29587}, "long_rule": "length > threshold", "short": {"evaluated_users": 154997, "history_length_max": 10, "history_length_mean": 6.255211391188216, "history_length_min": 3, "hit@10": 0.05344619573282063, "hit@5": 0.03966528384420344, "ndcg@10": 0.03441756885717952, "ndcg@5": 0.02999228345229757, "recall@10": 0.05344619573282063, "recall@5": 0.03966528384420344, "total_users": 154997}, "short_rule": "length <= threshold", "threshold": 10}
2026-10-03 01:39:40,052 | INFO | 
========== PERIODIC TEST ==========
stage=specialists | epoch=2 | step=13321 | users=184584/184584
NDCG  | @5 0.033896 | @10 0.038202
Recall| @5 0.043774 | @10 0.057150
Hit   | @5 0.043774 | @10 0.057150
================================
2026-10-03 01:39:40,053 | INFO | PERIODIC TEST SEQUENCE_LENGTH {"basis": "filtered_full_sequence", "long": {"evaluated_users": 29587, "history_length_max": 507, "history_length_mean": 17.607935917801736, "history_length_min": 11, "hit@10": 0.05762666035758948, "hit@5": 0.04380302159732315, "ndcg@10": 0.03871704265289751, "ndcg@5": 0.03426816064788389, "recall@10": 0.05762666035758948, "recall@5": 0.04380302159732315, "total_users": 29587}, "long_rule": "length > threshold", "short": {"evaluated_users": 154997, "history_length_max": 10, "history_length_mean": 6.255211391188216, "history_length_min": 3, "hit@10": 0.05705916888713975, "hit@5": 0.04376858906946586, "ndcg@10": 0.03810423485280588, "ndcg@5": 0.033825262664134575, "recall@10": 0.05705916888713975, "recall@5": 0.04376858906946586, "total_users": 154997}, "short_rule": "length <= threshold", "threshold": 10}
2026-10-03 01:39:40,054 | INFO | VALID_STEP step=13321 stage=specialists epoch=2 ndcg@10=0.034292 recall@10=0.053396 improved=True
2026-10-03 01:39:40,147 | INFO | BEST_MODEL_IN_MEMORY step=13321 stage=specialists ndcg@10=0.034292
2026-10-03 01:58:37,996 | INFO | stage=specialists epoch=2 loss=10.217475 sampled_ndcg_reward=0.000000 steps=7321 transitions/s=157.06
2026-10-03 03:38:10,120 | INFO | 
========== PERIODIC VALIDATION ==========
stage=specialists | epoch=3 | step=20642 | users=184584/184584
NDCG  | @5 0.030921 | @10 0.034950
Recall| @5 0.040150 | @10 0.052675
Hit   | @5 0.040150 | @10 0.052675
================================
2026-10-03 03:38:10,120 | INFO | PERIODIC VALIDATION SEQUENCE_LENGTH {"basis": "filtered_full_sequence", "long": {"evaluated_users": 29587, "history_length_max": 507, "history_length_mean": 17.607935917801736, "history_length_min": 11, "hit@10": 0.05380741541893399, "hit@5": 0.04032176293642478, "ndcg@10": 0.035164045023923673, "ndcg@5": 0.03083876012126389, "recall@10": 0.05380741541893399, "recall@5": 0.04032176293642478, "total_users": 29587}, "long_rule": "length > threshold", "short": {"evaluated_users": 154997, "history_length_max": 10, "history_length_mean": 6.255211391188216, "history_length_min": 3, "hit@10": 0.052459079853158445, "hit@5": 0.040116905488493323, "ndcg@10": 0.03490882286927535, "ndcg@5": 0.03093707668072524, "recall@10": 0.052459079853158445, "recall@5": 0.040116905488493323, "total_users": 154997}, "short_rule": "length <= threshold", "threshold": 10}
2026-10-03 04:04:01,864 | INFO | 
========== PERIODIC TEST ==========
stage=specialists | epoch=3 | step=20642 | users=184584/184584
NDCG  | @5 0.037210 | @10 0.040877
Recall| @5 0.046055 | @10 0.057443
Hit   | @5 0.046055 | @10 0.057443
================================
2026-10-03 04:04:01,864 | INFO | PERIODIC TEST SEQUENCE_LENGTH {"basis": "filtered_full_sequence", "long": {"evaluated_users": 29587, "history_length_max": 507, "history_length_mean": 17.607935917801736, "history_length_min": 11, "hit@10": 0.05891100821306655, "hit@5": 0.04691249535268868, "ndcg@10": 0.042270378240757384, "ndcg@5": 0.0384018184065519, "recall@10": 0.05891100821306655, "recall@5": 0.04691249535268868, "total_users": 29587}, "long_rule": "length > threshold", "short": {"evaluated_users": 154997, "history_length_max": 10, "history_length_mean": 6.255211391188216, "history_length_min": 3, "hit@10": 0.05716239669154887, "hit@5": 0.04589121079762834, "ndcg@10": 0.04061143236998121, "ndcg@5": 0.036983064305052424, "recall@10": 0.05716239669154887, "recall@5": 0.04589121079762834, "total_users": 154997}, "short_rule": "length <= threshold", "threshold": 10}
2026-10-03 04:04:01,865 | INFO | VALID_STEP step=20642 stage=specialists epoch=3 ndcg@10=0.034950 recall@10=0.052675 improved=True
2026-10-03 04:04:01,961 | INFO | BEST_MODEL_IN_MEMORY step=20642 stage=specialists ndcg@10=0.034950
2026-10-03 04:22:21,290 | INFO | stage=specialists epoch=3 loss=9.731547 sampled_ndcg_reward=0.000000 steps=7321 transitions/s=160.95
2026-10-03 04:22:21,531 | INFO | TRAINING_BRANCHES stage=joint short=True preference=True gcn=True preference_auxiliary=True preference_contrastive=True diversity_pairs=1 policy_gradient=True trainable_parameters=33700035
2026-10-03 06:02:44,973 | INFO | 
========== PERIODIC VALIDATION ==========
stage=joint | epoch=1 | step=27963 | users=184584/184584
NDCG  | @5 0.029008 | @10 0.032479
Recall| @5 0.037192 | @10 0.047978
Hit   | @5 0.037192 | @10 0.047978
================================
2026-10-03 06:02:44,973 | INFO | PERIODIC VALIDATION SEQUENCE_LENGTH {"basis": "filtered_full_sequence", "long": {"evaluated_users": 29587, "history_length_max": 507, "history_length_mean": 17.607935917801736, "history_length_min": 11, "hit@10": 0.04978537871362423, "hit@5": 0.038665630175414877, "ndcg@10": 0.03303539519886729, "ndcg@5": 0.02944319218413327, "recall@10": 0.04978537871362423, "recall@5": 0.038665630175414877, "total_users": 29587}, "long_rule": "length > threshold", "short": {"evaluated_users": 154997, "history_length_max": 10, "history_length_mean": 6.255211391188216, "history_length_min": 3, "hit@10": 0.0476331799970322, "hit@5": 0.03691039181403511, "ndcg@10": 0.032373007394689804, "ndcg@5": 0.028925146117093806, "recall@10": 0.0476331799970322, "recall@5": 0.03691039181403511, "total_users": 154997}, "short_rule": "length <= threshold", "threshold": 10}
2026-10-03 06:27:09,114 | INFO | 
========== PERIODIC TEST ==========
stage=joint | epoch=1 | step=27963 | users=184584/184584
NDCG  | @5 0.035156 | @10 0.038354
Recall| @5 0.042468 | @10 0.052377
Hit   | @5 0.042468 | @10 0.052377
================================
2026-10-03 06:27:09,114 | INFO | PERIODIC TEST SEQUENCE_LENGTH {"basis": "filtered_full_sequence", "long": {"evaluated_users": 29587, "history_length_max": 507, "history_length_mean": 17.607935917801736, "history_length_min": 11, "hit@10": 0.054618582485551084, "hit@5": 0.044918376313921655, "ndcg@10": 0.04064247192688289, "ndcg@5": 0.037525277639355155, "recall@10": 0.054618582485551084, "recall@5": 0.044918376313921655, "total_users": 29587}, "long_rule": "length > threshold", "short": {"evaluated_users": 154997, "history_length_max": 10, "history_length_mean": 6.255211391188216, "history_length_min": 3, "hit@10": 0.05194939256888843, "hit@5": 0.04200081291895972, "ndcg@10": 0.037916641074081756, "ndcg@5": 0.034703281735993144, "recall@10": 0.05194939256888843, "recall@5": 0.04200081291895972, "total_users": 154997}, "short_rule": "length <= threshold", "threshold": 10}
2026-10-03 06:27:09,115 | INFO | VALID_STEP step=27963 stage=joint epoch=1 ndcg@10=0.032479 recall@10=0.047978 improved=False
2026-10-03 06:27:09,116 | INFO | LEARNING_RATE step=27963 stage=joint lr=5e-05
2026-10-03 06:45:53,348 | INFO | stage=joint epoch=1 loss=3.491433 sampled_ndcg_reward=0.152539 steps=7321 transitions/s=160.10
2026-10-03 08:24:54,730 | INFO | 
========== PERIODIC VALIDATION ==========
stage=joint | epoch=2 | step=35284 | users=184584/184584
NDCG  | @5 0.026941 | @10 0.030185
Recall| @5 0.034082 | @10 0.044197
Hit   | @5 0.034082 | @10 0.044197
================================
2026-10-03 08:24:54,730 | INFO | PERIODIC VALIDATION SEQUENCE_LENGTH {"basis": "filtered_full_sequence", "long": {"evaluated_users": 29587, "history_length_max": 507, "history_length_mean": 17.607935917801736, "history_length_min": 11, "hit@10": 0.04647311319160442, "hit@5": 0.03552235779227363, "ndcg@10": 0.030877075794347338, "ndcg@5": 0.027354264044183785, "recall@10": 0.04647311319160442, "recall@5": 0.03552235779227363, "total_users": 29587}, "long_rule": "length > threshold", "short": {"evaluated_users": 154997, "history_length_max": 10, "history_length_mean": 6.255211391188216, "history_length_min": 3, "hit@10": 0.04376213733169029, "hit@5": 0.03380710594398601, "ndcg@10": 0.030052308254089912, "ndcg@5": 0.026862252463718456, "recall@10": 0.04376213733169029, "recall@5": 0.03380710594398601, "total_users": 154997}, "short_rule": "length <= threshold", "threshold": 10}
2026-10-03 08:51:13,340 | INFO | 
========== PERIODIC TEST ==========
stage=joint | epoch=2 | step=35284 | users=184584/184584
NDCG  | @5 0.033567 | @10 0.036428
Recall| @5 0.039846 | @10 0.048742
Hit   | @5 0.039846 | @10 0.048742
================================
2026-10-03 08:51:13,340 | INFO | PERIODIC TEST SEQUENCE_LENGTH {"basis": "filtered_full_sequence", "long": {"evaluated_users": 29587, "history_length_max": 507, "history_length_mean": 17.607935917801736, "history_length_min": 11, "hit@10": 0.0507993375468956, "hit@5": 0.042687666880724645, "ndcg@10": 0.038607850943212625, "ndcg@5": 0.03600944505375194, "recall@10": 0.0507993375468956, "recall@5": 0.042687666880724645, "total_users": 29587}, "long_rule": "length > threshold", "short": {"evaluated_users": 154997, "history_length_max": 10, "history_length_mean": 6.255211391188216, "history_length_min": 3, "hit@10": 0.04834932289012046, "hit@5": 0.039303986528771526, "ndcg@10": 0.0360114130892847, "ndcg@5": 0.03310119700868556, "recall@10": 0.04834932289012046, "recall@5": 0.039303986528771526, "total_users": 154997}, "short_rule": "length <= threshold", "threshold": 10}
2026-10-03 08:51:13,341 | INFO | VALID_STEP step=35284 stage=joint epoch=2 ndcg@10=0.030185 recall@10=0.044197 improved=False
2026-10-03 08:51:13,341 | INFO | LEARNING_RATE step=35284 stage=joint lr=5e-05
2026-10-03 09:10:12,601 | INFO | stage=joint epoch=2 loss=3.555369 sampled_ndcg_reward=0.181314 steps=7321 transitions/s=160.26
2026-10-03 10:49:17,904 | INFO | 
========== PERIODIC VALIDATION ==========
stage=joint | epoch=3 | step=42605 | users=184584/184584
NDCG  | @5 0.025582 | @10 0.028772
Recall| @5 0.032072 | @10 0.041997
Hit   | @5 0.032072 | @10 0.041997
================================
2026-10-03 10:49:17,904 | INFO | PERIODIC VALIDATION SEQUENCE_LENGTH {"basis": "filtered_full_sequence", "long": {"evaluated_users": 29587, "history_length_max": 507, "history_length_mean": 17.607935917801736, "history_length_min": 11, "hit@10": 0.044073410619528845, "hit@5": 0.032784668942440934, "ndcg@10": 0.02935619189393634, "ndcg@5": 0.025734838344717487, "recall@10": 0.044073410619528845, "recall@5": 0.032784668942440934, "total_users": 29587}, "long_rule": "length > threshold", "short": {"evaluated_users": 154997, "history_length_max": 10, "history_length_mean": 6.255211391188216, "history_length_min": 3, "hit@10": 0.04160080517687439, "hit@5": 0.03193610198907076, "ndcg@10": 0.028660878058430202, "ndcg@5": 0.025552642299626456, "recall@10": 0.04160080517687439, "recall@5": 0.03193610198907076, "total_users": 154997}, "short_rule": "length <= threshold", "threshold": 10}
2026-10-03 11:14:52,000 | INFO | 
========== PERIODIC TEST ==========
stage=joint | epoch=3 | step=42605 | users=184584/184584
NDCG  | @5 0.032559 | @10 0.035258
Recall| @5 0.038237 | @10 0.046624
Hit   | @5 0.038237 | @10 0.046624
================================
2026-10-03 11:14:52,000 | INFO | PERIODIC TEST SEQUENCE_LENGTH {"basis": "filtered_full_sequence", "long": {"evaluated_users": 29587, "history_length_max": 507, "history_length_mean": 17.607935917801736, "history_length_min": 11, "hit@10": 0.04907560753033427, "hit@5": 0.04052455470307906, "ndcg@10": 0.03766887727635919, "ndcg@5": 0.03493697935733563, "recall@10": 0.04907560753033427, "recall@5": 0.04052455470307906, "total_users": 29587}, "long_rule": "length > threshold", "short": {"evaluated_users": 154997, "history_length_max": 10, "history_length_mean": 6.255211391188216, "history_length_min": 3, "hit@10": 0.04615573204642671, "hit@5": 0.03780073162706375, "ndcg@10": 0.034797413453050825, "ndcg@5": 0.032104802482238, "recall@10": 0.04615573204642671, "recall@5": 0.03780073162706375, "total_users": 154997}, "short_rule": "length <= threshold", "threshold": 10}
2026-10-03 11:14:52,002 | INFO | VALID_STEP step=42605 stage=joint epoch=3 ndcg@10=0.028772 recall@10=0.041997 improved=False
2026-10-03 11:14:52,002 | INFO | LEARNING_RATE step=42605 stage=joint lr=5e-05
2026-10-03 11:31:35,247 | INFO | stage=joint epoch=3 loss=3.589058 sampled_ndcg_reward=0.230277 steps=7321 transitions/s=166.48
