2026-10-02 21:04:19,741 | INFO | run_id=20261002_210419 dataset=amazon-all-beauty device=cuda:0
2026-10-02 21:04:19,741 | INFO | MODEL recommender=MultiAgentMambaRecommender semantic_encoder=MambaTextEncoder semantic_model_id=state-spaces/mamba-130m-hf graph_backbone=LightGCN adaptation=multi_lora
2026-10-02 21:04:19,741 | INFO | ABLATION USE_SHORT=0 USE_PREFERENCE=1 USE_GCN=1 USE_COORDINATOR=0
2026-10-02 21:04:19,741 | INFO | AGENT_HISTORY mode=full_history effective_max_history=100 short=0 preference=100
2026-10-02 21:04:19,741 | INFO | EXPERIMENT_NOTE amazons_long_short subset=Full_Beauty; short filtered-full-sequence <= 10; long > 10; same model and full catalog
2026-10-02 21:04:19,741 | INFO | EXPERIMENT_CONFIG {"agent_diversity_coef": 0.02, "batch_size": 128, "cache_dir": "/workspace/P78123011/cache", "candidates": 64, "data_path": null, "dataset": "amazon-all-beauty", "device": "cuda:0", "dim": 128, "early_stopping_patience": 6, "enable_lora": 1, "eval_batch_size": 64, "eval_length_basis": "filtered_full_sequence", "eval_length_threshold": 10, "experiment_note": "amazons_long_short subset=Full_Beauty; short filtered-full-sequence <= 10; long > 10; same model and full catalog", "full_catalog_supervised": false, "future_decay": 0.5, "future_horizon": 3, "generate_reasons": false, "graph_device": "cuda:0", "hard_negative_fraction": 0.75, "hard_negative_pool_multiplier": 12, "hard_negative_warmup_epochs": 2, "history_influence_negatives": 64, "history_influence_output": null, "history_influence_user_limit": 0, "item_prompt_prefix": "Preference-aware product representation: ", "item_vector_artifact": null, "joint_epochs": 5, "joint_lr": 5e-05, "lora_alpha": 32.0, "lora_dropout": 0.05, "lora_rank": 16, "lr_patience": 2, "mamba_encode_batch_size": 32, "mamba_max_tokens": 32, "mamba_model_id": "state-spaces/mamba-130m-hf", "max_events": null, "max_history": 100, "max_transitions": 500000, "min_rating": 4.0, "monitor_metric": "ndcg@10", "output_dir": "/workspace/P78123011/MediaTek_2026_project/ver5/outputs_mamba_rl/amazons_lora", "output_run_dir": "/workspace/P78123011/MediaTek_2026_project/ver5/outputs_mamba_rl/amazons_long_short_S0_P1_G1_C0_SW4/Full_Beauty/rl_20261002_210418_r1_776741", "periodic_test_user_limit": 0, "popularity_alpha": -0.25, "preference_balance_coef": 0.01, "preference_coef": 0.2, "preference_contrastive_coef": 0.05, "preference_count": 32, "preference_score_weight": 0.2, "preference_separation_coef": 0.01, "preference_sharpness_coef": 0.05, "preference_temperature": 0.2, "preference_transition_coef": 0.1, "reason_count": 20, "reason_max_new_tokens": 40, "refresh_data_cache": false, "resume_checkpoint": null, "reverse_history_input": false, "rl_coef": 0.1, "rl_topk": 10, "save_model_weights": false, "score_file": "/workspace/P78123011/MediaTek_2026_project/ver5/outputs_mamba_rl/amazons_long_short_S0_P1_G1_C0_SW4/Full_Beauty/rl_20261002_210418_r1_776741/Full_Beauty_scores.json", "seed": 25252, "short_window": 4, "skip_mamba": false, "specialist_epochs": 3, "specialist_lr": 0.0001, "target_recall_at_10": 0.15, "transition_beta": 4.0, "use_coordinator": false, "use_graph_embeddings": true, "use_in_batch_negatives": true, "use_preference": 1, "use_short": 0, "validate_every_steps": 250, "validation_user_limit": 0}
2026-10-02 21:04:19,744 | INFO | INTERACTION_CACHE hit path=/workspace/P78123011/cache/mamba_multi_agent_data/amazon-all-beauty_90e3e920169a.pkl
2026-10-02 21:04:19,744 | INFO | HISTORY_INPUT_ORDER chronological
2026-10-02 21:04:19,745 | INFO | LENGTH_SPLIT preprocessing=original_one_pass_user_item_min_5 basis=filtered_full_sequence short<=10 long>10
2026-10-02 21:04:19,745 | INFO | users=1603 items=4090 train_interactions=8445
2026-10-02 21:04:20,039 | INFO | CATALOG_PRIORS popularity_alpha=-0.250000 transition_beta=4.000000 source=train_histories_only enabled=True
2026-10-02 21:04:20,061 | INFO | ITEM_VECTOR_ARTIFACT path=/workspace/P78123011/cache/mamba_multi_agent/amazon-all-beauty_4090_47e41e57cc9e_prompt_tok32.pt fingerprint=47e41e57cc9e
2026-10-02 21:04:20,061 | INFO | SEMANTIC_BACKBONE model_id=state-spaces/mamba-130m-hf hidden_size=768 frozen=True usage=shared_cached_item_vectors
2026-10-02 21:04:20,070 | INFO | GRAPH_EMBEDDINGS enabled=True source=train_histories_only main_device=cuda:0 graph_device=cuda:0
2026-10-02 21:04:20,095 | INFO | ADAPTATION_MODE mode=multi_lora enable_lora=1
2026-10-02 21:04:20,095 | INFO | ADAPTER_ROUTES {'preference': ('transition_encoder.candidate_lora', 'transition_encoder.delta_lora', 'transition_encoder.gate_lora', 'transition_encoder.output_lora', 'state_lora')}
2026-10-02 21:04:20,095 | INFO | agent_parameters={'short': 16513, 'preference': 28994, 'coordinator': 0, 'shared_projection': 98304, 'graph': 728704}
2026-10-02 21:04:20,095 | INFO | PREDICTION_PATH graph_only=False active_agents=1 coordinator=False
2026-10-02 21:04:20,104 | INFO | training_transitions=6842
2026-10-02 21:04:20,104 | INFO | schedule specialist_dl_epochs=3 joint_dl_rl_epochs=5 rl_coef=0.1000 rl_topk=10 validate_every_steps=250 validation_users=0 periodic_test_users=0 monitor=ndcg@10 early_stopping_patience=6
2026-10-02 21:04:20,935 | INFO | TRAINING_BRANCHES stage=specialists short=False preference=True gcn=True preference_auxiliary=True preference_contrastive=False diversity_pairs=0 policy_gradient=False trainable_parameters=856002
2026-10-02 21:04:44,346 | INFO | 
========== PERIODIC VALIDATION ==========
stage=specialists | epoch=1 | step=54 | users=1457/1457
NDCG  | @5 0.078129 | @10 0.079834
Recall| @5 0.081675 | @10 0.087165
Hit   | @5 0.081675 | @10 0.087165
================================
2026-10-02 21:04:44,346 | INFO | PERIODIC VALIDATION SEQUENCE_LENGTH {"basis": "filtered_full_sequence", "long": {"evaluated_users": 219, "history_length_max": 119, "history_length_mean": 20.98173515981735, "history_length_min": 11, "hit@10": 0.0502283105022831, "hit@5": 0.0365296803652968, "ndcg@10": 0.031999581373218, "ndcg@5": 0.02767856763308151, "recall@10": 0.0502283105022831, "recall@5": 0.0365296803652968, "total_users": 219}, "long_rule": "length > threshold", "short": {"evaluated_users": 1238, "history_length_max": 10, "history_length_mean": 5.27221324717286, "history_length_min": 3, "hit@10": 0.09369951534733441, "hit@5": 0.08966074313408724, "ndcg@10": 0.08829627744791158, "ndcg@5": 0.087053251161282, "recall@10": 0.09369951534733441, "recall@5": 0.08966074313408724, "total_users": 1238}, "short_rule": "length <= threshold", "threshold": 10}
2026-10-02 21:04:47,941 | INFO | 
========== PERIODIC TEST ==========
stage=specialists | epoch=1 | step=54 | users=1457/1457
NDCG  | @5 0.077166 | @10 0.078078
Recall| @5 0.082361 | @10 0.085106
Hit   | @5 0.082361 | @10 0.085106
================================
2026-10-02 21:04:47,941 | INFO | PERIODIC TEST SEQUENCE_LENGTH {"basis": "filtered_full_sequence", "long": {"evaluated_users": 219, "history_length_max": 119, "history_length_mean": 20.98173515981735, "history_length_min": 11, "hit@10": 0.0365296803652968, "hit@5": 0.0365296803652968, "ndcg@10": 0.024960007669796308, "ndcg@5": 0.024960007669796308, "recall@10": 0.0365296803652968, "recall@5": 0.0365296803652968, "total_users": 219}, "long_rule": "length > threshold", "short": {"evaluated_users": 1238, "history_length_max": 10, "history_length_mean": 5.27221324717286, "history_length_min": 3, "hit@10": 0.09369951534733441, "hit@5": 0.09046849757673667, "ndcg@10": 0.08747445092855347, "ndcg@5": 0.08640101858068128, "recall@10": 0.09369951534733441, "recall@5": 0.09046849757673667, "total_users": 1238}, "short_rule": "length <= threshold", "threshold": 10}
2026-10-02 21:04:47,942 | INFO | VALID_STEP step=54 stage=specialists epoch=1 ndcg@10=0.079834 recall@10=0.087165 improved=True
2026-10-02 21:04:47,945 | INFO | BEST_MODEL_IN_MEMORY step=54 stage=specialists ndcg@10=0.079834
2026-10-02 21:04:47,946 | INFO | stage=specialists epoch=1 loss=4.315956 sampled_ndcg_reward=0.000000 steps=54 transitions/s=346.05
2026-10-02 21:05:11,369 | INFO | 
========== PERIODIC VALIDATION ==========
stage=specialists | epoch=2 | step=108 | users=1457/1457
NDCG  | @5 0.077875 | @10 0.078952
Recall| @5 0.081675 | @10 0.085106
Hit   | @5 0.081675 | @10 0.085106
================================
2026-10-02 21:05:11,369 | INFO | PERIODIC VALIDATION SEQUENCE_LENGTH {"basis": "filtered_full_sequence", "long": {"evaluated_users": 219, "history_length_max": 119, "history_length_mean": 20.98173515981735, "history_length_min": 11, "hit@10": 0.0502283105022831, "hit@5": 0.0365296803652968, "ndcg@10": 0.032292878857044106, "ndcg@5": 0.028076311937796607, "recall@10": 0.0502283105022831, "recall@5": 0.0365296803652968, "total_users": 219}, "long_rule": "length > threshold", "short": {"evaluated_users": 1238, "history_length_max": 10, "history_length_mean": 5.27221324717286, "history_length_min": 3, "hit@10": 0.0912762520193861, "hit@5": 0.08966074313408724, "ndcg@10": 0.08720599410495307, "ndcg@5": 0.08668477276939095, "recall@10": 0.0912762520193861, "recall@5": 0.08966074313408724, "total_users": 1238}, "short_rule": "length <= threshold", "threshold": 10}
2026-10-02 21:05:14,940 | INFO | 
========== PERIODIC TEST ==========
stage=specialists | epoch=2 | step=108 | users=1457/1457
NDCG  | @5 0.077377 | @10 0.078261
Recall| @5 0.083047 | @10 0.085793
Hit   | @5 0.083047 | @10 0.085793
================================
2026-10-02 21:05:14,940 | INFO | PERIODIC TEST SEQUENCE_LENGTH {"basis": "filtered_full_sequence", "long": {"evaluated_users": 219, "history_length_max": 119, "history_length_mean": 20.98173515981735, "history_length_min": 11, "hit@10": 0.0365296803652968, "hit@5": 0.0365296803652968, "ndcg@10": 0.024878808762006356, "ndcg@5": 0.024878808762006356, "recall@10": 0.0365296803652968, "recall@5": 0.0365296803652968, "total_users": 219}, "long_rule": "length > threshold", "short": {"evaluated_users": 1238, "history_length_max": 10, "history_length_mean": 5.27221324717286, "history_length_min": 3, "hit@10": 0.09450726978998385, "hit@5": 0.0912762520193861, "ndcg@10": 0.08770426044815557, "ndcg@5": 0.08666373788245003, "recall@10": 0.09450726978998385, "recall@5": 0.0912762520193861, "total_users": 1238}, "short_rule": "length <= threshold", "threshold": 10}
2026-10-02 21:05:14,941 | INFO | VALID_STEP step=108 stage=specialists epoch=2 ndcg@10=0.078952 recall@10=0.085106 improved=False
2026-10-02 21:05:14,941 | INFO | stage=specialists epoch=2 loss=4.310859 sampled_ndcg_reward=0.000000 steps=54 transitions/s=346.42
2026-10-02 21:05:37,451 | INFO | 
========== PERIODIC VALIDATION ==========
stage=specialists | epoch=3 | step=162 | users=1457/1457
NDCG  | @5 0.078051 | @10 0.078883
Recall| @5 0.082361 | @10 0.085106
Hit   | @5 0.082361 | @10 0.085106
================================
2026-10-02 21:05:37,451 | INFO | PERIODIC VALIDATION SEQUENCE_LENGTH {"basis": "filtered_full_sequence", "long": {"evaluated_users": 219, "history_length_max": 119, "history_length_mean": 20.98173515981735, "history_length_min": 11, "hit@10": 0.0502283105022831, "hit@5": 0.0365296803652968, "ndcg@10": 0.03189513455232901, "ndcg@5": 0.02767856763308151, "recall@10": 0.0502283105022831, "recall@5": 0.0365296803652968, "total_users": 219}, "long_rule": "length > threshold", "short": {"evaluated_users": 1238, "history_length_max": 10, "history_length_mean": 5.27221324717286, "history_length_min": 3, "hit@10": 0.0912762520193861, "hit@5": 0.09046849757673667, "ndcg@10": 0.08719534941132437, "ndcg@5": 0.0869618560136524, "recall@10": 0.0912762520193861, "recall@5": 0.09046849757673667, "total_users": 1238}, "short_rule": "length <= threshold", "threshold": 10}
2026-10-02 21:05:42,714 | INFO | 
========== PERIODIC TEST ==========
stage=specialists | epoch=3 | step=162 | users=1457/1457
NDCG  | @5 0.077317 | @10 0.078458
Recall| @5 0.082361 | @10 0.085793
Hit   | @5 0.082361 | @10 0.085793
================================
2026-10-02 21:05:42,715 | INFO | PERIODIC TEST SEQUENCE_LENGTH {"basis": "filtered_full_sequence", "long": {"evaluated_users": 219, "history_length_max": 119, "history_length_mean": 20.98173515981735, "history_length_min": 11, "hit@10": 0.0365296803652968, "hit@5": 0.0365296803652968, "ndcg@10": 0.02456226336508121, "ndcg@5": 0.02456226336508121, "recall@10": 0.0365296803652968, "recall@5": 0.0365296803652968, "total_users": 219}, "long_rule": "length > threshold", "short": {"evaluated_users": 1238, "history_length_max": 10, "history_length_mean": 5.27221324717286, "history_length_min": 3, "hit@10": 0.09450726978998385, "hit@5": 0.09046849757673667, "ndcg@10": 0.08799205776871262, "ndcg@5": 0.0866493739399573, "recall@10": 0.09450726978998385, "recall@5": 0.09046849757673667, "total_users": 1238}, "short_rule": "length <= threshold", "threshold": 10}
2026-10-02 21:05:42,716 | INFO | VALID_STEP step=162 stage=specialists epoch=3 ndcg@10=0.078883 recall@10=0.085106 improved=False
2026-10-02 21:05:42,716 | INFO | stage=specialists epoch=3 loss=4.289895 sampled_ndcg_reward=0.000000 steps=54 transitions/s=361.96
2026-10-02 21:05:42,720 | INFO | TRAINING_BRANCHES stage=joint short=False preference=True gcn=True preference_auxiliary=True preference_contrastive=True diversity_pairs=0 policy_gradient=True trainable_parameters=856002
2026-10-02 21:06:13,736 | INFO | 
========== PERIODIC VALIDATION ==========
stage=joint | epoch=1 | step=216 | users=1457/1457
NDCG  | @5 0.077327 | @10 0.078449
Recall| @5 0.080988 | @10 0.084420
Hit   | @5 0.080988 | @10 0.084420
================================
2026-10-02 21:06:13,736 | INFO | PERIODIC VALIDATION SEQUENCE_LENGTH {"basis": "filtered_full_sequence", "long": {"evaluated_users": 219, "history_length_max": 119, "history_length_mean": 20.98173515981735, "history_length_min": 11, "hit@10": 0.0502283105022831, "hit@5": 0.0365296803652968, "ndcg@10": 0.032292878857044106, "ndcg@5": 0.028076311937796607, "recall@10": 0.0502283105022831, "recall@5": 0.0365296803652968, "total_users": 219}, "long_rule": "length > threshold", "short": {"evaluated_users": 1238, "history_length_max": 10, "history_length_mean": 5.27221324717286, "history_length_min": 3, "hit@10": 0.09046849757673667, "hit@5": 0.0888529886914378, "ndcg@10": 0.08661422961084013, "ndcg@5": 0.0860387737350598, "recall@10": 0.09046849757673667, "recall@5": 0.0888529886914378, "total_users": 1238}, "short_rule": "length <= threshold", "threshold": 10}
2026-10-02 21:06:19,320 | INFO | 
========== PERIODIC TEST ==========
stage=joint | epoch=1 | step=216 | users=1457/1457
NDCG  | @5 0.076953 | @10 0.078575
Recall| @5 0.080988 | @10 0.085793
Hit   | @5 0.080988 | @10 0.085793
================================
2026-10-02 21:06:19,320 | INFO | PERIODIC TEST SEQUENCE_LENGTH {"basis": "filtered_full_sequence", "long": {"evaluated_users": 219, "history_length_max": 119, "history_length_mean": 20.98173515981735, "history_length_min": 11, "hit@10": 0.0365296803652968, "hit@5": 0.0319634703196347, "ndcg@10": 0.025136618728244197, "ndcg@5": 0.023510101892134507, "recall@10": 0.0365296803652968, "recall@5": 0.0319634703196347, "total_users": 219}, "long_rule": "length > threshold", "short": {"evaluated_users": 1238, "history_length_max": 10, "history_length_mean": 5.27221324717286, "history_length_min": 3, "hit@10": 0.09450726978998385, "hit@5": 0.08966074313408724, "ndcg@10": 0.0880279989749, "ndcg@5": 0.08640725212695088, "recall@10": 0.09450726978998385, "recall@5": 0.08966074313408724, "total_users": 1238}, "short_rule": "length <= threshold", "threshold": 10}
2026-10-02 21:06:19,321 | INFO | VALID_STEP step=216 stage=joint epoch=1 ndcg@10=0.078449 recall@10=0.084420 improved=False
2026-10-02 21:06:19,321 | INFO | LEARNING_RATE step=216 stage=joint lr=5e-05
2026-10-02 21:06:19,321 | INFO | stage=joint epoch=1 loss=4.782362 sampled_ndcg_reward=0.082552 steps=54 transitions/s=269.54
2026-10-02 21:06:50,422 | INFO | 
========== PERIODIC VALIDATION ==========
stage=joint | epoch=2 | step=270 | users=1457/1457
NDCG  | @5 0.077237 | @10 0.078538
Recall| @5 0.080988 | @10 0.085106
Hit   | @5 0.080988 | @10 0.085106
================================
2026-10-02 21:06:50,422 | INFO | PERIODIC VALIDATION SEQUENCE_LENGTH {"basis": "filtered_full_sequence", "long": {"evaluated_users": 219, "history_length_max": 119, "history_length_mean": 20.98173515981735, "history_length_min": 11, "hit@10": 0.0502283105022831, "hit@5": 0.0365296803652968, "ndcg@10": 0.031695026101010056, "ndcg@5": 0.027478459181762553, "recall@10": 0.0502283105022831, "recall@5": 0.0365296803652968, "total_users": 219}, "long_rule": "length > threshold", "short": {"evaluated_users": 1238, "history_length_max": 10, "history_length_mean": 5.27221324717286, "history_length_min": 3, "hit@10": 0.0912762520193861, "hit@5": 0.0888529886914378, "ndcg@10": 0.08682447814504182, "ndcg@5": 0.0860387737350598, "recall@10": 0.0912762520193861, "recall@5": 0.0888529886914378, "total_users": 1238}, "short_rule": "length <= threshold", "threshold": 10}
2026-10-02 21:06:55,961 | INFO | 
========== PERIODIC TEST ==========
stage=joint | epoch=2 | step=270 | users=1457/1457
NDCG  | @5 0.076906 | @10 0.078477
Recall| @5 0.080988 | @10 0.085793
Hit   | @5 0.080988 | @10 0.085793
================================
2026-10-02 21:06:55,961 | INFO | PERIODIC TEST SEQUENCE_LENGTH {"basis": "filtered_full_sequence", "long": {"evaluated_users": 219, "history_length_max": 119, "history_length_mean": 20.98173515981735, "history_length_min": 11, "hit@10": 0.0365296803652968, "hit@5": 0.0319634703196347, "ndcg@10": 0.02495058078156706, "ndcg@5": 0.023510101892134507, "recall@10": 0.0365296803652968, "recall@5": 0.0319634703196347, "total_users": 219}, "long_rule": "length > threshold", "short": {"evaluated_users": 1238, "history_length_max": 10, "history_length_mean": 5.27221324717286, "history_length_min": 3, "hit@10": 0.09450726978998385, "hit@5": 0.08966074313408724, "ndcg@10": 0.08794590949218921, "ndcg@5": 0.08635125580875491, "recall@10": 0.09450726978998385, "recall@5": 0.08966074313408724, "total_users": 1238}, "short_rule": "length <= threshold", "threshold": 10}
2026-10-02 21:06:55,962 | INFO | VALID_STEP step=270 stage=joint epoch=2 ndcg@10=0.078538 recall@10=0.085106 improved=False
2026-10-02 21:06:55,962 | INFO | LEARNING_RATE step=270 stage=joint lr=5e-05
2026-10-02 21:06:55,963 | INFO | stage=joint epoch=2 loss=4.819658 sampled_ndcg_reward=0.082987 steps=54 transitions/s=269.03
2026-10-02 21:07:26,889 | INFO | 
========== PERIODIC VALIDATION ==========
stage=joint | epoch=3 | step=324 | users=1457/1457
NDCG  | @5 0.077657 | @10 0.078941
Recall| @5 0.080988 | @10 0.085106
Hit   | @5 0.080988 | @10 0.085106
================================
2026-10-02 21:07:26,890 | INFO | PERIODIC VALIDATION SEQUENCE_LENGTH {"basis": "filtered_full_sequence", "long": {"evaluated_users": 219, "history_length_max": 119, "history_length_mean": 20.98173515981735, "history_length_min": 11, "hit@10": 0.0502283105022831, "hit@5": 0.0365296803652968, "ndcg@10": 0.03189513455232901, "ndcg@5": 0.02767856763308151, "recall@10": 0.0502283105022831, "recall@5": 0.0365296803652968, "total_users": 219}, "long_rule": "length > threshold", "short": {"evaluated_users": 1238, "history_length_max": 10, "history_length_mean": 5.27221324717286, "history_length_min": 3, "hit@10": 0.0912762520193861, "hit@5": 0.0888529886914378, "ndcg@10": 0.08726302692651094, "ndcg@5": 0.0864986472745805, "recall@10": 0.0912762520193861, "recall@5": 0.0888529886914378, "total_users": 1238}, "short_rule": "length <= threshold", "threshold": 10}
2026-10-02 21:07:32,311 | INFO | 
========== PERIODIC TEST ==========
stage=joint | epoch=3 | step=324 | users=1457/1457
NDCG  | @5 0.076721 | @10 0.078457
Recall| @5 0.080988 | @10 0.086479
Hit   | @5 0.080988 | @10 0.086479
================================
2026-10-02 21:07:32,311 | INFO | PERIODIC TEST SEQUENCE_LENGTH {"basis": "filtered_full_sequence", "long": {"evaluated_users": 219, "history_length_max": 119, "history_length_mean": 20.98173515981735, "history_length_min": 11, "hit@10": 0.0365296803652968, "hit@5": 0.0319634703196347, "ndcg@10": 0.02456812268545585, "ndcg@5": 0.02319355649520936, "recall@10": 0.0365296803652968, "recall@5": 0.0319634703196347, "total_users": 219}, "long_rule": "length > threshold", "short": {"evaluated_users": 1238, "history_length_max": 10, "history_length_mean": 5.27221324717286, "history_length_min": 3, "hit@10": 0.09531502423263329, "hit@5": 0.08966074313408724, "ndcg@10": 0.08799035948622519, "ndcg@5": 0.08618950040043662, "recall@10": 0.09531502423263329, "recall@5": 0.08966074313408724, "total_users": 1238}, "short_rule": "length <= threshold", "threshold": 10}
2026-10-02 21:07:32,313 | INFO | VALID_STEP step=324 stage=joint epoch=3 ndcg@10=0.078941 recall@10=0.085106 improved=False
2026-10-02 21:07:32,313 | INFO | LEARNING_RATE step=324 stage=joint lr=5e-05
2026-10-02 21:07:32,313 | INFO | stage=joint epoch=3 loss=4.819861 sampled_ndcg_reward=0.084146 steps=54 transitions/s=270.73
2026-10-02 21:08:03,701 | INFO | 
========== PERIODIC VALIDATION ==========
stage=joint | epoch=4 | step=378 | users=1457/1457
NDCG  | @5 0.077881 | @10 0.078721
Recall| @5 0.081675 | @10 0.084420
Hit   | @5 0.081675 | @10 0.084420
================================
2026-10-02 21:08:03,702 | INFO | PERIODIC VALIDATION SEQUENCE_LENGTH {"basis": "filtered_full_sequence", "long": {"evaluated_users": 219, "history_length_max": 119, "history_length_mean": 20.98173515981735, "history_length_min": 11, "hit@10": 0.0502283105022831, "hit@5": 0.0365296803652968, "ndcg@10": 0.03221167994925416, "ndcg@5": 0.027995113030006655, "recall@10": 0.0502283105022831, "recall@5": 0.0365296803652968, "total_users": 219}, "long_rule": "length > threshold", "short": {"evaluated_users": 1238, "history_length_max": 10, "history_length_mean": 5.27221324717286, "history_length_min": 3, "hit@10": 0.09046849757673667, "hit@5": 0.08966074313408724, "ndcg@10": 0.08694852857452158, "ndcg@5": 0.08670537025815327, "recall@10": 0.09046849757673667, "recall@5": 0.08966074313408724, "total_users": 1238}, "short_rule": "length <= threshold", "threshold": 10}
2026-10-02 21:08:10,129 | INFO | 
========== PERIODIC TEST ==========
stage=joint | epoch=4 | step=378 | users=1457/1457
NDCG  | @5 0.076636 | @10 0.078655
Recall| @5 0.080302 | @10 0.086479
Hit   | @5 0.080302 | @10 0.086479
================================
2026-10-02 21:08:10,129 | INFO | PERIODIC TEST SEQUENCE_LENGTH {"basis": "filtered_full_sequence", "long": {"evaluated_users": 219, "history_length_max": 119, "history_length_mean": 20.98173515981735, "history_length_min": 11, "hit@10": 0.0365296803652968, "hit@5": 0.0319634703196347, "ndcg@10": 0.024286815326346942, "ndcg@5": 0.022912249136100453, "recall@10": 0.0365296803652968, "recall@5": 0.0319634703196347, "total_users": 219}, "long_rule": "length > threshold", "short": {"evaluated_users": 1238, "history_length_max": 10, "history_length_mean": 5.27221324717286, "history_length_min": 3, "hit@10": 0.09531502423263329, "hit@5": 0.0888529886914378, "ndcg@10": 0.08827289427371084, "ndcg@5": 0.08613973762851024, "recall@10": 0.09531502423263329, "recall@5": 0.0888529886914378, "total_users": 1238}, "short_rule": "length <= threshold", "threshold": 10}
2026-10-02 21:08:10,130 | INFO | VALID_STEP step=378 stage=joint epoch=4 ndcg@10=0.078721 recall@10=0.084420 improved=False
2026-10-02 21:08:10,130 | INFO | LEARNING_RATE step=378 stage=joint lr=5e-05
2026-10-02 21:08:10,131 | INFO | stage=joint epoch=4 loss=4.810605 sampled_ndcg_reward=0.083062 steps=54 transitions/s=264.19
2026-10-02 21:08:49,067 | INFO | 
========== PERIODIC VALIDATION ==========
stage=joint | epoch=5 | step=432 | users=1457/1457
NDCG  | @5 0.078091 | @10 0.079160
Recall| @5 0.080988 | @10 0.084420
Hit   | @5 0.080988 | @10 0.084420
================================
2026-10-02 21:08:49,067 | INFO | PERIODIC VALIDATION SEQUENCE_LENGTH {"basis": "filtered_full_sequence", "long": {"evaluated_users": 219, "history_length_max": 119, "history_length_mean": 20.98173515981735, "history_length_min": 11, "hit@10": 0.0502283105022831, "hit@5": 0.0365296803652968, "ndcg@10": 0.033090840064397116, "ndcg@5": 0.028874273145149617, "recall@10": 0.0502283105022831, "recall@5": 0.0365296803652968, "total_users": 219}, "long_rule": "length > threshold", "short": {"evaluated_users": 1238, "history_length_max": 10, "history_length_mean": 5.27221324717286, "history_length_min": 3, "hit@10": 0.09046849757673667, "hit@5": 0.0888529886914378, "ndcg@10": 0.08730917520303434, "ndcg@5": 0.08679676540578286, "recall@10": 0.09046849757673667, "recall@5": 0.0888529886914378, "total_users": 1238}, "short_rule": "length <= threshold", "threshold": 10}
2026-10-02 21:08:56,488 | INFO | 
========== PERIODIC TEST ==========
stage=joint | epoch=5 | step=432 | users=1457/1457
NDCG  | @5 0.076660 | @10 0.078194
Recall| @5 0.081675 | @10 0.086479
Hit   | @5 0.081675 | @10 0.086479
================================
2026-10-02 21:08:56,488 | INFO | PERIODIC TEST SEQUENCE_LENGTH {"basis": "filtered_full_sequence", "long": {"evaluated_users": 219, "history_length_max": 119, "history_length_mean": 20.98173515981735, "history_length_min": 11, "hit@10": 0.0365296803652968, "hit@5": 0.0319634703196347, "ndcg@10": 0.024884668082380997, "ndcg@5": 0.023510101892134507, "recall@10": 0.0365296803652968, "recall@5": 0.0319634703196347, "total_users": 219}, "long_rule": "length > threshold", "short": {"evaluated_users": 1238, "history_length_max": 10, "history_length_mean": 5.27221324717286, "history_length_min": 3, "hit@10": 0.09531502423263329, "hit@5": 0.09046849757673667, "ndcg@10": 0.08762445032464102, "ndcg@5": 0.08606270642337335, "recall@10": 0.09531502423263329, "recall@5": 0.09046849757673667, "total_users": 1238}, "short_rule": "length <= threshold", "threshold": 10}
2026-10-02 21:08:56,489 | INFO | VALID_STEP step=432 stage=joint epoch=5 ndcg@10=0.079160 recall@10=0.084420 improved=False
2026-10-02 21:08:56,489 | INFO | LEARNING_RATE step=432 stage=joint lr=5e-05
2026-10-02 21:08:56,489 | INFO | stage=joint epoch=5 loss=4.801678 sampled_ndcg_reward=0.081815 steps=54 transitions/s=214.81
2026-10-02 21:09:04,361 | INFO | 
========== FINAL CURRENT VALIDATION ==========
stage=final | epoch=0 | step=432 | users=1457/1457
NDCG  | @5 0.078091 | @10 0.079160
Recall| @5 0.080988 | @10 0.084420
Hit   | @5 0.080988 | @10 0.084420
================================
2026-10-02 21:09:04,361 | INFO | FINAL CURRENT VALIDATION SEQUENCE_LENGTH {"basis": "filtered_full_sequence", "long": {"evaluated_users": 219, "history_length_max": 119, "history_length_mean": 20.98173515981735, "history_length_min": 11, "hit@10": 0.0502283105022831, "hit@5": 0.0365296803652968, "ndcg@10": 0.033090840064397116, "ndcg@5": 0.028874273145149617, "recall@10": 0.0502283105022831, "recall@5": 0.0365296803652968, "total_users": 219}, "long_rule": "length > threshold", "short": {"evaluated_users": 1238, "history_length_max": 10, "history_length_mean": 5.27221324717286, "history_length_min": 3, "hit@10": 0.09046849757673667, "hit@5": 0.0888529886914378, "ndcg@10": 0.08730917520303434, "ndcg@5": 0.08679676540578286, "recall@10": 0.09046849757673667, "recall@5": 0.0888529886914378, "total_users": 1238}, "short_rule": "length <= threshold", "threshold": 10}
2026-10-02 21:09:04,361 | INFO | VALID_STEP step=432 stage=final epoch=0 ndcg@10=0.079160 recall@10=0.084420 improved=False
2026-10-02 21:09:04,398 | INFO | RESTORE_BEST step=54 stage=specialists ndcg@10=0.079834
2026-10-02 21:09:19,739 | INFO | 
========== BEST CHECKPOINT VALIDATION ==========
stage=specialists | epoch=0 | step=54 | users=1457/1457
NDCG  | @5 0.078129 | @10 0.079834
Recall| @5 0.081675 | @10 0.087165
Hit   | @5 0.081675 | @10 0.087165
================================
2026-10-02 21:09:19,739 | INFO | BEST CHECKPOINT VALIDATION SEQUENCE_LENGTH {"basis": "filtered_full_sequence", "long": {"evaluated_users": 219, "history_length_max": 119, "history_length_mean": 20.98173515981735, "history_length_min": 11, "hit@10": 0.0502283105022831, "hit@5": 0.0365296803652968, "ndcg@10": 0.031999581373218, "ndcg@5": 0.02767856763308151, "recall@10": 0.0502283105022831, "recall@5": 0.0365296803652968, "total_users": 219}, "long_rule": "length > threshold", "short": {"evaluated_users": 1238, "history_length_max": 10, "history_length_mean": 5.27221324717286, "history_length_min": 3, "hit@10": 0.09369951534733441, "hit@5": 0.08966074313408724, "ndcg@10": 0.08829627744791158, "ndcg@5": 0.087053251161282, "recall@10": 0.09369951534733441, "recall@5": 0.08966074313408724, "total_users": 1238}, "short_rule": "length <= threshold", "threshold": 10}
2026-10-02 21:09:19,740 | INFO | 
========== FINAL FULL TEST ==========
stage=specialists | epoch=0 | step=54 | users=1457/1457
NDCG  | @5 0.077166 | @10 0.078078
Recall| @5 0.082361 | @10 0.085106
Hit   | @5 0.082361 | @10 0.085106
================================
2026-10-02 21:09:19,740 | INFO | FINAL FULL TEST SEQUENCE_LENGTH {"basis": "filtered_full_sequence", "long": {"evaluated_users": 219, "history_length_max": 119, "history_length_mean": 20.98173515981735, "history_length_min": 11, "hit@10": 0.0365296803652968, "hit@5": 0.0365296803652968, "ndcg@10": 0.024960007669796308, "ndcg@5": 0.024960007669796308, "recall@10": 0.0365296803652968, "recall@5": 0.0365296803652968, "total_users": 219}, "long_rule": "length > threshold", "short": {"evaluated_users": 1238, "history_length_max": 10, "history_length_mean": 5.27221324717286, "history_length_min": 3, "hit@10": 0.09369951534733441, "hit@5": 0.09046849757673667, "ndcg@10": 0.08747445092855347, "ndcg@5": 0.08640101858068128, "recall@10": 0.09369951534733441, "recall@5": 0.09046849757673667, "total_users": 1238}, "short_rule": "length <= threshold", "threshold": 10}
2026-10-02 21:09:19,740 | INFO | VALID_BEST {"evaluated_users": 1457, "hit@10": 0.08716540837336993, "hit@5": 0.08167467398764584, "ndcg@10": 0.07983438495748568, "ndcg@5": 0.07812871013345503, "preference_agent_weight": 1.0, "preference_change_probability": 0.4566533933703672, "preference_current_entropy": 3.321381714872571, "preference_next_entropy": 3.4619440564408888, "preference_ranking_weight": 1.0, "recall@10": 0.08716540837336993, "recall@5": 0.08167467398764584, "scores_per_second": 763697.8253023716, "sequence_length": {"basis": "filtered_full_sequence", "long": {"evaluated_users": 219, "history_length_max": 119, "history_length_mean": 20.98173515981735, "history_length_min": 11, "hit@10": 0.0502283105022831, "hit@5": 0.0365296803652968, "ndcg@10": 0.031999581373218, "ndcg@5": 0.02767856763308151, "recall@10": 0.0502283105022831, "recall@5": 0.0365296803652968, "total_users": 219}, "long_rule": "length > threshold", "short": {"evaluated_users": 1238, "history_length_max": 10, "history_length_mean": 5.27221324717286, "history_length_min": 3, "hit@10": 0.09369951534733441, "hit@5": 0.08966074313408724, "ndcg@10": 0.08829627744791158, "ndcg@5": 0.087053251161282, "recall@10": 0.09369951534733441, "recall@5": 0.08966074313408724, "total_users": 1238}, "short_rule": "length <= threshold", "threshold": 10}, "short_agent_weight": 0.0, "short_preference_state_cosine": 0.0, "total_users": 1457, "users_per_second": 186.72318467050653}
2026-10-02 21:09:19,740 | INFO | TEST_FINAL {"evaluated_users": 1457, "hit@10": 0.0851063829787234, "hit@5": 0.08236101578586136, "ndcg@10": 0.07807797672164384, "ndcg@5": 0.0771658906563554, "preference_agent_weight": 1.0, "preference_change_probability": 0.4555355744895333, "preference_current_entropy": 3.320722654574361, "preference_next_entropy": 3.461931845220541, "preference_ranking_weight": 1.0, "recall@10": 0.0851063829787234, "recall@5": 0.08236101578586136, "scores_per_second": 791298.0478574261, "sequence_length": {"basis": "filtered_full_sequence", "long": {"evaluated_users": 219, "history_length_max": 119, "history_length_mean": 20.98173515981735, "history_length_min": 11, "hit@10": 0.0365296803652968, "hit@5": 0.0365296803652968, "ndcg@10": 0.024960007669796308, "ndcg@5": 0.024960007669796308, "recall@10": 0.0365296803652968, "recall@5": 0.0365296803652968, "total_users": 219}, "long_rule": "length > threshold", "short": {"evaluated_users": 1238, "history_length_max": 10, "history_length_mean": 5.27221324717286, "history_length_min": 3, "hit@10": 0.09369951534733441, "hit@5": 0.09046849757673667, "ndcg@10": 0.08747445092855347, "ndcg@5": 0.08640101858068128, "recall@10": 0.09369951534733441, "recall@5": 0.09046849757673667, "total_users": 1238}, "short_rule": "length <= threshold", "threshold": 10}, "short_agent_weight": 0.0, "short_preference_state_cosine": 0.0, "total_users": 1457, "users_per_second": 193.47140534411395}
2026-10-02 21:09:19,740 | INFO | TARGET_RESULT metric=recall@10 target=>0.150000 actual=0.085106 achieved=False
2026-10-02 21:09:20,226 | INFO | FINAL_LENGTH_SCORES dataset=amazon-all-beauty group=short split=valid threshold=10 users=1238/1238 scores={"hit@10": 0.09369951534733441, "hit@5": 0.08966074313408724, "ndcg@10": 0.08829627744791158, "ndcg@5": 0.087053251161282, "recall@10": 0.09369951534733441, "recall@5": 0.08966074313408724}
2026-10-02 21:09:20,226 | INFO | FINAL_LENGTH_SCORES dataset=amazon-all-beauty group=short split=test threshold=10 users=1238/1238 scores={"hit@10": 0.09369951534733441, "hit@5": 0.09046849757673667, "ndcg@10": 0.08747445092855347, "ndcg@5": 0.08640101858068128, "recall@10": 0.09369951534733441, "recall@5": 0.09046849757673667}
2026-10-02 21:09:20,227 | INFO | short_scores=/workspace/P78123011/MediaTek_2026_project/ver5/outputs_mamba_rl/amazons_long_short_S0_P1_G1_C0_SW4/Full_Beauty/rl_20261002_210418_r1_776741/short_scores.json
2026-10-02 21:09:20,227 | INFO | FINAL_LENGTH_SCORES dataset=amazon-all-beauty group=long split=valid threshold=10 users=219/219 scores={"hit@10": 0.0502283105022831, "hit@5": 0.0365296803652968, "ndcg@10": 0.031999581373218, "ndcg@5": 0.02767856763308151, "recall@10": 0.0502283105022831, "recall@5": 0.0365296803652968}
2026-10-02 21:09:20,227 | INFO | FINAL_LENGTH_SCORES dataset=amazon-all-beauty group=long split=test threshold=10 users=219/219 scores={"hit@10": 0.0365296803652968, "hit@5": 0.0365296803652968, "ndcg@10": 0.024960007669796308, "ndcg@5": 0.024960007669796308, "recall@10": 0.0365296803652968, "recall@5": 0.0365296803652968}
2026-10-02 21:09:20,227 | INFO | long_scores=/workspace/P78123011/MediaTek_2026_project/ver5/outputs_mamba_rl/amazons_long_short_S0_P1_G1_C0_SW4/Full_Beauty/rl_20261002_210418_r1_776741/long_scores.json
2026-10-02 21:09:20,227 | INFO | scores=/workspace/P78123011/MediaTek_2026_project/ver5/outputs_mamba_rl/amazons_long_short_S0_P1_G1_C0_SW4/Full_Beauty/rl_20261002_210418_r1_776741/Full_Beauty_scores.json
2026-10-02 21:09:20,228 | INFO | outputs=/workspace/P78123011/MediaTek_2026_project/ver5/outputs_mamba_rl/amazons_long_short_S0_P1_G1_C0_SW4/Full_Beauty/rl_20261002_210418_r1_776741
