2026-08-27 02:28:17,341 | INFO | run_id=20260827_022817 dataset=yelp19 device=cuda
2026-08-27 02:28:17,341 | INFO | EXPERIMENT_NOTE YELP19 SWEEP RUN 1/3. Fixed method: three-agent Mamba-RL, full-catalog CE anchor, training-only catalog calibration, validation every 1000 steps, best-checkpoint restore and leave-two-out full-catalog evaluation. Dataset: MAPLE/NETE Yelp Challenge 2019 release, 1,293,247 source reviews (SHA256 ab70c3ea...), normalized to 869,264 rating>=4 interactions; source has no timestamps, so deterministic source-row order is used. Hyperparameters only: batch=1024, candidates=512, epochs=2/2/15, lrs=2e-4/2e-4/7.5e-5, supervised=0.75, entropy=0.0025, popularity_alpha=0, transition_beta=0. Later runs will be selected exclusively by validation; test is not used for tuning.
2026-08-27 02:28:17,341 | INFO | EXPERIMENT_CONFIG {"batch_size": 1024, "cache_dir": "/workspace/P78123011/cache", "candidates": 512, "coordinator_epochs": 2, "coordinator_lr": 0.0002, "data_path": "/workspace/P78123011/MediaTek_2026_project/data/yelp2019_hf/yelp19_interactions.jsonl", "dataset": "yelp19", "device": "cuda", "dim": 128, "early_stopping_patience": 4, "entropy_coef": 0.0025, "eval_batch_size": 512, "experiment_note": "YELP19 SWEEP RUN 1/3. Fixed method: three-agent Mamba-RL, full-catalog CE anchor, training-only catalog calibration, validation every 1000 steps, best-checkpoint restore and leave-two-out full-catalog evaluation. Dataset: MAPLE/NETE Yelp Challenge 2019 release, 1,293,247 source reviews (SHA256 ab70c3ea...), normalized to 869,264 rating>=4 interactions; source has no timestamps, so deterministic source-row order is used. Hyperparameters only: batch=1024, candidates=512, epochs=2/2/15, lrs=2e-4/2e-4/7.5e-5, supervised=0.75, entropy=0.0025, popularity_alpha=0, transition_beta=0. Later runs will be selected exclusively by validation; test is not used for tuning.", "full_catalog_supervised": true, "generate_reasons": false, "item_vector_artifact": null, "joint_lr": 7.5e-05, "lora_alpha": 16.0, "lora_dropout": 0.05, "lora_rank": 8, "lr_patience": 1, "max_events": null, "max_history": 100, "max_transitions": 800000, "min_rating": 4.0, "min_user_events": 5, "monitor_metric": "recall@10", "output_dir": "/workspace/P78123011/MediaTek_2026_project/outputs_mamba_rl", "popularity_alpha": 0.0, "reason_count": 0, "reason_max_new_tokens": 40, "resume_checkpoint": null, "rl_epochs": 15, "seed": 25252, "short_window": 10, "skip_mamba": false, "specialist_epochs": 2, "specialist_lr": 0.0002, "specialization_coef": 0.01, "supervised_coef": 0.75, "target_recall_at_10": 0.0, "transition_beta": 0.0, "validate_every_steps": 1000}
2026-08-27 02:28:21,636 | INFO | users=27032 items=20262 train_interactions=814852
2026-08-27 02:28:21,636 | INFO | CATALOG_PRIORS popularity_alpha=0.000000 transition_beta=0.000000 source=train_histories_only enabled=False
2026-08-27 02:35:34,625 | INFO | ITEM_VECTOR_ARTIFACT path=/workspace/P78123011/cache/mamba_multi_agent/yelp19_20262_c7bd07bf1de3.pt fingerprint=c7bd07bf1de3
2026-08-27 02:35:34,646 | INFO | agent_parameters={'long': 8321, 'short': 8321, 'coordinator': 7185, 'shared_projection': 327680}
2026-08-27 02:35:35,590 | INFO | training_transitions=787820
2026-08-27 02:35:35,590 | INFO | schedule specialist_epochs=2 coordinator_epochs=2 rl_epochs=15 validate_every_steps=1000 monitor=recall@10 early_stopping_patience=4
2026-08-27 02:36:34,008 | INFO | stage=specialists epoch=1 loss=19.621533 steps=770 transitions/s=13529.50
2026-08-27 02:36:53,233 | INFO | VALID_STEP step=1000 stage=specialists epoch=2 recall@10=0.001665 recall@10=0.001665 improved=True
2026-08-27 02:36:53,236 | INFO | BEST_CHECKPOINT step=1000 stage=specialists recall@10=0.001665 path=/workspace/P78123011/MediaTek_2026_project/outputs_mamba_rl/yelp19/20260827_022817/best_validation.pt
2026-08-27 02:37:33,948 | INFO | stage=specialists epoch=2 loss=19.536452 steps=770 transitions/s=13594.12
2026-08-27 02:37:52,520 | INFO | VALID_STEP step=2000 stage=coordinator epoch=1 recall@10=0.002294 recall@10=0.002294 improved=True
2026-08-27 02:37:52,522 | INFO | BEST_CHECKPOINT step=2000 stage=coordinator recall@10=0.002294 path=/workspace/P78123011/MediaTek_2026_project/outputs_mamba_rl/yelp19/20260827_022817/best_validation.pt
2026-08-27 02:37:52,522 | INFO | LEARNING_RATE step=2000 stage=coordinator lr=0.0002
2026-08-27 02:38:03,600 | INFO | stage=coordinator epoch=1 loss=9.727630 steps=770 transitions/s=28587.23
2026-08-27 02:38:30,412 | INFO | VALID_STEP step=3000 stage=coordinator epoch=2 recall@10=0.002479 recall@10=0.002479 improved=True
2026-08-27 02:38:30,417 | INFO | BEST_CHECKPOINT step=3000 stage=coordinator recall@10=0.002479 path=/workspace/P78123011/MediaTek_2026_project/outputs_mamba_rl/yelp19/20260827_022817/best_validation.pt
2026-08-27 02:38:30,417 | INFO | LEARNING_RATE step=3000 stage=coordinator lr=0.0002
2026-08-27 02:38:33,278 | INFO | stage=coordinator epoch=2 loss=9.720270 steps=770 transitions/s=28554.73
2026-08-27 02:39:54,841 | INFO | stage=joint epoch=1 loss=7.239995 steps=770 transitions/s=9681.78
2026-08-27 02:40:12,630 | INFO | VALID_STEP step=4000 stage=joint epoch=2 recall@10=0.004069 recall@10=0.004069 improved=True
2026-08-27 02:40:12,636 | INFO | BEST_CHECKPOINT step=4000 stage=joint recall@10=0.004069 path=/workspace/P78123011/MediaTek_2026_project/outputs_mamba_rl/yelp19/20260827_022817/best_validation.pt
2026-08-27 02:40:12,636 | INFO | LEARNING_RATE step=4000 stage=joint lr=7.5e-05
2026-08-27 02:41:17,887 | INFO | stage=joint epoch=2 loss=7.251513 steps=770 transitions/s=9719.67
2026-08-27 02:41:59,807 | INFO | VALID_STEP step=5000 stage=joint epoch=3 recall@10=0.003810 recall@10=0.003810 improved=False
2026-08-27 02:41:59,807 | INFO | LEARNING_RATE step=5000 stage=joint lr=7.5e-05
2026-08-27 02:42:41,074 | INFO | stage=joint epoch=3 loss=7.244389 steps=770 transitions/s=9701.92
2026-08-27 02:43:47,117 | INFO | VALID_STEP step=6000 stage=joint epoch=4 recall@10=0.003736 recall@10=0.003736 improved=False
2026-08-27 02:43:47,117 | INFO | LEARNING_RATE step=6000 stage=joint lr=3.75e-05
2026-08-27 02:44:04,106 | INFO | stage=joint epoch=4 loss=7.238438 steps=770 transitions/s=9721.19
2026-08-27 02:45:24,954 | INFO | stage=joint epoch=5 loss=7.232343 steps=770 transitions/s=9767.74
2026-08-27 02:45:34,289 | INFO | VALID_STEP step=7000 stage=joint epoch=6 recall@10=0.004328 recall@10=0.004328 improved=True
2026-08-27 02:45:34,343 | INFO | BEST_CHECKPOINT step=7000 stage=joint recall@10=0.004328 path=/workspace/P78123011/MediaTek_2026_project/outputs_mamba_rl/yelp19/20260827_022817/best_validation.pt
2026-08-27 02:45:34,344 | INFO | LEARNING_RATE step=7000 stage=joint lr=3.75e-05
2026-08-27 02:46:47,905 | INFO | stage=joint epoch=6 loss=7.228938 steps=770 transitions/s=9730.97
2026-08-27 02:47:21,874 | INFO | VALID_STEP step=8000 stage=joint epoch=7 recall@10=0.004661 recall@10=0.004661 improved=True
2026-08-27 02:47:21,876 | INFO | BEST_CHECKPOINT step=8000 stage=joint recall@10=0.004661 path=/workspace/P78123011/MediaTek_2026_project/outputs_mamba_rl/yelp19/20260827_022817/best_validation.pt
2026-08-27 02:47:21,876 | INFO | LEARNING_RATE step=8000 stage=joint lr=3.75e-05
2026-08-27 02:48:11,196 | INFO | stage=joint epoch=7 loss=7.225848 steps=770 transitions/s=9690.10
2026-08-27 02:49:09,032 | INFO | VALID_STEP step=9000 stage=joint epoch=8 recall@10=0.004439 recall@10=0.004439 improved=False
2026-08-27 02:49:09,032 | INFO | LEARNING_RATE step=9000 stage=joint lr=3.75e-05
2026-08-27 02:49:34,242 | INFO | stage=joint epoch=8 loss=7.223219 steps=770 transitions/s=9719.12
2026-08-27 02:50:56,633 | INFO | VALID_STEP step=10000 stage=joint epoch=9 recall@10=0.004698 recall@10=0.004698 improved=True
2026-08-27 02:50:56,687 | INFO | BEST_CHECKPOINT step=10000 stage=joint recall@10=0.004698 path=/workspace/P78123011/MediaTek_2026_project/outputs_mamba_rl/yelp19/20260827_022817/best_validation.pt
2026-08-27 02:50:56,688 | INFO | LEARNING_RATE step=10000 stage=joint lr=3.75e-05
2026-08-27 02:50:57,708 | INFO | stage=joint epoch=9 loss=7.221121 steps=770 transitions/s=9669.45
2026-08-27 02:52:19,164 | INFO | stage=joint epoch=10 loss=7.218646 steps=770 transitions/s=9694.32
2026-08-27 02:52:44,352 | INFO | VALID_STEP step=11000 stage=joint epoch=11 recall@10=0.004698 recall@10=0.004698 improved=False
2026-08-27 02:52:44,352 | INFO | LEARNING_RATE step=11000 stage=joint lr=3.75e-05
2026-08-27 02:53:42,578 | INFO | stage=joint epoch=11 loss=7.216415 steps=770 transitions/s=9677.29
2026-08-27 02:54:31,928 | INFO | VALID_STEP step=12000 stage=joint epoch=12 recall@10=0.004809 recall@10=0.004809 improved=True
2026-08-27 02:54:31,982 | INFO | BEST_CHECKPOINT step=12000 stage=joint recall@10=0.004809 path=/workspace/P78123011/MediaTek_2026_project/outputs_mamba_rl/yelp19/20260827_022817/best_validation.pt
2026-08-27 02:54:31,982 | INFO | LEARNING_RATE step=12000 stage=joint lr=3.75e-05
2026-08-27 02:55:05,894 | INFO | stage=joint epoch=12 loss=7.214053 steps=770 transitions/s=9687.04
2026-08-27 02:56:19,527 | INFO | VALID_STEP step=13000 stage=joint epoch=13 recall@10=0.004513 recall@10=0.004513 improved=False
2026-08-27 02:56:19,527 | INFO | LEARNING_RATE step=13000 stage=joint lr=3.75e-05
2026-08-27 02:56:28,963 | INFO | stage=joint epoch=13 loss=7.212075 steps=770 transitions/s=9719.58
2026-08-27 02:57:50,423 | INFO | stage=joint epoch=14 loss=7.210467 steps=770 transitions/s=9694.27
2026-08-27 02:58:07,172 | INFO | VALID_STEP step=14000 stage=joint epoch=15 recall@10=0.004698 recall@10=0.004698 improved=False
2026-08-27 02:58:07,172 | INFO | LEARNING_RATE step=14000 stage=joint lr=1.875e-05
2026-08-27 02:59:13,585 | INFO | stage=joint epoch=15 loss=7.206364 steps=770 transitions/s=9706.19
2026-08-27 02:59:15,406 | INFO | VALID_STEP step=14630 stage=final epoch=0 recall@10=0.005105 recall@10=0.005105 improved=True
2026-08-27 02:59:15,408 | INFO | BEST_CHECKPOINT step=14630 stage=final recall@10=0.005105 path=/workspace/P78123011/MediaTek_2026_project/outputs_mamba_rl/yelp19/20260827_022817/best_validation.pt
2026-08-27 02:59:15,409 | INFO | RESTORE_BEST step=14630 stage=final recall@10=0.005105
2026-08-27 02:59:19,039 | INFO | VALID_BEST {"ndcg@10": 0.002455990805617801, "ndcg@5": 0.001801706742485376, "recall@10": 0.005105060668836934, "recall@5": 0.0030334418467002073, "scores_per_second": 302533409.4149877, "users_per_second": 14931.0734090903}
2026-08-27 02:59:19,039 | INFO | TEST_FINAL {"ndcg@10": 0.0017633613768979338, "ndcg@5": 0.001375632979621828, "recall@10": 0.0034033737792246227, "recall@5": 0.0021825984018940515, "scores_per_second": 302035095.436695, "users_per_second": 14906.479885336836}
2026-08-27 02:59:19,039 | INFO | TARGET_RESULT metric=recall@10 target=>0.000000 actual=0.003403 achieved=True
2026-08-27 02:59:19,473 | INFO | outputs=/workspace/P78123011/MediaTek_2026_project/outputs_mamba_rl/yelp19/20260827_022817
