2026-09-15 16:01:39,210 | INFO | run_id=20260915_160139 dataset=amazon:Baby_Products device=cuda:0
2026-09-15 16:01:39,210 | INFO | MODEL recommender=MultiAgentMambaRecommender semantic_encoder=MambaTextEncoder semantic_model_id=state-spaces/mamba-130m-hf graph_backbone=LightGCN adaptation=multi_lora
2026-09-15 16:01:39,210 | INFO | ABLATION USE_LONG=0 USE_SHORT=1 USE_PREFERENCE=1 USE_GCN=1
2026-09-15 16:01:39,210 | INFO | AGENT_HISTORY mode=short_window_only effective_max_history=6
2026-09-15 16:01:39,210 | INFO | EXPERIMENT_NOTE amazons_long_short subset=Baby_Products; short filtered-full-sequence <= 10; long > 10; same model and full catalog
2026-09-15 16:01:39,211 | INFO | EXPERIMENT_CONFIG {"agent_diversity_coef": 0.02, "batch_size": 128, "cache_dir": "/workspace/P78123011/cache", "candidates": 192, "coordinator_epochs": 3, "coordinator_lr": 0.0001, "data_path": null, "dataset": "amazon:Baby_Products", "device": "cuda:0", "dim": 128, "early_stopping_patience": 6, "enable_lora": 1, "eval_batch_size": 64, "eval_length_basis": "filtered_full_sequence", "eval_length_threshold": 10, "experiment_note": "amazons_long_short subset=Baby_Products; short filtered-full-sequence <= 10; long > 10; same model and full catalog", "full_catalog_supervised": false, "future_decay": 0.5, "future_horizon": 3, "generate_reasons": false, "graph_device": "cuda:0", "hard_negative_fraction": 0.75, "hard_negative_pool_multiplier": 12, "hard_negative_warmup_epochs": 2, "item_prompt_prefix": "Preference-aware product representation: ", "item_vector_artifact": null, "joint_epochs": 7, "joint_lr": 5e-05, "lora_alpha": 32.0, "lora_dropout": 0.05, "lora_rank": 16, "lr_patience": 2, "mamba_encode_batch_size": 32, "mamba_max_tokens": 32, "mamba_model_id": "state-spaces/mamba-130m-hf", "max_events": null, "max_history": 100, "max_transitions": 1500000, "min_rating": 4.0, "monitor_metric": "ndcg@10", "output_dir": "/workspace/P78123011/MediaTek_2026_project/ver4/outputs_mamba_rl/amazons_lora", "output_run_dir": "/workspace/P78123011/MediaTek_2026_project/ver4/outputs_mamba_rl/amazons_long_short_L0_S1_P1_G1_SW6/Baby_Products/rl_20260915_160137_r1_4039433", "periodic_test_user_limit": 0, "popularity_alpha": 0.3, "preference_balance_coef": 0.01, "preference_coef": 0.2, "preference_contrastive_coef": 0.05, "preference_count": 32, "preference_hidden": 128, "preference_score_weight": 0.2, "preference_separation_coef": 0.01, "preference_sharpness_coef": 0.05, "preference_temperature": 0.2, "preference_transition_coef": 0.1, "reason_count": 20, "reason_max_new_tokens": 40, "refresh_data_cache": false, "resume_checkpoint": null, "save_model_weights": false, "score_file": "/workspace/P78123011/MediaTek_2026_project/ver4/outputs_mamba_rl/amazons_long_short_L0_S1_P1_G1_SW6/Baby_Products/rl_20260915_160137_r1_4039433/Baby_Products_scores.json", "seed": 25252, "short_window": 6, "skip_mamba": false, "specialist_epochs": 3, "specialist_lr": 0.0001, "target_recall_at_10": 0.15, "transition_beta": 0.5, "use_graph_embeddings": true, "use_in_batch_negatives": true, "use_long": 0, "use_preference": 1, "use_short": 1, "validate_every_steps": 6000, "validation_user_limit": 0}
2026-09-15 16:19:57,488 | INFO | INTERACTION_CACHE miss_saved path=/workspace/P78123011/cache/mamba_multi_agent_data/amazon_Baby_Products_e6e228b87df8.pkl
2026-09-15 16:19:57,490 | INFO | LENGTH_SPLIT preprocessing=original_one_pass_user_item_min_5 basis=filtered_full_sequence short<=10 long>10
2026-09-15 16:19:57,498 | INFO | users=184834 items=77324 train_interactions=1121805
2026-09-15 16:20:10,181 | INFO | CATALOG_PRIORS popularity_alpha=0.300000 transition_beta=0.500000 source=train_histories_only enabled=True
2026-09-15 16:24:46,286 | INFO | ITEM_VECTOR_ARTIFACT path=/workspace/P78123011/cache/mamba_multi_agent/amazon_Baby_Products_77324_1b6c35e33122_prompt_tok32.pt fingerprint=1b6c35e33122
2026-09-15 16:24:46,287 | INFO | SEMANTIC_BACKBONE model_id=state-spaces/mamba-130m-hf hidden_size=768 frozen=True usage=shared_cached_item_vectors
2026-09-15 16:24:47,256 | INFO | GRAPH_EMBEDDINGS enabled=True source=train_histories_only main_device=cuda:0 graph_device=cuda:0
2026-09-15 16:24:47,816 | INFO | ADAPTATION_MODE mode=multi_lora enable_lora=1
2026-09-15 16:24:47,816 | INFO | ADAPTER_ROUTES {'short': ('candidate_lora', 'delta_lora', 'gate_lora', 'output_lora'), 'preference': ('transition_lora', 'state_lora'), 'coordinator': ('state_lora', 'mix_lora', 'score_lora')}
2026-09-15 16:24:47,817 | INFO | agent_parameters={'long': 16513, 'short': 16513, 'preference': 78786, 'coordinator': 14373, 'shared_projection': 98304, 'graph': 33556224}
2026-09-15 16:24:47,817 | INFO | PREDICTION_PATH graph_only=False active_agents=2 coordinator=True
2026-09-15 16:24:50,942 | INFO | training_transitions=936971
2026-09-15 16:24:50,942 | INFO | schedule specialist_epochs=3 coordinator_epochs=3 joint_ranking_epochs=7 validate_every_steps=6000 validation_users=0 periodic_test_users=0 monitor=ndcg@10 early_stopping_patience=6
2026-09-15 16:24:50,943 | INFO | TRAINING_BRANCHES stage=specialists long=False short=True preference=True gcn=True preference_auxiliary=True preference_contrastive=False diversity_pairs=0 trainable_parameters=33749827
2026-09-15 16:37:55,546 | INFO | 
========== PERIODIC VALIDATION ==========
stage=specialists | epoch=1 | step=6000 | users=184584/184584
NDCG  | @5 0.023737 | @10 0.027894
Recall| @5 0.032300 | @10 0.045269
Hit   | @5 0.032300 | @10 0.045269
================================
2026-09-15 16:37:55,546 | INFO | PERIODIC VALIDATION SEQUENCE_LENGTH {"basis": "filtered_full_sequence", "long": {"evaluated_users": 29587, "history_length_max": 507, "history_length_mean": 17.607935917801736, "history_length_min": 11, "hit@10": 0.04403961199175314, "hit@5": 0.031736911481393855, "ndcg@10": 0.02697591871857133, "ndcg@5": 0.023035204818737175, "recall@10": 0.04403961199175314, "recall@5": 0.031736911481393855, "total_users": 29587}, "long_rule": "length > threshold", "short": {"evaluated_users": 154997, "history_length_max": 10, "history_length_mean": 6.255211391188216, "history_length_min": 3, "hit@10": 0.04550410653109415, "hit@5": 0.03240707884668736, "ndcg@10": 0.028068730765337134, "ndcg@5": 0.0238708497977451, "recall@10": 0.04550410653109415, "recall@5": 0.03240707884668736, "total_users": 154997}, "short_rule": "length <= threshold", "threshold": 10}
2026-09-15 16:39:12,644 | INFO | 
========== PERIODIC TEST ==========
stage=specialists | epoch=1 | step=6000 | users=184584/184584
NDCG  | @5 0.025637 | @10 0.029559
Recall| @5 0.034228 | @10 0.046429
Hit   | @5 0.034228 | @10 0.046429
================================
2026-09-15 16:39:12,645 | INFO | PERIODIC TEST SEQUENCE_LENGTH {"basis": "filtered_full_sequence", "long": {"evaluated_users": 29587, "history_length_max": 507, "history_length_mean": 17.607935917801736, "history_length_min": 11, "hit@10": 0.046540710447155846, "hit@5": 0.034204211309020856, "ndcg@10": 0.02972348622144385, "ndcg@5": 0.025752189639636346, "recall@10": 0.046540710447155846, "recall@5": 0.034204211309020856, "total_users": 29587}, "long_rule": "length > threshold", "short": {"evaluated_users": 154997, "history_length_max": 10, "history_length_mean": 6.255211391188216, "history_length_min": 3, "hit@10": 0.046407349819673926, "hit@5": 0.03423292063717362, "ndcg@10": 0.029527084616303018, "ndcg@5": 0.02561447944587301, "recall@10": 0.046407349819673926, "recall@5": 0.03423292063717362, "total_users": 154997}, "short_rule": "length <= threshold", "threshold": 10}
2026-09-15 16:39:12,646 | INFO | VALID_STEP step=6000 stage=specialists epoch=1 ndcg@10=0.027894 recall@10=0.045269 improved=True
2026-09-15 16:39:12,760 | INFO | BEST_MODEL_IN_MEMORY step=6000 stage=specialists ndcg@10=0.027894
2026-09-15 16:42:03,138 | INFO | stage=specialists epoch=1 loss=10.064952 steps=7321 transitions/s=1071.23
2026-09-15 16:55:14,730 | INFO | 
========== PERIODIC VALIDATION ==========
stage=specialists | epoch=2 | step=13321 | users=184584/184584
NDCG  | @5 0.031081 | @10 0.035556
Recall| @5 0.040859 | @10 0.054821
Hit   | @5 0.040859 | @10 0.054821
================================
2026-09-15 16:55:14,730 | INFO | PERIODIC VALIDATION SEQUENCE_LENGTH {"basis": "filtered_full_sequence", "long": {"evaluated_users": 29587, "history_length_max": 507, "history_length_mean": 17.607935917801736, "history_length_min": 11, "hit@10": 0.05387501267448542, "hit@5": 0.04049075607530334, "ndcg@10": 0.03449911302162042, "ndcg@5": 0.03021756686405971, "recall@10": 0.05387501267448542, "recall@5": 0.04049075607530334, "total_users": 29587}, "long_rule": "length > threshold", "short": {"evaluated_users": 154997, "history_length_max": 10, "history_length_mean": 6.255211391188216, "history_length_min": 3, "hit@10": 0.055001064536732966, "hit@5": 0.04092982444821513, "ndcg@10": 0.035757750575813665, "ndcg@5": 0.031245501453703372, "recall@10": 0.055001064536732966, "recall@5": 0.04092982444821513, "total_users": 154997}, "short_rule": "length <= threshold", "threshold": 10}
2026-09-15 16:56:31,582 | INFO | 
========== PERIODIC TEST ==========
stage=specialists | epoch=2 | step=13321 | users=184584/184584
NDCG  | @5 0.035219 | @10 0.039375
Recall| @5 0.045101 | @10 0.058049
Hit   | @5 0.045101 | @10 0.058049
================================
2026-09-15 16:56:31,582 | INFO | PERIODIC TEST SEQUENCE_LENGTH {"basis": "filtered_full_sequence", "long": {"evaluated_users": 29587, "history_length_max": 507, "history_length_mean": 17.607935917801736, "history_length_min": 11, "hit@10": 0.05921519586304796, "hit@5": 0.045526751613884475, "ndcg@10": 0.040193387709635264, "ndcg@5": 0.035808616006346106, "recall@10": 0.05921519586304796, "recall@5": 0.045526751613884475, "total_users": 29587}, "long_rule": "length > threshold", "short": {"evaluated_users": 154997, "history_length_max": 10, "history_length_mean": 6.255211391188216, "history_length_min": 3, "hit@10": 0.05782692568243256, "hit@5": 0.045020226197926415, "ndcg@10": 0.03921839367185388, "ndcg@5": 0.035106466982238675, "recall@10": 0.05782692568243256, "recall@5": 0.045020226197926415, "total_users": 154997}, "short_rule": "length <= threshold", "threshold": 10}
2026-09-15 16:56:31,583 | INFO | VALID_STEP step=13321 stage=specialists epoch=2 ndcg@10=0.035556 recall@10=0.054821 improved=True
2026-09-15 16:56:31,736 | INFO | BEST_MODEL_IN_MEMORY step=13321 stage=specialists ndcg@10=0.035556
2026-09-15 16:59:07,585 | INFO | stage=specialists epoch=2 loss=10.195725 steps=7321 transitions/s=1081.18
2026-09-15 17:12:48,172 | INFO | 
========== PERIODIC VALIDATION ==========
stage=specialists | epoch=3 | step=20642 | users=184584/184584
NDCG  | @5 0.029510 | @10 0.033396
Recall| @5 0.038281 | @10 0.050373
Hit   | @5 0.038281 | @10 0.050373
================================
2026-09-15 17:12:48,172 | INFO | PERIODIC VALIDATION SEQUENCE_LENGTH {"basis": "filtered_full_sequence", "long": {"evaluated_users": 29587, "history_length_max": 507, "history_length_mean": 17.607935917801736, "history_length_min": 11, "hit@10": 0.0502585595024842, "hit@5": 0.03782066448102207, "ndcg@10": 0.03263512272714715, "ndcg@5": 0.028647327298412052, "recall@10": 0.0502585595024842, "recall@5": 0.03782066448102207, "total_users": 29587}, "long_rule": "length > threshold", "short": {"evaluated_users": 154997, "history_length_max": 10, "history_length_mean": 6.255211391188216, "history_length_min": 3, "hit@10": 0.05039452376497609, "hit@5": 0.0383684845513139, "ndcg@10": 0.033541741243912494, "ndcg@5": 0.029674614510980815, "recall@10": 0.05039452376497609, "recall@5": 0.0383684845513139, "total_users": 154997}, "short_rule": "length <= threshold", "threshold": 10}
2026-09-15 17:14:21,800 | INFO | 
========== PERIODIC TEST ==========
stage=specialists | epoch=3 | step=20642 | users=184584/184584
NDCG  | @5 0.033223 | @10 0.036805
Recall| @5 0.041374 | @10 0.052518
Hit   | @5 0.041374 | @10 0.052518
================================
2026-09-15 17:14:21,800 | INFO | PERIODIC TEST SEQUENCE_LENGTH {"basis": "filtered_full_sequence", "long": {"evaluated_users": 29587, "history_length_max": 507, "history_length_mean": 17.607935917801736, "history_length_min": 11, "hit@10": 0.05576773582992531, "hit@5": 0.04299185453070605, "ndcg@10": 0.03867387838331826, "ndcg@5": 0.03457165906901026, "recall@10": 0.05576773582992531, "recall@5": 0.04299185453070605, "total_users": 29587}, "long_rule": "length > threshold", "short": {"evaluated_users": 154997, "history_length_max": 10, "history_length_mean": 6.255211391188216, "history_length_min": 3, "hit@10": 0.05189777866668387, "hit@5": 0.04106531094150209, "ndcg@10": 0.036448503525642335, "ndcg@5": 0.0329650986471657, "recall@10": 0.05189777866668387, "recall@5": 0.04106531094150209, "total_users": 154997}, "short_rule": "length <= threshold", "threshold": 10}
2026-09-15 17:14:21,802 | INFO | VALID_STEP step=20642 stage=specialists epoch=3 ndcg@10=0.033396 recall@10=0.050373 improved=False
2026-09-15 17:17:01,330 | INFO | stage=specialists epoch=3 loss=9.675151 steps=7321 transitions/s=1060.54
2026-09-15 17:17:01,714 | INFO | TRAINING_BRANCHES stage=coordinator long=False short=True preference=True gcn=True preference_auxiliary=False preference_contrastive=False diversity_pairs=0 trainable_parameters=10245
2026-09-15 17:26:17,515 | INFO | 
========== PERIODIC VALIDATION ==========
stage=coordinator | epoch=1 | step=27963 | users=184584/184584
NDCG  | @5 0.028757 | @10 0.032489
Recall| @5 0.037008 | @10 0.048596
Hit   | @5 0.037008 | @10 0.048596
================================
2026-09-15 17:26:17,515 | INFO | PERIODIC VALIDATION SEQUENCE_LENGTH {"basis": "filtered_full_sequence", "long": {"evaluated_users": 29587, "history_length_max": 507, "history_length_mean": 17.607935917801736, "history_length_min": 11, "hit@10": 0.04853482948592287, "hit@5": 0.036434920742217866, "ndcg@10": 0.031575266217128785, "ndcg@5": 0.027680749937555052, "recall@10": 0.04853482948592287, "recall@5": 0.036434920742217866, "total_users": 29587}, "long_rule": "length > threshold", "short": {"evaluated_users": 154997, "history_length_max": 10, "history_length_mean": 6.255211391188216, "history_length_min": 3, "hit@10": 0.04860739240114325, "hit@5": 0.037116847422853344, "ndcg@10": 0.032663616357391366, "ndcg@5": 0.028961857223171645, "recall@10": 0.04860739240114325, "recall@5": 0.037116847422853344, "total_users": 154997}, "short_rule": "length <= threshold", "threshold": 10}
2026-09-15 17:27:49,399 | INFO | 
========== PERIODIC TEST ==========
stage=coordinator | epoch=1 | step=27963 | users=184584/184584
NDCG  | @5 0.032604 | @10 0.035984
Recall| @5 0.040366 | @10 0.050936
Hit   | @5 0.040366 | @10 0.050936
================================
2026-09-15 17:27:49,399 | INFO | PERIODIC TEST SEQUENCE_LENGTH {"basis": "filtered_full_sequence", "long": {"evaluated_users": 29587, "history_length_max": 507, "history_length_mean": 17.607935917801736, "history_length_min": 11, "hit@10": 0.053841214046709704, "hit@5": 0.04238347923074323, "ndcg@10": 0.03802725390517369, "ndcg@5": 0.034366650841289176, "recall@10": 0.053841214046709704, "recall@5": 0.04238347923074323, "total_users": 29587}, "long_rule": "length > threshold", "short": {"evaluated_users": 154997, "history_length_max": 10, "history_length_mean": 6.255211391188216, "history_length_min": 3, "hit@10": 0.05038162028942496, "hit@5": 0.03998141899520636, "ndcg@10": 0.03559389418237424, "ndcg@5": 0.032267975750394126, "recall@10": 0.05038162028942496, "recall@5": 0.03998141899520636, "total_users": 154997}, "short_rule": "length <= threshold", "threshold": 10}
2026-09-15 17:27:49,401 | INFO | VALID_STEP step=27963 stage=coordinator epoch=1 ndcg@10=0.032489 recall@10=0.048596 improved=False
2026-09-15 17:27:49,401 | INFO | LEARNING_RATE step=27963 stage=coordinator lr=0.0001
2026-09-15 17:29:29,573 | INFO | stage=coordinator epoch=1 loss=3.699536 steps=7321 transitions/s=1634.58
2026-09-15 17:38:32,379 | INFO | 
========== PERIODIC VALIDATION ==========
stage=coordinator | epoch=2 | step=35284 | users=184584/184584
NDCG  | @5 0.027844 | @10 0.031444
Recall| @5 0.035734 | @10 0.046916
Hit   | @5 0.035734 | @10 0.046916
================================
2026-09-15 17:38:32,379 | INFO | PERIODIC VALIDATION SEQUENCE_LENGTH {"basis": "filtered_full_sequence", "long": {"evaluated_users": 29587, "history_length_max": 507, "history_length_mean": 17.607935917801736, "history_length_min": 11, "hit@10": 0.04660830770270727, "hit@5": 0.035082975631189374, "ndcg@10": 0.03048651667180784, "ndcg@5": 0.02676368237227931, "recall@10": 0.04660830770270727, "recall@5": 0.035082975631189374, "total_users": 29587}, "long_rule": "length > threshold", "short": {"evaluated_users": 154997, "history_length_max": 10, "history_length_mean": 6.255211391188216, "history_length_min": 3, "hit@10": 0.04697510274392407, "hit@5": 0.03585875855661722, "ndcg@10": 0.03162673853407831, "ndcg@5": 0.028049903940525717, "recall@10": 0.04697510274392407, "recall@5": 0.03585875855661722, "total_users": 154997}, "short_rule": "length <= threshold", "threshold": 10}
2026-09-15 17:39:51,539 | INFO | 
========== PERIODIC TEST ==========
stage=coordinator | epoch=2 | step=35284 | users=184584/184584
NDCG  | @5 0.031501 | @10 0.034695
Recall| @5 0.038963 | @10 0.048888
Hit   | @5 0.038963 | @10 0.048888
================================
2026-09-15 17:39:51,539 | INFO | PERIODIC TEST SEQUENCE_LENGTH {"basis": "filtered_full_sequence", "long": {"evaluated_users": 29587, "history_length_max": 507, "history_length_mean": 17.607935917801736, "history_length_min": 11, "hit@10": 0.05188089363571839, "hit@5": 0.041234325886369015, "ndcg@10": 0.036658574556847144, "ndcg@5": 0.03322694722631706, "recall@10": 0.05188089363571839, "recall@5": 0.041234325886369015, "total_users": 29587}, "long_rule": "length > threshold", "short": {"evaluated_users": 154997, "history_length_max": 10, "history_length_mean": 6.255211391188216, "history_length_min": 3, "hit@10": 0.048317064201242606, "hit@5": 0.038529777995703146, "ndcg@10": 0.034320681990354984, "ndcg@5": 0.031171215957737385, "recall@10": 0.048317064201242606, "recall@5": 0.038529777995703146, "total_users": 154997}, "short_rule": "length <= threshold", "threshold": 10}
2026-09-15 17:39:51,541 | INFO | VALID_STEP step=35284 stage=coordinator epoch=2 ndcg@10=0.031444 recall@10=0.046916 improved=False
2026-09-15 17:39:51,541 | INFO | LEARNING_RATE step=35284 stage=coordinator lr=0.0001
2026-09-15 17:41:31,174 | INFO | stage=coordinator epoch=2 loss=3.846403 steps=7321 transitions/s=1671.77
2026-09-15 17:51:01,854 | INFO | 
========== PERIODIC VALIDATION ==========
stage=coordinator | epoch=3 | step=42605 | users=184584/184584
NDCG  | @5 0.026707 | @10 0.030077
Recall| @5 0.034217 | @10 0.044690
Hit   | @5 0.034217 | @10 0.044690
================================
2026-09-15 17:51:01,854 | INFO | PERIODIC VALIDATION SEQUENCE_LENGTH {"basis": "filtered_full_sequence", "long": {"evaluated_users": 29587, "history_length_max": 507, "history_length_mean": 17.607935917801736, "history_length_min": 11, "hit@10": 0.04485077905837023, "hit@5": 0.03366343326460946, "ndcg@10": 0.029104443539987722, "ndcg@5": 0.025492597908719383, "recall@10": 0.04485077905837023, "recall@5": 0.03366343326460946, "total_users": 29587}, "long_rule": "length > threshold", "short": {"evaluated_users": 154997, "history_length_max": 10, "history_length_mean": 6.255211391188216, "history_length_min": 3, "hit@10": 0.0446589288824945, "hit@5": 0.0343232449660316, "ndcg@10": 0.030262581333873315, "ndcg@5": 0.026938735885114463, "recall@10": 0.0446589288824945, "recall@5": 0.0343232449660316, "total_users": 154997}, "short_rule": "length <= threshold", "threshold": 10}
2026-09-15 17:52:31,050 | INFO | 
========== PERIODIC TEST ==========
stage=coordinator | epoch=3 | step=42605 | users=184584/184584
NDCG  | @5 0.030350 | @10 0.033427
Recall| @5 0.037414 | @10 0.047003
Hit   | @5 0.037414 | @10 0.047003
================================
2026-09-15 17:52:31,050 | INFO | PERIODIC TEST SEQUENCE_LENGTH {"basis": "filtered_full_sequence", "long": {"evaluated_users": 29587, "history_length_max": 507, "history_length_mean": 17.607935917801736, "history_length_min": 11, "hit@10": 0.05035995538581134, "hit@5": 0.039949978030891946, "ndcg@10": 0.03546914576129245, "ndcg@5": 0.03213774179199914, "recall@10": 0.05035995538581134, "recall@5": 0.039949978030891946, "total_users": 29587}, "long_rule": "length > threshold", "short": {"evaluated_users": 154997, "history_length_max": 10, "history_length_mean": 6.255211391188216, "history_length_min": 3, "hit@10": 0.04636218765524494, "hit@5": 0.03692974702736182, "ndcg@10": 0.03303698309295294, "ndcg@5": 0.03000828709395841, "recall@10": 0.04636218765524494, "recall@5": 0.03692974702736182, "total_users": 154997}, "short_rule": "length <= threshold", "threshold": 10}
2026-09-15 17:52:31,052 | INFO | VALID_STEP step=42605 stage=coordinator epoch=3 ndcg@10=0.030077 recall@10=0.044690 improved=False
2026-09-15 17:52:31,052 | INFO | LEARNING_RATE step=42605 stage=coordinator lr=0.0001
2026-09-15 17:54:14,680 | INFO | stage=coordinator epoch=3 loss=3.753314 steps=7321 transitions/s=1620.53
2026-09-15 17:54:15,075 | INFO | TRAINING_BRANCHES stage=joint long=False short=True preference=True gcn=True preference_auxiliary=True preference_contrastive=True diversity_pairs=1 trainable_parameters=33760072
2026-09-15 18:08:42,309 | INFO | 
========== PERIODIC VALIDATION ==========
stage=joint | epoch=1 | step=49926 | users=184584/184584
NDCG  | @5 0.024936 | @10 0.027850
Recall| @5 0.031341 | @10 0.040415
Hit   | @5 0.031341 | @10 0.040415
================================
2026-09-15 18:08:42,309 | INFO | PERIODIC VALIDATION SEQUENCE_LENGTH {"basis": "filtered_full_sequence", "long": {"evaluated_users": 29587, "history_length_max": 507, "history_length_mean": 17.607935917801736, "history_length_min": 11, "hit@10": 0.04028796430864907, "hit@5": 0.029877986953729677, "ndcg@10": 0.026889843388593772, "ndcg@5": 0.023549901787814954, "recall@10": 0.04028796430864907, "recall@5": 0.029877986953729677, "total_users": 29587}, "long_rule": "length > threshold", "short": {"evaluated_users": 154997, "history_length_max": 10, "history_length_mean": 6.255211391188216, "history_length_min": 3, "hit@10": 0.04043949237727182, "hit@5": 0.03161996683806784, "ndcg@10": 0.02803283902793895, "ndcg@5": 0.02520028358364574, "recall@10": 0.04043949237727182, "recall@5": 0.03161996683806784, "total_users": 154997}, "short_rule": "length <= threshold", "threshold": 10}
2026-09-15 18:10:00,174 | INFO | 
========== PERIODIC TEST ==========
stage=joint | epoch=1 | step=49926 | users=184584/184584
NDCG  | @5 0.028401 | @10 0.031040
Recall| @5 0.034190 | @10 0.042382
Hit   | @5 0.034190 | @10 0.042382
================================
2026-09-15 18:10:00,174 | INFO | PERIODIC TEST SEQUENCE_LENGTH {"basis": "filtered_full_sequence", "long": {"evaluated_users": 29587, "history_length_max": 507, "history_length_mean": 17.607935917801736, "history_length_min": 11, "hit@10": 0.04572954338053875, "hit@5": 0.03684050427552641, "ndcg@10": 0.03332947474397769, "ndcg@5": 0.030460906497379026, "recall@10": 0.04572954338053875, "recall@5": 0.03684050427552641, "total_users": 29587}, "long_rule": "length > threshold", "short": {"evaluated_users": 154997, "history_length_max": 10, "history_length_mean": 6.255211391188216, "history_length_min": 3, "hit@10": 0.041742743407936926, "hit@5": 0.03368452292625018, "ndcg@10": 0.030602421301561284, "ndcg@5": 0.02800770293003166, "recall@10": 0.041742743407936926, "recall@5": 0.03368452292625018, "total_users": 154997}, "short_rule": "length <= threshold", "threshold": 10}
2026-09-15 18:10:00,176 | INFO | VALID_STEP step=49926 stage=joint epoch=1 ndcg@10=0.027850 recall@10=0.040415 improved=False
2026-09-15 18:10:00,176 | INFO | LEARNING_RATE step=49926 stage=joint lr=5e-05
2026-09-15 18:12:53,276 | INFO | stage=joint epoch=1 loss=4.289176 steps=7321 transitions/s=992.57
2026-09-15 18:27:06,783 | INFO | 
========== PERIODIC VALIDATION ==========
stage=joint | epoch=2 | step=57247 | users=184584/184584
NDCG  | @5 0.023379 | @10 0.026057
Recall| @5 0.029228 | @10 0.037533
Hit   | @5 0.029228 | @10 0.037533
================================
2026-09-15 18:27:06,783 | INFO | PERIODIC VALIDATION SEQUENCE_LENGTH {"basis": "filtered_full_sequence", "long": {"evaluated_users": 29587, "history_length_max": 507, "history_length_mean": 17.607935917801736, "history_length_min": 11, "hit@10": 0.03724608780883496, "hit@5": 0.028357048703822624, "ndcg@10": 0.025279944688447634, "ndcg@5": 0.022426374325768095, "recall@10": 0.03724608780883496, "recall@5": 0.028357048703822624, "total_users": 29587}, "long_rule": "length > threshold", "short": {"evaluated_users": 154997, "history_length_max": 10, "history_length_mean": 6.255211391188216, "history_length_min": 3, "hit@10": 0.037587824280469945, "hit@5": 0.029394117305496237, "ndcg@10": 0.02620567544186934, "ndcg@5": 0.023560822216513417, "recall@10": 0.037587824280469945, "recall@5": 0.029394117305496237, "total_users": 154997}, "short_rule": "length <= threshold", "threshold": 10}
2026-09-15 18:28:39,127 | INFO | 
========== PERIODIC TEST ==========
stage=joint | epoch=2 | step=57247 | users=184584/184584
NDCG  | @5 0.027561 | @10 0.029967
Recall| @5 0.032560 | @10 0.040058
Hit   | @5 0.032560 | @10 0.040058
================================
2026-09-15 18:28:39,127 | INFO | PERIODIC TEST SEQUENCE_LENGTH {"basis": "filtered_full_sequence", "long": {"evaluated_users": 29587, "history_length_max": 507, "history_length_mean": 17.607935917801736, "history_length_min": 11, "hit@10": 0.042620069625173215, "hit@5": 0.03471119072565654, "ndcg@10": 0.03187029896858461, "ndcg@5": 0.029323074841312555, "recall@10": 0.042620069625173215, "recall@5": 0.03471119072565654, "total_users": 29587}, "long_rule": "length > threshold", "short": {"evaluated_users": 154997, "history_length_max": 10, "history_length_mean": 6.255211391188216, "history_length_min": 3, "hit@10": 0.039568507777569886, "hit@5": 0.03214900933566456, "ndcg@10": 0.029603787796765903, "ndcg@5": 0.027224061005342803, "recall@10": 0.039568507777569886, "recall@5": 0.03214900933566456, "total_users": 154997}, "short_rule": "length <= threshold", "threshold": 10}
2026-09-15 18:28:39,129 | INFO | VALID_STEP step=57247 stage=joint epoch=2 ndcg@10=0.026057 recall@10=0.037533 improved=False
2026-09-15 18:28:39,129 | INFO | LEARNING_RATE step=57247 stage=joint lr=5e-05
2026-09-15 18:31:26,197 | INFO | stage=joint epoch=2 loss=4.315757 steps=7321 transitions/s=1010.57
2026-09-15 18:45:27,155 | INFO | 
========== PERIODIC VALIDATION ==========
stage=joint | epoch=3 | step=64568 | users=184584/184584
NDCG  | @5 0.022464 | @10 0.024995
Recall| @5 0.027884 | @10 0.035772
Hit   | @5 0.027884 | @10 0.035772
================================
2026-09-15 18:45:27,155 | INFO | PERIODIC VALIDATION SEQUENCE_LENGTH {"basis": "filtered_full_sequence", "long": {"evaluated_users": 29587, "history_length_max": 507, "history_length_mean": 17.607935917801736, "history_length_min": 11, "hit@10": 0.03521817014229222, "hit@5": 0.02714029810389698, "ndcg@10": 0.024256179772021037, "ndcg@5": 0.02167587128555714, "recall@10": 0.03521817014229222, "recall@5": 0.02714029810389698, "total_users": 29587}, "long_rule": "length > threshold", "short": {"evaluated_users": 154997, "history_length_max": 10, "history_length_mean": 6.255211391188216, "history_length_min": 3, "hit@10": 0.03587811376994393, "hit@5": 0.028026348897075427, "ndcg@10": 0.02513636366772118, "ndcg@5": 0.022613906227100463, "recall@10": 0.03587811376994393, "recall@5": 0.028026348897075427, "total_users": 154997}, "short_rule": "length <= threshold", "threshold": 10}
2026-09-15 18:46:59,403 | INFO | 
========== PERIODIC TEST ==========
stage=joint | epoch=3 | step=64568 | users=184584/184584
NDCG  | @5 0.026737 | @10 0.028858
Recall| @5 0.031520 | @10 0.038134
Hit   | @5 0.031520 | @10 0.038134
================================
2026-09-15 18:46:59,404 | INFO | PERIODIC TEST SEQUENCE_LENGTH {"basis": "filtered_full_sequence", "long": {"evaluated_users": 29587, "history_length_max": 507, "history_length_mean": 17.607935917801736, "history_length_min": 11, "hit@10": 0.040794943725284756, "hit@5": 0.03383242640348802, "ndcg@10": 0.03094863528992413, "ndcg@5": 0.02870882197196007, "recall@10": 0.040794943725284756, "recall@5": 0.03383242640348802, "total_users": 29587}, "long_rule": "length > threshold", "short": {"evaluated_users": 154997, "history_length_max": 10, "history_length_mean": 6.255211391188216, "history_length_min": 3, "hit@10": 0.03762653470712336, "hit@5": 0.031078020864919967, "ndcg@10": 0.028459255479659367, "ndcg@5": 0.02636039023277439, "recall@10": 0.03762653470712336, "recall@5": 0.031078020864919967, "total_users": 154997}, "short_rule": "length <= threshold", "threshold": 10}
2026-09-15 18:46:59,405 | INFO | VALID_STEP step=64568 stage=joint epoch=3 ndcg@10=0.024995 recall@10=0.035772 improved=False
2026-09-15 18:46:59,405 | INFO | LEARNING_RATE step=64568 stage=joint lr=5e-05
2026-09-15 18:49:48,154 | INFO | stage=joint epoch=3 loss=4.163956 steps=7321 transitions/s=1019.31
2026-09-15 19:04:10,317 | INFO | 
========== PERIODIC VALIDATION ==========
stage=joint | epoch=4 | step=71889 | users=184584/184584
NDCG  | @5 0.022079 | @10 0.024443
Recall| @5 0.027153 | @10 0.034499
Hit   | @5 0.027153 | @10 0.034499
================================
2026-09-15 19:04:10,317 | INFO | PERIODIC VALIDATION SEQUENCE_LENGTH {"basis": "filtered_full_sequence", "long": {"evaluated_users": 29587, "history_length_max": 507, "history_length_mean": 17.607935917801736, "history_length_min": 11, "hit@10": 0.033629634636833744, "hit@5": 0.026261533781728463, "ndcg@10": 0.023646444899660356, "ndcg@5": 0.021284751681985594, "recall@10": 0.033629634636833744, "recall@5": 0.026261533781728463, "total_users": 29587}, "long_rule": "length > threshold", "short": {"evaluated_users": 154997, "history_length_max": 10, "history_length_mean": 6.255211391188216, "history_length_min": 3, "hit@10": 0.0346651870681368, "hit@5": 0.027323109479538314, "ndcg@10": 0.024595307450266606, "ndcg@5": 0.02223057834420354, "recall@10": 0.0346651870681368, "recall@5": 0.027323109479538314, "total_users": 154997}, "short_rule": "length <= threshold", "threshold": 10}
2026-09-15 19:05:39,690 | INFO | 
========== PERIODIC TEST ==========
stage=joint | epoch=4 | step=71889 | users=184584/184584
NDCG  | @5 0.026262 | @10 0.028349
Recall| @5 0.030756 | @10 0.037257
Hit   | @5 0.030756 | @10 0.037257
================================
2026-09-15 19:05:39,690 | INFO | PERIODIC TEST SEQUENCE_LENGTH {"basis": "filtered_full_sequence", "long": {"evaluated_users": 29587, "history_length_max": 507, "history_length_mean": 17.607935917801736, "history_length_min": 11, "hit@10": 0.039544394497583395, "hit@5": 0.03312265522019806, "ndcg@10": 0.030328751437374478, "ndcg@5": 0.028259422987427674, "recall@10": 0.039544394497583395, "recall@5": 0.03312265522019806, "total_users": 29587}, "long_rule": "length > threshold", "short": {"evaluated_users": 154997, "history_length_max": 10, "history_length_mean": 6.255211391188216, "history_length_min": 3, "hit@10": 0.03682006748517713, "hit@5": 0.030303812331851584, "ndcg@10": 0.0279708964513392, "ndcg@5": 0.02588057012463831, "recall@10": 0.03682006748517713, "recall@5": 0.030303812331851584, "total_users": 154997}, "short_rule": "length <= threshold", "threshold": 10}
2026-09-15 19:05:39,692 | INFO | VALID_STEP step=71889 stage=joint epoch=4 ndcg@10=0.024443 recall@10=0.034499 improved=False
2026-09-15 19:05:39,692 | INFO | LEARNING_RATE step=71889 stage=joint lr=2.5e-05
2026-09-15 19:08:31,440 | INFO | stage=joint epoch=4 loss=4.099082 steps=7321 transitions/s=992.73
2026-09-15 19:22:52,996 | INFO | 
========== PERIODIC VALIDATION ==========
stage=joint | epoch=5 | step=79210 | users=184584/184584
NDCG  | @5 0.021902 | @10 0.024248
Recall| @5 0.026860 | @10 0.034147
Hit   | @5 0.026860 | @10 0.034147
================================
2026-09-15 19:22:52,996 | INFO | PERIODIC VALIDATION SEQUENCE_LENGTH {"basis": "filtered_full_sequence", "long": {"evaluated_users": 29587, "history_length_max": 507, "history_length_mean": 17.607935917801736, "history_length_min": 11, "hit@10": 0.03281846757021665, "hit@5": 0.02561935985398993, "ndcg@10": 0.023313479533429514, "ndcg@5": 0.021004928560564066, "recall@10": 0.03281846757021665, "recall@5": 0.02561935985398993, "total_users": 29587}, "long_rule": "length > threshold", "short": {"evaluated_users": 154997, "history_length_max": 10, "history_length_mean": 6.255211391188216, "history_length_min": 3, "hit@10": 0.03440066581933844, "hit@5": 0.027097298657393368, "ndcg@10": 0.024426312516632503, "ndcg@5": 0.022073197901969828, "recall@10": 0.03440066581933844, "recall@5": 0.027097298657393368, "total_users": 154997}, "short_rule": "length <= threshold", "threshold": 10}
2026-09-15 19:24:17,296 | INFO | 
========== PERIODIC TEST ==========
stage=joint | epoch=5 | step=79210 | users=184584/184584
NDCG  | @5 0.026016 | @10 0.028118
Recall| @5 0.030181 | @10 0.036731
Hit   | @5 0.030181 | @10 0.036731
================================
2026-09-15 19:24:17,296 | INFO | PERIODIC TEST SEQUENCE_LENGTH {"basis": "filtered_full_sequence", "long": {"evaluated_users": 29587, "history_length_max": 507, "history_length_mean": 17.607935917801736, "history_length_min": 11, "hit@10": 0.039172609592050565, "hit@5": 0.032514279920235235, "ndcg@10": 0.030032515835048134, "ndcg@5": 0.027882312588716138, "recall@10": 0.039172609592050565, "recall@5": 0.032514279920235235, "total_users": 29587}, "long_rule": "length > threshold", "short": {"evaluated_users": 154997, "history_length_max": 10, "history_length_mean": 6.255211391188216, "history_length_min": 3, "hit@10": 0.03626521803647813, "hit@5": 0.029736059407601437, "ndcg@10": 0.027752816272264273, "ndcg@5": 0.025660296097753485, "recall@10": 0.03626521803647813, "recall@5": 0.029736059407601437, "total_users": 154997}, "short_rule": "length <= threshold", "threshold": 10}
2026-09-15 19:24:17,298 | INFO | VALID_STEP step=79210 stage=joint epoch=5 ndcg@10=0.024248 recall@10=0.034147 improved=False
2026-09-15 19:24:17,298 | INFO | LEARNING_RATE step=79210 stage=joint lr=2.5e-05
2026-09-15 19:27:05,421 | INFO | stage=joint epoch=5 loss=3.967420 steps=7321 transitions/s=993.21
2026-09-15 19:40:50,307 | INFO | 
========== PERIODIC VALIDATION ==========
stage=joint | epoch=6 | step=86531 | users=184584/184584
NDCG  | @5 0.021552 | @10 0.023794
Recall| @5 0.026422 | @10 0.033416
Hit   | @5 0.026422 | @10 0.033416
================================
2026-09-15 19:40:50,308 | INFO | PERIODIC VALIDATION SEQUENCE_LENGTH {"basis": "filtered_full_sequence", "long": {"evaluated_users": 29587, "history_length_max": 507, "history_length_mean": 17.607935917801736, "history_length_min": 11, "hit@10": 0.031736911481393855, "hit@5": 0.024841991415148545, "ndcg@10": 0.022610377333539138, "ndcg@5": 0.020397156121155224, "recall@10": 0.031736911481393855, "recall@5": 0.024841991415148545, "total_users": 29587}, "long_rule": "length > threshold", "short": {"evaluated_users": 154997, "history_length_max": 10, "history_length_mean": 6.255211391188216, "history_length_min": 3, "hit@10": 0.03373613682845474, "hit@5": 0.026723097866410316, "ndcg@10": 0.024019711055040315, "ndcg@5": 0.021772762506605623, "recall@10": 0.03373613682845474, "recall@5": 0.026723097866410316, "total_users": 154997}, "short_rule": "length <= threshold", "threshold": 10}
2026-09-15 19:42:07,417 | INFO | 
========== PERIODIC TEST ==========
stage=joint | epoch=6 | step=86531 | users=184584/184584
NDCG  | @5 0.025641 | @10 0.027624
Recall| @5 0.029699 | @10 0.035870
Hit   | @5 0.029699 | @10 0.035870
================================
2026-09-15 19:42:07,417 | INFO | PERIODIC TEST SEQUENCE_LENGTH {"basis": "filtered_full_sequence", "long": {"evaluated_users": 29587, "history_length_max": 507, "history_length_mean": 17.607935917801736, "history_length_min": 11, "hit@10": 0.03809105350322777, "hit@5": 0.032345286781356675, "ndcg@10": 0.029648155401130236, "ndcg@5": 0.02778190074040297, "recall@10": 0.03809105350322777, "recall@5": 0.032345286781356675, "total_users": 29587}, "long_rule": "length > threshold", "short": {"evaluated_users": 154997, "history_length_max": 10, "history_length_mean": 6.255211391188216, "history_length_min": 3, "hit@10": 0.035445847338980756, "hit@5": 0.02919411343445357, "ndcg@10": 0.027237183374573624, "ndcg@5": 0.025231978821204454, "recall@10": 0.035445847338980756, "recall@5": 0.02919411343445357, "total_users": 154997}, "short_rule": "length <= threshold", "threshold": 10}
2026-09-15 19:42:07,419 | INFO | VALID_STEP step=86531 stage=joint epoch=6 ndcg@10=0.023794 recall@10=0.033416 improved=False
2026-09-15 19:42:07,419 | INFO | LEARNING_RATE step=86531 stage=joint lr=2.5e-05
2026-09-15 19:42:07,419 | INFO | EARLY_STOP step=86531 checks_without_improvement=6 best_step=13321 best_ndcg@10=0.035556
2026-09-15 19:42:07,420 | INFO | stage=joint epoch=6 loss=3.921009 steps=6000 transitions/s=1033.03
2026-09-15 19:43:25,452 | INFO | 
========== FINAL CURRENT VALIDATION ==========
stage=final | epoch=0 | step=86531 | users=184584/184584
NDCG  | @5 0.021552 | @10 0.023794
Recall| @5 0.026422 | @10 0.033416
Hit   | @5 0.026422 | @10 0.033416
================================
2026-09-15 19:43:25,452 | INFO | FINAL CURRENT VALIDATION SEQUENCE_LENGTH {"basis": "filtered_full_sequence", "long": {"evaluated_users": 29587, "history_length_max": 507, "history_length_mean": 17.607935917801736, "history_length_min": 11, "hit@10": 0.031736911481393855, "hit@5": 0.024841991415148545, "ndcg@10": 0.022610377333539138, "ndcg@5": 0.020397156121155224, "recall@10": 0.031736911481393855, "recall@5": 0.024841991415148545, "total_users": 29587}, "long_rule": "length > threshold", "short": {"evaluated_users": 154997, "history_length_max": 10, "history_length_mean": 6.255211391188216, "history_length_min": 3, "hit@10": 0.03373613682845474, "hit@5": 0.026723097866410316, "ndcg@10": 0.024019711055040315, "ndcg@5": 0.021772762506605623, "recall@10": 0.03373613682845474, "recall@5": 0.026723097866410316, "total_users": 154997}, "short_rule": "length <= threshold", "threshold": 10}
2026-09-15 19:43:25,452 | INFO | VALID_STEP step=86531 stage=final epoch=0 ndcg@10=0.023794 recall@10=0.033416 improved=False
2026-09-15 19:43:25,489 | INFO | RESTORE_BEST step=13321 stage=specialists ndcg@10=0.035556
2026-09-15 19:46:00,827 | INFO | 
========== BEST CHECKPOINT VALIDATION ==========
stage=specialists | epoch=0 | step=13321 | users=184584/184584
NDCG  | @5 0.031081 | @10 0.035556
Recall| @5 0.040859 | @10 0.054821
Hit   | @5 0.040859 | @10 0.054821
================================
2026-09-15 19:46:00,827 | INFO | BEST CHECKPOINT VALIDATION SEQUENCE_LENGTH {"basis": "filtered_full_sequence", "long": {"evaluated_users": 29587, "history_length_max": 507, "history_length_mean": 17.607935917801736, "history_length_min": 11, "hit@10": 0.05387501267448542, "hit@5": 0.04049075607530334, "ndcg@10": 0.03449911302162042, "ndcg@5": 0.03021756686405971, "recall@10": 0.05387501267448542, "recall@5": 0.04049075607530334, "total_users": 29587}, "long_rule": "length > threshold", "short": {"evaluated_users": 154997, "history_length_max": 10, "history_length_mean": 6.255211391188216, "history_length_min": 3, "hit@10": 0.055001064536732966, "hit@5": 0.04092982444821513, "ndcg@10": 0.035757750575813665, "ndcg@5": 0.031245501453703372, "recall@10": 0.055001064536732966, "recall@5": 0.04092982444821513, "total_users": 154997}, "short_rule": "length <= threshold", "threshold": 10}
2026-09-15 19:46:00,827 | INFO | 
========== FINAL FULL TEST ==========
stage=specialists | epoch=0 | step=13321 | users=184584/184584
NDCG  | @5 0.035219 | @10 0.039375
Recall| @5 0.045101 | @10 0.058049
Hit   | @5 0.045101 | @10 0.058049
================================
2026-09-15 19:46:00,828 | INFO | FINAL FULL TEST SEQUENCE_LENGTH {"basis": "filtered_full_sequence", "long": {"evaluated_users": 29587, "history_length_max": 507, "history_length_mean": 17.607935917801736, "history_length_min": 11, "hit@10": 0.05921519586304796, "hit@5": 0.045526751613884475, "ndcg@10": 0.040193387709635264, "ndcg@5": 0.035808616006346106, "recall@10": 0.05921519586304796, "recall@5": 0.045526751613884475, "total_users": 29587}, "long_rule": "length > threshold", "short": {"evaluated_users": 154997, "history_length_max": 10, "history_length_mean": 6.255211391188216, "history_length_min": 3, "hit@10": 0.05782692568243256, "hit@5": 0.045020226197926415, "ndcg@10": 0.03921839367185388, "ndcg@5": 0.035106466982238675, "recall@10": 0.05782692568243256, "recall@5": 0.045020226197926415, "total_users": 154997}, "short_rule": "length <= threshold", "threshold": 10}
2026-09-15 19:46:00,828 | INFO | VALID_BEST {"evaluated_users": 184584, "hit@10": 0.05482056949681446, "hit@5": 0.04085944610583799, "long_agent_weight": 0.0, "long_preference_state_cosine": 0.0, "long_short_state_cosine": 0.0, "ndcg@10": 0.035556003615225894, "ndcg@5": 0.031080733673097365, "preference_change_probability": 0.08936914349648017, "preference_current_entropy": 1.8533743484605196, "preference_next_entropy": 2.06864028249167, "preference_ranking_weight": 0.199951171875, "recall@10": 0.05482056949681446, "recall@5": 0.04085944610583799, "scores_per_second": 183596968.61677134, "sequence_length": {"basis": "filtered_full_sequence", "long": {"evaluated_users": 29587, "history_length_max": 507, "history_length_mean": 17.607935917801736, "history_length_min": 11, "hit@10": 0.05387501267448542, "hit@5": 0.04049075607530334, "ndcg@10": 0.03449911302162042, "ndcg@5": 0.03021756686405971, "recall@10": 0.05387501267448542, "recall@5": 0.04049075607530334, "total_users": 29587}, "long_rule": "length > threshold", "short": {"evaluated_users": 154997, "history_length_max": 10, "history_length_mean": 6.255211391188216, "history_length_min": 3, "hit@10": 0.055001064536732966, "hit@5": 0.04092982444821513, "ndcg@10": 0.035757750575813665, "ndcg@5": 0.031245501453703372, "recall@10": 0.055001064536732966, "recall@5": 0.04092982444821513, "total_users": 154997}, "short_rule": "length <= threshold", "threshold": 10}, "short_agent_weight": 1.0, "short_preference_state_cosine": 0.34193164882075877, "total_users": 184584, "users_per_second": 2374.3852958560256}
2026-09-15 19:46:00,828 | INFO | TEST_FINAL {"evaluated_users": 184584, "hit@10": 0.058049451740129154, "hit@5": 0.04510141724093096, "long_agent_weight": 0.0, "long_preference_state_cosine": 0.0, "long_short_state_cosine": 0.0, "ndcg@10": 0.03937467585666093, "ndcg@5": 0.03521901454586168, "preference_change_probability": 0.09568937767292347, "preference_current_entropy": 1.9096487854162874, "preference_next_entropy": 2.090813944182997, "preference_ranking_weight": 0.199951171875, "recall@10": 0.058049451740129154, "recall@5": 0.04510141724093096, "scores_per_second": 185327136.02433342, "sequence_length": {"basis": "filtered_full_sequence", "long": {"evaluated_users": 29587, "history_length_max": 507, "history_length_mean": 17.607935917801736, "history_length_min": 11, "hit@10": 0.05921519586304796, "hit@5": 0.045526751613884475, "ndcg@10": 0.040193387709635264, "ndcg@5": 0.035808616006346106, "recall@10": 0.05921519586304796, "recall@5": 0.045526751613884475, "total_users": 29587}, "long_rule": "length > threshold", "short": {"evaluated_users": 154997, "history_length_max": 10, "history_length_mean": 6.255211391188216, "history_length_min": 3, "hit@10": 0.05782692568243256, "hit@5": 0.045020226197926415, "ndcg@10": 0.03921839367185388, "ndcg@5": 0.035106466982238675, "recall@10": 0.05782692568243256, "recall@5": 0.045020226197926415, "total_users": 154997}, "short_rule": "length <= threshold", "threshold": 10}, "short_agent_weight": 1.0, "short_preference_state_cosine": 0.34748139897760116, "total_users": 184584, "users_per_second": 2396.760850762162}
2026-09-15 19:46:00,828 | INFO | TARGET_RESULT metric=recall@10 target=>0.150000 actual=0.058049 achieved=False
2026-09-15 19:46:01,903 | INFO | FINAL_LENGTH_SCORES dataset=amazon:Baby_Products group=short split=valid threshold=10 users=154997/154997 scores={"hit@10": 0.055001064536732966, "hit@5": 0.04092982444821513, "ndcg@10": 0.035757750575813665, "ndcg@5": 0.031245501453703372, "recall@10": 0.055001064536732966, "recall@5": 0.04092982444821513}
2026-09-15 19:46:01,903 | INFO | FINAL_LENGTH_SCORES dataset=amazon:Baby_Products group=short split=test threshold=10 users=154997/154997 scores={"hit@10": 0.05782692568243256, "hit@5": 0.045020226197926415, "ndcg@10": 0.03921839367185388, "ndcg@5": 0.035106466982238675, "recall@10": 0.05782692568243256, "recall@5": 0.045020226197926415}
2026-09-15 19:46:01,904 | INFO | short_scores=/workspace/P78123011/MediaTek_2026_project/ver4/outputs_mamba_rl/amazons_long_short_L0_S1_P1_G1_SW6/Baby_Products/rl_20260915_160137_r1_4039433/short_scores.json
2026-09-15 19:46:01,904 | INFO | FINAL_LENGTH_SCORES dataset=amazon:Baby_Products group=long split=valid threshold=10 users=29587/29587 scores={"hit@10": 0.05387501267448542, "hit@5": 0.04049075607530334, "ndcg@10": 0.03449911302162042, "ndcg@5": 0.03021756686405971, "recall@10": 0.05387501267448542, "recall@5": 0.04049075607530334}
2026-09-15 19:46:01,904 | INFO | FINAL_LENGTH_SCORES dataset=amazon:Baby_Products group=long split=test threshold=10 users=29587/29587 scores={"hit@10": 0.05921519586304796, "hit@5": 0.045526751613884475, "ndcg@10": 0.040193387709635264, "ndcg@5": 0.035808616006346106, "recall@10": 0.05921519586304796, "recall@5": 0.045526751613884475}
2026-09-15 19:46:01,904 | INFO | long_scores=/workspace/P78123011/MediaTek_2026_project/ver4/outputs_mamba_rl/amazons_long_short_L0_S1_P1_G1_SW6/Baby_Products/rl_20260915_160137_r1_4039433/long_scores.json
2026-09-15 19:46:01,905 | INFO | scores=/workspace/P78123011/MediaTek_2026_project/ver4/outputs_mamba_rl/amazons_long_short_L0_S1_P1_G1_SW6/Baby_Products/rl_20260915_160137_r1_4039433/Baby_Products_scores.json
2026-09-15 19:46:01,905 | INFO | outputs=/workspace/P78123011/MediaTek_2026_project/ver4/outputs_mamba_rl/amazons_long_short_L0_S1_P1_G1_SW6/Baby_Products/rl_20260915_160137_r1_4039433
