2026-10-02 19:59:46,903 | INFO | run_id=20261002_195946 dataset=amazon-all-beauty device=cuda:0
2026-10-02 19:59:46,903 | INFO | MODEL recommender=MultiAgentMambaRecommender semantic_encoder=MambaTextEncoder semantic_model_id=state-spaces/mamba-130m-hf graph_backbone=LightGCN adaptation=multi_lora
2026-10-02 19:59:46,903 | INFO | ABLATION USE_SHORT=1 USE_PREFERENCE=1 USE_GCN=1 USE_COORDINATOR=1
2026-10-02 19:59:46,903 | INFO | AGENT_HISTORY mode=full_history effective_max_history=100 short=4 preference=100
2026-10-02 19:59:46,903 | INFO | EXPERIMENT_NOTE amazons_long_short subset=Full_Beauty; short filtered-full-sequence <= 10; long > 10; same model and full catalog
2026-10-02 19:59:46,903 | INFO | EXPERIMENT_CONFIG {"agent_diversity_coef": 0.02, "batch_size": 128, "cache_dir": "/workspace/P78123011/cache", "candidates": 64, "data_path": null, "dataset": "amazon-all-beauty", "device": "cuda:0", "dim": 128, "early_stopping_patience": 6, "enable_lora": 1, "eval_batch_size": 64, "eval_length_basis": "filtered_full_sequence", "eval_length_threshold": 10, "experiment_note": "amazons_long_short subset=Full_Beauty; short filtered-full-sequence <= 10; long > 10; same model and full catalog", "full_catalog_supervised": false, "future_decay": 0.5, "future_horizon": 3, "generate_reasons": false, "graph_device": "cuda:0", "hard_negative_fraction": 0.75, "hard_negative_pool_multiplier": 12, "hard_negative_warmup_epochs": 2, "history_influence_negatives": 64, "history_influence_output": null, "history_influence_user_limit": 0, "item_prompt_prefix": "Preference-aware product representation: ", "item_vector_artifact": null, "joint_epochs": 5, "joint_lr": 5e-05, "lora_alpha": 32.0, "lora_dropout": 0.05, "lora_rank": 16, "lr_patience": 2, "mamba_encode_batch_size": 32, "mamba_max_tokens": 32, "mamba_model_id": "state-spaces/mamba-130m-hf", "max_events": null, "max_history": 100, "max_transitions": 500000, "min_rating": 4.0, "monitor_metric": "ndcg@10", "output_dir": "/workspace/P78123011/MediaTek_2026_project/ver5/outputs_mamba_rl/amazons_lora", "output_run_dir": "/workspace/P78123011/MediaTek_2026_project/ver5/outputs_mamba_rl/amazons_long_short_S1_P1_G1_C1_SW4/Full_Beauty/rl_20261002_195945_r1_761968", "periodic_test_user_limit": 0, "popularity_alpha": -0.25, "preference_balance_coef": 0.01, "preference_coef": 0.2, "preference_contrastive_coef": 0.05, "preference_count": 32, "preference_score_weight": 0.2, "preference_separation_coef": 0.01, "preference_sharpness_coef": 0.05, "preference_temperature": 0.2, "preference_transition_coef": 0.1, "reason_count": 20, "reason_max_new_tokens": 40, "refresh_data_cache": false, "resume_checkpoint": null, "reverse_history_input": false, "rl_coef": 0.1, "rl_topk": 10, "save_model_weights": false, "score_file": "/workspace/P78123011/MediaTek_2026_project/ver5/outputs_mamba_rl/amazons_long_short_S1_P1_G1_C1_SW4/Full_Beauty/rl_20261002_195945_r1_761968/Full_Beauty_scores.json", "seed": 25252, "short_window": 4, "skip_mamba": false, "specialist_epochs": 3, "specialist_lr": 0.0001, "target_recall_at_10": 0.15, "transition_beta": 4.0, "use_coordinator": true, "use_graph_embeddings": true, "use_in_batch_negatives": true, "use_preference": 1, "use_short": 1, "validate_every_steps": 250, "validation_user_limit": 0}
2026-10-02 19:59:46,907 | INFO | INTERACTION_CACHE hit path=/workspace/P78123011/cache/mamba_multi_agent_data/amazon-all-beauty_90e3e920169a.pkl
2026-10-02 19:59:46,907 | INFO | HISTORY_INPUT_ORDER chronological
2026-10-02 19:59:46,908 | INFO | LENGTH_SPLIT preprocessing=original_one_pass_user_item_min_5 basis=filtered_full_sequence short<=10 long>10
2026-10-02 19:59:46,908 | INFO | users=1603 items=4090 train_interactions=8445
2026-10-02 19:59:47,170 | INFO | CATALOG_PRIORS popularity_alpha=-0.250000 transition_beta=4.000000 source=train_histories_only enabled=True
2026-10-02 19:59:47,205 | INFO | ITEM_VECTOR_ARTIFACT path=/workspace/P78123011/cache/mamba_multi_agent/amazon-all-beauty_4090_47e41e57cc9e_prompt_tok32.pt fingerprint=47e41e57cc9e
2026-10-02 19:59:47,205 | INFO | SEMANTIC_BACKBONE model_id=state-spaces/mamba-130m-hf hidden_size=768 frozen=True usage=shared_cached_item_vectors
2026-10-02 19:59:48,071 | INFO | GRAPH_EMBEDDINGS enabled=True source=train_histories_only main_device=cuda:0 graph_device=cuda:0
2026-10-02 19:59:48,089 | INFO | ADAPTATION_MODE mode=multi_lora enable_lora=1
2026-10-02 19:59:48,089 | INFO | ADAPTER_ROUTES {'short': ('candidate_lora', 'delta_lora', 'gate_lora', 'output_lora'), 'preference': ('transition_encoder.candidate_lora', 'transition_encoder.delta_lora', 'transition_encoder.gate_lora', 'transition_encoder.output_lora', 'state_lora'), 'coordinator': ('state_lora', 'mix_lora', 'score_lora')}
2026-10-02 19:59:48,089 | INFO | agent_parameters={'short': 16513, 'preference': 28994, 'coordinator': 14373, 'shared_projection': 98304, 'graph': 728704}
2026-10-02 19:59:48,090 | INFO | PREDICTION_PATH graph_only=False active_agents=2 coordinator=True
2026-10-02 19:59:48,099 | INFO | training_transitions=6842
2026-10-02 19:59:48,099 | INFO | schedule specialist_dl_epochs=3 joint_dl_rl_epochs=5 rl_coef=0.1000 rl_topk=10 validate_every_steps=250 validation_users=0 periodic_test_users=0 monitor=ndcg@10 early_stopping_patience=6
2026-10-02 19:59:48,946 | INFO | TRAINING_BRANCHES stage=specialists short=True preference=True gcn=True preference_auxiliary=True preference_contrastive=False diversity_pairs=0 policy_gradient=False trainable_parameters=872515
2026-10-02 19:59:59,688 | INFO | 
========== PERIODIC VALIDATION ==========
stage=specialists | epoch=1 | step=54 | users=1457/1457
NDCG  | @5 0.092383 | @10 0.094353
Recall| @5 0.097461 | @10 0.103638
Hit   | @5 0.097461 | @10 0.103638
================================
2026-10-02 19:59:59,688 | INFO | PERIODIC VALIDATION SEQUENCE_LENGTH {"basis": "filtered_full_sequence", "long": {"evaluated_users": 219, "history_length_max": 119, "history_length_mean": 20.98173515981735, "history_length_min": 11, "hit@10": 0.0502283105022831, "hit@5": 0.0410958904109589, "ndcg@10": 0.03690561543906725, "ndcg@5": 0.03375702858773687, "recall@10": 0.0502283105022831, "recall@5": 0.0410958904109589, "total_users": 219}, "long_rule": "length > threshold", "short": {"evaluated_users": 1238, "history_length_max": 10, "history_length_mean": 5.27221324717286, "history_length_min": 3, "hit@10": 0.11308562197092084, "hit@5": 0.1074313408723748, "ndcg@10": 0.10451551437295475, "ndcg@5": 0.10275326167142192, "recall@10": 0.11308562197092084, "recall@5": 0.1074313408723748, "total_users": 1238}, "short_rule": "length <= threshold", "threshold": 10}
2026-10-02 20:00:00,356 | INFO | 
========== PERIODIC TEST ==========
stage=specialists | epoch=1 | step=54 | users=1457/1457
NDCG  | @5 0.108115 | @10 0.109417
Recall| @5 0.115305 | @10 0.119423
Hit   | @5 0.115305 | @10 0.119423
================================
2026-10-02 20:00:00,357 | INFO | PERIODIC TEST SEQUENCE_LENGTH {"basis": "filtered_full_sequence", "long": {"evaluated_users": 219, "history_length_max": 119, "history_length_mean": 20.98173515981735, "history_length_min": 11, "hit@10": 0.0639269406392694, "hit@5": 0.0547945205479452, "ndcg@10": 0.042669780616527965, "ndcg@5": 0.03977314441106077, "recall@10": 0.0639269406392694, "recall@5": 0.0547945205479452, "total_users": 219}, "long_rule": "length > threshold", "short": {"evaluated_users": 1238, "history_length_max": 10, "history_length_mean": 5.27221324717286, "history_length_min": 3, "hit@10": 0.12924071082390953, "hit@5": 0.1260096930533118, "ndcg@10": 0.12122390419922013, "ndcg@5": 0.12020470639156618, "recall@10": 0.12924071082390953, "recall@5": 0.1260096930533118, "total_users": 1238}, "short_rule": "length <= threshold", "threshold": 10}
2026-10-02 20:00:00,358 | INFO | VALID_STEP step=54 stage=specialists epoch=1 ndcg@10=0.094353 recall@10=0.103638 improved=True
2026-10-02 20:00:00,361 | INFO | BEST_MODEL_IN_MEMORY step=54 stage=specialists ndcg@10=0.094353
2026-10-02 20:00:00,361 | INFO | stage=specialists epoch=1 loss=8.396007 sampled_ndcg_reward=0.000000 steps=54 transitions/s=680.88
2026-10-02 20:00:09,962 | INFO | 
========== PERIODIC VALIDATION ==========
stage=specialists | epoch=2 | step=108 | users=1457/1457
NDCG  | @5 0.093450 | @10 0.095403
Recall| @5 0.098833 | @10 0.105010
Hit   | @5 0.098833 | @10 0.105010
================================
2026-10-02 20:00:09,962 | INFO | PERIODIC VALIDATION SEQUENCE_LENGTH {"basis": "filtered_full_sequence", "long": {"evaluated_users": 219, "history_length_max": 119, "history_length_mean": 20.98173515981735, "history_length_min": 11, "hit@10": 0.0502283105022831, "hit@5": 0.0410958904109589, "ndcg@10": 0.03848642088497527, "ndcg@5": 0.03544228085453386, "recall@10": 0.0502283105022831, "recall@5": 0.0410958904109589, "total_users": 219}, "long_rule": "length > threshold", "short": {"evaluated_users": 1238, "history_length_max": 10, "history_length_mean": 5.27221324717286, "history_length_min": 3, "hit@10": 0.1147011308562197, "hit@5": 0.10904684975767366, "ndcg@10": 0.10547194726979243, "ndcg@5": 0.10371174277944815, "recall@10": 0.1147011308562197, "recall@5": 0.10904684975767366, "total_users": 1238}, "short_rule": "length <= threshold", "threshold": 10}
2026-10-02 20:00:10,627 | INFO | 
========== PERIODIC TEST ==========
stage=specialists | epoch=2 | step=108 | users=1457/1457
NDCG  | @5 0.108441 | @10 0.109838
Recall| @5 0.115992 | @10 0.120110
Hit   | @5 0.115992 | @10 0.120110
================================
2026-10-02 20:00:10,627 | INFO | PERIODIC TEST SEQUENCE_LENGTH {"basis": "filtered_full_sequence", "long": {"evaluated_users": 219, "history_length_max": 119, "history_length_mean": 20.98173515981735, "history_length_min": 11, "hit@10": 0.0547945205479452, "hit@5": 0.0547945205479452, "ndcg@10": 0.03977314441106077, "ndcg@5": 0.03977314441106077, "recall@10": 0.0547945205479452, "recall@5": 0.0547945205479452, "total_users": 219}, "long_rule": "length > threshold", "short": {"evaluated_users": 1238, "history_length_max": 10, "history_length_mean": 5.27221324717286, "history_length_min": 3, "hit@10": 0.13166397415185785, "hit@5": 0.12681744749596122, "ndcg@10": 0.12223283121593369, "ndcg@5": 0.12058798612412856, "recall@10": 0.13166397415185785, "recall@5": 0.12681744749596122, "total_users": 1238}, "short_rule": "length <= threshold", "threshold": 10}
2026-10-02 20:00:10,628 | INFO | VALID_STEP step=108 stage=specialists epoch=2 ndcg@10=0.095403 recall@10=0.105010 improved=True
2026-10-02 20:00:10,632 | INFO | BEST_MODEL_IN_MEMORY step=108 stage=specialists ndcg@10=0.095403
2026-10-02 20:00:10,632 | INFO | stage=specialists epoch=2 loss=8.396939 sampled_ndcg_reward=0.000000 steps=54 transitions/s=765.62
2026-10-02 20:00:20,066 | INFO | 
========== PERIODIC VALIDATION ==========
stage=specialists | epoch=3 | step=162 | users=1457/1457
NDCG  | @5 0.093793 | @10 0.095278
Recall| @5 0.098147 | @10 0.102951
Hit   | @5 0.098147 | @10 0.102951
================================
2026-10-02 20:00:20,067 | INFO | PERIODIC VALIDATION SEQUENCE_LENGTH {"basis": "filtered_full_sequence", "long": {"evaluated_users": 219, "history_length_max": 119, "history_length_mean": 20.98173515981735, "history_length_min": 11, "hit@10": 0.0502283105022831, "hit@5": 0.0410958904109589, "ndcg@10": 0.03908427364100932, "ndcg@5": 0.03604013361056792, "recall@10": 0.0502283105022831, "recall@5": 0.0410958904109589, "total_users": 219}, "long_rule": "length > threshold", "short": {"evaluated_users": 1238, "history_length_max": 10, "history_length_mean": 5.27221324717286, "history_length_min": 3, "hit@10": 0.1122778675282714, "hit@5": 0.10823909531502424, "ndcg@10": 0.10521798249445463, "ndcg@5": 0.10400986091065051, "recall@10": 0.1122778675282714, "recall@5": 0.10823909531502424, "total_users": 1238}, "short_rule": "length <= threshold", "threshold": 10}
2026-10-02 20:00:20,731 | INFO | 
========== PERIODIC TEST ==========
stage=specialists | epoch=3 | step=162 | users=1457/1457
NDCG  | @5 0.109483 | @10 0.111636
Recall| @5 0.118051 | @10 0.124914
Hit   | @5 0.118051 | @10 0.124914
================================
2026-10-02 20:00:20,731 | INFO | PERIODIC TEST SEQUENCE_LENGTH {"basis": "filtered_full_sequence", "long": {"evaluated_users": 219, "history_length_max": 119, "history_length_mean": 20.98173515981735, "history_length_min": 11, "hit@10": 0.0593607305936073, "hit@5": 0.0547945205479452, "ndcg@10": 0.04220758172911923, "ndcg@5": 0.04088765101533893, "recall@10": 0.0593607305936073, "recall@5": 0.0547945205479452, "total_users": 219}, "long_rule": "length > threshold", "short": {"evaluated_users": 1238, "history_length_max": 10, "history_length_mean": 5.27221324717286, "history_length_min": 3, "hit@10": 0.13651050080775445, "hit@5": 0.12924071082390953, "ndcg@10": 0.12391758315614265, "ndcg@5": 0.1216168274928435, "recall@10": 0.13651050080775445, "recall@5": 0.12924071082390953, "total_users": 1238}, "short_rule": "length <= threshold", "threshold": 10}
2026-10-02 20:00:20,732 | INFO | VALID_STEP step=162 stage=specialists epoch=3 ndcg@10=0.095278 recall@10=0.102951 improved=False
2026-10-02 20:00:20,733 | INFO | stage=specialists epoch=3 loss=8.343159 sampled_ndcg_reward=0.000000 steps=54 transitions/s=780.59
2026-10-02 20:00:20,736 | INFO | TRAINING_BRANCHES stage=joint short=True preference=True gcn=True preference_auxiliary=True preference_contrastive=True diversity_pairs=1 policy_gradient=True trainable_parameters=886888
2026-10-02 20:00:30,584 | INFO | 
========== PERIODIC VALIDATION ==========
stage=joint | epoch=1 | step=216 | users=1457/1457
NDCG  | @5 0.094029 | @10 0.094944
Recall| @5 0.098833 | @10 0.101579
Hit   | @5 0.098833 | @10 0.101579
================================
2026-10-02 20:00:30,585 | INFO | PERIODIC VALIDATION SEQUENCE_LENGTH {"basis": "filtered_full_sequence", "long": {"evaluated_users": 219, "history_length_max": 119, "history_length_mean": 20.98173515981735, "history_length_min": 11, "hit@10": 0.0502283105022831, "hit@5": 0.0410958904109589, "ndcg@10": 0.03908427364100932, "ndcg@5": 0.03604013361056792, "recall@10": 0.0502283105022831, "recall@5": 0.0410958904109589, "total_users": 219}, "long_rule": "length > threshold", "short": {"evaluated_users": 1238, "history_length_max": 10, "history_length_mean": 5.27221324717286, "history_length_min": 3, "hit@10": 0.11066235864297254, "hit@5": 0.10904684975767366, "ndcg@10": 0.10482544711667831, "ndcg@5": 0.10428694415491199, "recall@10": 0.11066235864297254, "recall@5": 0.10904684975767366, "total_users": 1238}, "short_rule": "length <= threshold", "threshold": 10}
2026-10-02 20:00:31,243 | INFO | 
========== PERIODIC TEST ==========
stage=joint | epoch=1 | step=216 | users=1457/1457
NDCG  | @5 0.110417 | @10 0.112136
Recall| @5 0.119423 | @10 0.124914
Hit   | @5 0.119423 | @10 0.124914
================================
2026-10-02 20:00:31,243 | INFO | PERIODIC TEST SEQUENCE_LENGTH {"basis": "filtered_full_sequence", "long": {"evaluated_users": 219, "history_length_max": 119, "history_length_mean": 20.98173515981735, "history_length_min": 11, "hit@10": 0.0593607305936073, "hit@5": 0.0547945205479452, "ndcg@10": 0.043576288598991084, "ndcg@5": 0.04225635788521078, "recall@10": 0.0593607305936073, "recall@5": 0.0547945205479452, "total_users": 219}, "long_rule": "length > threshold", "short": {"evaluated_users": 1238, "history_length_max": 10, "history_length_mean": 5.27221324717286, "history_length_min": 3, "hit@10": 0.13651050080775445, "hit@5": 0.1308562197092084, "ndcg@10": 0.12426354395385265, "ndcg@5": 0.12247434470741929, "recall@10": 0.13651050080775445, "recall@5": 0.1308562197092084, "total_users": 1238}, "short_rule": "length <= threshold", "threshold": 10}
2026-10-02 20:00:31,244 | INFO | VALID_STEP step=216 stage=joint epoch=1 ndcg@10=0.094944 recall@10=0.101579 improved=False
2026-10-02 20:00:31,244 | INFO | LEARNING_RATE step=216 stage=joint lr=5e-05
2026-10-02 20:00:31,245 | INFO | stage=joint epoch=1 loss=3.338921 sampled_ndcg_reward=0.110653 steps=54 transitions/s=753.16
2026-10-02 20:00:41,008 | INFO | 
========== PERIODIC VALIDATION ==========
stage=joint | epoch=2 | step=270 | users=1457/1457
NDCG  | @5 0.093498 | @10 0.095066
Recall| @5 0.097461 | @10 0.102265
Hit   | @5 0.097461 | @10 0.102265
================================
2026-10-02 20:00:41,008 | INFO | PERIODIC VALIDATION SEQUENCE_LENGTH {"basis": "filtered_full_sequence", "long": {"evaluated_users": 219, "history_length_max": 119, "history_length_mean": 20.98173515981735, "history_length_min": 11, "hit@10": 0.0502283105022831, "hit@5": 0.0410958904109589, "ndcg@10": 0.0391887204618983, "ndcg@5": 0.03604013361056792, "recall@10": 0.0502283105022831, "recall@5": 0.0410958904109589, "total_users": 219}, "long_rule": "length > threshold", "short": {"evaluated_users": 1238, "history_length_max": 10, "history_length_mean": 5.27221324717286, "history_length_min": 3, "hit@10": 0.11147011308562198, "hit@5": 0.1074313408723748, "ndcg@10": 0.10495042929605888, "ndcg@5": 0.1036619800075218, "recall@10": 0.11147011308562198, "recall@5": 0.1074313408723748, "total_users": 1238}, "short_rule": "length <= threshold", "threshold": 10}
2026-10-02 20:00:41,671 | INFO | 
========== PERIODIC TEST ==========
stage=joint | epoch=2 | step=270 | users=1457/1457
NDCG  | @5 0.109808 | @10 0.111101
Recall| @5 0.118737 | @10 0.122855
Hit   | @5 0.118737 | @10 0.122855
================================
2026-10-02 20:00:41,671 | INFO | PERIODIC TEST SEQUENCE_LENGTH {"basis": "filtered_full_sequence", "long": {"evaluated_users": 219, "history_length_max": 119, "history_length_mean": 20.98173515981735, "history_length_min": 11, "hit@10": 0.0593607305936073, "hit@5": 0.0547945205479452, "ndcg@10": 0.04189103633219409, "ndcg@5": 0.04057110561841378, "recall@10": 0.0593607305936073, "recall@5": 0.0547945205479452, "total_users": 219}, "long_rule": "length > threshold", "short": {"evaluated_users": 1238, "history_length_max": 10, "history_length_mean": 5.27221324717286, "history_length_min": 3, "hit@10": 0.13408723747980614, "hit@5": 0.13004846526655897, "ndcg@10": 0.12334455283213895, "ndcg@5": 0.12205610354360186, "recall@10": 0.13408723747980614, "recall@5": 0.13004846526655897, "total_users": 1238}, "short_rule": "length <= threshold", "threshold": 10}
2026-10-02 20:00:41,672 | INFO | VALID_STEP step=270 stage=joint epoch=2 ndcg@10=0.095066 recall@10=0.102265 improved=False
2026-10-02 20:00:41,672 | INFO | LEARNING_RATE step=270 stage=joint lr=5e-05
2026-10-02 20:00:41,672 | INFO | stage=joint epoch=2 loss=3.224062 sampled_ndcg_reward=0.108646 steps=54 transitions/s=752.16
2026-10-02 20:00:51,316 | INFO | 
========== PERIODIC VALIDATION ==========
stage=joint | epoch=3 | step=324 | users=1457/1457
NDCG  | @5 0.093901 | @10 0.095247
Recall| @5 0.098147 | @10 0.102265
Hit   | @5 0.098147 | @10 0.102265
================================
2026-10-02 20:00:51,316 | INFO | PERIODIC VALIDATION SEQUENCE_LENGTH {"basis": "filtered_full_sequence", "long": {"evaluated_users": 219, "history_length_max": 119, "history_length_mean": 20.98173515981735, "history_length_min": 11, "hit@10": 0.0547945205479452, "hit@5": 0.045662100456621, "ndcg@10": 0.04076913368980812, "ndcg@5": 0.03780658478515486, "recall@10": 0.0547945205479452, "recall@5": 0.045662100456621, "total_users": 219}, "long_rule": "length > threshold", "short": {"evaluated_users": 1238, "history_length_max": 10, "history_length_mean": 5.27221324717286, "history_length_min": 3, "hit@10": 0.11066235864297254, "hit@5": 0.1074313408723748, "ndcg@10": 0.1048834597131685, "ndcg@5": 0.1038237354158401, "recall@10": 0.11066235864297254, "recall@5": 0.1074313408723748, "total_users": 1238}, "short_rule": "length <= threshold", "threshold": 10}
2026-10-02 20:00:51,968 | INFO | 
========== PERIODIC TEST ==========
stage=joint | epoch=3 | step=324 | users=1457/1457
NDCG  | @5 0.110271 | @10 0.112001
Recall| @5 0.119423 | @10 0.124914
Hit   | @5 0.119423 | @10 0.124914
================================
2026-10-02 20:00:51,968 | INFO | PERIODIC TEST SEQUENCE_LENGTH {"basis": "filtered_full_sequence", "long": {"evaluated_users": 219, "history_length_max": 119, "history_length_mean": 20.98173515981735, "history_length_min": 11, "hit@10": 0.0593607305936073, "hit@5": 0.0547945205479452, "ndcg@10": 0.04220758172911923, "ndcg@5": 0.04088765101533893, "recall@10": 0.0593607305936073, "recall@5": 0.0547945205479452, "total_users": 219}, "long_rule": "length > threshold", "short": {"evaluated_users": 1238, "history_length_max": 10, "history_length_mean": 5.27221324717286, "history_length_min": 3, "hit@10": 0.13651050080775445, "hit@5": 0.1308562197092084, "ndcg@10": 0.1243475589745554, "ndcg@5": 0.12254470496810799, "recall@10": 0.13651050080775445, "recall@5": 0.1308562197092084, "total_users": 1238}, "short_rule": "length <= threshold", "threshold": 10}
2026-10-02 20:00:51,969 | INFO | VALID_STEP step=324 stage=joint epoch=3 ndcg@10=0.095247 recall@10=0.102265 improved=False
2026-10-02 20:00:51,969 | INFO | LEARNING_RATE step=324 stage=joint lr=5e-05
2026-10-02 20:00:51,969 | INFO | stage=joint epoch=3 loss=3.091273 sampled_ndcg_reward=0.110153 steps=54 transitions/s=761.82
2026-10-02 20:01:01,889 | INFO | 
========== PERIODIC VALIDATION ==========
stage=joint | epoch=4 | step=378 | users=1457/1457
NDCG  | @5 0.093931 | @10 0.095068
Recall| @5 0.098147 | @10 0.101579
Hit   | @5 0.098147 | @10 0.101579
================================
2026-10-02 20:01:01,889 | INFO | PERIODIC VALIDATION SEQUENCE_LENGTH {"basis": "filtered_full_sequence", "long": {"evaluated_users": 219, "history_length_max": 119, "history_length_mean": 20.98173515981735, "history_length_min": 11, "hit@10": 0.0547945205479452, "hit@5": 0.045662100456621, "ndcg@10": 0.04105083326691522, "ndcg@5": 0.03800669323647382, "recall@10": 0.0547945205479452, "recall@5": 0.045662100456621, "total_users": 219}, "long_rule": "length > threshold", "short": {"evaluated_users": 1238, "history_length_max": 10, "history_length_mean": 5.27221324717286, "history_length_min": 3, "hit@10": 0.1098546042003231, "hit@5": 0.1074313408723748, "ndcg@10": 0.10462387315098173, "ndcg@5": 0.1038237354158401, "recall@10": 0.1098546042003231, "recall@5": 0.1074313408723748, "total_users": 1238}, "short_rule": "length <= threshold", "threshold": 10}
2026-10-02 20:01:02,545 | INFO | 
========== PERIODIC TEST ==========
stage=joint | epoch=4 | step=378 | users=1457/1457
NDCG  | @5 0.110477 | @10 0.112021
Recall| @5 0.119423 | @10 0.124228
Hit   | @5 0.119423 | @10 0.124228
================================
2026-10-02 20:01:02,545 | INFO | PERIODIC TEST SEQUENCE_LENGTH {"basis": "filtered_full_sequence", "long": {"evaluated_users": 219, "history_length_max": 119, "history_length_mean": 20.98173515981735, "history_length_min": 11, "hit@10": 0.0593607305936073, "hit@5": 0.0547945205479452, "ndcg@10": 0.04189103633219409, "ndcg@5": 0.04057110561841378, "recall@10": 0.0593607305936073, "recall@5": 0.0547945205479452, "total_users": 219}, "long_rule": "length > threshold", "short": {"evaluated_users": 1238, "history_length_max": 10, "history_length_mean": 5.27221324717286, "history_length_min": 3, "hit@10": 0.13570274636510501, "hit@5": 0.1308562197092084, "ndcg@10": 0.12442661703324545, "ndcg@5": 0.12284282309931036, "recall@10": 0.13570274636510501, "recall@5": 0.1308562197092084, "total_users": 1238}, "short_rule": "length <= threshold", "threshold": 10}
2026-10-02 20:01:02,546 | INFO | VALID_STEP step=378 stage=joint epoch=4 ndcg@10=0.095068 recall@10=0.101579 improved=False
2026-10-02 20:01:02,546 | INFO | LEARNING_RATE step=378 stage=joint lr=5e-05
2026-10-02 20:01:02,547 | INFO | stage=joint epoch=4 loss=2.980065 sampled_ndcg_reward=0.110077 steps=54 transitions/s=739.11
2026-10-02 20:01:12,205 | INFO | 
========== PERIODIC VALIDATION ==========
stage=joint | epoch=5 | step=432 | users=1457/1457
NDCG  | @5 0.094196 | @10 0.095528
Recall| @5 0.098833 | @10 0.102951
Hit   | @5 0.098833 | @10 0.102951
================================
2026-10-02 20:01:12,206 | INFO | PERIODIC VALIDATION SEQUENCE_LENGTH {"basis": "filtered_full_sequence", "long": {"evaluated_users": 219, "history_length_max": 119, "history_length_mean": 20.98173515981735, "history_length_min": 11, "hit@10": 0.0593607305936073, "hit@5": 0.0502283105022831, "ndcg@10": 0.042817284441502165, "ndcg@5": 0.039773144411060765, "recall@10": 0.0593607305936073, "recall@5": 0.0502283105022831, "total_users": 219}, "long_rule": "length > threshold", "short": {"evaluated_users": 1238, "history_length_max": 10, "history_length_mean": 5.27221324717286, "history_length_min": 3, "hit@10": 0.11066235864297254, "hit@5": 0.1074313408723748, "ndcg@10": 0.10485259814219042, "ndcg@5": 0.1038237354158401, "recall@10": 0.11066235864297254, "recall@5": 0.1074313408723748, "total_users": 1238}, "short_rule": "length <= threshold", "threshold": 10}
2026-10-02 20:01:12,858 | INFO | 
========== PERIODIC TEST ==========
stage=joint | epoch=5 | step=432 | users=1457/1457
NDCG  | @5 0.110241 | @10 0.112061
Recall| @5 0.118737 | @10 0.124228
Hit   | @5 0.118737 | @10 0.124228
================================
2026-10-02 20:01:12,858 | INFO | PERIODIC TEST SEQUENCE_LENGTH {"basis": "filtered_full_sequence", "long": {"evaluated_users": 219, "history_length_max": 119, "history_length_mean": 20.98173515981735, "history_length_min": 11, "hit@10": 0.0593607305936073, "hit@5": 0.0547945205479452, "ndcg@10": 0.04189103633219409, "ndcg@5": 0.04057110561841378, "recall@10": 0.0593607305936073, "recall@5": 0.0547945205479452, "total_users": 219}, "long_rule": "length > threshold", "short": {"evaluated_users": 1238, "history_length_max": 10, "history_length_mean": 5.27221324717286, "history_length_min": 3, "hit@10": 0.13570274636510501, "hit@5": 0.13004846526655897, "ndcg@10": 0.1244742146408882, "ndcg@5": 0.12256573985504891, "recall@10": 0.13570274636510501, "recall@5": 0.13004846526655897, "total_users": 1238}, "short_rule": "length <= threshold", "threshold": 10}
2026-10-02 20:01:12,859 | INFO | VALID_STEP step=432 stage=joint epoch=5 ndcg@10=0.095528 recall@10=0.102951 improved=True
2026-10-02 20:01:12,862 | INFO | BEST_MODEL_IN_MEMORY step=432 stage=joint ndcg@10=0.095528
2026-10-02 20:01:12,862 | INFO | LEARNING_RATE step=432 stage=joint lr=5e-05
2026-10-02 20:01:12,862 | INFO | stage=joint epoch=5 loss=2.886100 sampled_ndcg_reward=0.111581 steps=54 transitions/s=760.22
2026-10-02 20:01:13,515 | INFO | 
========== FINAL CURRENT VALIDATION ==========
stage=final | epoch=0 | step=432 | users=1457/1457
NDCG  | @5 0.094196 | @10 0.095528
Recall| @5 0.098833 | @10 0.102951
Hit   | @5 0.098833 | @10 0.102951
================================
2026-10-02 20:01:13,516 | INFO | FINAL CURRENT VALIDATION SEQUENCE_LENGTH {"basis": "filtered_full_sequence", "long": {"evaluated_users": 219, "history_length_max": 119, "history_length_mean": 20.98173515981735, "history_length_min": 11, "hit@10": 0.0593607305936073, "hit@5": 0.0502283105022831, "ndcg@10": 0.042817284441502165, "ndcg@5": 0.039773144411060765, "recall@10": 0.0593607305936073, "recall@5": 0.0502283105022831, "total_users": 219}, "long_rule": "length > threshold", "short": {"evaluated_users": 1238, "history_length_max": 10, "history_length_mean": 5.27221324717286, "history_length_min": 3, "hit@10": 0.11066235864297254, "hit@5": 0.1074313408723748, "ndcg@10": 0.10485259814219042, "ndcg@5": 0.1038237354158401, "recall@10": 0.11066235864297254, "recall@5": 0.1074313408723748, "total_users": 1238}, "short_rule": "length <= threshold", "threshold": 10}
2026-10-02 20:01:13,516 | INFO | VALID_STEP step=432 stage=final epoch=0 ndcg@10=0.095528 recall@10=0.102951 improved=False
2026-10-02 20:01:13,517 | INFO | RESTORE_BEST step=432 stage=joint ndcg@10=0.095528
2026-10-02 20:01:14,823 | INFO | 
========== BEST CHECKPOINT VALIDATION ==========
stage=joint | epoch=0 | step=432 | users=1457/1457
NDCG  | @5 0.094196 | @10 0.095528
Recall| @5 0.098833 | @10 0.102951
Hit   | @5 0.098833 | @10 0.102951
================================
2026-10-02 20:01:14,823 | INFO | BEST CHECKPOINT VALIDATION SEQUENCE_LENGTH {"basis": "filtered_full_sequence", "long": {"evaluated_users": 219, "history_length_max": 119, "history_length_mean": 20.98173515981735, "history_length_min": 11, "hit@10": 0.0593607305936073, "hit@5": 0.0502283105022831, "ndcg@10": 0.042817284441502165, "ndcg@5": 0.039773144411060765, "recall@10": 0.0593607305936073, "recall@5": 0.0502283105022831, "total_users": 219}, "long_rule": "length > threshold", "short": {"evaluated_users": 1238, "history_length_max": 10, "history_length_mean": 5.27221324717286, "history_length_min": 3, "hit@10": 0.11066235864297254, "hit@5": 0.1074313408723748, "ndcg@10": 0.10485259814219042, "ndcg@5": 0.1038237354158401, "recall@10": 0.11066235864297254, "recall@5": 0.1074313408723748, "total_users": 1238}, "short_rule": "length <= threshold", "threshold": 10}
2026-10-02 20:01:14,824 | INFO | 
========== FINAL FULL TEST ==========
stage=joint | epoch=0 | step=432 | users=1457/1457
NDCG  | @5 0.110241 | @10 0.112061
Recall| @5 0.118737 | @10 0.124228
Hit   | @5 0.118737 | @10 0.124228
================================
2026-10-02 20:01:14,824 | INFO | FINAL FULL TEST SEQUENCE_LENGTH {"basis": "filtered_full_sequence", "long": {"evaluated_users": 219, "history_length_max": 119, "history_length_mean": 20.98173515981735, "history_length_min": 11, "hit@10": 0.0593607305936073, "hit@5": 0.0547945205479452, "ndcg@10": 0.04189103633219409, "ndcg@5": 0.04057110561841378, "recall@10": 0.0593607305936073, "recall@5": 0.0547945205479452, "total_users": 219}, "long_rule": "length > threshold", "short": {"evaluated_users": 1238, "history_length_max": 10, "history_length_mean": 5.27221324717286, "history_length_min": 3, "hit@10": 0.13570274636510501, "hit@5": 0.13004846526655897, "ndcg@10": 0.1244742146408882, "ndcg@5": 0.12256573985504891, "recall@10": 0.13570274636510501, "recall@5": 0.13004846526655897, "total_users": 1238}, "short_rule": "length <= threshold", "threshold": 10}
2026-10-02 20:01:14,824 | INFO | VALID_BEST {"evaluated_users": 1457, "hit@10": 0.1029512697323267, "hit@5": 0.09883321894303362, "ndcg@10": 0.09552814147205654, "ndcg@5": 0.09419636490742639, "preference_agent_weight": 0.15822222074091066, "preference_change_probability": 0.32718496643359646, "preference_current_entropy": 3.2765419566639498, "preference_next_entropy": 3.434407649828951, "preference_ranking_weight": 0.15822222074091066, "recall@10": 0.1029512697323267, "recall@5": 0.09883321894303362, "scores_per_second": 9240210.50206676, "sequence_length": {"basis": "filtered_full_sequence", "long": {"evaluated_users": 219, "history_length_max": 119, "history_length_mean": 20.98173515981735, "history_length_min": 11, "hit@10": 0.0593607305936073, "hit@5": 0.0502283105022831, "ndcg@10": 0.042817284441502165, "ndcg@5": 0.039773144411060765, "recall@10": 0.0593607305936073, "recall@5": 0.0502283105022831, "total_users": 219}, "long_rule": "length > threshold", "short": {"evaluated_users": 1238, "history_length_max": 10, "history_length_mean": 5.27221324717286, "history_length_min": 3, "hit@10": 0.11066235864297254, "hit@5": 0.1074313408723748, "ndcg@10": 0.10485259814219042, "ndcg@5": 0.1038237354158401, "recall@10": 0.11066235864297254, "recall@5": 0.1074313408723748, "total_users": 1238}, "short_rule": "length <= threshold", "threshold": 10}, "short_agent_weight": 0.8417777727136239, "short_preference_state_cosine": 0.06431706735510162, "total_users": 1457, "users_per_second": 2259.2201716544646}
2026-10-02 20:01:14,824 | INFO | TEST_FINAL {"evaluated_users": 1457, "hit@10": 0.12422786547700755, "hit@5": 0.11873713109128346, "ndcg@10": 0.11206123054886649, "ndcg@5": 0.1102412203524975, "preference_agent_weight": 0.15873904905666122, "preference_change_probability": 0.3268324119552162, "preference_current_entropy": 3.275555916329975, "preference_next_entropy": 3.4343208517206802, "preference_ranking_weight": 0.15873904905666122, "recall@10": 0.12422786547700755, "recall@5": 0.11873713109128346, "scores_per_second": 9070428.295102408, "sequence_length": {"basis": "filtered_full_sequence", "long": {"evaluated_users": 219, "history_length_max": 119, "history_length_mean": 20.98173515981735, "history_length_min": 11, "hit@10": 0.0593607305936073, "hit@5": 0.0547945205479452, "ndcg@10": 0.04189103633219409, "ndcg@5": 0.04057110561841378, "recall@10": 0.0593607305936073, "recall@5": 0.0547945205479452, "total_users": 219}, "long_rule": "length > threshold", "short": {"evaluated_users": 1238, "history_length_max": 10, "history_length_mean": 5.27221324717286, "history_length_min": 3, "hit@10": 0.13570274636510501, "hit@5": 0.13004846526655897, "ndcg@10": 0.1244742146408882, "ndcg@5": 0.12256573985504891, "recall@10": 0.13570274636510501, "recall@5": 0.13004846526655897, "total_users": 1238}, "short_rule": "length <= threshold", "threshold": 10}, "short_agent_weight": 0.8412609558524379, "short_preference_state_cosine": -0.008074369652269634, "total_users": 1457, "users_per_second": 2217.7086296093908}
2026-10-02 20:01:14,824 | INFO | TARGET_RESULT metric=recall@10 target=>0.150000 actual=0.124228 achieved=False
2026-10-02 20:01:15,202 | INFO | FINAL_LENGTH_SCORES dataset=amazon-all-beauty group=short split=valid threshold=10 users=1238/1238 scores={"hit@10": 0.11066235864297254, "hit@5": 0.1074313408723748, "ndcg@10": 0.10485259814219042, "ndcg@5": 0.1038237354158401, "recall@10": 0.11066235864297254, "recall@5": 0.1074313408723748}
2026-10-02 20:01:15,202 | INFO | FINAL_LENGTH_SCORES dataset=amazon-all-beauty group=short split=test threshold=10 users=1238/1238 scores={"hit@10": 0.13570274636510501, "hit@5": 0.13004846526655897, "ndcg@10": 0.1244742146408882, "ndcg@5": 0.12256573985504891, "recall@10": 0.13570274636510501, "recall@5": 0.13004846526655897}
2026-10-02 20:01:15,203 | INFO | short_scores=/workspace/P78123011/MediaTek_2026_project/ver5/outputs_mamba_rl/amazons_long_short_S1_P1_G1_C1_SW4/Full_Beauty/rl_20261002_195945_r1_761968/short_scores.json
2026-10-02 20:01:15,203 | INFO | FINAL_LENGTH_SCORES dataset=amazon-all-beauty group=long split=valid threshold=10 users=219/219 scores={"hit@10": 0.0593607305936073, "hit@5": 0.0502283105022831, "ndcg@10": 0.042817284441502165, "ndcg@5": 0.039773144411060765, "recall@10": 0.0593607305936073, "recall@5": 0.0502283105022831}
2026-10-02 20:01:15,203 | INFO | FINAL_LENGTH_SCORES dataset=amazon-all-beauty group=long split=test threshold=10 users=219/219 scores={"hit@10": 0.0593607305936073, "hit@5": 0.0547945205479452, "ndcg@10": 0.04189103633219409, "ndcg@5": 0.04057110561841378, "recall@10": 0.0593607305936073, "recall@5": 0.0547945205479452}
2026-10-02 20:01:15,203 | INFO | long_scores=/workspace/P78123011/MediaTek_2026_project/ver5/outputs_mamba_rl/amazons_long_short_S1_P1_G1_C1_SW4/Full_Beauty/rl_20261002_195945_r1_761968/long_scores.json
2026-10-02 20:01:15,203 | INFO | scores=/workspace/P78123011/MediaTek_2026_project/ver5/outputs_mamba_rl/amazons_long_short_S1_P1_G1_C1_SW4/Full_Beauty/rl_20261002_195945_r1_761968/Full_Beauty_scores.json
2026-10-02 20:01:15,204 | INFO | outputs=/workspace/P78123011/MediaTek_2026_project/ver5/outputs_mamba_rl/amazons_long_short_S1_P1_G1_C1_SW4/Full_Beauty/rl_20261002_195945_r1_761968
