2026-09-23 04:22:19,099 | INFO | EXPERIMENT_CONFIG {"batch_size": 256, "branch_factor": 0, "cache_dir": "/workspace/P78123011/cache", "d_model": 96, "data_path": null, "dataset": "amazon-toys-and-games", "device": "cuda:0", "din_batch_size": 128, "din_negatives": 60, "din_steps": 10000, "eval_batch_size": 50, "eval_every_steps": 300, "eval_user_limit": 0, "kmeans_iters": 100, "log_every_steps": 100, "max_events": null, "max_train_samples": 0, "maxlen": 19, "min_history": 4, "min_rating": 4.0, "monitor_metric": "ndcg@10", "num_heads": 4, "output_dir": "/workspace/P78123011/MediaTek_2026_project/Reproduce/EAGER/outputs/Toys_and_Games/eager_20260923_042214_r1", "predict_candidates": 50, "rerank_batch_size": 64, "seed": 2024, "semantic_backend": "t5", "semantic_batch_size": 32, "semantic_max_tokens": 64, "semantic_model_id": "google-t5/t5-base", "train_steps": 20000, "tree_workers": 1, "use_contrastive": false, "use_guide": false, "world_size": 1}
2026-09-23 04:22:19,100 | INFO | CUDA_SCOPE requested_physical=1 visible_count=1 logical_device=cuda:0 name=NVIDIA A100 80GB PCIe
2026-09-23 04:22:20,625 | INFO | INTERACTION_CACHE hit path=/workspace/P78123011/cache/mamba_multi_agent_data/amazon-toys-and-games_2cc47abc910b.pkl
2026-09-23 04:22:38,791 | INFO | DIN step=100 loss=13.121985
2026-09-23 04:22:49,736 | INFO | DIN step=200 loss=12.674050
2026-09-23 04:23:00,686 | INFO | DIN step=300 loss=12.483167
2026-09-23 04:23:11,642 | INFO | DIN step=400 loss=12.373865
2026-09-23 04:23:22,602 | INFO | DIN step=500 loss=12.284473
2026-09-23 04:23:33,567 | INFO | DIN step=600 loss=12.238621
2026-09-23 04:23:44,520 | INFO | DIN step=700 loss=12.202073
2026-09-23 04:23:55,482 | INFO | DIN step=800 loss=12.148037
2026-09-23 04:24:06,467 | INFO | DIN step=900 loss=12.095454
2026-09-23 04:24:17,450 | INFO | DIN step=1000 loss=12.074433
2026-09-23 04:24:28,401 | INFO | DIN step=1100 loss=12.030052
2026-09-23 04:24:39,313 | INFO | DIN step=1200 loss=11.983592
2026-09-23 04:24:50,282 | INFO | DIN step=1300 loss=11.942325
2026-09-23 04:25:01,252 | INFO | DIN step=1400 loss=11.892707
2026-09-23 04:25:12,178 | INFO | DIN step=1500 loss=11.889879
2026-09-23 04:25:23,131 | INFO | DIN step=1600 loss=11.801071
2026-09-23 04:25:34,092 | INFO | DIN step=1700 loss=11.823549
2026-09-23 04:25:45,046 | INFO | DIN step=1800 loss=11.821786
2026-09-23 04:25:55,979 | INFO | DIN step=1900 loss=11.730539
2026-09-23 04:26:06,875 | INFO | DIN step=2000 loss=11.725173
2026-09-23 04:26:17,849 | INFO | DIN step=2100 loss=11.696734
2026-09-23 04:26:28,837 | INFO | DIN step=2200 loss=11.688669
2026-09-23 04:26:39,778 | INFO | DIN step=2300 loss=11.699970
2026-09-23 04:26:50,698 | INFO | DIN step=2400 loss=11.670112
2026-09-23 04:27:01,614 | INFO | DIN step=2500 loss=11.643070
2026-09-23 04:27:12,579 | INFO | DIN step=2600 loss=11.618010
2026-09-23 04:27:23,535 | INFO | DIN step=2700 loss=11.580715
2026-09-23 04:27:34,467 | INFO | DIN step=2800 loss=11.556277
2026-09-23 04:27:45,430 | INFO | DIN step=2900 loss=11.580988
2026-09-23 04:27:56,374 | INFO | DIN step=3000 loss=11.547501
2026-09-23 04:28:07,314 | INFO | DIN step=3100 loss=11.507241
2026-09-23 04:28:18,248 | INFO | DIN step=3200 loss=11.523496
2026-09-23 04:28:29,187 | INFO | DIN step=3300 loss=11.511122
2026-09-23 04:28:40,130 | INFO | DIN step=3400 loss=11.450967
2026-09-23 04:28:51,102 | INFO | DIN step=3500 loss=11.443023
2026-09-23 04:29:02,035 | INFO | DIN step=3600 loss=11.462083
2026-09-23 04:29:12,964 | INFO | DIN step=3700 loss=11.432938
2026-09-23 04:29:23,922 | INFO | DIN step=3800 loss=11.445853
2026-09-23 04:29:34,871 | INFO | DIN step=3900 loss=11.460363
2026-09-23 04:29:45,849 | INFO | DIN step=4000 loss=11.400194
2026-09-23 04:29:56,807 | INFO | DIN step=4100 loss=11.395875
2026-09-23 04:30:07,749 | INFO | DIN step=4200 loss=11.391023
2026-09-23 04:30:18,701 | INFO | DIN step=4300 loss=11.349349
2026-09-23 04:30:29,655 | INFO | DIN step=4400 loss=11.400200
2026-09-23 04:30:41,072 | INFO | DIN step=4500 loss=11.337015
2026-09-23 04:30:52,607 | INFO | DIN step=4600 loss=11.343040
2026-09-23 04:31:03,543 | INFO | DIN step=4700 loss=11.325771
2026-09-23 04:31:14,477 | INFO | DIN step=4800 loss=11.326917
2026-09-23 04:31:25,425 | INFO | DIN step=4900 loss=11.315562
2026-09-23 04:31:36,907 | INFO | DIN step=5000 loss=11.303236
2026-09-23 04:31:48,436 | INFO | DIN step=5100 loss=11.267941
2026-09-23 04:31:59,972 | INFO | DIN step=5200 loss=11.330455
2026-09-23 04:32:11,482 | INFO | DIN step=5300 loss=11.277621
2026-09-23 04:32:22,973 | INFO | DIN step=5400 loss=11.275844
2026-09-23 04:32:34,460 | INFO | DIN step=5500 loss=11.225690
2026-09-23 04:32:45,959 | INFO | DIN step=5600 loss=11.212665
2026-09-23 04:32:57,462 | INFO | DIN step=5700 loss=11.197561
2026-09-23 04:33:08,961 | INFO | DIN step=5800 loss=11.220233
2026-09-23 04:33:20,471 | INFO | DIN step=5900 loss=11.199622
2026-09-23 04:33:31,976 | INFO | DIN step=6000 loss=11.200350
2026-09-23 04:33:43,486 | INFO | DIN step=6100 loss=11.146829
2026-09-23 04:33:55,021 | INFO | DIN step=6200 loss=11.177905
2026-09-23 04:34:06,484 | INFO | DIN step=6300 loss=11.097158
2026-09-23 04:34:17,849 | INFO | DIN step=6400 loss=11.137820
2026-09-23 04:34:29,206 | INFO | DIN step=6500 loss=11.099296
2026-09-23 04:34:40,493 | INFO | DIN step=6600 loss=11.166200
2026-09-23 04:34:51,805 | INFO | DIN step=6700 loss=11.121326
2026-09-23 04:35:03,101 | INFO | DIN step=6800 loss=11.088171
2026-09-23 04:35:14,426 | INFO | DIN step=6900 loss=11.089518
2026-09-23 04:35:25,786 | INFO | DIN step=7000 loss=11.073120
2026-09-23 04:35:37,095 | INFO | DIN step=7100 loss=11.063362
2026-09-23 04:35:48,424 | INFO | DIN step=7200 loss=11.090707
2026-09-23 04:35:59,924 | INFO | DIN step=7300 loss=11.090172
2026-09-23 04:36:11,475 | INFO | DIN step=7400 loss=11.053141
2026-09-23 04:36:22,962 | INFO | DIN step=7500 loss=11.025523
2026-09-23 04:36:34,509 | INFO | DIN step=7600 loss=11.030879
2026-09-23 04:36:46,026 | INFO | DIN step=7700 loss=10.996636
2026-09-23 04:36:57,516 | INFO | DIN step=7800 loss=10.994615
2026-09-23 04:37:09,044 | INFO | DIN step=7900 loss=10.956212
2026-09-23 04:37:20,515 | INFO | DIN step=8000 loss=11.002071
2026-09-23 04:37:32,038 | INFO | DIN step=8100 loss=10.959561
2026-09-23 04:37:43,508 | INFO | DIN step=8200 loss=10.977821
2026-09-23 04:37:55,009 | INFO | DIN step=8300 loss=10.966559
2026-09-23 04:38:06,518 | INFO | DIN step=8400 loss=10.915438
2026-09-23 04:38:17,972 | INFO | DIN step=8500 loss=10.914916
2026-09-23 04:38:29,494 | INFO | DIN step=8600 loss=10.921886
2026-09-23 04:38:40,787 | INFO | DIN step=8700 loss=10.909395
2026-09-23 04:38:52,117 | INFO | DIN step=8800 loss=10.907742
2026-09-23 04:39:03,434 | INFO | DIN step=8900 loss=10.795484
2026-09-23 04:39:14,784 | INFO | DIN step=9000 loss=10.891893
2026-09-23 04:39:26,106 | INFO | DIN step=9100 loss=10.760025
2026-09-23 04:39:37,479 | INFO | DIN step=9200 loss=10.874990
2026-09-23 04:39:48,802 | INFO | DIN step=9300 loss=10.848299
2026-09-23 04:40:00,143 | INFO | DIN step=9400 loss=10.841645
2026-09-23 04:40:11,587 | INFO | DIN step=9500 loss=10.819188
2026-09-23 04:40:23,102 | INFO | DIN step=9600 loss=10.756133
2026-09-23 04:40:34,552 | INFO | DIN step=9700 loss=10.802161
2026-09-23 04:40:46,000 | INFO | DIN step=9800 loss=10.830651
2026-09-23 04:40:57,541 | INFO | DIN step=9900 loss=10.804834
2026-09-23 04:41:09,075 | INFO | DIN step=10000 loss=10.755354
2026-09-23 04:41:09,250 | INFO | DIN_CACHE saved path=/workspace/P78123011/cache/eager/amazon-toys-and-games/din_steps10000_seed2024.pt
2026-09-23 05:55:27,921 | INFO | TRAIN step=100 loss=12.707922 lr=5.0095e-05
2026-09-23 05:56:12,529 | INFO | TRAIN step=200 loss=12.468970 lr=0.00010009
2026-09-23 05:56:57,187 | INFO | TRAIN step=300 loss=12.192795 lr=0.000150085
2026-09-24 00:05:26,768 | INFO | VALID step=300 ndcg@10=0.001745 metrics={"evaluated_users": 564666, "hit@10": 0.0035684811906507566, "hit@5": 0.002050769835619641, "ndcg@10": 0.0017453635087516031, "ndcg@5": 0.0012582752775951323, "recall@10": 0.0035684811906507566, "recall@5": 0.002050769835619641, "users_per_second": 8.646533139903033}
2026-09-24 00:06:08,306 | INFO | TRAIN step=400 loss=12.004922 lr=0.00020008
2026-09-24 00:06:48,913 | INFO | TRAIN step=500 loss=11.951546 lr=0.000250075
2026-09-24 00:07:29,583 | INFO | TRAIN step=600 loss=11.924180 lr=0.00030007
2026-09-24 17:21:38,466 | INFO | VALID step=600 ndcg@10=0.002141 metrics={"evaluated_users": 564666, "hit@10": 0.004151126506642865, "hit@5": 0.0028158238675606464, "ndcg@10": 0.002140559630621666, "ndcg@5": 0.001703587152262249, "recall@10": 0.004151126506642865, "recall@5": 0.0028158238675606464, "users_per_second": 9.101078034013218}
2026-09-24 17:22:20,566 | INFO | TRAIN step=700 loss=11.827010 lr=0.000350065
2026-09-24 17:23:01,997 | INFO | TRAIN step=800 loss=11.729681 lr=0.00040006
2026-09-24 17:23:43,508 | INFO | TRAIN step=900 loss=11.680726 lr=0.000450055
