2026-09-11 15:58:28,504 | INFO | run_id=20260911_155828 dataset=amazon-all-beauty device=cuda:0
2026-09-11 15:58:28,504 | INFO | MODEL recommender=MultiAgentMambaRecommender semantic_encoder=MambaTextEncoder semantic_model_id=state-spaces/mamba-130m-hf graph_backbone=LightGCN adaptation=multi_lora
2026-09-11 15:58:28,504 | INFO | ABLATION USE_LONG=0 USE_SHORT=1 USE_PREFERENCE=1 USE_GCN=1
2026-09-11 15:58:28,504 | INFO | AGENT_HISTORY mode=short_window_only effective_max_history=10
2026-09-11 15:58:28,504 | INFO | EXPERIMENT_NOTE amazons_long_short subset=Full_Beauty; short filtered-full-sequence <= 10; long > 10; same model and full catalog
2026-09-11 15:58:28,504 | INFO | EXPERIMENT_CONFIG {"agent_diversity_coef": 0.02, "batch_size": 128, "cache_dir": "/workspace/P78123011/cache", "candidates": 64, "coordinator_epochs": 3, "coordinator_lr": 0.0001, "data_path": null, "dataset": "amazon-all-beauty", "device": "cuda:0", "dim": 128, "early_stopping_patience": 6, "enable_lora": 1, "eval_batch_size": 64, "eval_length_basis": "filtered_full_sequence", "eval_length_threshold": 10, "experiment_note": "amazons_long_short subset=Full_Beauty; short filtered-full-sequence <= 10; long > 10; same model and full catalog", "full_catalog_supervised": false, "future_decay": 0.5, "future_horizon": 3, "generate_reasons": false, "graph_device": "cuda:0", "hard_negative_fraction": 0.75, "hard_negative_pool_multiplier": 12, "hard_negative_warmup_epochs": 2, "item_prompt_prefix": "Preference-aware product representation: ", "item_vector_artifact": null, "joint_epochs": 7, "joint_lr": 5e-05, "lora_alpha": 32.0, "lora_dropout": 0.05, "lora_rank": 16, "lr_patience": 2, "mamba_encode_batch_size": 32, "mamba_max_tokens": 32, "mamba_model_id": "state-spaces/mamba-130m-hf", "max_events": null, "max_history": 100, "max_transitions": 500000, "min_rating": 4.0, "monitor_metric": "ndcg@10", "output_dir": "/workspace/P78123011/MediaTek_2026_project/ver4/outputs_mamba_rl/amazons_lora", "output_run_dir": "/workspace/P78123011/MediaTek_2026_project/ver4/outputs_mamba_rl/amazons_long_short_L0_S1_P1_G1/Full_Beauty/rl_20260911_155827_r1_488206", "periodic_test_user_limit": 0, "popularity_alpha": -0.25, "preference_balance_coef": 0.01, "preference_coef": 0.2, "preference_contrastive_coef": 0.05, "preference_count": 32, "preference_hidden": 128, "preference_score_weight": 0.2, "preference_separation_coef": 0.01, "preference_sharpness_coef": 0.05, "preference_temperature": 0.2, "preference_transition_coef": 0.1, "reason_count": 20, "reason_max_new_tokens": 40, "refresh_data_cache": false, "resume_checkpoint": null, "save_model_weights": false, "score_file": "/workspace/P78123011/MediaTek_2026_project/ver4/outputs_mamba_rl/amazons_long_short_L0_S1_P1_G1/Full_Beauty/rl_20260911_155827_r1_488206/Full_Beauty_scores.json", "seed": 25252, "short_window": 10, "skip_mamba": false, "specialist_epochs": 3, "specialist_lr": 0.0001, "target_recall_at_10": 0.15, "transition_beta": 4.0, "use_graph_embeddings": true, "use_in_batch_negatives": true, "use_long": 0, "use_preference": 1, "use_short": 1, "validate_every_steps": 250, "validation_user_limit": 0}
2026-09-11 15:58:28,507 | INFO | INTERACTION_CACHE hit path=/workspace/P78123011/cache/mamba_multi_agent_data/amazon-all-beauty_90e3e920169a.pkl
2026-09-11 15:58:28,507 | INFO | LENGTH_SPLIT preprocessing=original_one_pass_user_item_min_5 basis=filtered_full_sequence short<=10 long>10
2026-09-11 15:58:28,507 | INFO | users=1603 items=4090 train_interactions=8445
2026-09-11 15:58:28,651 | INFO | CATALOG_PRIORS popularity_alpha=-0.250000 transition_beta=4.000000 source=train_histories_only enabled=True
2026-09-11 15:58:28,664 | INFO | ITEM_VECTOR_ARTIFACT path=/workspace/P78123011/cache/mamba_multi_agent/amazon-all-beauty_4090_47e41e57cc9e_prompt_tok32.pt fingerprint=47e41e57cc9e
2026-09-11 15:58:28,664 | INFO | SEMANTIC_BACKBONE model_id=state-spaces/mamba-130m-hf hidden_size=768 frozen=True usage=shared_cached_item_vectors
2026-09-11 15:58:28,669 | INFO | GRAPH_EMBEDDINGS enabled=True source=train_histories_only main_device=cuda:0 graph_device=cuda:0
2026-09-11 15:58:28,694 | INFO | ADAPTATION_MODE mode=multi_lora enable_lora=1
2026-09-11 15:58:28,694 | INFO | ADAPTER_ROUTES {'short': ('candidate_lora', 'delta_lora', 'gate_lora', 'output_lora'), 'preference': ('transition_lora', 'state_lora'), 'coordinator': ('state_lora', 'mix_lora', 'score_lora')}
2026-09-11 15:58:28,694 | INFO | agent_parameters={'long': 16513, 'short': 16513, 'preference': 78786, 'coordinator': 14373, 'shared_projection': 98304, 'graph': 728704}
2026-09-11 15:58:28,694 | INFO | PREDICTION_PATH graph_only=False active_agents=2 coordinator=True
2026-09-11 15:58:28,699 | INFO | training_transitions=6842
2026-09-11 15:58:28,699 | INFO | schedule specialist_epochs=3 coordinator_epochs=3 joint_ranking_epochs=7 validate_every_steps=250 validation_users=0 periodic_test_users=0 monitor=ndcg@10 early_stopping_patience=6
2026-09-11 15:58:29,189 | INFO | TRAINING_BRANCHES stage=specialists long=False short=True preference=True gcn=True preference_auxiliary=True preference_contrastive=False diversity_pairs=0 trainable_parameters=922307
2026-09-11 15:58:31,110 | INFO | 
========== PERIODIC VALIDATION ==========
stage=specialists | epoch=1 | step=54 | users=1457/1457
NDCG  | @5 0.094868 | @10 0.095555
Recall| @5 0.102265 | @10 0.104324
Hit   | @5 0.102265 | @10 0.104324
================================
2026-09-11 15:58:31,110 | INFO | PERIODIC VALIDATION SEQUENCE_LENGTH {"basis": "filtered_full_sequence", "long": {"evaluated_users": 219, "history_length_max": 119, "history_length_mean": 20.98173515981735, "history_length_min": 11, "hit@10": 0.0547945205479452, "hit@5": 0.0410958904109589, "ndcg@10": 0.03832999297373656, "ndcg@5": 0.03375702858773687, "recall@10": 0.0547945205479452, "recall@5": 0.0410958904109589, "total_users": 219}, "long_rule": "length > threshold", "short": {"evaluated_users": 1238, "history_length_max": 10, "history_length_mean": 5.27221324717286, "history_length_min": 3, "hit@10": 0.11308562197092084, "hit@5": 0.11308562197092084, "ndcg@10": 0.10567803036924843, "ndcg@5": 0.10567803036924843, "recall@10": 0.11308562197092084, "recall@5": 0.11308562197092084, "total_users": 1238}, "short_rule": "length <= threshold", "threshold": 10}
2026-09-11 15:58:31,283 | INFO | 
========== PERIODIC TEST ==========
stage=specialists | epoch=1 | step=54 | users=1457/1457
NDCG  | @5 0.107802 | @10 0.109612
Recall| @5 0.114619 | @10 0.120110
Hit   | @5 0.114619 | @10 0.120110
================================
2026-09-11 15:58:31,283 | INFO | PERIODIC TEST SEQUENCE_LENGTH {"basis": "filtered_full_sequence", "long": {"evaluated_users": 219, "history_length_max": 119, "history_length_mean": 20.98173515981735, "history_length_min": 11, "hit@10": 0.0593607305936073, "hit@5": 0.0547945205479452, "ndcg@10": 0.04088300739892636, "ndcg@5": 0.039256490562816666, "recall@10": 0.0593607305936073, "recall@5": 0.0547945205479452, "total_users": 219}, "long_rule": "length > threshold", "short": {"evaluated_users": 1238, "history_length_max": 10, "history_length_mean": 5.27221324717286, "history_length_min": 3, "hit@10": 0.1308562197092084, "hit@5": 0.12520193861066237, "ndcg@10": 0.12177027836881071, "ndcg@5": 0.11992762314730471, "recall@10": 0.1308562197092084, "recall@5": 0.12520193861066237, "total_users": 1238}, "short_rule": "length <= threshold", "threshold": 10}
2026-09-11 15:58:31,283 | INFO | VALID_STEP step=54 stage=specialists epoch=1 ndcg@10=0.095555 recall@10=0.104324 improved=True
2026-09-11 15:58:31,286 | INFO | BEST_MODEL_IN_MEMORY step=54 stage=specialists ndcg@10=0.095555
2026-09-11 15:58:31,286 | INFO | stage=specialists epoch=1 loss=8.344008 steps=54 transitions/s=3921.36
2026-09-11 15:58:32,793 | INFO | 
========== PERIODIC VALIDATION ==========
stage=specialists | epoch=2 | step=108 | users=1457/1457
NDCG  | @5 0.094955 | @10 0.095673
Recall| @5 0.100892 | @10 0.102951
Hit   | @5 0.100892 | @10 0.102951
================================
2026-09-11 15:58:32,794 | INFO | PERIODIC VALIDATION SEQUENCE_LENGTH {"basis": "filtered_full_sequence", "long": {"evaluated_users": 219, "history_length_max": 119, "history_length_mean": 20.98173515981735, "history_length_min": 11, "hit@10": 0.0502283105022831, "hit@5": 0.045662100456621, "ndcg@10": 0.03714999659843351, "ndcg@5": 0.03552347976232381, "recall@10": 0.0502283105022831, "recall@5": 0.045662100456621, "total_users": 219}, "long_rule": "length > threshold", "short": {"evaluated_users": 1238, "history_length_max": 10, "history_length_mean": 5.27221324717286, "history_length_min": 3, "hit@10": 0.1122778675282714, "hit@5": 0.11066235864297254, "ndcg@10": 0.10602538900307629, "ndcg@5": 0.105468409584303, "recall@10": 0.1122778675282714, "recall@5": 0.11066235864297254, "total_users": 1238}, "short_rule": "length <= threshold", "threshold": 10}
2026-09-11 15:58:32,965 | INFO | 
========== PERIODIC TEST ==========
stage=specialists | epoch=2 | step=108 | users=1457/1457
NDCG  | @5 0.108098 | @10 0.110050
Recall| @5 0.115305 | @10 0.121482
Hit   | @5 0.115305 | @10 0.121482
================================
2026-09-11 15:58:32,965 | INFO | PERIODIC TEST SEQUENCE_LENGTH {"basis": "filtered_full_sequence", "long": {"evaluated_users": 219, "history_length_max": 119, "history_length_mean": 20.98173515981735, "history_length_min": 11, "hit@10": 0.0639269406392694, "hit@5": 0.0547945205479452, "ndcg@10": 0.042016900166029526, "ndcg@5": 0.039256490562816666, "recall@10": 0.0639269406392694, "recall@5": 0.0547945205479452, "total_users": 219}, "long_rule": "length > threshold", "short": {"evaluated_users": 1238, "history_length_max": 10, "history_length_mean": 5.27221324717286, "history_length_min": 3, "hit@10": 0.13166397415185785, "hit@5": 0.1260096930533118, "ndcg@10": 0.1220851746745327, "ndcg@5": 0.12027550405043347, "recall@10": 0.13166397415185785, "recall@5": 0.1260096930533118, "total_users": 1238}, "short_rule": "length <= threshold", "threshold": 10}
2026-09-11 15:58:32,966 | INFO | VALID_STEP step=108 stage=specialists epoch=2 ndcg@10=0.095673 recall@10=0.102951 improved=True
2026-09-11 15:58:32,969 | INFO | BEST_MODEL_IN_MEMORY step=108 stage=specialists ndcg@10=0.095673
2026-09-11 15:58:32,969 | INFO | stage=specialists epoch=2 loss=8.339934 steps=54 transitions/s=5138.65
2026-09-11 15:58:34,481 | INFO | 
========== PERIODIC VALIDATION ==========
stage=specialists | epoch=3 | step=162 | users=1457/1457
NDCG  | @5 0.094111 | @10 0.095701
Recall| @5 0.098833 | @10 0.103638
Hit   | @5 0.098833 | @10 0.103638
================================
2026-09-11 15:58:34,482 | INFO | PERIODIC VALIDATION SEQUENCE_LENGTH {"basis": "filtered_full_sequence", "long": {"evaluated_users": 219, "history_length_max": 119, "history_length_mean": 20.98173515981735, "history_length_min": 11, "hit@10": 0.0502283105022831, "hit@5": 0.045662100456621, "ndcg@10": 0.03774784935446756, "ndcg@5": 0.03612133251835786, "recall@10": 0.0502283105022831, "recall@5": 0.045662100456621, "total_users": 219}, "long_rule": "length > threshold", "short": {"evaluated_users": 1238, "history_length_max": 10, "history_length_mean": 5.27221324717286, "history_length_min": 3, "hit@10": 0.11308562197092084, "hit@5": 0.10823909531502424, "ndcg@10": 0.10595256449065588, "ndcg@5": 0.10436877055672078, "recall@10": 0.11308562197092084, "recall@5": 0.10823909531502424, "total_users": 1238}, "short_rule": "length <= threshold", "threshold": 10}
2026-09-11 15:58:34,654 | INFO | 
========== PERIODIC TEST ==========
stage=specialists | epoch=3 | step=162 | users=1457/1457
NDCG  | @5 0.109898 | @10 0.111891
Recall| @5 0.119423 | @10 0.125601
Hit   | @5 0.119423 | @10 0.125601
================================
2026-09-11 15:58:34,654 | INFO | PERIODIC TEST SEQUENCE_LENGTH {"basis": "filtered_full_sequence", "long": {"evaluated_users": 219, "history_length_max": 119, "history_length_mean": 20.98173515981735, "history_length_min": 11, "hit@10": 0.0593607305936073, "hit@5": 0.0547945205479452, "ndcg@10": 0.03992447670628818, "ndcg@5": 0.03860454599250788, "recall@10": 0.0593607305936073, "recall@5": 0.0547945205479452, "total_users": 219}, "long_rule": "length > threshold", "short": {"evaluated_users": 1238, "history_length_max": 10, "history_length_mean": 5.27221324717286, "history_length_min": 3, "hit@10": 0.13731825525040386, "hit@5": 0.1308562197092084, "ndcg@10": 0.12462165023924211, "ndcg@5": 0.12250974353685294, "recall@10": 0.13731825525040386, "recall@5": 0.1308562197092084, "total_users": 1238}, "short_rule": "length <= threshold", "threshold": 10}
2026-09-11 15:58:34,655 | INFO | VALID_STEP step=162 stage=specialists epoch=3 ndcg@10=0.095701 recall@10=0.103638 improved=True
2026-09-11 15:58:34,657 | INFO | BEST_MODEL_IN_MEMORY step=162 stage=specialists ndcg@10=0.095701
2026-09-11 15:58:34,657 | INFO | stage=specialists epoch=3 loss=8.291489 steps=54 transitions/s=5125.79
2026-09-11 15:58:34,659 | INFO | TRAINING_BRANCHES stage=coordinator long=False short=True preference=True gcn=True preference_auxiliary=False preference_contrastive=False diversity_pairs=0 trainable_parameters=10245
2026-09-11 15:58:35,803 | INFO | 
========== PERIODIC VALIDATION ==========
stage=coordinator | epoch=1 | step=216 | users=1457/1457
NDCG  | @5 0.094111 | @10 0.095701
Recall| @5 0.098833 | @10 0.103638
Hit   | @5 0.098833 | @10 0.103638
================================
2026-09-11 15:58:35,803 | INFO | PERIODIC VALIDATION SEQUENCE_LENGTH {"basis": "filtered_full_sequence", "long": {"evaluated_users": 219, "history_length_max": 119, "history_length_mean": 20.98173515981735, "history_length_min": 11, "hit@10": 0.0502283105022831, "hit@5": 0.045662100456621, "ndcg@10": 0.03774784935446756, "ndcg@5": 0.03612133251835786, "recall@10": 0.0502283105022831, "recall@5": 0.045662100456621, "total_users": 219}, "long_rule": "length > threshold", "short": {"evaluated_users": 1238, "history_length_max": 10, "history_length_mean": 5.27221324717286, "history_length_min": 3, "hit@10": 0.11308562197092084, "hit@5": 0.10823909531502424, "ndcg@10": 0.10595256449065588, "ndcg@5": 0.10436877055672078, "recall@10": 0.11308562197092084, "recall@5": 0.10823909531502424, "total_users": 1238}, "short_rule": "length <= threshold", "threshold": 10}
2026-09-11 15:58:35,979 | INFO | 
========== PERIODIC TEST ==========
stage=coordinator | epoch=1 | step=216 | users=1457/1457
NDCG  | @5 0.109898 | @10 0.111891
Recall| @5 0.119423 | @10 0.125601
Hit   | @5 0.119423 | @10 0.125601
================================
2026-09-11 15:58:35,979 | INFO | PERIODIC TEST SEQUENCE_LENGTH {"basis": "filtered_full_sequence", "long": {"evaluated_users": 219, "history_length_max": 119, "history_length_mean": 20.98173515981735, "history_length_min": 11, "hit@10": 0.0593607305936073, "hit@5": 0.0547945205479452, "ndcg@10": 0.03992447670628818, "ndcg@5": 0.03860454599250788, "recall@10": 0.0593607305936073, "recall@5": 0.0547945205479452, "total_users": 219}, "long_rule": "length > threshold", "short": {"evaluated_users": 1238, "history_length_max": 10, "history_length_mean": 5.27221324717286, "history_length_min": 3, "hit@10": 0.13731825525040386, "hit@5": 0.1308562197092084, "ndcg@10": 0.12462165023924211, "ndcg@5": 0.12250974353685294, "recall@10": 0.13731825525040386, "recall@5": 0.1308562197092084, "total_users": 1238}, "short_rule": "length <= threshold", "threshold": 10}
2026-09-11 15:58:35,980 | INFO | VALID_STEP step=216 stage=coordinator epoch=1 ndcg@10=0.095701 recall@10=0.103638 improved=False
2026-09-11 15:58:35,980 | INFO | LEARNING_RATE step=216 stage=coordinator lr=0.0001
2026-09-11 15:58:35,980 | INFO | stage=coordinator epoch=1 loss=3.844590 steps=54 transitions/s=7109.66
2026-09-11 15:58:37,120 | INFO | 
========== PERIODIC VALIDATION ==========
stage=coordinator | epoch=2 | step=270 | users=1457/1457
NDCG  | @5 0.094141 | @10 0.095731
Recall| @5 0.098833 | @10 0.103638
Hit   | @5 0.098833 | @10 0.103638
================================
2026-09-11 15:58:37,120 | INFO | PERIODIC VALIDATION SEQUENCE_LENGTH {"basis": "filtered_full_sequence", "long": {"evaluated_users": 219, "history_length_max": 119, "history_length_mean": 20.98173515981735, "history_length_min": 11, "hit@10": 0.0502283105022831, "hit@5": 0.045662100456621, "ndcg@10": 0.03794795780578652, "ndcg@5": 0.03632144096967682, "recall@10": 0.0502283105022831, "recall@5": 0.045662100456621, "total_users": 219}, "long_rule": "length > threshold", "short": {"evaluated_users": 1238, "history_length_max": 10, "history_length_mean": 5.27221324717286, "history_length_min": 3, "hit@10": 0.11308562197092084, "hit@5": 0.10823909531502424, "ndcg@10": 0.10595256449065588, "ndcg@5": 0.10436877055672078, "recall@10": 0.11308562197092084, "recall@5": 0.10823909531502424, "total_users": 1238}, "short_rule": "length <= threshold", "threshold": 10}
2026-09-11 15:58:37,298 | INFO | 
========== PERIODIC TEST ==========
stage=coordinator | epoch=2 | step=270 | users=1457/1457
NDCG  | @5 0.109928 | @10 0.111921
Recall| @5 0.119423 | @10 0.125601
Hit   | @5 0.119423 | @10 0.125601
================================
2026-09-11 15:58:37,298 | INFO | PERIODIC TEST SEQUENCE_LENGTH {"basis": "filtered_full_sequence", "long": {"evaluated_users": 219, "history_length_max": 119, "history_length_mean": 20.98173515981735, "history_length_min": 11, "hit@10": 0.0593607305936073, "hit@5": 0.0547945205479452, "ndcg@10": 0.03992447670628818, "ndcg@5": 0.03860454599250788, "recall@10": 0.0593607305936073, "recall@5": 0.0547945205479452, "total_users": 219}, "long_rule": "length > threshold", "short": {"evaluated_users": 1238, "history_length_max": 10, "history_length_mean": 5.27221324717286, "history_length_min": 3, "hit@10": 0.13731825525040386, "hit@5": 0.1308562197092084, "ndcg@10": 0.12465704906867575, "ndcg@5": 0.12254514236628658, "recall@10": 0.13731825525040386, "recall@5": 0.1308562197092084, "total_users": 1238}, "short_rule": "length <= threshold", "threshold": 10}
2026-09-11 15:58:37,298 | INFO | VALID_STEP step=270 stage=coordinator epoch=2 ndcg@10=0.095731 recall@10=0.103638 improved=True
2026-09-11 15:58:37,301 | INFO | BEST_MODEL_IN_MEMORY step=270 stage=coordinator ndcg@10=0.095731
2026-09-11 15:58:37,301 | INFO | LEARNING_RATE step=270 stage=coordinator lr=0.0001
2026-09-11 15:58:37,301 | INFO | stage=coordinator epoch=2 loss=3.936187 steps=54 transitions/s=7138.08
2026-09-11 15:58:38,479 | INFO | 
========== PERIODIC VALIDATION ==========
stage=coordinator | epoch=3 | step=324 | users=1457/1457
NDCG  | @5 0.094141 | @10 0.095731
Recall| @5 0.098833 | @10 0.103638
Hit   | @5 0.098833 | @10 0.103638
================================
2026-09-11 15:58:38,480 | INFO | PERIODIC VALIDATION SEQUENCE_LENGTH {"basis": "filtered_full_sequence", "long": {"evaluated_users": 219, "history_length_max": 119, "history_length_mean": 20.98173515981735, "history_length_min": 11, "hit@10": 0.0502283105022831, "hit@5": 0.045662100456621, "ndcg@10": 0.03794795780578652, "ndcg@5": 0.03632144096967682, "recall@10": 0.0502283105022831, "recall@5": 0.045662100456621, "total_users": 219}, "long_rule": "length > threshold", "short": {"evaluated_users": 1238, "history_length_max": 10, "history_length_mean": 5.27221324717286, "history_length_min": 3, "hit@10": 0.11308562197092084, "hit@5": 0.10823909531502424, "ndcg@10": 0.10595256449065588, "ndcg@5": 0.10436877055672078, "recall@10": 0.11308562197092084, "recall@5": 0.10823909531502424, "total_users": 1238}, "short_rule": "length <= threshold", "threshold": 10}
2026-09-11 15:58:38,661 | INFO | 
========== PERIODIC TEST ==========
stage=coordinator | epoch=3 | step=324 | users=1457/1457
NDCG  | @5 0.109928 | @10 0.111921
Recall| @5 0.119423 | @10 0.125601
Hit   | @5 0.119423 | @10 0.125601
================================
2026-09-11 15:58:38,661 | INFO | PERIODIC TEST SEQUENCE_LENGTH {"basis": "filtered_full_sequence", "long": {"evaluated_users": 219, "history_length_max": 119, "history_length_mean": 20.98173515981735, "history_length_min": 11, "hit@10": 0.0593607305936073, "hit@5": 0.0547945205479452, "ndcg@10": 0.03992447670628818, "ndcg@5": 0.03860454599250788, "recall@10": 0.0593607305936073, "recall@5": 0.0547945205479452, "total_users": 219}, "long_rule": "length > threshold", "short": {"evaluated_users": 1238, "history_length_max": 10, "history_length_mean": 5.27221324717286, "history_length_min": 3, "hit@10": 0.13731825525040386, "hit@5": 0.1308562197092084, "ndcg@10": 0.12465704906867575, "ndcg@5": 0.12254514236628658, "recall@10": 0.13731825525040386, "recall@5": 0.1308562197092084, "total_users": 1238}, "short_rule": "length <= threshold", "threshold": 10}
2026-09-11 15:58:38,662 | INFO | VALID_STEP step=324 stage=coordinator epoch=3 ndcg@10=0.095731 recall@10=0.103638 improved=False
2026-09-11 15:58:38,662 | INFO | LEARNING_RATE step=324 stage=coordinator lr=0.0001
2026-09-11 15:58:38,662 | INFO | stage=coordinator epoch=3 loss=3.935348 steps=54 transitions/s=6904.68
2026-09-11 15:58:38,663 | INFO | TRAINING_BRANCHES stage=joint long=False short=True preference=True gcn=True preference_auxiliary=True preference_contrastive=True diversity_pairs=1 trainable_parameters=932552
2026-09-11 15:58:40,303 | INFO | 
========== PERIODIC VALIDATION ==========
stage=joint | epoch=1 | step=378 | users=1457/1457
NDCG  | @5 0.094707 | @10 0.096046
Recall| @5 0.099520 | @10 0.103638
Hit   | @5 0.099520 | @10 0.103638
================================
2026-09-11 15:58:40,303 | INFO | PERIODIC VALIDATION SEQUENCE_LENGTH {"basis": "filtered_full_sequence", "long": {"evaluated_users": 219, "history_length_max": 119, "history_length_mean": 20.98173515981735, "history_length_min": 11, "hit@10": 0.0502283105022831, "hit@5": 0.045662100456621, "ndcg@10": 0.03963321007258352, "ndcg@5": 0.03800669323647382, "recall@10": 0.0502283105022831, "recall@5": 0.045662100456621, "total_users": 219}, "long_rule": "length > threshold", "short": {"evaluated_users": 1238, "history_length_max": 10, "history_length_mean": 5.27221324717286, "history_length_min": 3, "hit@10": 0.11308562197092084, "hit@5": 0.10904684975767366, "ndcg@10": 0.10602569823714898, "ndcg@5": 0.10473724894861186, "recall@10": 0.11308562197092084, "recall@5": 0.10904684975767366, "total_users": 1238}, "short_rule": "length <= threshold", "threshold": 10}
2026-09-11 15:58:40,476 | INFO | 
========== PERIODIC TEST ==========
stage=joint | epoch=1 | step=378 | users=1457/1457
NDCG  | @5 0.109633 | @10 0.112287
Recall| @5 0.118737 | @10 0.126973
Hit   | @5 0.118737 | @10 0.126973
================================
2026-09-11 15:58:40,476 | INFO | PERIODIC TEST SEQUENCE_LENGTH {"basis": "filtered_full_sequence", "long": {"evaluated_users": 219, "history_length_max": 119, "history_length_mean": 20.98173515981735, "history_length_min": 11, "hit@10": 0.0593607305936073, "hit@5": 0.0547945205479452, "ndcg@10": 0.03992447670628818, "ndcg@5": 0.03860454599250788, "recall@10": 0.0593607305936073, "recall@5": 0.0547945205479452, "total_users": 219}, "long_rule": "length > threshold", "short": {"evaluated_users": 1238, "history_length_max": 10, "history_length_mean": 5.27221324717286, "history_length_min": 3, "hit@10": 0.13893376413570274, "hit@5": 0.13004846526655897, "ndcg@10": 0.12508798114263706, "ndcg@5": 0.12219726146315785, "recall@10": 0.13893376413570274, "recall@5": 0.13004846526655897, "total_users": 1238}, "short_rule": "length <= threshold", "threshold": 10}
2026-09-11 15:58:40,477 | INFO | VALID_STEP step=378 stage=joint epoch=1 ndcg@10=0.096046 recall@10=0.103638 improved=True
2026-09-11 15:58:40,479 | INFO | BEST_MODEL_IN_MEMORY step=378 stage=joint ndcg@10=0.096046
2026-09-11 15:58:40,479 | INFO | LEARNING_RATE step=378 stage=joint lr=5e-05
2026-09-11 15:58:40,479 | INFO | stage=joint epoch=1 loss=4.297823 steps=54 transitions/s=4675.57
2026-09-11 15:58:42,142 | INFO | 
========== PERIODIC VALIDATION ==========
stage=joint | epoch=2 | step=432 | users=1457/1457
NDCG  | @5 0.094797 | @10 0.096555
Recall| @5 0.099520 | @10 0.105010
Hit   | @5 0.099520 | @10 0.105010
================================
2026-09-11 15:58:42,142 | INFO | PERIODIC VALIDATION SEQUENCE_LENGTH {"basis": "filtered_full_sequence", "long": {"evaluated_users": 219, "history_length_max": 119, "history_length_mean": 20.98173515981735, "history_length_min": 11, "hit@10": 0.0593607305936073, "hit@5": 0.045662100456621, "ndcg@10": 0.042289172854907374, "ndcg@5": 0.03800669323647382, "recall@10": 0.0593607305936073, "recall@5": 0.045662100456621, "total_users": 219}, "long_rule": "length > threshold", "short": {"evaluated_users": 1238, "history_length_max": 10, "history_length_mean": 5.27221324717286, "history_length_min": 3, "hit@10": 0.11308562197092084, "hit@5": 0.10904684975767366, "ndcg@10": 0.1061547021907416, "ndcg@5": 0.1048430080387342, "recall@10": 0.11308562197092084, "recall@5": 0.10904684975767366, "total_users": 1238}, "short_rule": "length <= threshold", "threshold": 10}
2026-09-11 15:58:42,315 | INFO | 
========== PERIODIC TEST ==========
stage=joint | epoch=2 | step=432 | users=1457/1457
NDCG  | @5 0.110868 | @10 0.113061
Recall| @5 0.120110 | @10 0.126973
Hit   | @5 0.120110 | @10 0.126973
================================
2026-09-11 15:58:42,315 | INFO | PERIODIC TEST SEQUENCE_LENGTH {"basis": "filtered_full_sequence", "long": {"evaluated_users": 219, "history_length_max": 119, "history_length_mean": 20.98173515981735, "history_length_min": 11, "hit@10": 0.0593607305936073, "hit@5": 0.0547945205479452, "ndcg@10": 0.04160972897308518, "ndcg@5": 0.04028979825930487, "recall@10": 0.0593607305936073, "recall@5": 0.0547945205479452, "total_users": 219}, "long_rule": "length > threshold", "short": {"evaluated_users": 1238, "history_length_max": 10, "history_length_mean": 5.27221324717286, "history_length_min": 3, "hit@10": 0.13893376413570274, "hit@5": 0.13166397415185785, "ndcg@10": 0.12570107039480155, "ndcg@5": 0.12335289680893602, "recall@10": 0.13893376413570274, "recall@5": 0.13166397415185785, "total_users": 1238}, "short_rule": "length <= threshold", "threshold": 10}
2026-09-11 15:58:42,316 | INFO | VALID_STEP step=432 stage=joint epoch=2 ndcg@10=0.096555 recall@10=0.105010 improved=True
2026-09-11 15:58:42,318 | INFO | BEST_MODEL_IN_MEMORY step=432 stage=joint ndcg@10=0.096555
2026-09-11 15:58:42,318 | INFO | LEARNING_RATE step=432 stage=joint lr=5e-05
2026-09-11 15:58:42,318 | INFO | stage=joint epoch=2 loss=4.336029 steps=54 transitions/s=4835.35
2026-09-11 15:58:43,905 | INFO | 
========== PERIODIC VALIDATION ==========
stage=joint | epoch=3 | step=486 | users=1457/1457
NDCG  | @5 0.094707 | @10 0.096701
Recall| @5 0.099520 | @10 0.105697
Hit   | @5 0.099520 | @10 0.105697
================================
2026-09-11 15:58:43,905 | INFO | PERIODIC VALIDATION SEQUENCE_LENGTH {"basis": "filtered_full_sequence", "long": {"evaluated_users": 219, "history_length_max": 119, "history_length_mean": 20.98173515981735, "history_length_min": 11, "hit@10": 0.0593607305936073, "hit@5": 0.045662100456621, "ndcg@10": 0.04247521080158451, "ndcg@5": 0.03800669323647382, "recall@10": 0.0593607305936073, "recall@5": 0.045662100456621, "total_users": 219}, "long_rule": "length > threshold", "short": {"evaluated_users": 1238, "history_length_max": 10, "history_length_mean": 5.27221324717286, "history_length_min": 3, "hit@10": 0.11389337641357028, "hit@5": 0.10904684975767366, "ndcg@10": 0.10629295479737327, "ndcg@5": 0.10473724894861186, "recall@10": 0.11389337641357028, "recall@5": 0.10904684975767366, "total_users": 1238}, "short_rule": "length <= threshold", "threshold": 10}
2026-09-11 15:58:44,078 | INFO | 
========== PERIODIC TEST ==========
stage=joint | epoch=3 | step=486 | users=1457/1457
NDCG  | @5 0.110897 | @10 0.112946
Recall| @5 0.120110 | @10 0.126287
Hit   | @5 0.120110 | @10 0.126287
================================
2026-09-11 15:58:44,078 | INFO | PERIODIC TEST SEQUENCE_LENGTH {"basis": "filtered_full_sequence", "long": {"evaluated_users": 219, "history_length_max": 119, "history_length_mean": 20.98173515981735, "history_length_min": 11, "hit@10": 0.0593607305936073, "hit@5": 0.0547945205479452, "ndcg@10": 0.04160972897308518, "ndcg@5": 0.04028979825930487, "recall@10": 0.0593607305936073, "recall@5": 0.0547945205479452, "total_users": 219}, "long_rule": "length > threshold", "short": {"evaluated_users": 1238, "history_length_max": 10, "history_length_mean": 5.27221324717286, "history_length_min": 3, "hit@10": 0.1381260096930533, "hit@5": 0.13166397415185785, "ndcg@10": 0.12556558450691352, "ndcg@5": 0.12338785824019108, "recall@10": 0.1381260096930533, "recall@5": 0.13166397415185785, "total_users": 1238}, "short_rule": "length <= threshold", "threshold": 10}
2026-09-11 15:58:44,079 | INFO | VALID_STEP step=486 stage=joint epoch=3 ndcg@10=0.096701 recall@10=0.105697 improved=True
2026-09-11 15:58:44,081 | INFO | BEST_MODEL_IN_MEMORY step=486 stage=joint ndcg@10=0.096701
2026-09-11 15:58:44,081 | INFO | LEARNING_RATE step=486 stage=joint lr=5e-05
2026-09-11 15:58:44,081 | INFO | stage=joint epoch=3 loss=4.320156 steps=54 transitions/s=4855.90
2026-09-11 15:58:45,668 | INFO | 
========== PERIODIC VALIDATION ==========
stage=joint | epoch=4 | step=540 | users=1457/1457
NDCG  | @5 0.094659 | @10 0.097088
Recall| @5 0.099520 | @10 0.107069
Hit   | @5 0.099520 | @10 0.107069
================================
2026-09-11 15:58:45,668 | INFO | PERIODIC VALIDATION SEQUENCE_LENGTH {"basis": "filtered_full_sequence", "long": {"evaluated_users": 219, "history_length_max": 119, "history_length_mean": 20.98173515981735, "history_length_min": 11, "hit@10": 0.0639269406392694, "hit@5": 0.045662100456621, "ndcg@10": 0.04399728081680522, "ndcg@5": 0.03800669323647382, "recall@10": 0.0639269406392694, "recall@5": 0.045662100456621, "total_users": 219}, "long_rule": "length > threshold", "short": {"evaluated_users": 1238, "history_length_max": 10, "history_length_mean": 5.27221324717286, "history_length_min": 3, "hit@10": 0.1147011308562197, "hit@5": 0.10904684975767366, "ndcg@10": 0.10647926341515992, "ndcg@5": 0.1046812526304159, "recall@10": 0.1147011308562197, "recall@5": 0.10904684975767366, "total_users": 1238}, "short_rule": "length <= threshold", "threshold": 10}
2026-09-11 15:58:45,841 | INFO | 
========== PERIODIC TEST ==========
stage=joint | epoch=4 | step=540 | users=1457/1457
NDCG  | @5 0.111712 | @10 0.114134
Recall| @5 0.121482 | @10 0.129032
Hit   | @5 0.121482 | @10 0.129032
================================
2026-09-11 15:58:45,841 | INFO | PERIODIC TEST SEQUENCE_LENGTH {"basis": "filtered_full_sequence", "long": {"evaluated_users": 219, "history_length_max": 119, "history_length_mean": 20.98173515981735, "history_length_min": 11, "hit@10": 0.0639269406392694, "hit@5": 0.0547945205479452, "ndcg@10": 0.04313179898830588, "ndcg@5": 0.04028979825930487, "recall@10": 0.0639269406392694, "recall@5": 0.0547945205479452, "total_users": 219}, "long_rule": "length > threshold", "short": {"evaluated_users": 1238, "history_length_max": 10, "history_length_mean": 5.27221324717286, "history_length_min": 3, "hit@10": 0.14054927302100162, "hit@5": 0.1332794830371567, "ndcg@10": 0.12669451293408285, "ndcg@5": 0.12434633934821732, "recall@10": 0.14054927302100162, "recall@5": 0.1332794830371567, "total_users": 1238}, "short_rule": "length <= threshold", "threshold": 10}
2026-09-11 15:58:45,842 | INFO | VALID_STEP step=540 stage=joint epoch=4 ndcg@10=0.097088 recall@10=0.107069 improved=True
2026-09-11 15:58:45,844 | INFO | BEST_MODEL_IN_MEMORY step=540 stage=joint ndcg@10=0.097088
2026-09-11 15:58:45,844 | INFO | LEARNING_RATE step=540 stage=joint lr=5e-05
2026-09-11 15:58:45,844 | INFO | stage=joint epoch=4 loss=4.305527 steps=54 transitions/s=4858.45
2026-09-11 15:58:47,427 | INFO | 
========== PERIODIC VALIDATION ==========
stage=joint | epoch=5 | step=594 | users=1457/1457
NDCG  | @5 0.094973 | @10 0.097658
Recall| @5 0.100206 | @10 0.108442
Hit   | @5 0.100206 | @10 0.108442
================================
2026-09-11 15:58:47,427 | INFO | PERIODIC VALIDATION SEQUENCE_LENGTH {"basis": "filtered_full_sequence", "long": {"evaluated_users": 219, "history_length_max": 119, "history_length_mean": 20.98173515981735, "history_length_min": 11, "hit@10": 0.0684931506849315, "hit@5": 0.0502283105022831, "ndcg@10": 0.045682140865604015, "ndcg@5": 0.039773144411060765, "recall@10": 0.0684931506849315, "recall@5": 0.0502283105022831, "total_users": 219}, "long_rule": "length > threshold", "short": {"evaluated_users": 1238, "history_length_max": 10, "history_length_mean": 5.27221324717286, "history_length_min": 3, "hit@10": 0.11550888529886914, "hit@5": 0.10904684975767366, "ndcg@10": 0.10685192913680545, "ndcg@5": 0.10473724894861186, "recall@10": 0.11550888529886914, "recall@5": 0.10904684975767366, "total_users": 1238}, "short_rule": "length <= threshold", "threshold": 10}
2026-09-11 15:58:47,601 | INFO | 
========== PERIODIC TEST ==========
stage=joint | epoch=5 | step=594 | users=1457/1457
NDCG  | @5 0.111429 | @10 0.114751
Recall| @5 0.121482 | @10 0.131778
Hit   | @5 0.121482 | @10 0.131778
================================
2026-09-11 15:58:47,602 | INFO | PERIODIC TEST SEQUENCE_LENGTH {"basis": "filtered_full_sequence", "long": {"evaluated_users": 219, "history_length_max": 119, "history_length_mean": 20.98173515981735, "history_length_min": 11, "hit@10": 0.0684931506849315, "hit@5": 0.0547945205479452, "ndcg@10": 0.04445172970208619, "ndcg@5": 0.04028979825930487, "recall@10": 0.0684931506849315, "recall@5": 0.0547945205479452, "total_users": 219}, "long_rule": "length > threshold", "short": {"evaluated_users": 1238, "history_length_max": 10, "history_length_mean": 5.27221324717286, "history_length_min": 3, "hit@10": 0.1429725363489499, "hit@5": 0.1332794830371567, "ndcg@10": 0.12718722687310324, "ndcg@5": 0.12401282238758128, "recall@10": 0.1429725363489499, "recall@5": 0.1332794830371567, "total_users": 1238}, "short_rule": "length <= threshold", "threshold": 10}
2026-09-11 15:58:47,602 | INFO | VALID_STEP step=594 stage=joint epoch=5 ndcg@10=0.097658 recall@10=0.108442 improved=True
2026-09-11 15:58:47,604 | INFO | BEST_MODEL_IN_MEMORY step=594 stage=joint ndcg@10=0.097658
2026-09-11 15:58:47,604 | INFO | LEARNING_RATE step=594 stage=joint lr=5e-05
2026-09-11 15:58:47,605 | INFO | stage=joint epoch=5 loss=4.290109 steps=54 transitions/s=4864.64
2026-09-11 15:58:49,191 | INFO | 
========== PERIODIC VALIDATION ==========
stage=joint | epoch=6 | step=648 | users=1457/1457
NDCG  | @5 0.095632 | @10 0.098136
Recall| @5 0.102265 | @10 0.109815
Hit   | @5 0.102265 | @10 0.109815
================================
2026-09-11 15:58:49,191 | INFO | PERIODIC VALIDATION SEQUENCE_LENGTH {"basis": "filtered_full_sequence", "long": {"evaluated_users": 219, "history_length_max": 119, "history_length_mean": 20.98173515981735, "history_length_min": 11, "hit@10": 0.0730593607305936, "hit@5": 0.0547945205479452, "ndcg@10": 0.04750322751665714, "ndcg@5": 0.04153959558564771, "recall@10": 0.0730593607305936, "recall@5": 0.0547945205479452, "total_users": 219}, "long_rule": "length > threshold", "short": {"evaluated_users": 1238, "history_length_max": 10, "history_length_mean": 5.27221324717286, "history_length_min": 3, "hit@10": 0.11631663974151858, "hit@5": 0.11066235864297254, "ndcg@10": 0.10709330431756059, "ndcg@5": 0.10520045768768377, "recall@10": 0.11631663974151858, "recall@5": 0.11066235864297254, "total_users": 1238}, "short_rule": "length <= threshold", "threshold": 10}
2026-09-11 15:58:49,365 | INFO | 
========== PERIODIC TEST ==========
stage=joint | epoch=6 | step=648 | users=1457/1457
NDCG  | @5 0.112007 | @10 0.115370
Recall| @5 0.122169 | @10 0.132464
Hit   | @5 0.122169 | @10 0.132464
================================
2026-09-11 15:58:49,365 | INFO | PERIODIC TEST SEQUENCE_LENGTH {"basis": "filtered_full_sequence", "long": {"evaluated_users": 219, "history_length_max": 119, "history_length_mean": 20.98173515981735, "history_length_min": 11, "hit@10": 0.0684931506849315, "hit@5": 0.0547945205479452, "ndcg@10": 0.044506365178552366, "ndcg@5": 0.04028979825930487, "recall@10": 0.0684931506849315, "recall@5": 0.0547945205479452, "total_users": 219}, "long_rule": "length > threshold", "short": {"evaluated_users": 1238, "history_length_max": 10, "history_length_mean": 5.27221324717286, "history_length_min": 3, "hit@10": 0.14378029079159935, "hit@5": 0.13408723747980614, "ndcg@10": 0.12790557765088206, "ndcg@5": 0.12469422025134604, "recall@10": 0.14378029079159935, "recall@5": 0.13408723747980614, "total_users": 1238}, "short_rule": "length <= threshold", "threshold": 10}
2026-09-11 15:58:49,366 | INFO | VALID_STEP step=648 stage=joint epoch=6 ndcg@10=0.098136 recall@10=0.109815 improved=True
2026-09-11 15:58:49,368 | INFO | BEST_MODEL_IN_MEMORY step=648 stage=joint ndcg@10=0.098136
2026-09-11 15:58:49,368 | INFO | LEARNING_RATE step=648 stage=joint lr=5e-05
2026-09-11 15:58:49,368 | INFO | stage=joint epoch=6 loss=4.276518 steps=54 transitions/s=4857.80
2026-09-11 15:58:50,953 | INFO | 
========== PERIODIC VALIDATION ==========
stage=joint | epoch=7 | step=702 | users=1457/1457
NDCG  | @5 0.095877 | @10 0.098837
Recall| @5 0.102265 | @10 0.111187
Hit   | @5 0.102265 | @10 0.111187
================================
2026-09-11 15:58:50,953 | INFO | PERIODIC VALIDATION SEQUENCE_LENGTH {"basis": "filtered_full_sequence", "long": {"evaluated_users": 219, "history_length_max": 119, "history_length_mean": 20.98173515981735, "history_length_min": 11, "hit@10": 0.0776255707762557, "hit@5": 0.0547945205479452, "ndcg@10": 0.04932985280408579, "ndcg@5": 0.04173970403696667, "recall@10": 0.0776255707762557, "recall@5": 0.0547945205479452, "total_users": 219}, "long_rule": "length > threshold", "short": {"evaluated_users": 1238, "history_length_max": 10, "history_length_mean": 5.27221324717286, "history_length_min": 3, "hit@10": 0.11712439418416801, "hit@5": 0.11066235864297254, "ndcg@10": 0.10759438159634008, "ndcg@5": 0.1054536082436317, "recall@10": 0.11712439418416801, "recall@5": 0.11066235864297254, "total_users": 1238}, "short_rule": "length <= threshold", "threshold": 10}
2026-09-11 15:58:51,126 | INFO | 
========== PERIODIC TEST ==========
stage=joint | epoch=7 | step=702 | users=1457/1457
NDCG  | @5 0.111844 | @10 0.115315
Recall| @5 0.122169 | @10 0.133150
Hit   | @5 0.122169 | @10 0.133150
================================
2026-09-11 15:58:51,126 | INFO | PERIODIC TEST SEQUENCE_LENGTH {"basis": "filtered_full_sequence", "long": {"evaluated_users": 219, "history_length_max": 119, "history_length_mean": 20.98173515981735, "history_length_min": 11, "hit@10": 0.0684931506849315, "hit@5": 0.0547945205479452, "ndcg@10": 0.04525172175956064, "ndcg@5": 0.04088765101533893, "recall@10": 0.0684931506849315, "recall@5": 0.0547945205479452, "total_users": 219}, "long_rule": "length > threshold", "short": {"evaluated_users": 1238, "history_length_max": 10, "history_length_mean": 5.27221324717286, "history_length_min": 3, "hit@10": 0.14458804523424879, "hit@5": 0.13408723747980614, "ndcg@10": 0.12770923897344497, "ndcg@5": 0.12439610212014367, "recall@10": 0.14458804523424879, "recall@5": 0.13408723747980614, "total_users": 1238}, "short_rule": "length <= threshold", "threshold": 10}
2026-09-11 15:58:51,127 | INFO | VALID_STEP step=702 stage=joint epoch=7 ndcg@10=0.098837 recall@10=0.111187 improved=True
2026-09-11 15:58:51,129 | INFO | BEST_MODEL_IN_MEMORY step=702 stage=joint ndcg@10=0.098837
2026-09-11 15:58:51,129 | INFO | LEARNING_RATE step=702 stage=joint lr=5e-05
2026-09-11 15:58:51,129 | INFO | stage=joint epoch=7 loss=4.260998 steps=54 transitions/s=4864.83
2026-09-11 15:58:51,306 | INFO | 
========== FINAL CURRENT VALIDATION ==========
stage=final | epoch=0 | step=702 | users=1457/1457
NDCG  | @5 0.095877 | @10 0.098837
Recall| @5 0.102265 | @10 0.111187
Hit   | @5 0.102265 | @10 0.111187
================================
2026-09-11 15:58:51,306 | INFO | FINAL CURRENT VALIDATION SEQUENCE_LENGTH {"basis": "filtered_full_sequence", "long": {"evaluated_users": 219, "history_length_max": 119, "history_length_mean": 20.98173515981735, "history_length_min": 11, "hit@10": 0.0776255707762557, "hit@5": 0.0547945205479452, "ndcg@10": 0.04932985280408579, "ndcg@5": 0.04173970403696667, "recall@10": 0.0776255707762557, "recall@5": 0.0547945205479452, "total_users": 219}, "long_rule": "length > threshold", "short": {"evaluated_users": 1238, "history_length_max": 10, "history_length_mean": 5.27221324717286, "history_length_min": 3, "hit@10": 0.11712439418416801, "hit@5": 0.11066235864297254, "ndcg@10": 0.10759438159634008, "ndcg@5": 0.1054536082436317, "recall@10": 0.11712439418416801, "recall@5": 0.11066235864297254, "total_users": 1238}, "short_rule": "length <= threshold", "threshold": 10}
2026-09-11 15:58:51,306 | INFO | VALID_STEP step=702 stage=final epoch=0 ndcg@10=0.098837 recall@10=0.111187 improved=False
2026-09-11 15:58:51,308 | INFO | RESTORE_BEST step=702 stage=joint ndcg@10=0.098837
2026-09-11 15:58:51,658 | INFO | 
========== BEST CHECKPOINT VALIDATION ==========
stage=joint | epoch=0 | step=702 | users=1457/1457
NDCG  | @5 0.095877 | @10 0.098837
Recall| @5 0.102265 | @10 0.111187
Hit   | @5 0.102265 | @10 0.111187
================================
2026-09-11 15:58:51,658 | INFO | BEST CHECKPOINT VALIDATION SEQUENCE_LENGTH {"basis": "filtered_full_sequence", "long": {"evaluated_users": 219, "history_length_max": 119, "history_length_mean": 20.98173515981735, "history_length_min": 11, "hit@10": 0.0776255707762557, "hit@5": 0.0547945205479452, "ndcg@10": 0.04932985280408579, "ndcg@5": 0.04173970403696667, "recall@10": 0.0776255707762557, "recall@5": 0.0547945205479452, "total_users": 219}, "long_rule": "length > threshold", "short": {"evaluated_users": 1238, "history_length_max": 10, "history_length_mean": 5.27221324717286, "history_length_min": 3, "hit@10": 0.11712439418416801, "hit@5": 0.11066235864297254, "ndcg@10": 0.10759438159634008, "ndcg@5": 0.1054536082436317, "recall@10": 0.11712439418416801, "recall@5": 0.11066235864297254, "total_users": 1238}, "short_rule": "length <= threshold", "threshold": 10}
2026-09-11 15:58:51,658 | INFO | 
========== FINAL FULL TEST ==========
stage=joint | epoch=0 | step=702 | users=1457/1457
NDCG  | @5 0.111844 | @10 0.115315
Recall| @5 0.122169 | @10 0.133150
Hit   | @5 0.122169 | @10 0.133150
================================
2026-09-11 15:58:51,658 | INFO | FINAL FULL TEST SEQUENCE_LENGTH {"basis": "filtered_full_sequence", "long": {"evaluated_users": 219, "history_length_max": 119, "history_length_mean": 20.98173515981735, "history_length_min": 11, "hit@10": 0.0684931506849315, "hit@5": 0.0547945205479452, "ndcg@10": 0.04525172175956064, "ndcg@5": 0.04088765101533893, "recall@10": 0.0684931506849315, "recall@5": 0.0547945205479452, "total_users": 219}, "long_rule": "length > threshold", "short": {"evaluated_users": 1238, "history_length_max": 10, "history_length_mean": 5.27221324717286, "history_length_min": 3, "hit@10": 0.14458804523424879, "hit@5": 0.13408723747980614, "ndcg@10": 0.12770923897344497, "ndcg@5": 0.12439610212014367, "recall@10": 0.14458804523424879, "recall@5": 0.13408723747980614, "total_users": 1238}, "short_rule": "length <= threshold", "threshold": 10}
2026-09-11 15:58:51,658 | INFO | VALID_BEST {"evaluated_users": 1457, "hit@10": 0.11118737131091283, "hit@5": 0.10226492793411118, "long_agent_weight": 0.0, "long_preference_state_cosine": 0.0, "long_short_state_cosine": 0.0, "ndcg@10": 0.09883670734884646, "ndcg@5": 0.09587684476220125, "preference_change_probability": 0.020595071409038265, "preference_current_entropy": 3.3358118165905704, "preference_next_entropy": 3.3793639927263857, "preference_ranking_weight": 0.2044677734375, "recall@10": 0.11118737131091283, "recall@5": 0.10226492793411118, "scores_per_second": 34335166.195342034, "sequence_length": {"basis": "filtered_full_sequence", "long": {"evaluated_users": 219, "history_length_max": 119, "history_length_mean": 20.98173515981735, "history_length_min": 11, "hit@10": 0.0776255707762557, "hit@5": 0.0547945205479452, "ndcg@10": 0.04932985280408579, "ndcg@5": 0.04173970403696667, "recall@10": 0.0776255707762557, "recall@5": 0.0547945205479452, "total_users": 219}, "long_rule": "length > threshold", "short": {"evaluated_users": 1238, "history_length_max": 10, "history_length_mean": 5.27221324717286, "history_length_min": 3, "hit@10": 0.11712439418416801, "hit@5": 0.11066235864297254, "ndcg@10": 0.10759438159634008, "ndcg@5": 0.1054536082436317, "recall@10": 0.11712439418416801, "recall@5": 0.11066235864297254, "total_users": 1238}, "short_rule": "length <= threshold", "threshold": 10}, "short_agent_weight": 1.0, "short_preference_state_cosine": 0.1221494349045711, "total_users": 1457, "users_per_second": 8394.906160230326}
2026-09-11 15:58:51,658 | INFO | TEST_FINAL {"evaluated_users": 1457, "hit@10": 0.13315030885380919, "hit@5": 0.12216884008236102, "long_agent_weight": 0.0, "long_preference_state_cosine": 0.0, "long_short_state_cosine": 0.0, "ndcg@10": 0.11531514342549572, "ndcg@5": 0.11184404153241306, "preference_change_probability": 0.02081057954996354, "preference_current_entropy": 3.343516635829321, "preference_next_entropy": 3.3732800401885297, "preference_ranking_weight": 0.2044677734375, "recall@10": 0.13315030885380919, "recall@5": 0.12216884008236102, "scores_per_second": 34144614.13758605, "sequence_length": {"basis": "filtered_full_sequence", "long": {"evaluated_users": 219, "history_length_max": 119, "history_length_mean": 20.98173515981735, "history_length_min": 11, "hit@10": 0.0684931506849315, "hit@5": 0.0547945205479452, "ndcg@10": 0.04525172175956064, "ndcg@5": 0.04088765101533893, "recall@10": 0.0684931506849315, "recall@5": 0.0547945205479452, "total_users": 219}, "long_rule": "length > threshold", "short": {"evaluated_users": 1238, "history_length_max": 10, "history_length_mean": 5.27221324717286, "history_length_min": 3, "hit@10": 0.14458804523424879, "hit@5": 0.13408723747980614, "ndcg@10": 0.12770923897344497, "ndcg@5": 0.12439610212014367, "recall@10": 0.14458804523424879, "recall@5": 0.13408723747980614, "total_users": 1238}, "short_rule": "length <= threshold", "threshold": 10}, "short_agent_weight": 1.0, "short_preference_state_cosine": 0.012737248397151657, "total_users": 1457, "users_per_second": 8348.316415057714}
2026-09-11 15:58:51,658 | INFO | TARGET_RESULT metric=recall@10 target=>0.150000 actual=0.133150 achieved=False
2026-09-11 15:58:51,930 | INFO | FINAL_LENGTH_SCORES dataset=amazon-all-beauty group=short split=valid threshold=10 users=1238/1238 scores={"hit@10": 0.11712439418416801, "hit@5": 0.11066235864297254, "ndcg@10": 0.10759438159634008, "ndcg@5": 0.1054536082436317, "recall@10": 0.11712439418416801, "recall@5": 0.11066235864297254}
2026-09-11 15:58:51,930 | INFO | FINAL_LENGTH_SCORES dataset=amazon-all-beauty group=short split=test threshold=10 users=1238/1238 scores={"hit@10": 0.14458804523424879, "hit@5": 0.13408723747980614, "ndcg@10": 0.12770923897344497, "ndcg@5": 0.12439610212014367, "recall@10": 0.14458804523424879, "recall@5": 0.13408723747980614}
2026-09-11 15:58:51,931 | INFO | short_scores=/workspace/P78123011/MediaTek_2026_project/ver4/outputs_mamba_rl/amazons_long_short_L0_S1_P1_G1/Full_Beauty/rl_20260911_155827_r1_488206/short_scores.json
2026-09-11 15:58:51,931 | INFO | FINAL_LENGTH_SCORES dataset=amazon-all-beauty group=long split=valid threshold=10 users=219/219 scores={"hit@10": 0.0776255707762557, "hit@5": 0.0547945205479452, "ndcg@10": 0.04932985280408579, "ndcg@5": 0.04173970403696667, "recall@10": 0.0776255707762557, "recall@5": 0.0547945205479452}
2026-09-11 15:58:51,931 | INFO | FINAL_LENGTH_SCORES dataset=amazon-all-beauty group=long split=test threshold=10 users=219/219 scores={"hit@10": 0.0684931506849315, "hit@5": 0.0547945205479452, "ndcg@10": 0.04525172175956064, "ndcg@5": 0.04088765101533893, "recall@10": 0.0684931506849315, "recall@5": 0.0547945205479452}
2026-09-11 15:58:51,931 | INFO | long_scores=/workspace/P78123011/MediaTek_2026_project/ver4/outputs_mamba_rl/amazons_long_short_L0_S1_P1_G1/Full_Beauty/rl_20260911_155827_r1_488206/long_scores.json
2026-09-11 15:58:51,931 | INFO | scores=/workspace/P78123011/MediaTek_2026_project/ver4/outputs_mamba_rl/amazons_long_short_L0_S1_P1_G1/Full_Beauty/rl_20260911_155827_r1_488206/Full_Beauty_scores.json
2026-09-11 15:58:51,931 | INFO | outputs=/workspace/P78123011/MediaTek_2026_project/ver4/outputs_mamba_rl/amazons_long_short_L0_S1_P1_G1/Full_Beauty/rl_20260911_155827_r1_488206
