2026-09-09 07:23:32,441 | INFO | EXPERIMENT_CONFIG {"batch_size": 256, "branch_factor": 0, "cache_dir": "/workspace/P78123011/cache", "d_model": 96, "data_path": null, "dataset": "amazon-sports-and-outdoors", "device": "cuda", "din_batch_size": 128, "din_negatives": 60, "din_steps": 20000, "eval_batch_size": 50, "eval_every_steps": 300, "eval_user_limit": 0, "kmeans_iters": 100, "log_every_steps": 100, "max_events": null, "max_train_samples": 0, "maxlen": 19, "min_history": 4, "min_rating": 4.0, "monitor_metric": "ndcg@10", "num_heads": 4, "output_dir": "/workspace/P78123011/MediaTek_2026_project/Reproduce/EAGER/outputs/Sports_and_Outdoors/eager_20260909_072330_r1", "predict_candidates": 50, "seed": 2024, "semantic_backend": "t5", "semantic_batch_size": 32, "semantic_max_tokens": 64, "semantic_model_id": "google-t5/t5-base", "train_steps": 30000, "tree_workers": 1, "use_contrastive": false, "use_guide": false}
2026-09-09 07:23:33,616 | INFO | INTERACTION_CACHE hit path=/workspace/P78123011/cache/mamba_multi_agent_data/amazon-sports-and-outdoors_fcc157f72b81.pkl
2026-09-09 07:23:39,478 | INFO | DIN step=100 loss=13.505773
2026-09-09 07:23:40,639 | INFO | DIN step=200 loss=12.856220
2026-09-09 07:23:41,803 | INFO | DIN step=300 loss=12.589635
2026-09-09 07:23:42,954 | INFO | DIN step=400 loss=12.494661
2026-09-09 07:23:44,097 | INFO | DIN step=500 loss=12.430346
2026-09-09 07:23:45,238 | INFO | DIN step=600 loss=12.346533
2026-09-09 07:23:46,384 | INFO | DIN step=700 loss=12.322890
2026-09-09 07:23:47,527 | INFO | DIN step=800 loss=12.285569
2026-09-09 07:23:48,673 | INFO | DIN step=900 loss=12.201260
2026-09-09 07:23:49,815 | INFO | DIN step=1000 loss=12.165587
2026-09-09 07:23:50,958 | INFO | DIN step=1100 loss=12.109262
2026-09-09 07:23:52,098 | INFO | DIN step=1200 loss=12.060125
2026-09-09 07:23:53,240 | INFO | DIN step=1300 loss=11.982942
2026-09-09 07:23:54,382 | INFO | DIN step=1400 loss=11.971642
2026-09-09 07:23:55,524 | INFO | DIN step=1500 loss=11.903250
2026-09-09 07:23:56,669 | INFO | DIN step=1600 loss=11.925267
2026-09-09 07:23:57,810 | INFO | DIN step=1700 loss=11.880334
2026-09-09 07:23:58,954 | INFO | DIN step=1800 loss=11.848249
2026-09-09 07:24:00,098 | INFO | DIN step=1900 loss=11.834985
2026-09-09 07:24:01,247 | INFO | DIN step=2000 loss=11.817550
2026-09-09 07:24:02,408 | INFO | DIN step=2100 loss=11.808581
2026-09-09 07:24:03,571 | INFO | DIN step=2200 loss=11.755721
2026-09-09 07:24:04,720 | INFO | DIN step=2300 loss=11.746954
2026-09-09 07:24:05,866 | INFO | DIN step=2400 loss=11.696632
2026-09-09 07:24:07,007 | INFO | DIN step=2500 loss=11.688398
2026-09-09 07:24:08,149 | INFO | DIN step=2600 loss=11.695573
2026-09-09 07:24:09,291 | INFO | DIN step=2700 loss=11.683472
2026-09-09 07:24:10,436 | INFO | DIN step=2800 loss=11.617734
2026-09-09 07:24:11,580 | INFO | DIN step=2900 loss=11.609353
2026-09-09 07:24:12,723 | INFO | DIN step=3000 loss=11.622525
2026-09-09 07:24:13,866 | INFO | DIN step=3100 loss=11.617180
2026-09-09 07:24:15,011 | INFO | DIN step=3200 loss=11.607627
2026-09-09 07:24:16,152 | INFO | DIN step=3300 loss=11.589566
2026-09-09 07:24:17,294 | INFO | DIN step=3400 loss=11.563269
2026-09-09 07:24:18,437 | INFO | DIN step=3500 loss=11.534979
2026-09-09 07:24:19,576 | INFO | DIN step=3600 loss=11.563043
2026-09-09 07:24:20,721 | INFO | DIN step=3700 loss=11.515962
2026-09-09 07:24:21,866 | INFO | DIN step=3800 loss=11.472992
2026-09-09 07:24:23,011 | INFO | DIN step=3900 loss=11.473269
2026-09-09 07:24:24,176 | INFO | DIN step=4000 loss=11.484308
2026-09-09 07:24:25,324 | INFO | DIN step=4100 loss=11.490296
2026-09-09 07:24:26,470 | INFO | DIN step=4200 loss=11.486362
2026-09-09 07:24:27,613 | INFO | DIN step=4300 loss=11.457583
2026-09-09 07:24:28,759 | INFO | DIN step=4400 loss=11.464049
2026-09-09 07:24:29,904 | INFO | DIN step=4500 loss=11.429865
2026-09-09 07:24:31,046 | INFO | DIN step=4600 loss=11.453204
2026-09-09 07:24:32,190 | INFO | DIN step=4700 loss=11.450062
2026-09-09 07:24:33,336 | INFO | DIN step=4800 loss=11.425430
2026-09-09 07:24:34,484 | INFO | DIN step=4900 loss=11.393262
2026-09-09 07:24:35,627 | INFO | DIN step=5000 loss=11.380547
2026-09-09 07:24:36,770 | INFO | DIN step=5100 loss=11.361770
2026-09-09 07:24:37,915 | INFO | DIN step=5200 loss=11.331243
2026-09-09 07:24:39,057 | INFO | DIN step=5300 loss=11.328578
2026-09-09 07:24:40,203 | INFO | DIN step=5400 loss=11.340953
2026-09-09 07:24:41,344 | INFO | DIN step=5500 loss=11.354828
2026-09-09 07:24:42,489 | INFO | DIN step=5600 loss=11.320132
2026-09-09 07:24:43,631 | INFO | DIN step=5700 loss=11.321829
2026-09-09 07:24:44,776 | INFO | DIN step=5800 loss=11.318848
2026-09-09 07:24:45,918 | INFO | DIN step=5900 loss=11.273357
2026-09-09 07:24:47,063 | INFO | DIN step=6000 loss=11.276812
2026-09-09 07:24:48,201 | INFO | DIN step=6100 loss=11.241136
2026-09-09 07:24:49,344 | INFO | DIN step=6200 loss=11.257850
2026-09-09 07:24:50,487 | INFO | DIN step=6300 loss=11.288231
2026-09-09 07:24:51,632 | INFO | DIN step=6400 loss=11.195984
2026-09-09 07:24:52,772 | INFO | DIN step=6500 loss=11.241550
2026-09-09 07:24:53,914 | INFO | DIN step=6600 loss=11.165210
2026-09-09 07:24:55,060 | INFO | DIN step=6700 loss=11.191877
2026-09-09 07:24:56,200 | INFO | DIN step=6800 loss=11.196063
2026-09-09 07:24:57,344 | INFO | DIN step=6900 loss=11.202535
2026-09-09 07:24:58,485 | INFO | DIN step=7000 loss=11.176880
2026-09-09 07:24:59,626 | INFO | DIN step=7100 loss=11.175300
2026-09-09 07:25:00,772 | INFO | DIN step=7200 loss=11.190077
2026-09-09 07:25:01,917 | INFO | DIN step=7300 loss=11.076546
2026-09-09 07:25:03,062 | INFO | DIN step=7400 loss=11.096209
2026-09-09 07:25:04,208 | INFO | DIN step=7500 loss=11.131687
2026-09-09 07:25:05,353 | INFO | DIN step=7600 loss=11.107561
2026-09-09 07:25:06,498 | INFO | DIN step=7700 loss=11.093970
2026-09-09 07:25:07,639 | INFO | DIN step=7800 loss=11.020950
2026-09-09 07:25:08,788 | INFO | DIN step=7900 loss=11.076134
2026-09-09 07:25:09,929 | INFO | DIN step=8000 loss=11.014534
2026-09-09 07:25:11,072 | INFO | DIN step=8100 loss=11.025736
2026-09-09 07:25:12,217 | INFO | DIN step=8200 loss=10.996849
2026-09-09 07:25:13,363 | INFO | DIN step=8300 loss=11.019314
2026-09-09 07:25:14,508 | INFO | DIN step=8400 loss=10.977663
2026-09-09 07:25:15,653 | INFO | DIN step=8500 loss=10.968003
2026-09-09 07:25:16,796 | INFO | DIN step=8600 loss=11.017275
2026-09-09 07:25:17,941 | INFO | DIN step=8700 loss=10.900797
2026-09-09 07:25:19,084 | INFO | DIN step=8800 loss=10.958802
2026-09-09 07:25:20,231 | INFO | DIN step=8900 loss=10.982371
2026-09-09 07:25:21,378 | INFO | DIN step=9000 loss=10.902006
2026-09-09 07:25:22,536 | INFO | DIN step=9100 loss=10.944771
2026-09-09 07:25:23,702 | INFO | DIN step=9200 loss=10.912762
2026-09-09 07:25:24,861 | INFO | DIN step=9300 loss=10.903829
2026-09-09 07:25:26,026 | INFO | DIN step=9400 loss=10.877635
2026-09-09 07:25:27,181 | INFO | DIN step=9500 loss=10.895775
2026-09-09 07:25:28,325 | INFO | DIN step=9600 loss=10.858393
2026-09-09 07:25:29,487 | INFO | DIN step=9700 loss=10.818873
2026-09-09 07:25:30,647 | INFO | DIN step=9800 loss=10.835792
2026-09-09 07:25:31,791 | INFO | DIN step=9900 loss=10.848922
2026-09-09 07:25:32,930 | INFO | DIN step=10000 loss=10.851098
2026-09-09 07:25:34,090 | INFO | DIN step=10100 loss=10.801364
2026-09-09 07:25:35,250 | INFO | DIN step=10200 loss=10.795124
2026-09-09 07:25:36,411 | INFO | DIN step=10300 loss=10.781342
2026-09-09 07:25:37,572 | INFO | DIN step=10400 loss=10.792652
2026-09-09 07:25:38,734 | INFO | DIN step=10500 loss=10.778513
2026-09-09 07:25:39,895 | INFO | DIN step=10600 loss=10.758586
2026-09-09 07:25:41,043 | INFO | DIN step=10700 loss=10.659758
2026-09-09 07:25:42,187 | INFO | DIN step=10800 loss=10.721007
2026-09-09 07:25:43,334 | INFO | DIN step=10900 loss=10.733516
2026-09-09 07:25:44,495 | INFO | DIN step=11000 loss=10.678217
2026-09-09 07:25:45,660 | INFO | DIN step=11100 loss=10.750553
2026-09-09 07:25:46,822 | INFO | DIN step=11200 loss=10.704946
2026-09-09 07:25:47,967 | INFO | DIN step=11300 loss=10.693824
2026-09-09 07:25:49,111 | INFO | DIN step=11400 loss=10.650757
2026-09-09 07:25:50,269 | INFO | DIN step=11500 loss=10.642259
2026-09-09 07:25:51,426 | INFO | DIN step=11600 loss=10.719044
2026-09-09 07:25:52,589 | INFO | DIN step=11700 loss=10.602386
2026-09-09 07:25:53,751 | INFO | DIN step=11800 loss=10.642522
2026-09-09 07:25:54,915 | INFO | DIN step=11900 loss=10.611948
2026-09-09 07:25:56,166 | INFO | DIN step=12000 loss=10.435983
2026-09-09 07:25:57,315 | INFO | DIN step=12100 loss=10.204739
2026-09-09 07:25:58,459 | INFO | DIN step=12200 loss=10.177973
2026-09-09 07:25:59,603 | INFO | DIN step=12300 loss=10.143549
2026-09-09 07:26:00,748 | INFO | DIN step=12400 loss=10.206901
2026-09-09 07:26:01,894 | INFO | DIN step=12500 loss=10.201163
2026-09-09 07:26:03,039 | INFO | DIN step=12600 loss=10.165500
2026-09-09 07:26:04,180 | INFO | DIN step=12700 loss=10.045573
2026-09-09 07:26:05,324 | INFO | DIN step=12800 loss=10.165555
2026-09-09 07:26:06,470 | INFO | DIN step=12900 loss=10.142927
2026-09-09 07:26:07,617 | INFO | DIN step=13000 loss=10.170632
2026-09-09 07:26:08,771 | INFO | DIN step=13100 loss=10.100584
2026-09-09 07:26:09,928 | INFO | DIN step=13200 loss=10.156416
2026-09-09 07:26:11,093 | INFO | DIN step=13300 loss=10.136503
2026-09-09 07:26:12,256 | INFO | DIN step=13400 loss=10.087125
2026-09-09 07:26:13,414 | INFO | DIN step=13500 loss=10.155522
2026-09-09 07:26:14,575 | INFO | DIN step=13600 loss=10.146818
2026-09-09 07:26:15,723 | INFO | DIN step=13700 loss=10.117404
2026-09-09 07:26:16,868 | INFO | DIN step=13800 loss=10.151967
2026-09-09 07:26:18,008 | INFO | DIN step=13900 loss=10.135904
2026-09-09 07:26:19,151 | INFO | DIN step=14000 loss=10.107669
2026-09-09 07:26:20,295 | INFO | DIN step=14100 loss=10.070174
2026-09-09 07:26:21,439 | INFO | DIN step=14200 loss=10.102884
2026-09-09 07:26:22,583 | INFO | DIN step=14300 loss=10.073517
2026-09-09 07:26:23,728 | INFO | DIN step=14400 loss=10.127965
2026-09-09 07:26:24,874 | INFO | DIN step=14500 loss=10.096803
2026-09-09 07:26:26,018 | INFO | DIN step=14600 loss=10.123657
2026-09-09 07:26:27,158 | INFO | DIN step=14700 loss=10.030924
2026-09-09 07:26:28,304 | INFO | DIN step=14800 loss=9.986219
2026-09-09 07:26:29,449 | INFO | DIN step=14900 loss=10.067912
2026-09-09 07:26:30,591 | INFO | DIN step=15000 loss=10.114578
2026-09-09 07:26:31,737 | INFO | DIN step=15100 loss=9.994623
2026-09-09 07:26:32,878 | INFO | DIN step=15200 loss=10.029706
2026-09-09 07:26:34,021 | INFO | DIN step=15300 loss=10.054318
2026-09-09 07:26:35,168 | INFO | DIN step=15400 loss=10.058324
2026-09-09 07:26:36,313 | INFO | DIN step=15500 loss=9.966551
2026-09-09 07:26:37,457 | INFO | DIN step=15600 loss=10.055134
2026-09-09 07:26:38,599 | INFO | DIN step=15700 loss=9.995614
2026-09-09 07:26:39,740 | INFO | DIN step=15800 loss=9.995603
2026-09-09 07:26:40,885 | INFO | DIN step=15900 loss=9.991376
2026-09-09 07:26:42,028 | INFO | DIN step=16000 loss=9.984513
2026-09-09 07:26:43,171 | INFO | DIN step=16100 loss=10.028025
2026-09-09 07:26:44,314 | INFO | DIN step=16200 loss=9.956769
2026-09-09 07:26:45,465 | INFO | DIN step=16300 loss=9.941993
2026-09-09 07:26:46,627 | INFO | DIN step=16400 loss=10.002991
2026-09-09 07:26:47,787 | INFO | DIN step=16500 loss=10.000858
2026-09-09 07:26:48,951 | INFO | DIN step=16600 loss=9.902318
2026-09-09 07:26:50,116 | INFO | DIN step=16700 loss=9.998535
2026-09-09 07:26:51,277 | INFO | DIN step=16800 loss=9.910902
2026-09-09 07:26:52,437 | INFO | DIN step=16900 loss=10.018956
2026-09-09 07:26:53,594 | INFO | DIN step=17000 loss=9.905118
2026-09-09 07:26:54,753 | INFO | DIN step=17100 loss=9.841172
2026-09-09 07:26:55,914 | INFO | DIN step=17200 loss=9.917755
2026-09-09 07:26:57,074 | INFO | DIN step=17300 loss=9.942430
2026-09-09 07:26:58,234 | INFO | DIN step=17400 loss=9.877117
2026-09-09 07:26:59,396 | INFO | DIN step=17500 loss=9.894955
2026-09-09 07:27:00,558 | INFO | DIN step=17600 loss=9.875580
2026-09-09 07:27:01,700 | INFO | DIN step=17700 loss=9.786183
2026-09-09 07:27:02,840 | INFO | DIN step=17800 loss=9.886544
2026-09-09 07:27:03,984 | INFO | DIN step=17900 loss=9.835459
2026-09-09 07:27:05,129 | INFO | DIN step=18000 loss=9.822625
2026-09-09 07:27:06,288 | INFO | DIN step=18100 loss=9.910002
2026-09-09 07:27:07,450 | INFO | DIN step=18200 loss=9.914152
2026-09-09 07:27:08,615 | INFO | DIN step=18300 loss=9.908637
2026-09-09 07:27:09,777 | INFO | DIN step=18400 loss=9.892713
2026-09-09 07:27:10,939 | INFO | DIN step=18500 loss=9.854459
2026-09-09 07:27:12,100 | INFO | DIN step=18600 loss=9.813306
2026-09-09 07:27:13,262 | INFO | DIN step=18700 loss=9.806224
2026-09-09 07:27:14,421 | INFO | DIN step=18800 loss=9.845493
2026-09-09 07:27:15,583 | INFO | DIN step=18900 loss=9.870362
2026-09-09 07:27:16,745 | INFO | DIN step=19000 loss=9.861635
2026-09-09 07:27:17,904 | INFO | DIN step=19100 loss=9.778463
2026-09-09 07:27:19,065 | INFO | DIN step=19200 loss=9.815714
2026-09-09 07:27:20,213 | INFO | DIN step=19300 loss=9.799844
2026-09-09 07:27:21,377 | INFO | DIN step=19400 loss=9.804623
2026-09-09 07:27:22,538 | INFO | DIN step=19500 loss=9.782158
2026-09-09 07:27:23,702 | INFO | DIN step=19600 loss=9.798012
2026-09-09 07:27:24,869 | INFO | DIN step=19700 loss=9.704486
2026-09-09 07:27:26,030 | INFO | DIN step=19800 loss=9.715565
2026-09-09 07:27:27,192 | INFO | DIN step=19900 loss=9.840074
2026-09-09 07:27:28,352 | INFO | DIN step=20000 loss=9.800425
2026-09-09 07:27:28,467 | INFO | DIN_CACHE saved path=/workspace/P78123011/cache/eager/amazon-sports-and-outdoors/din_steps20000_seed2024.pt
2026-09-09 07:49:30,828 | INFO | TRAIN step=100 loss=12.894431 lr=5.0095e-05
2026-09-09 07:50:17,632 | INFO | TRAIN step=200 loss=12.635944 lr=0.00010009
2026-09-09 07:51:04,425 | INFO | TRAIN step=300 loss=12.309443 lr=0.000150085
