2026-09-17 00:50:50,295 | INFO | run_id=20260917_005050 dataset=amazon-sports-and-outdoors device=cuda:0
2026-09-17 00:50:50,295 | INFO | MODEL recommender=MultiAgentMambaRecommender semantic_encoder=MambaTextEncoder semantic_model_id=state-spaces/mamba-130m-hf graph_backbone=LightGCN adaptation=multi_lora
2026-09-17 00:50:50,295 | INFO | ABLATION USE_LONG=0 USE_SHORT=1 USE_PREFERENCE=1 USE_GCN=1
2026-09-17 00:50:50,295 | INFO | AGENT_HISTORY mode=short_window_only effective_max_history=4
2026-09-17 00:50:50,295 | INFO | EXPERIMENT_NOTE amazons_long_short subset=Sports_and_Outdoors; short filtered-full-sequence <= 10; long > 10; same model and full catalog
2026-09-17 00:50:50,295 | INFO | EXPERIMENT_CONFIG {"agent_diversity_coef": 0.02, "batch_size": 128, "cache_dir": "/workspace/P78123011/cache", "candidates": 256, "coordinator_epochs": 3, "coordinator_lr": 0.0001, "data_path": null, "dataset": "amazon-sports-and-outdoors", "device": "cuda:0", "dim": 128, "early_stopping_patience": 6, "enable_lora": 1, "eval_batch_size": 64, "eval_length_basis": "filtered_full_sequence", "eval_length_threshold": 10, "experiment_note": "amazons_long_short subset=Sports_and_Outdoors; short filtered-full-sequence <= 10; long > 10; same model and full catalog", "full_catalog_supervised": false, "future_decay": 0.5, "future_horizon": 3, "generate_reasons": false, "graph_device": "cuda:0", "hard_negative_fraction": 0.75, "hard_negative_pool_multiplier": 12, "hard_negative_warmup_epochs": 2, "item_prompt_prefix": "Preference-aware product representation: ", "item_vector_artifact": null, "joint_epochs": 7, "joint_lr": 5e-05, "lora_alpha": 32.0, "lora_dropout": 0.05, "lora_rank": 16, "lr_patience": 2, "mamba_encode_batch_size": 32, "mamba_max_tokens": 32, "mamba_model_id": "state-spaces/mamba-130m-hf", "max_events": null, "max_history": 100, "max_transitions": 1000000, "min_rating": 4.0, "monitor_metric": "ndcg@10", "output_dir": "/workspace/P78123011/MediaTek_2026_project/ver4/outputs_mamba_rl/amazons_lora", "output_run_dir": "/workspace/P78123011/MediaTek_2026_project/ver4/outputs_mamba_rl/amazons_long_short_L0_S1_P1_G1_SW4/Sports_and_Outdoors/rl_20260917_005049_r1_997198", "periodic_test_user_limit": 0, "popularity_alpha": 0.35, "preference_balance_coef": 0.01, "preference_coef": 0.2, "preference_contrastive_coef": 0.05, "preference_count": 32, "preference_hidden": 128, "preference_score_weight": 0.2, "preference_separation_coef": 0.01, "preference_sharpness_coef": 0.05, "preference_temperature": 0.2, "preference_transition_coef": 0.1, "reason_count": 20, "reason_max_new_tokens": 40, "refresh_data_cache": false, "resume_checkpoint": null, "save_model_weights": false, "score_file": "/workspace/P78123011/MediaTek_2026_project/ver4/outputs_mamba_rl/amazons_long_short_L0_S1_P1_G1_SW4/Sports_and_Outdoors/rl_20260917_005049_r1_997198/Sports_and_Outdoors_scores.json", "seed": 25252, "short_window": 4, "skip_mamba": false, "specialist_epochs": 3, "specialist_lr": 0.0001, "target_recall_at_10": 0.15, "transition_beta": 0.5, "use_graph_embeddings": true, "use_in_batch_negatives": true, "use_long": 0, "use_preference": 1, "use_short": 1, "validate_every_steps": 8000, "validation_user_limit": 0}
2026-09-17 00:50:51,373 | INFO | INTERACTION_CACHE hit path=/workspace/P78123011/cache/mamba_multi_agent_data/amazon-sports-and-outdoors_fcc157f72b81.pkl
2026-09-17 00:50:51,379 | INFO | LENGTH_SPLIT preprocessing=original_one_pass_user_item_min_5 basis=filtered_full_sequence short<=10 long>10
2026-09-17 00:50:51,389 | INFO | users=631803 items=401572 train_interactions=3678023
2026-09-17 00:51:03,979 | INFO | CATALOG_PRIORS popularity_alpha=0.350000 transition_beta=0.500000 source=train_histories_only enabled=True
2026-09-17 00:51:06,428 | INFO | ITEM_VECTOR_ARTIFACT path=/workspace/P78123011/cache/mamba_multi_agent/amazon-sports-and-outdoors_401572_909fc18038f4_prompt_tok32.pt fingerprint=909fc18038f4
2026-09-17 00:51:06,428 | INFO | SEMANTIC_BACKBONE model_id=state-spaces/mamba-130m-hf hidden_size=768 frozen=True usage=shared_cached_item_vectors
2026-09-17 00:51:07,743 | INFO | GRAPH_EMBEDDINGS enabled=True source=train_histories_only main_device=cuda:0 graph_device=cuda:0
2026-09-17 00:51:08,668 | INFO | ADAPTATION_MODE mode=multi_lora enable_lora=1
2026-09-17 00:51:08,668 | INFO | ADAPTER_ROUTES {'short': ('candidate_lora', 'delta_lora', 'gate_lora', 'output_lora'), 'preference': ('transition_lora', 'state_lora'), 'coordinator': ('state_lora', 'mix_lora', 'score_lora')}
2026-09-17 00:51:08,669 | INFO | agent_parameters={'long': 16513, 'short': 16513, 'preference': 78786, 'coordinator': 14373, 'shared_projection': 98304, 'graph': 132272000}
2026-09-17 00:51:08,669 | INFO | PREDICTION_PATH graph_only=False active_agents=2 coordinator=True
2026-09-17 00:51:12,709 | INFO | training_transitions=1000000
2026-09-17 00:51:12,709 | INFO | schedule specialist_epochs=3 coordinator_epochs=3 joint_ranking_epochs=7 validate_every_steps=8000 validation_users=0 periodic_test_users=0 monitor=ndcg@10 early_stopping_patience=6
2026-09-17 00:51:13,669 | INFO | TRAINING_BRANCHES stage=specialists long=False short=True preference=True gcn=True preference_auxiliary=True preference_contrastive=False diversity_pairs=0 trainable_parameters=132465603
2026-09-17 01:12:39,937 | INFO | 
========== PERIODIC VALIDATION ==========
stage=specialists | epoch=1 | step=7813 | users=625563/625563
NDCG  | @5 0.019498 | @10 0.022429
Recall| @5 0.026002 | @10 0.035119
Hit   | @5 0.026002 | @10 0.035119
================================
2026-09-17 01:12:39,938 | INFO | PERIODIC VALIDATION SEQUENCE_LENGTH {"basis": "filtered_full_sequence", "long": {"evaluated_users": 97306, "history_length_max": 767, "history_length_mean": 18.187100487123097, "history_length_min": 11, "hit@10": 0.031169712042422873, "hit@5": 0.022567981419439706, "ndcg@10": 0.019412293590825525, "ndcg@5": 0.016648255436836918, "recall@10": 0.031169712042422873, "recall@5": 0.022567981419439706, "total_users": 97306}, "long_rule": "length > threshold", "short": {"evaluated_users": 528257, "history_length_max": 10, "history_length_mean": 5.959404229380775, "history_length_min": 3, "hit@10": 0.03584618850294459, "hit@5": 0.02663476300361377, "ndcg@10": 0.02298432935837438, "ndcg@5": 0.020022370937085275, "recall@10": 0.03584618850294459, "recall@5": 0.02663476300361377, "total_users": 528257}, "short_rule": "length <= threshold", "threshold": 10}
2026-09-17 01:14:43,528 | INFO | 
========== PERIODIC TEST ==========
stage=specialists | epoch=1 | step=7813 | users=625563/625563
NDCG  | @5 0.020877 | @10 0.023597
Recall| @5 0.027267 | @10 0.035720
Hit   | @5 0.027267 | @10 0.035720
================================
2026-09-17 01:14:43,528 | INFO | PERIODIC TEST SEQUENCE_LENGTH {"basis": "filtered_full_sequence", "long": {"evaluated_users": 97306, "history_length_max": 767, "history_length_mean": 18.187100487123097, "history_length_min": 11, "hit@10": 0.03298871600929028, "hit@5": 0.025116642344768052, "ndcg@10": 0.021627662506195897, "ndcg@5": 0.019105904153846404, "recall@10": 0.03298871600929028, "recall@5": 0.025116642344768052, "total_users": 97306}, "long_rule": "length > threshold", "short": {"evaluated_users": 528257, "history_length_max": 10, "history_length_mean": 5.959404229380775, "history_length_min": 3, "hit@10": 0.03622289908131837, "hit@5": 0.02766267176771912, "ndcg@10": 0.023959396574438244, "ndcg@5": 0.021203339831984906, "recall@10": 0.03622289908131837, "recall@5": 0.02766267176771912, "total_users": 528257}, "short_rule": "length <= threshold", "threshold": 10}
2026-09-17 01:14:43,528 | INFO | VALID_STEP step=7813 stage=specialists epoch=1 ndcg@10=0.022429 recall@10=0.035119 improved=True
2026-09-17 01:14:43,789 | INFO | BEST_MODEL_IN_MEMORY step=7813 stage=specialists ndcg@10=0.022429
2026-09-17 01:14:43,789 | INFO | stage=specialists epoch=1 loss=10.744347 steps=7813 transitions/s=864.06
2026-09-17 01:36:09,103 | INFO | 
========== PERIODIC VALIDATION ==========
stage=specialists | epoch=2 | step=15626 | users=625563/625563
NDCG  | @5 0.025175 | @10 0.028366
Recall| @5 0.032227 | @10 0.042152
Hit   | @5 0.032227 | @10 0.042152
================================
2026-09-17 01:36:09,103 | INFO | PERIODIC VALIDATION SEQUENCE_LENGTH {"basis": "filtered_full_sequence", "long": {"evaluated_users": 97306, "history_length_max": 767, "history_length_mean": 18.187100487123097, "history_length_min": 11, "hit@10": 0.03767496351715208, "hit@5": 0.02837440651141759, "ndcg@10": 0.02487461549490132, "ndcg@5": 0.021882471513037162, "recall@10": 0.03767496351715208, "recall@5": 0.02837440651141759, "total_users": 97306}, "long_rule": "length > threshold", "short": {"evaluated_users": 528257, "history_length_max": 10, "history_length_mean": 5.959404229380775, "history_length_min": 3, "hit@10": 0.0429771872403016, "hit@5": 0.032936619864952096, "ndcg@10": 0.02900921700949296, "ndcg@5": 0.02578198839643122, "recall@10": 0.0429771872403016, "recall@5": 0.032936619864952096, "total_users": 528257}, "short_rule": "length <= threshold", "threshold": 10}
2026-09-17 01:38:13,010 | INFO | 
========== PERIODIC TEST ==========
stage=specialists | epoch=2 | step=15626 | users=625563/625563
NDCG  | @5 0.029852 | @10 0.032816
Recall| @5 0.036932 | @10 0.046122
Hit   | @5 0.036932 | @10 0.046122
================================
2026-09-17 01:38:13,010 | INFO | PERIODIC TEST SEQUENCE_LENGTH {"basis": "filtered_full_sequence", "long": {"evaluated_users": 97306, "history_length_max": 767, "history_length_mean": 18.187100487123097, "history_length_min": 11, "hit@10": 0.044313814153289624, "hit@5": 0.03505436458183463, "ndcg@10": 0.0315182766153731, "ndcg@5": 0.028529573011820058, "recall@10": 0.044313814153289624, "recall@5": 0.03505436458183463, "total_users": 97306}, "long_rule": "length > threshold", "short": {"evaluated_users": 528257, "history_length_max": 10, "history_length_mean": 5.959404229380775, "history_length_min": 3, "hit@10": 0.04645466127282743, "hit@5": 0.037277310097168614, "ndcg@10": 0.03305509954332924, "ndcg@5": 0.030095963244971068, "recall@10": 0.04645466127282743, "recall@5": 0.037277310097168614, "total_users": 528257}, "short_rule": "length <= threshold", "threshold": 10}
2026-09-17 01:38:13,011 | INFO | VALID_STEP step=15626 stage=specialists epoch=2 ndcg@10=0.028366 recall@10=0.042152 improved=True
2026-09-17 01:38:13,329 | INFO | BEST_MODEL_IN_MEMORY step=15626 stage=specialists ndcg@10=0.028366
2026-09-17 01:38:13,329 | INFO | stage=specialists epoch=2 loss=10.532702 steps=7813 transitions/s=864.93
2026-09-17 01:59:40,115 | INFO | 
========== PERIODIC VALIDATION ==========
stage=specialists | epoch=3 | step=23439 | users=625563/625563
NDCG  | @5 0.024912 | @10 0.027904
Recall| @5 0.031522 | @10 0.040818
Hit   | @5 0.031522 | @10 0.040818
================================
2026-09-17 01:59:40,115 | INFO | PERIODIC VALIDATION SEQUENCE_LENGTH {"basis": "filtered_full_sequence", "long": {"evaluated_users": 97306, "history_length_max": 767, "history_length_mean": 18.187100487123097, "history_length_min": 11, "hit@10": 0.03817852958707582, "hit@5": 0.02899101802560993, "ndcg@10": 0.025727831403852562, "ndcg@5": 0.02276318466141363, "recall@10": 0.03817852958707582, "recall@5": 0.02899101802560993, "total_users": 97306}, "long_rule": "length > threshold", "short": {"evaluated_users": 528257, "history_length_max": 10, "history_length_mean": 5.959404229380775, "history_length_min": 3, "hit@10": 0.04130375934441001, "hit@5": 0.03198821785608141, "ndcg@10": 0.02830435099272994, "ndcg@5": 0.025307534461563988, "recall@10": 0.04130375934441001, "recall@5": 0.03198821785608141, "total_users": 528257}, "short_rule": "length <= threshold", "threshold": 10}
2026-09-17 02:01:44,464 | INFO | 
========== PERIODIC TEST ==========
stage=specialists | epoch=3 | step=23439 | users=625563/625563
NDCG  | @5 0.031891 | @10 0.034637
Recall| @5 0.038509 | @10 0.047031
Hit   | @5 0.038509 | @10 0.047031
================================
2026-09-17 02:01:44,464 | INFO | PERIODIC TEST SEQUENCE_LENGTH {"basis": "filtered_full_sequence", "long": {"evaluated_users": 97306, "history_length_max": 767, "history_length_mean": 18.187100487123097, "history_length_min": 11, "hit@10": 0.04728382627998273, "hit@5": 0.03901095513123548, "ndcg@10": 0.03491706355368246, "ndcg@5": 0.03225831407137106, "recall@10": 0.04728382627998273, "recall@5": 0.03901095513123548, "total_users": 97306}, "long_rule": "length > threshold", "short": {"evaluated_users": 528257, "history_length_max": 10, "history_length_mean": 5.959404229380775, "history_length_min": 3, "hit@10": 0.046984706307725214, "hit@5": 0.03841690692219885, "ndcg@10": 0.034585954229084864, "ndcg@5": 0.03182325023709695, "recall@10": 0.046984706307725214, "recall@5": 0.03841690692219885, "total_users": 528257}, "short_rule": "length <= threshold", "threshold": 10}
2026-09-17 02:01:44,465 | INFO | VALID_STEP step=23439 stage=specialists epoch=3 ndcg@10=0.027904 recall@10=0.040818 improved=False
2026-09-17 02:01:44,465 | INFO | stage=specialists epoch=3 loss=9.677444 steps=7813 transitions/s=864.93
2026-09-17 02:01:44,725 | INFO | TRAINING_BRANCHES stage=coordinator long=False short=True preference=True gcn=True preference_auxiliary=False preference_contrastive=False diversity_pairs=0 trainable_parameters=10245
2026-09-17 02:13:40,807 | INFO | 
========== PERIODIC VALIDATION ==========
stage=coordinator | epoch=1 | step=31252 | users=625563/625563
NDCG  | @5 0.024616 | @10 0.027578
Recall| @5 0.031172 | @10 0.040383
Hit   | @5 0.031172 | @10 0.040383
================================
2026-09-17 02:13:40,807 | INFO | PERIODIC VALIDATION SEQUENCE_LENGTH {"basis": "filtered_full_sequence", "long": {"evaluated_users": 97306, "history_length_max": 767, "history_length_mean": 18.187100487123097, "history_length_min": 11, "hit@10": 0.037942161839968756, "hit@5": 0.028785480854212484, "ndcg@10": 0.025566798143759093, "ndcg@5": 0.022622259443383492, "recall@10": 0.037942161839968756, "recall@5": 0.028785480854212484, "total_users": 97306}, "long_rule": "length > threshold", "short": {"evaluated_users": 528257, "history_length_max": 10, "history_length_mean": 5.959404229380775, "history_length_min": 3, "hit@10": 0.04083239786694734, "hit@5": 0.03161150727770763, "ndcg@10": 0.027947992682416378, "ndcg@5": 0.02498318170842796, "recall@10": 0.04083239786694734, "recall@5": 0.03161150727770763, "total_users": 528257}, "short_rule": "length <= threshold", "threshold": 10}
2026-09-17 02:15:45,563 | INFO | 
========== PERIODIC TEST ==========
stage=coordinator | epoch=1 | step=31252 | users=625563/625563
NDCG  | @5 0.031868 | @10 0.034617
Recall| @5 0.038353 | @10 0.046884
Hit   | @5 0.038353 | @10 0.046884
================================
2026-09-17 02:15:45,563 | INFO | PERIODIC TEST SEQUENCE_LENGTH {"basis": "filtered_full_sequence", "long": {"evaluated_users": 97306, "history_length_max": 767, "history_length_mean": 18.187100487123097, "history_length_min": 11, "hit@10": 0.047509917168519926, "hit@5": 0.03931926088833165, "ndcg@10": 0.035308554527572714, "ndcg@5": 0.03267072462796868, "recall@10": 0.047509917168519926, "recall@5": 0.03931926088833165, "total_users": 97306}, "long_rule": "length > threshold", "short": {"evaluated_users": 528257, "history_length_max": 10, "history_length_mean": 5.959404229380775, "history_length_min": 3, "hit@10": 0.046768902257802544, "hit@5": 0.038174600620531296, "ndcg@10": 0.03448950514403623, "ndcg@5": 0.031719944792366755, "recall@10": 0.046768902257802544, "recall@5": 0.038174600620531296, "total_users": 528257}, "short_rule": "length <= threshold", "threshold": 10}
2026-09-17 02:15:45,564 | INFO | VALID_STEP step=31252 stage=coordinator epoch=1 ndcg@10=0.027578 recall@10=0.040383 improved=False
2026-09-17 02:15:45,564 | INFO | LEARNING_RATE step=31252 stage=coordinator lr=0.0001
2026-09-17 02:15:45,564 | INFO | stage=coordinator epoch=1 loss=3.488218 steps=7813 transitions/s=1704.54
2026-09-17 02:27:42,863 | INFO | 
========== PERIODIC VALIDATION ==========
stage=coordinator | epoch=2 | step=39065 | users=625563/625563
NDCG  | @5 0.024154 | @10 0.026988
Recall| @5 0.030619 | @10 0.039438
Hit   | @5 0.030619 | @10 0.039438
================================
2026-09-17 02:27:42,863 | INFO | PERIODIC VALIDATION SEQUENCE_LENGTH {"basis": "filtered_full_sequence", "long": {"evaluated_users": 97306, "history_length_max": 767, "history_length_mean": 18.187100487123097, "history_length_min": 11, "hit@10": 0.036914475982981525, "hit@5": 0.028261361067148993, "ndcg@10": 0.024983808064192294, "ndcg@5": 0.02218787983306806, "recall@10": 0.036914475982981525, "recall@5": 0.028261361067148993, "total_users": 97306}, "long_rule": "length > threshold", "short": {"evaluated_users": 528257, "history_length_max": 10, "history_length_mean": 5.959404229380775, "history_length_min": 3, "hit@10": 0.039902926037894436, "hit@5": 0.031053066973083177, "ndcg@10": 0.02735688804330705, "ndcg@5": 0.024515577603177276, "recall@10": 0.039902926037894436, "recall@5": 0.031053066973083177, "total_users": 528257}, "short_rule": "length <= threshold", "threshold": 10}
2026-09-17 02:29:47,494 | INFO | 
========== PERIODIC TEST ==========
stage=coordinator | epoch=2 | step=39065 | users=625563/625563
NDCG  | @5 0.031560 | @10 0.034227
Recall| @5 0.037958 | @10 0.046242
Hit   | @5 0.037958 | @10 0.046242
================================
2026-09-17 02:29:47,494 | INFO | PERIODIC TEST SEQUENCE_LENGTH {"basis": "filtered_full_sequence", "long": {"evaluated_users": 97306, "history_length_max": 767, "history_length_mean": 18.187100487123097, "history_length_min": 11, "hit@10": 0.047139950260004525, "hit@5": 0.039267876595482296, "ndcg@10": 0.03518320665260297, "ndcg@5": 0.032645306708409746, "recall@10": 0.047139950260004525, "recall@5": 0.039267876595482296, "total_users": 97306}, "long_rule": "length > threshold", "short": {"evaluated_users": 528257, "history_length_max": 10, "history_length_mean": 5.959404229380775, "history_length_min": 3, "hit@10": 0.04607605767647187, "hit@5": 0.03771649026894106, "ndcg@10": 0.034051067235209925, "ndcg@5": 0.03136061179236308, "recall@10": 0.04607605767647187, "recall@5": 0.03771649026894106, "total_users": 528257}, "short_rule": "length <= threshold", "threshold": 10}
2026-09-17 02:29:47,495 | INFO | VALID_STEP step=39065 stage=coordinator epoch=2 ndcg@10=0.026988 recall@10=0.039438 improved=False
2026-09-17 02:29:47,495 | INFO | LEARNING_RATE step=39065 stage=coordinator lr=0.0001
2026-09-17 02:29:47,495 | INFO | stage=coordinator epoch=2 loss=3.594569 steps=7813 transitions/s=1706.02
2026-09-17 02:41:44,526 | INFO | 
========== PERIODIC VALIDATION ==========
stage=coordinator | epoch=3 | step=46878 | users=625563/625563
NDCG  | @5 0.023887 | @10 0.026738
Recall| @5 0.030170 | @10 0.039045
Hit   | @5 0.030170 | @10 0.039045
================================
2026-09-17 02:41:44,526 | INFO | PERIODIC VALIDATION SEQUENCE_LENGTH {"basis": "filtered_full_sequence", "long": {"evaluated_users": 97306, "history_length_max": 767, "history_length_mean": 18.187100487123097, "history_length_min": 11, "hit@10": 0.03693502970012127, "hit@5": 0.027881117300063717, "ndcg@10": 0.024913030980793057, "ndcg@5": 0.022005463320688184, "recall@10": 0.03693502970012127, "recall@5": 0.027881117300063717, "total_users": 97306}, "long_rule": "length > threshold", "short": {"evaluated_users": 528257, "history_length_max": 10, "history_length_mean": 5.959404229380775, "history_length_min": 3, "hit@10": 0.03943345757841354, "hit@5": 0.030591170585529393, "ndcg@10": 0.02707459154140894, "ndcg@5": 0.02423322092233733, "recall@10": 0.03943345757841354, "recall@5": 0.030591170585529393, "total_users": 528257}, "short_rule": "length <= threshold", "threshold": 10}
2026-09-17 02:43:49,232 | INFO | 
========== PERIODIC TEST ==========
stage=coordinator | epoch=3 | step=46878 | users=625563/625563
NDCG  | @5 0.031371 | @10 0.034000
Recall| @5 0.037686 | @10 0.045853
Hit   | @5 0.037686 | @10 0.045853
================================
2026-09-17 02:43:49,232 | INFO | PERIODIC TEST SEQUENCE_LENGTH {"basis": "filtered_full_sequence", "long": {"evaluated_users": 97306, "history_length_max": 767, "history_length_mean": 18.187100487123097, "history_length_min": 11, "hit@10": 0.047150227118574396, "hit@5": 0.0390417857069451, "ndcg@10": 0.0351871721751097, "ndcg@5": 0.03258323368729882, "recall@10": 0.047150227118574396, "recall@5": 0.0390417857069451, "total_users": 97306}, "long_rule": "length > threshold", "short": {"evaluated_users": 528257, "history_length_max": 10, "history_length_mean": 5.959404229380775, "history_length_min": 3, "hit@10": 0.045614161288918084, "hit@5": 0.03743632360763795, "ndcg@10": 0.033781799726599976, "ndcg@5": 0.031147236822693672, "recall@10": 0.045614161288918084, "recall@5": 0.03743632360763795, "total_users": 528257}, "short_rule": "length <= threshold", "threshold": 10}
2026-09-17 02:43:49,233 | INFO | VALID_STEP step=46878 stage=coordinator epoch=3 ndcg@10=0.026738 recall@10=0.039045 improved=False
2026-09-17 02:43:49,233 | INFO | LEARNING_RATE step=46878 stage=coordinator lr=0.0001
2026-09-17 02:43:49,233 | INFO | stage=coordinator epoch=3 loss=3.561701 steps=7813 transitions/s=1703.77
2026-09-17 02:43:49,502 | INFO | TRAINING_BRANCHES stage=joint long=False short=True preference=True gcn=True preference_auxiliary=True preference_contrastive=True diversity_pairs=1 trainable_parameters=132475848
2026-09-17 03:05:26,383 | INFO | 
========== PERIODIC VALIDATION ==========
stage=joint | epoch=1 | step=54691 | users=625563/625563
NDCG  | @5 0.022617 | @10 0.025115
Recall| @5 0.028231 | @10 0.035985
Hit   | @5 0.028231 | @10 0.035985
================================
2026-09-17 03:05:26,383 | INFO | PERIODIC VALIDATION SEQUENCE_LENGTH {"basis": "filtered_full_sequence", "long": {"evaluated_users": 97306, "history_length_max": 767, "history_length_mean": 18.187100487123097, "history_length_min": 11, "hit@10": 0.034448029926212154, "hit@5": 0.02653484882741044, "ndcg@10": 0.02384612554532658, "ndcg@5": 0.021297425270555802, "recall@10": 0.034448029926212154, "recall@5": 0.02653484882741044, "total_users": 97306}, "long_rule": "length > threshold", "short": {"evaluated_users": 528257, "history_length_max": 10, "history_length_mean": 5.959404229380775, "history_length_min": 3, "hit@10": 0.036268331512881044, "hit@5": 0.028542925129245802, "ndcg@10": 0.02534826963837864, "ndcg@5": 0.022859766263644384, "recall@10": 0.036268331512881044, "recall@5": 0.028542925129245802, "total_users": 528257}, "short_rule": "length <= threshold", "threshold": 10}
2026-09-17 03:07:30,345 | INFO | 
========== PERIODIC TEST ==========
stage=joint | epoch=1 | step=54691 | users=625563/625563
NDCG  | @5 0.030053 | @10 0.032394
Recall| @5 0.035566 | @10 0.042846
Hit   | @5 0.035566 | @10 0.042846
================================
2026-09-17 03:07:30,345 | INFO | PERIODIC TEST SEQUENCE_LENGTH {"basis": "filtered_full_sequence", "long": {"evaluated_users": 97306, "history_length_max": 767, "history_length_mean": 18.187100487123097, "history_length_min": 11, "hit@10": 0.04457073561753643, "hit@5": 0.037459149487184755, "ndcg@10": 0.034202961532628605, "ndcg@5": 0.031903397938784196, "recall@10": 0.04457073561753643, "recall@5": 0.037459149487184755, "total_users": 97306}, "long_rule": "length > threshold", "short": {"evaluated_users": 528257, "history_length_max": 10, "history_length_mean": 5.959404229380775, "history_length_min": 3, "hit@10": 0.04252854197862026, "hit@5": 0.03521770653299436, "ndcg@10": 0.03206034917628071, "ndcg@5": 0.02971183050499157, "recall@10": 0.04252854197862026, "recall@5": 0.03521770653299436, "total_users": 528257}, "short_rule": "length <= threshold", "threshold": 10}
2026-09-17 03:07:30,346 | INFO | VALID_STEP step=54691 stage=joint epoch=1 ndcg@10=0.025115 recall@10=0.035985 improved=False
2026-09-17 03:07:30,346 | INFO | LEARNING_RATE step=54691 stage=joint lr=5e-05
2026-09-17 03:07:30,346 | INFO | stage=joint epoch=1 loss=4.130520 steps=7813 transitions/s=856.58
2026-09-17 03:29:07,796 | INFO | 
========== PERIODIC VALIDATION ==========
stage=joint | epoch=2 | step=62504 | users=625563/625563
NDCG  | @5 0.021738 | @10 0.024089
Recall| @5 0.026862 | @10 0.034168
Hit   | @5 0.026862 | @10 0.034168
================================
2026-09-17 03:29:07,797 | INFO | PERIODIC VALIDATION SEQUENCE_LENGTH {"basis": "filtered_full_sequence", "long": {"evaluated_users": 97306, "history_length_max": 767, "history_length_mean": 18.187100487123097, "history_length_min": 11, "hit@10": 0.03312231517069862, "hit@5": 0.025445501819003968, "ndcg@10": 0.023159657188349808, "ndcg@5": 0.02069025850666499, "recall@10": 0.03312231517069862, "recall@5": 0.025445501819003968, "total_users": 97306}, "long_rule": "length > threshold", "short": {"evaluated_users": 528257, "history_length_max": 10, "history_length_mean": 5.959404229380775, "history_length_min": 3, "hit@10": 0.03436016938724901, "hit@5": 0.027123161642912445, "ndcg@10": 0.02426074424672694, "ndcg@5": 0.021931498509436726, "recall@10": 0.03436016938724901, "recall@5": 0.027123161642912445, "total_users": 528257}, "short_rule": "length <= threshold", "threshold": 10}
2026-09-17 03:31:11,619 | INFO | 
========== PERIODIC TEST ==========
stage=joint | epoch=2 | step=62504 | users=625563/625563
NDCG  | @5 0.029079 | @10 0.031176
Recall| @5 0.034083 | @10 0.040592
Hit   | @5 0.034083 | @10 0.040592
================================
2026-09-17 03:31:11,619 | INFO | PERIODIC TEST SEQUENCE_LENGTH {"basis": "filtered_full_sequence", "long": {"evaluated_users": 97306, "history_length_max": 767, "history_length_mean": 18.187100487123097, "history_length_min": 11, "hit@10": 0.04251536390356196, "hit@5": 0.036061496721682115, "ndcg@10": 0.03301126368915339, "ndcg@5": 0.03093414931536448, "recall@10": 0.04251536390356196, "recall@5": 0.036061496721682115, "total_users": 97306}, "long_rule": "length > threshold", "short": {"evaluated_users": 528257, "history_length_max": 10, "history_length_mean": 5.959404229380775, "history_length_min": 3, "hit@10": 0.04023799022066911, "hit@5": 0.03371843629142633, "ndcg@10": 0.03083850263540855, "ndcg@5": 0.028737389940236464, "recall@10": 0.04023799022066911, "recall@5": 0.03371843629142633, "total_users": 528257}, "short_rule": "length <= threshold", "threshold": 10}
2026-09-17 03:31:11,620 | INFO | VALID_STEP step=62504 stage=joint epoch=2 ndcg@10=0.024089 recall@10=0.034168 improved=False
2026-09-17 03:31:11,620 | INFO | LEARNING_RATE step=62504 stage=joint lr=5e-05
2026-09-17 03:31:11,620 | INFO | stage=joint epoch=2 loss=4.013232 steps=7813 transitions/s=856.81
2026-09-17 03:52:48,380 | INFO | 
========== PERIODIC VALIDATION ==========
stage=joint | epoch=3 | step=70317 | users=625563/625563
NDCG  | @5 0.021131 | @10 0.023338
Recall| @5 0.025917 | @10 0.032774
Hit   | @5 0.025917 | @10 0.032774
================================
2026-09-17 03:52:48,380 | INFO | PERIODIC VALIDATION SEQUENCE_LENGTH {"basis": "filtered_full_sequence", "long": {"evaluated_users": 97306, "history_length_max": 767, "history_length_mean": 18.187100487123097, "history_length_min": 11, "hit@10": 0.03167327811234662, "hit@5": 0.02463362999198405, "ndcg@10": 0.022395797945802737, "ndcg@5": 0.020135377947786515, "recall@10": 0.03167327811234662, "recall@5": 0.02463362999198405, "total_users": 97306}, "long_rule": "length > threshold", "short": {"evaluated_users": 528257, "history_length_max": 10, "history_length_mean": 5.959404229380775, "history_length_min": 3, "hit@10": 0.03297637324256943, "hit@5": 0.026153936436242208, "ndcg@10": 0.02351137067311249, "ndcg@5": 0.02131490348405981, "recall@10": 0.03297637324256943, "recall@5": 0.026153936436242208, "total_users": 528257}, "short_rule": "length <= threshold", "threshold": 10}
2026-09-17 03:54:52,409 | INFO | 
========== PERIODIC TEST ==========
stage=joint | epoch=3 | step=70317 | users=625563/625563
NDCG  | @5 0.028613 | @10 0.030636
Recall| @5 0.033314 | @10 0.039593
Hit   | @5 0.033314 | @10 0.039593
================================
2026-09-17 03:54:52,409 | INFO | PERIODIC TEST SEQUENCE_LENGTH {"basis": "filtered_full_sequence", "long": {"evaluated_users": 97306, "history_length_max": 767, "history_length_mean": 18.187100487123097, "history_length_min": 11, "hit@10": 0.041497954905144595, "hit@5": 0.035229071177522456, "ndcg@10": 0.03257934973678279, "ndcg@5": 0.030562571601540887, "recall@10": 0.041497954905144595, "recall@5": 0.035229071177522456, "total_users": 97306}, "long_rule": "length > threshold", "short": {"evaluated_users": 528257, "history_length_max": 10, "history_length_mean": 5.959404229380775, "history_length_min": 3, "hit@10": 0.039242262762253975, "hit@5": 0.03296122909871521, "ndcg@10": 0.03027844135865439, "ndcg@5": 0.02825433081392442, "recall@10": 0.039242262762253975, "recall@5": 0.03296122909871521, "total_users": 528257}, "short_rule": "length <= threshold", "threshold": 10}
2026-09-17 03:54:52,410 | INFO | VALID_STEP step=70317 stage=joint epoch=3 ndcg@10=0.023338 recall@10=0.032774 improved=False
2026-09-17 03:54:52,410 | INFO | LEARNING_RATE step=70317 stage=joint lr=5e-05
2026-09-17 03:54:52,410 | INFO | stage=joint epoch=3 loss=3.829656 steps=7813 transitions/s=856.63
2026-09-17 04:16:30,615 | INFO | 
========== PERIODIC VALIDATION ==========
stage=joint | epoch=4 | step=78130 | users=625563/625563
NDCG  | @5 0.020544 | @10 0.022682
Recall| @5 0.025158 | @10 0.031803
Hit   | @5 0.025158 | @10 0.031803
================================
2026-09-17 04:16:30,615 | INFO | PERIODIC VALIDATION SEQUENCE_LENGTH {"basis": "filtered_full_sequence", "long": {"evaluated_users": 97306, "history_length_max": 767, "history_length_mean": 18.187100487123097, "history_length_min": 11, "hit@10": 0.03079974513390747, "hit@5": 0.024078679629210942, "ndcg@10": 0.021734490972576417, "ndcg@5": 0.019567410533838075, "recall@10": 0.03079974513390747, "recall@5": 0.024078679629210942, "total_users": 97306}, "long_rule": "length > threshold", "short": {"evaluated_users": 528257, "history_length_max": 10, "history_length_mean": 5.959404229380775, "history_length_min": 3, "hit@10": 0.03198821785608141, "hit@5": 0.02535697586591375, "ndcg@10": 0.022856459930691762, "ndcg@5": 0.02072357005640884, "recall@10": 0.03198821785608141, "recall@5": 0.02535697586591375, "total_users": 528257}, "short_rule": "length <= threshold", "threshold": 10}
2026-09-17 04:18:34,806 | INFO | 
========== PERIODIC TEST ==========
stage=joint | epoch=4 | step=78130 | users=625563/625563
NDCG  | @5 0.028174 | @10 0.030104
Recall| @5 0.032630 | @10 0.038628
Hit   | @5 0.032630 | @10 0.038628
================================
2026-09-17 04:18:34,806 | INFO | PERIODIC TEST SEQUENCE_LENGTH {"basis": "filtered_full_sequence", "long": {"evaluated_users": 97306, "history_length_max": 767, "history_length_mean": 18.187100487123097, "history_length_min": 11, "hit@10": 0.04059359135099583, "hit@5": 0.034468583643351904, "ndcg@10": 0.03210994103569022, "ndcg@5": 0.030133277650449028, "recall@10": 0.04059359135099583, "recall@5": 0.034468583643351904, "total_users": 97306}, "long_rule": "length > threshold", "short": {"evaluated_users": 528257, "history_length_max": 10, "history_length_mean": 5.959404229380775, "history_length_min": 3, "hit@10": 0.03826546548365663, "hit@5": 0.032291100733165864, "ndcg@10": 0.029734077314279912, "ndcg@5": 0.02781349374184201, "recall@10": 0.03826546548365663, "recall@5": 0.032291100733165864, "total_users": 528257}, "short_rule": "length <= threshold", "threshold": 10}
2026-09-17 04:18:34,807 | INFO | VALID_STEP step=78130 stage=joint epoch=4 ndcg@10=0.022682 recall@10=0.031803 improved=False
2026-09-17 04:18:34,807 | INFO | LEARNING_RATE step=78130 stage=joint lr=2.5e-05
2026-09-17 04:18:34,808 | INFO | stage=joint epoch=4 loss=3.728333 steps=7813 transitions/s=856.41
2026-09-17 04:40:11,794 | INFO | 
========== PERIODIC VALIDATION ==========
stage=joint | epoch=5 | step=85943 | users=625563/625563
NDCG  | @5 0.020586 | @10 0.022687
Recall| @5 0.025149 | @10 0.031672
Hit   | @5 0.025149 | @10 0.031672
================================
2026-09-17 04:40:11,795 | INFO | PERIODIC VALIDATION SEQUENCE_LENGTH {"basis": "filtered_full_sequence", "long": {"evaluated_users": 97306, "history_length_max": 767, "history_length_mean": 18.187100487123097, "history_length_min": 11, "hit@10": 0.030676422831069, "hit@5": 0.024078679629210942, "ndcg@10": 0.02184108329415811, "ndcg@5": 0.01970814989020019, "recall@10": 0.030676422831069, "recall@5": 0.024078679629210942, "total_users": 97306}, "long_rule": "length > threshold", "short": {"evaluated_users": 528257, "history_length_max": 10, "history_length_mean": 5.959404229380775, "history_length_min": 3, "hit@10": 0.03185570659735697, "hit@5": 0.025345617758023083, "ndcg@10": 0.022843360614975345, "ndcg@5": 0.020748060959223276, "recall@10": 0.03185570659735697, "recall@5": 0.025345617758023083, "total_users": 528257}, "short_rule": "length <= threshold", "threshold": 10}
2026-09-17 04:42:15,757 | INFO | 
========== PERIODIC TEST ==========
stage=joint | epoch=5 | step=85943 | users=625563/625563
NDCG  | @5 0.028054 | @10 0.029938
Recall| @5 0.032377 | @10 0.038239
Hit   | @5 0.032377 | @10 0.038239
================================
2026-09-17 04:42:15,757 | INFO | PERIODIC TEST SEQUENCE_LENGTH {"basis": "filtered_full_sequence", "long": {"evaluated_users": 97306, "history_length_max": 767, "history_length_mean": 18.187100487123097, "history_length_min": 11, "hit@10": 0.04021334758391055, "hit@5": 0.03401640186627752, "ndcg@10": 0.03184940358984965, "ndcg@5": 0.029858653789873273, "recall@10": 0.04021334758391055, "recall@5": 0.03401640186627752, "total_users": 97306}, "long_rule": "length > threshold", "short": {"evaluated_users": 528257, "history_length_max": 10, "history_length_mean": 5.959404229380775, "history_length_min": 3, "hit@10": 0.0378755037794104, "hit@5": 0.032075296683243194, "ndcg@10": 0.02958617495283476, "ndcg@5": 0.02772206819581495, "recall@10": 0.0378755037794104, "recall@5": 0.032075296683243194, "total_users": 528257}, "short_rule": "length <= threshold", "threshold": 10}
2026-09-17 04:42:15,758 | INFO | VALID_STEP step=85943 stage=joint epoch=5 ndcg@10=0.022687 recall@10=0.031672 improved=False
2026-09-17 04:42:15,758 | INFO | LEARNING_RATE step=85943 stage=joint lr=2.5e-05
2026-09-17 04:42:15,758 | INFO | stage=joint epoch=5 loss=3.564839 steps=7813 transitions/s=856.55
2026-09-17 05:03:54,139 | INFO | 
========== PERIODIC VALIDATION ==========
stage=joint | epoch=6 | step=93756 | users=625563/625563
NDCG  | @5 0.020419 | @10 0.022463
Recall| @5 0.024904 | @10 0.031252
Hit   | @5 0.024904 | @10 0.031252
================================
2026-09-17 05:03:54,139 | INFO | PERIODIC VALIDATION SEQUENCE_LENGTH {"basis": "filtered_full_sequence", "long": {"evaluated_users": 97306, "history_length_max": 767, "history_length_mean": 18.187100487123097, "history_length_min": 11, "hit@10": 0.030213964195424742, "hit@5": 0.02372926643783528, "ndcg@10": 0.021585426607928185, "ndcg@5": 0.019498889619157588, "recall@10": 0.030213964195424742, "recall@5": 0.02372926643783528, "total_users": 97306}, "long_rule": "length > threshold", "short": {"evaluated_users": 528257, "history_length_max": 10, "history_length_mean": 5.959404229380775, "history_length_min": 3, "hit@10": 0.031443028677329406, "hit@5": 0.025120348618191523, "ndcg@10": 0.022624686101851883, "ndcg@5": 0.020588941182025703, "recall@10": 0.031443028677329406, "recall@5": 0.025120348618191523, "total_users": 528257}, "short_rule": "length <= threshold", "threshold": 10}
2026-09-17 05:05:58,344 | INFO | 
========== PERIODIC TEST ==========
stage=joint | epoch=6 | step=93756 | users=625563/625563
NDCG  | @5 0.027691 | @10 0.029522
Recall| @5 0.031862 | @10 0.037537
Hit   | @5 0.031862 | @10 0.037537
================================
2026-09-17 05:05:58,344 | INFO | PERIODIC TEST SEQUENCE_LENGTH {"basis": "filtered_full_sequence", "long": {"evaluated_users": 97306, "history_length_max": 767, "history_length_mean": 18.187100487123097, "history_length_min": 11, "hit@10": 0.039627566645427825, "hit@5": 0.03363615809919224, "ndcg@10": 0.031421002775410885, "ndcg@5": 0.029484037205271842, "recall@10": 0.039627566645427825, "recall@5": 0.03363615809919224, "total_users": 97306}, "long_rule": "length > threshold", "short": {"evaluated_users": 528257, "history_length_max": 10, "history_length_mean": 5.959404229380775, "history_length_min": 3, "hit@10": 0.037152370910371275, "hit@5": 0.031535786558436515, "ndcg@10": 0.029171918459161186, "ndcg@5": 0.027360304765859076, "recall@10": 0.037152370910371275, "recall@5": 0.031535786558436515, "total_users": 528257}, "short_rule": "length <= threshold", "threshold": 10}
2026-09-17 05:05:58,345 | INFO | VALID_STEP step=93756 stage=joint epoch=6 ndcg@10=0.022463 recall@10=0.031252 improved=False
2026-09-17 05:05:58,345 | INFO | LEARNING_RATE step=93756 stage=joint lr=2.5e-05
2026-09-17 05:05:58,345 | INFO | EARLY_STOP step=93756 checks_without_improvement=6 best_step=15626 best_ndcg@10=0.028366
2026-09-17 05:05:58,345 | INFO | stage=joint epoch=6 loss=3.488622 steps=7813 transitions/s=856.24
2026-09-17 05:08:02,739 | INFO | 
========== FINAL CURRENT VALIDATION ==========
stage=final | epoch=0 | step=93756 | users=625563/625563
NDCG  | @5 0.020419 | @10 0.022463
Recall| @5 0.024904 | @10 0.031250
Hit   | @5 0.024904 | @10 0.031250
================================
2026-09-17 05:08:02,739 | INFO | FINAL CURRENT VALIDATION SEQUENCE_LENGTH {"basis": "filtered_full_sequence", "long": {"evaluated_users": 97306, "history_length_max": 767, "history_length_mean": 18.187100487123097, "history_length_min": 11, "hit@10": 0.03020368733685487, "hit@5": 0.02372926643783528, "ndcg@10": 0.0215824559295906, "ndcg@5": 0.019498889619157588, "recall@10": 0.03020368733685487, "recall@5": 0.02372926643783528, "total_users": 97306}, "long_rule": "length > threshold", "short": {"evaluated_users": 528257, "history_length_max": 10, "history_length_mean": 5.959404229380775, "history_length_min": 3, "hit@10": 0.031443028677329406, "hit@5": 0.025120348618191523, "ndcg@10": 0.02262476906100025, "ndcg@5": 0.02058902414117407, "recall@10": 0.031443028677329406, "recall@5": 0.025120348618191523, "total_users": 528257}, "short_rule": "length <= threshold", "threshold": 10}
2026-09-17 05:08:02,739 | INFO | VALID_STEP step=93756 stage=final epoch=0 ndcg@10=0.022463 recall@10=0.031250 improved=False
2026-09-17 05:08:02,781 | INFO | RESTORE_BEST step=15626 stage=specialists ndcg@10=0.028366
2026-09-17 05:12:11,210 | INFO | 
========== BEST CHECKPOINT VALIDATION ==========
stage=specialists | epoch=0 | step=15626 | users=625563/625563
NDCG  | @5 0.025175 | @10 0.028366
Recall| @5 0.032225 | @10 0.042152
Hit   | @5 0.032225 | @10 0.042152
================================
2026-09-17 05:12:11,210 | INFO | BEST CHECKPOINT VALIDATION SEQUENCE_LENGTH {"basis": "filtered_full_sequence", "long": {"evaluated_users": 97306, "history_length_max": 767, "history_length_mean": 18.187100487123097, "history_length_min": 11, "hit@10": 0.03767496351715208, "hit@5": 0.02837440651141759, "ndcg@10": 0.02487461549490132, "ndcg@5": 0.021882471513037162, "recall@10": 0.03767496351715208, "recall@5": 0.02837440651141759, "total_users": 97306}, "long_rule": "length > threshold", "short": {"evaluated_users": 528257, "history_length_max": 10, "history_length_mean": 5.959404229380775, "history_length_min": 3, "hit@10": 0.0429771872403016, "hit@5": 0.03293472684697032, "ndcg@10": 0.02900914114660043, "ndcg@5": 0.025781256077110827, "recall@10": 0.0429771872403016, "recall@5": 0.03293472684697032, "total_users": 528257}, "short_rule": "length <= threshold", "threshold": 10}
2026-09-17 05:12:11,210 | INFO | 
========== FINAL FULL TEST ==========
stage=specialists | epoch=0 | step=15626 | users=625563/625563
NDCG  | @5 0.029852 | @10 0.032816
Recall| @5 0.036932 | @10 0.046122
Hit   | @5 0.036932 | @10 0.046122
================================
2026-09-17 05:12:11,210 | INFO | FINAL FULL TEST SEQUENCE_LENGTH {"basis": "filtered_full_sequence", "long": {"evaluated_users": 97306, "history_length_max": 767, "history_length_mean": 18.187100487123097, "history_length_min": 11, "hit@10": 0.044313814153289624, "hit@5": 0.03505436458183463, "ndcg@10": 0.0315182766153731, "ndcg@5": 0.028529573011820058, "recall@10": 0.044313814153289624, "recall@5": 0.03505436458183463, "total_users": 97306}, "long_rule": "length > threshold", "short": {"evaluated_users": 528257, "history_length_max": 10, "history_length_mean": 5.959404229380775, "history_length_min": 3, "hit@10": 0.04645466127282743, "hit@5": 0.037277310097168614, "ndcg@10": 0.03305523077385136, "ndcg@5": 0.030096094475493194, "recall@10": 0.04645466127282743, "recall@5": 0.037277310097168614, "total_users": 528257}, "short_rule": "length <= threshold", "threshold": 10}
2026-09-17 05:12:11,210 | INFO | VALID_BEST {"evaluated_users": 625563, "hit@10": 0.04215242909187404, "hit@5": 0.03222537138545598, "long_agent_weight": 0.0, "long_preference_state_cosine": 0.0, "long_short_state_cosine": 0.0, "ndcg@10": 0.028366017988442453, "ndcg@5": 0.025174802155670792, "preference_change_probability": 0.11059299550542996, "preference_current_entropy": 3.01215682546219, "preference_next_entropy": 3.2673432066949757, "preference_ranking_weight": 0.199951171875, "recall@10": 0.04215242909187404, "recall@5": 0.03222537138545598, "scores_per_second": 2025877974.5605283, "sequence_length": {"basis": "filtered_full_sequence", "long": {"evaluated_users": 97306, "history_length_max": 767, "history_length_mean": 18.187100487123097, "history_length_min": 11, "hit@10": 0.03767496351715208, "hit@5": 0.02837440651141759, "ndcg@10": 0.02487461549490132, "ndcg@5": 0.021882471513037162, "recall@10": 0.03767496351715208, "recall@5": 0.02837440651141759, "total_users": 97306}, "long_rule": "length > threshold", "short": {"evaluated_users": 528257, "history_length_max": 10, "history_length_mean": 5.959404229380775, "history_length_min": 3, "hit@10": 0.0429771872403016, "hit@5": 0.03293472684697032, "ndcg@10": 0.02900914114660043, "ndcg@5": 0.025781256077110827, "recall@10": 0.0429771872403016, "recall@5": 0.03293472684697032, "total_users": 528257}, "short_rule": "length <= threshold", "threshold": 10}, "short_agent_weight": 1.0, "short_preference_state_cosine": 0.49940083903450044, "total_users": 625563, "users_per_second": 5044.868602792347}
2026-09-17 05:12:11,210 | INFO | TEST_FINAL {"evaluated_users": 625563, "hit@10": 0.04612165361442413, "hit@5": 0.03693153207590602, "long_agent_weight": 0.0, "long_preference_state_cosine": 0.0, "long_short_state_cosine": 0.0, "ndcg@10": 0.032816158458477476, "ndcg@5": 0.029852422830498677, "preference_change_probability": 0.11064668825228484, "preference_current_entropy": 3.021124141612493, "preference_next_entropy": 3.2728909432660402, "preference_ranking_weight": 0.199951171875, "recall@10": 0.04612165361442413, "recall@5": 0.03693153207590602, "scores_per_second": 2034107033.2497768, "sequence_length": {"basis": "filtered_full_sequence", "long": {"evaluated_users": 97306, "history_length_max": 767, "history_length_mean": 18.187100487123097, "history_length_min": 11, "hit@10": 0.044313814153289624, "hit@5": 0.03505436458183463, "ndcg@10": 0.0315182766153731, "ndcg@5": 0.028529573011820058, "recall@10": 0.044313814153289624, "recall@5": 0.03505436458183463, "total_users": 97306}, "long_rule": "length > threshold", "short": {"evaluated_users": 528257, "history_length_max": 10, "history_length_mean": 5.959404229380775, "history_length_min": 3, "hit@10": 0.04645466127282743, "hit@5": 0.037277310097168614, "ndcg@10": 0.03305523077385136, "ndcg@5": 0.030096094475493194, "recall@10": 0.04645466127282743, "recall@5": 0.037277310097168614, "total_users": 528257}, "short_rule": "length <= threshold", "threshold": 10}, "short_agent_weight": 1.0, "short_preference_state_cosine": 0.5115894261522097, "total_users": 625563, "users_per_second": 5065.360715512478}
2026-09-17 05:12:11,210 | INFO | TARGET_RESULT metric=recall@10 target=>0.150000 actual=0.046122 achieved=False
2026-09-17 05:12:11,510 | INFO | FINAL_LENGTH_SCORES dataset=amazon-sports-and-outdoors group=short split=valid threshold=10 users=528257/528257 scores={"hit@10": 0.0429771872403016, "hit@5": 0.03293472684697032, "ndcg@10": 0.02900914114660043, "ndcg@5": 0.025781256077110827, "recall@10": 0.0429771872403016, "recall@5": 0.03293472684697032}
2026-09-17 05:12:11,510 | INFO | FINAL_LENGTH_SCORES dataset=amazon-sports-and-outdoors group=short split=test threshold=10 users=528257/528257 scores={"hit@10": 0.04645466127282743, "hit@5": 0.037277310097168614, "ndcg@10": 0.03305523077385136, "ndcg@5": 0.030096094475493194, "recall@10": 0.04645466127282743, "recall@5": 0.037277310097168614}
2026-09-17 05:12:11,511 | INFO | short_scores=/workspace/P78123011/MediaTek_2026_project/ver4/outputs_mamba_rl/amazons_long_short_L0_S1_P1_G1_SW4/Sports_and_Outdoors/rl_20260917_005049_r1_997198/short_scores.json
2026-09-17 05:12:11,511 | INFO | FINAL_LENGTH_SCORES dataset=amazon-sports-and-outdoors group=long split=valid threshold=10 users=97306/97306 scores={"hit@10": 0.03767496351715208, "hit@5": 0.02837440651141759, "ndcg@10": 0.02487461549490132, "ndcg@5": 0.021882471513037162, "recall@10": 0.03767496351715208, "recall@5": 0.02837440651141759}
2026-09-17 05:12:11,511 | INFO | FINAL_LENGTH_SCORES dataset=amazon-sports-and-outdoors group=long split=test threshold=10 users=97306/97306 scores={"hit@10": 0.044313814153289624, "hit@5": 0.03505436458183463, "ndcg@10": 0.0315182766153731, "ndcg@5": 0.028529573011820058, "recall@10": 0.044313814153289624, "recall@5": 0.03505436458183463}
2026-09-17 05:12:11,511 | INFO | long_scores=/workspace/P78123011/MediaTek_2026_project/ver4/outputs_mamba_rl/amazons_long_short_L0_S1_P1_G1_SW4/Sports_and_Outdoors/rl_20260917_005049_r1_997198/long_scores.json
2026-09-17 05:12:11,511 | INFO | scores=/workspace/P78123011/MediaTek_2026_project/ver4/outputs_mamba_rl/amazons_long_short_L0_S1_P1_G1_SW4/Sports_and_Outdoors/rl_20260917_005049_r1_997198/Sports_and_Outdoors_scores.json
2026-09-17 05:12:11,511 | INFO | outputs=/workspace/P78123011/MediaTek_2026_project/ver4/outputs_mamba_rl/amazons_long_short_L0_S1_P1_G1_SW4/Sports_and_Outdoors/rl_20260917_005049_r1_997198
