2026-10-03 13:36:10,271 | INFO | run_id=20261003_133610 dataset=amazon:Baby_Products device=cuda:0
2026-10-03 13:36:10,271 | INFO | MODEL recommender=MultiAgentMambaRecommender semantic_encoder=MambaTextEncoder semantic_model_id=state-spaces/mamba-130m-hf graph_backbone=LightGCN adaptation=multi_lora
2026-10-03 13:36:10,271 | INFO | ABLATION USE_SHORT=1 USE_PREFERENCE=1 USE_GCN=1 USE_COORDINATOR=1
2026-10-03 13:36:10,271 | INFO | AGENT_HISTORY mode=full_history effective_max_history=100 short=4 preference=100
2026-10-03 13:36:10,271 | INFO | EXPERIMENT_NOTE amazons_long_short subset=Baby_Products; short filtered-full-sequence <= 10; long > 10; same model and full catalog
2026-10-03 13:36:10,271 | INFO | EXPERIMENT_CONFIG {"agent_diversity_coef": 0.02, "batch_size": 128, "cache_dir": "/workspace/P78123011/cache", "candidates": 192, "data_path": null, "dataset": "amazon:Baby_Products", "device": "cuda:0", "dim": 128, "early_stopping_patience": 6, "enable_lora": 1, "eval_batch_size": 64, "eval_length_basis": "filtered_full_sequence", "eval_length_threshold": 10, "experiment_note": "amazons_long_short subset=Baby_Products; short filtered-full-sequence <= 10; long > 10; same model and full catalog", "full_catalog_supervised": false, "future_decay": 0.5, "future_horizon": 3, "generate_reasons": false, "graph_device": "cuda:0", "hard_negative_fraction": 0.75, "hard_negative_pool_multiplier": 12, "hard_negative_warmup_epochs": 2, "history_influence_negatives": 64, "history_influence_output": null, "history_influence_user_limit": 0, "item_prompt_prefix": "Preference-aware product representation: ", "item_vector_artifact": null, "joint_epochs": 0, "joint_lr": 5e-05, "lora_alpha": 32.0, "lora_dropout": 0.05, "lora_rank": 16, "lr_patience": 2, "mamba_encode_batch_size": 32, "mamba_max_tokens": 32, "mamba_model_id": "state-spaces/mamba-130m-hf", "max_events": null, "max_history": 100, "max_transitions": 1500000, "min_rating": 4.0, "monitor_metric": "ndcg@10", "output_dir": "/workspace/P78123011/MediaTek_2026_project/ver5/outputs_mamba_rl/amazons_lora", "output_run_dir": "/workspace/P78123011/MediaTek_2026_project/ver5/outputs_mamba_rl/amazons_long_short_S1_P1_G1_C1_SW4/Baby_Products/rl_20261003_133608_r1_965136", "periodic_test_user_limit": 0, "popularity_alpha": 0.3, "preference_balance_coef": 0.01, "preference_coef": 0.2, "preference_contrastive_coef": 0.05, "preference_count": 32, "preference_score_weight": 0.2, "preference_separation_coef": 0.01, "preference_sharpness_coef": 0.05, "preference_temperature": 0.2, "preference_transition_coef": 0.1, "reason_count": 20, "reason_max_new_tokens": 40, "refresh_data_cache": false, "resume_checkpoint": null, "reverse_history_input": false, "rl_coef": 0.1, "rl_topk": 10, "save_model_weights": false, "score_file": "/workspace/P78123011/MediaTek_2026_project/ver5/outputs_mamba_rl/amazons_long_short_S1_P1_G1_C1_SW4/Baby_Products/rl_20261003_133608_r1_965136/Baby_Products_scores.json", "seed": 25252, "short_window": 4, "skip_mamba": false, "specialist_epochs": 4, "specialist_lr": 0.0001, "target_recall_at_10": 0.15, "transition_beta": 0.5, "use_coordinator": true, "use_graph_embeddings": true, "use_in_batch_negatives": true, "use_preference": 1, "use_short": 1, "validate_every_steps": 6000, "validation_user_limit": 0}
2026-10-03 13:36:10,615 | INFO | INTERACTION_CACHE hit path=/workspace/P78123011/cache/mamba_multi_agent_data/amazon_Baby_Products_e6e228b87df8.pkl
2026-10-03 13:36:10,615 | INFO | HISTORY_INPUT_ORDER chronological
2026-10-03 13:36:10,617 | INFO | LENGTH_SPLIT preprocessing=original_one_pass_user_item_min_5 basis=filtered_full_sequence short<=10 long>10
2026-10-03 13:36:10,621 | INFO | users=184834 items=77324 train_interactions=1121805
2026-10-03 13:36:21,667 | INFO | CATALOG_PRIORS popularity_alpha=0.300000 transition_beta=0.500000 source=train_histories_only enabled=True
2026-10-03 13:36:22,427 | INFO | ITEM_VECTOR_ARTIFACT path=/workspace/P78123011/cache/mamba_multi_agent/amazon_Baby_Products_77324_1b6c35e33122_prompt_tok32.pt fingerprint=1b6c35e33122
2026-10-03 13:36:22,427 | INFO | SEMANTIC_BACKBONE model_id=state-spaces/mamba-130m-hf hidden_size=768 frozen=True usage=shared_cached_item_vectors
2026-10-03 13:36:23,013 | INFO | GRAPH_EMBEDDINGS enabled=True source=train_histories_only main_device=cuda:0 graph_device=cuda:0
2026-10-03 13:36:23,398 | INFO | ADAPTATION_MODE mode=multi_lora enable_lora=1
2026-10-03 13:36:23,398 | INFO | ADAPTER_ROUTES {'short': ('candidate_lora', 'delta_lora', 'gate_lora', 'output_lora'), 'preference': ('transition_encoder.candidate_lora', 'transition_encoder.delta_lora', 'transition_encoder.gate_lora', 'transition_encoder.output_lora', 'state_lora'), 'coordinator': ('state_lora', 'mix_lora', 'score_lora')}
2026-10-03 13:36:23,398 | INFO | agent_parameters={'short': 16513, 'preference': 28994, 'coordinator': 14373, 'shared_projection': 98304, 'graph': 33556224}
2026-10-03 13:36:23,398 | INFO | PREDICTION_PATH graph_only=False active_agents=2 coordinator=True
2026-10-03 13:36:25,558 | INFO | training_transitions=936971
2026-10-03 13:36:25,558 | INFO | schedule mode=single_stage_dl specialist_dl_epochs=4 joint_dl_rl_epochs=0 effective_rl_coef=0.0000 effective_rl_topk=0 validate_every_steps=6000 validation_users=0 periodic_test_users=0 monitor=ndcg@10 early_stopping_patience=6
2026-10-03 13:36:26,398 | INFO | TRAINING_BRANCHES stage=all_dl short=True preference=True gcn=True preference_auxiliary=True preference_contrastive=True diversity_pairs=1 policy_gradient=False trainable_parameters=33714408
2026-10-03 15:19:11,066 | INFO | 
========== PERIODIC VALIDATION ==========
stage=all_dl | epoch=1 | step=6000 | users=184584/184584
NDCG  | @5 0.027748 | @10 0.032317
Recall| @5 0.036807 | @10 0.051017
Hit   | @5 0.036807 | @10 0.051017
================================
2026-10-03 15:19:11,066 | INFO | PERIODIC VALIDATION SEQUENCE_LENGTH {"basis": "filtered_full_sequence", "long": {"evaluated_users": 29587, "history_length_max": 507, "history_length_mean": 17.607935917801736, "history_length_min": 11, "hit@10": 0.05073174029134417, "hit@5": 0.03596173995335789, "ndcg@10": 0.03155978289099038, "ndcg@5": 0.026799519602378367, "recall@10": 0.05073174029134417, "recall@5": 0.03596173995335789, "total_users": 29587}, "long_rule": "length > threshold", "short": {"evaluated_users": 154997, "history_length_max": 10, "history_length_mean": 6.255211391188216, "history_length_min": 3, "hit@10": 0.051071956231410934, "hit@5": 0.03696845745401524, "ndcg@10": 0.03246209355955829, "ndcg@5": 0.027928857266575617, "recall@10": 0.051071956231410934, "recall@5": 0.03696845745401524, "total_users": 154997}, "short_rule": "length <= threshold", "threshold": 10}
2026-10-03 15:39:36,529 | INFO | 
========== PERIODIC TEST ==========
stage=all_dl | epoch=1 | step=6000 | users=184584/184584
NDCG  | @5 0.031791 | @10 0.035863
Recall| @5 0.041260 | @10 0.053938
Hit   | @5 0.041260 | @10 0.053938
================================
2026-10-03 15:39:36,529 | INFO | PERIODIC TEST SEQUENCE_LENGTH {"basis": "filtered_full_sequence", "long": {"evaluated_users": 29587, "history_length_max": 507, "history_length_mean": 17.607935917801736, "history_length_min": 11, "hit@10": 0.05397640855781255, "hit@5": 0.04153851353635042, "ndcg@10": 0.03644781279495116, "ndcg@5": 0.03247052477618803, "recall@10": 0.05397640855781255, "recall@5": 0.04153851353635042, "total_users": 29587}, "long_rule": "length > threshold", "short": {"evaluated_users": 154997, "history_length_max": 10, "history_length_mean": 6.255211391188216, "history_length_min": 3, "hit@10": 0.053930076065988375, "hit@5": 0.04120724917256463, "ndcg@10": 0.03575138964151118, "ndcg@5": 0.03166181227143959, "recall@10": 0.053930076065988375, "recall@5": 0.04120724917256463, "total_users": 154997}, "short_rule": "length <= threshold", "threshold": 10}
2026-10-03 15:39:36,530 | INFO | VALID_STEP step=6000 stage=all_dl epoch=1 ndcg@10=0.032317 recall@10=0.051017 improved=True
2026-10-03 15:39:36,613 | INFO | BEST_MODEL_IN_MEMORY step=6000 stage=all_dl ndcg@10=0.032317
2026-10-03 15:39:36,613 | INFO | LEARNING_RATE step=6000 stage=all_dl lr=0.0001
2026-10-03 15:58:20,687 | INFO | stage=all_dl epoch=1 loss=5.299704 steps=7321 transitions/s=151.67
2026-10-03 17:40:19,016 | INFO | 
========== PERIODIC VALIDATION ==========
stage=all_dl | epoch=2 | step=13321 | users=184584/184584
NDCG  | @5 0.030423 | @10 0.034512
Recall| @5 0.039039 | @10 0.051760
Hit   | @5 0.039039 | @10 0.051760
================================
2026-10-03 17:40:19,016 | INFO | PERIODIC VALIDATION SEQUENCE_LENGTH {"basis": "filtered_full_sequence", "long": {"evaluated_users": 29587, "history_length_max": 507, "history_length_mean": 17.607935917801736, "history_length_min": 11, "hit@10": 0.0521850812856998, "hit@5": 0.03880082468651773, "ndcg@10": 0.03435599790796002, "ndcg@5": 0.030053459651885082, "recall@10": 0.0521850812856998, "recall@5": 0.03880082468651773, "total_users": 29587}, "long_rule": "length > threshold", "short": {"evaluated_users": 154997, "history_length_max": 10, "history_length_mean": 6.255211391188216, "history_length_min": 3, "hit@10": 0.0516784195823145, "hit@5": 0.03908462744440215, "ndcg@10": 0.03454145084880064, "ndcg@5": 0.03049380158928619, "recall@10": 0.0516784195823145, "recall@5": 0.03908462744440215, "total_users": 154997}, "short_rule": "length <= threshold", "threshold": 10}
2026-10-03 18:01:23,275 | INFO | 
========== PERIODIC TEST ==========
stage=all_dl | epoch=2 | step=13321 | users=184584/184584
NDCG  | @5 0.037313 | @10 0.041141
Recall| @5 0.045730 | @10 0.057594
Hit   | @5 0.045730 | @10 0.057594
================================
2026-10-03 18:01:23,275 | INFO | PERIODIC TEST SEQUENCE_LENGTH {"basis": "filtered_full_sequence", "long": {"evaluated_users": 29587, "history_length_max": 507, "history_length_mean": 17.607935917801736, "history_length_min": 11, "hit@10": 0.059924967046337915, "hit@5": 0.047757461047081486, "ndcg@10": 0.04337764350149211, "ndcg@5": 0.03946639488355151, "recall@10": 0.059924967046337915, "recall@5": 0.047757461047081486, "total_users": 29587}, "long_rule": "length > threshold", "short": {"evaluated_users": 154997, "history_length_max": 10, "history_length_mean": 6.255211391188216, "history_length_min": 3, "hit@10": 0.05714949321599773, "hit@5": 0.0453428130867049, "ndcg@10": 0.040713575635100925, "ndcg@5": 0.036901478617285925, "recall@10": 0.05714949321599773, "recall@5": 0.0453428130867049, "total_users": 154997}, "short_rule": "length <= threshold", "threshold": 10}
2026-10-03 18:01:23,276 | INFO | VALID_STEP step=13321 stage=all_dl epoch=2 ndcg@10=0.034512 recall@10=0.051760 improved=True
2026-10-03 18:01:23,370 | INFO | BEST_MODEL_IN_MEMORY step=13321 stage=all_dl ndcg@10=0.034512
2026-10-03 18:01:23,370 | INFO | LEARNING_RATE step=13321 stage=all_dl lr=0.0001
2026-10-03 18:20:11,168 | INFO | stage=all_dl epoch=2 loss=5.226381 steps=7321 transitions/s=154.91
2026-10-03 20:01:57,542 | INFO | 
========== PERIODIC VALIDATION ==========
stage=all_dl | epoch=3 | step=20642 | users=184584/184584
NDCG  | @5 0.026263 | @10 0.029530
Recall| @5 0.033421 | @10 0.043557
Hit   | @5 0.033421 | @10 0.043557
================================
2026-10-03 20:01:57,543 | INFO | PERIODIC VALIDATION SEQUENCE_LENGTH {"basis": "filtered_full_sequence", "long": {"evaluated_users": 29587, "history_length_max": 507, "history_length_mean": 17.607935917801736, "history_length_min": 11, "hit@10": 0.04488457768614594, "hit@5": 0.03342684287017947, "ndcg@10": 0.02958126203216257, "ndcg@5": 0.025887429294517813, "recall@10": 0.04488457768614594, "recall@5": 0.03342684287017947, "total_users": 29587}, "long_rule": "length > threshold", "short": {"evaluated_users": 154997, "history_length_max": 10, "history_length_mean": 6.255211391188216, "history_length_min": 3, "hit@10": 0.043304063949624834, "hit@5": 0.03342000167745182, "ndcg@10": 0.029519772882366666, "ndcg@5": 0.026334771732141705, "recall@10": 0.043304063949624834, "recall@5": 0.03342000167745182, "total_users": 154997}, "short_rule": "length <= threshold", "threshold": 10}
2026-10-03 20:22:45,631 | INFO | 
========== PERIODIC TEST ==========
stage=all_dl | epoch=3 | step=20642 | users=184584/184584
NDCG  | @5 0.032645 | @10 0.035738
Recall| @5 0.039147 | @10 0.048802
Hit   | @5 0.039147 | @10 0.048802
================================
2026-10-03 20:22:45,632 | INFO | PERIODIC TEST SEQUENCE_LENGTH {"basis": "filtered_full_sequence", "long": {"evaluated_users": 29587, "history_length_max": 507, "history_length_mean": 17.607935917801736, "history_length_min": 11, "hit@10": 0.051948490891269815, "hit@5": 0.04191029844188326, "ndcg@10": 0.038670819153208434, "ndcg@5": 0.035460817042682675, "recall@10": 0.051948490891269815, "recall@5": 0.04191029844188326, "total_users": 29587}, "long_rule": "length > threshold", "short": {"evaluated_users": 154997, "history_length_max": 10, "history_length_mean": 6.255211391188216, "history_length_min": 3, "hit@10": 0.048200932921282344, "hit@5": 0.03862010232456112, "ndcg@10": 0.03517817733016975, "ndcg@5": 0.0321070314311609, "recall@10": 0.048200932921282344, "recall@5": 0.03862010232456112, "total_users": 154997}, "short_rule": "length <= threshold", "threshold": 10}
2026-10-03 20:22:45,633 | INFO | VALID_STEP step=20642 stage=all_dl epoch=3 ndcg@10=0.029530 recall@10=0.043557 improved=False
2026-10-03 20:22:45,633 | INFO | LEARNING_RATE step=20642 stage=all_dl lr=0.0001
2026-10-03 20:40:34,575 | INFO | stage=all_dl epoch=3 loss=4.898672 steps=7321 transitions/s=156.82
2026-10-03 22:25:09,847 | INFO | 
========== PERIODIC VALIDATION ==========
stage=all_dl | epoch=4 | step=27963 | users=184584/184584
NDCG  | @5 0.024057 | @10 0.027019
Recall| @5 0.030013 | @10 0.039245
Hit   | @5 0.030013 | @10 0.039245
================================
2026-10-03 22:25:09,847 | INFO | PERIODIC VALIDATION SEQUENCE_LENGTH {"basis": "filtered_full_sequence", "long": {"evaluated_users": 29587, "history_length_max": 507, "history_length_mean": 17.607935917801736, "history_length_min": 11, "hit@10": 0.03988238077534052, "hit@5": 0.029675195187075405, "ndcg@10": 0.026829754916841544, "ndcg@5": 0.02354587606382796, "recall@10": 0.03988238077534052, "recall@5": 0.029675195187075405, "total_users": 29587}, "long_rule": "length > threshold", "short": {"evaluated_users": 154997, "history_length_max": 10, "history_length_mean": 6.255211391188216, "history_length_min": 3, "hit@10": 0.03912333787105557, "hit@5": 0.030078001509706638, "ndcg@10": 0.02705462665601948, "ndcg@5": 0.024154707157045027, "recall@10": 0.03912333787105557, "recall@5": 0.030078001509706638, "total_users": 154997}, "short_rule": "length <= threshold", "threshold": 10}
2026-10-03 22:48:54,608 | INFO | 
========== PERIODIC TEST ==========
stage=all_dl | epoch=4 | step=27963 | users=184584/184584
NDCG  | @5 0.030598 | @10 0.033002
Recall| @5 0.036059 | @10 0.043514
Hit   | @5 0.036059 | @10 0.043514
================================
2026-10-03 22:48:54,608 | INFO | PERIODIC TEST SEQUENCE_LENGTH {"basis": "filtered_full_sequence", "long": {"evaluated_users": 29587, "history_length_max": 507, "history_length_mean": 17.607935917801736, "history_length_min": 11, "hit@10": 0.04647311319160442, "hit@5": 0.038327643897657755, "ndcg@10": 0.03560540570533722, "ndcg@5": 0.03295851390887525, "recall@10": 0.04647311319160442, "recall@5": 0.038327643897657755, "total_users": 29587}, "long_rule": "length > threshold", "short": {"evaluated_users": 154997, "history_length_max": 10, "history_length_mean": 6.255211391188216, "history_length_min": 3, "hit@10": 0.04294921837196849, "hit@5": 0.03562649599669671, "ndcg@10": 0.03250525012723749, "ndcg@5": 0.030146837798826313, "recall@10": 0.04294921837196849, "recall@5": 0.03562649599669671, "total_users": 154997}, "short_rule": "length <= threshold", "threshold": 10}
2026-10-03 22:48:54,609 | INFO | VALID_STEP step=27963 stage=all_dl epoch=4 ndcg@10=0.027019 recall@10=0.039245 improved=False
2026-10-03 22:48:54,609 | INFO | LEARNING_RATE step=27963 stage=all_dl lr=0.0001
2026-10-03 23:07:39,516 | INFO | stage=all_dl epoch=4 loss=4.596659 steps=7321 transitions/s=156.69
2026-10-03 23:27:46,534 | INFO | 
========== FINAL CURRENT VALIDATION ==========
stage=final | epoch=0 | step=29284 | users=184584/184584
NDCG  | @5 0.024618 | @10 0.027494
Recall| @5 0.031032 | @10 0.039987
Hit   | @5 0.031032 | @10 0.039987
================================
2026-10-03 23:27:46,535 | INFO | FINAL CURRENT VALIDATION SEQUENCE_LENGTH {"basis": "filtered_full_sequence", "long": {"evaluated_users": 29587, "history_length_max": 507, "history_length_mean": 17.607935917801736, "history_length_min": 11, "hit@10": 0.04069354784195762, "hit@5": 0.03058775813701964, "ndcg@10": 0.027098343479102647, "ndcg@5": 0.023841888247333784, "recall@10": 0.04069354784195762, "recall@5": 0.03058775813701964, "total_users": 29587}, "long_rule": "length > threshold", "short": {"evaluated_users": 154997, "history_length_max": 10, "history_length_mean": 6.255211391188216, "history_length_min": 3, "hit@10": 0.03985238423969496, "hit@5": 0.031116731291573385, "ndcg@10": 0.027569203072204163, "ndcg@5": 0.02476596488739142, "recall@10": 0.03985238423969496, "recall@5": 0.031116731291573385, "total_users": 154997}, "short_rule": "length <= threshold", "threshold": 10}
2026-10-03 23:27:46,535 | INFO | VALID_STEP step=29284 stage=final epoch=0 ndcg@10=0.027494 recall@10=0.039987 improved=False
2026-10-03 23:27:46,634 | INFO | RESTORE_BEST step=13321 stage=all_dl ndcg@10=0.034512
2026-10-04 00:10:23,820 | INFO | 
========== BEST CHECKPOINT VALIDATION ==========
stage=all_dl | epoch=0 | step=13321 | users=184584/184584
NDCG  | @5 0.030423 | @10 0.034512
Recall| @5 0.039039 | @10 0.051760
Hit   | @5 0.039039 | @10 0.051760
================================
2026-10-04 00:10:23,821 | INFO | BEST CHECKPOINT VALIDATION SEQUENCE_LENGTH {"basis": "filtered_full_sequence", "long": {"evaluated_users": 29587, "history_length_max": 507, "history_length_mean": 17.607935917801736, "history_length_min": 11, "hit@10": 0.0521850812856998, "hit@5": 0.03880082468651773, "ndcg@10": 0.03435599790796002, "ndcg@5": 0.030053459651885082, "recall@10": 0.0521850812856998, "recall@5": 0.03880082468651773, "total_users": 29587}, "long_rule": "length > threshold", "short": {"evaluated_users": 154997, "history_length_max": 10, "history_length_mean": 6.255211391188216, "history_length_min": 3, "hit@10": 0.0516784195823145, "hit@5": 0.03908462744440215, "ndcg@10": 0.03454145084880064, "ndcg@5": 0.03049380158928619, "recall@10": 0.0516784195823145, "recall@5": 0.03908462744440215, "total_users": 154997}, "short_rule": "length <= threshold", "threshold": 10}
2026-10-04 00:10:23,821 | INFO | 
========== FINAL FULL TEST ==========
stage=all_dl | epoch=0 | step=13321 | users=184584/184584
NDCG  | @5 0.037313 | @10 0.041141
Recall| @5 0.045730 | @10 0.057594
Hit   | @5 0.045730 | @10 0.057594
================================
2026-10-04 00:10:23,821 | INFO | FINAL FULL TEST SEQUENCE_LENGTH {"basis": "filtered_full_sequence", "long": {"evaluated_users": 29587, "history_length_max": 507, "history_length_mean": 17.607935917801736, "history_length_min": 11, "hit@10": 0.059924967046337915, "hit@5": 0.047757461047081486, "ndcg@10": 0.04337764350149211, "ndcg@5": 0.03946639488355151, "recall@10": 0.059924967046337915, "recall@5": 0.047757461047081486, "total_users": 29587}, "long_rule": "length > threshold", "short": {"evaluated_users": 154997, "history_length_max": 10, "history_length_mean": 6.255211391188216, "history_length_min": 3, "hit@10": 0.05714949321599773, "hit@5": 0.0453428130867049, "ndcg@10": 0.040713575635100925, "ndcg@5": 0.036901478617285925, "recall@10": 0.05714949321599773, "recall@5": 0.0453428130867049, "total_users": 154997}, "short_rule": "length <= threshold", "threshold": 10}
2026-10-04 00:10:23,821 | INFO | VALID_BEST {"evaluated_users": 184584, "hit@10": 0.05175963247085338, "hit@5": 0.03903913665323105, "ndcg@10": 0.034511724775712356, "ndcg@5": 0.030423219089385764, "preference_agent_weight": 3.299407779448911e-07, "preference_change_probability": 0.07480391989819421, "preference_current_entropy": 1.7362886340618238, "preference_next_entropy": 1.8768213577689623, "preference_ranking_weight": 3.299407779448911e-07, "recall@10": 0.05175963247085338, "recall@5": 0.03903913665323105, "scores_per_second": 12310588.728398405, "sequence_length": {"basis": "filtered_full_sequence", "long": {"evaluated_users": 29587, "history_length_max": 507, "history_length_mean": 17.607935917801736, "history_length_min": 11, "hit@10": 0.0521850812856998, "hit@5": 0.03880082468651773, "ndcg@10": 0.03435599790796002, "ndcg@5": 0.030053459651885082, "recall@10": 0.0521850812856998, "recall@5": 0.03880082468651773, "total_users": 29587}, "long_rule": "length > threshold", "short": {"evaluated_users": 154997, "history_length_max": 10, "history_length_mean": 6.255211391188216, "history_length_min": 3, "hit@10": 0.0516784195823145, "hit@5": 0.03908462744440215, "ndcg@10": 0.03454145084880064, "ndcg@5": 0.03049380158928619, "recall@10": 0.0516784195823145, "recall@5": 0.03908462744440215, "total_users": 154997}, "short_rule": "length <= threshold", "threshold": 10}, "short_agent_weight": 0.9999996759396238, "short_preference_state_cosine": 0.20789526191894098, "total_users": 184584, "users_per_second": 159.207862091956}
2026-10-04 00:10:23,821 | INFO | TEST_FINAL {"evaluated_users": 184584, "hit@10": 0.05759437437697742, "hit@5": 0.045729857409092876, "ndcg@10": 0.04114059966994149, "ndcg@5": 0.03731260939587161, "preference_agent_weight": 2.721021946015785e-07, "preference_change_probability": 0.07945611639853205, "preference_current_entropy": 1.8002234629194278, "preference_next_entropy": 1.9111620351386072, "preference_ranking_weight": 2.721021946015785e-07, "recall@10": 0.05759437437697742, "recall@5": 0.045729857409092876, "scores_per_second": 10214384.553022072, "sequence_length": {"basis": "filtered_full_sequence", "long": {"evaluated_users": 29587, "history_length_max": 507, "history_length_mean": 17.607935917801736, "history_length_min": 11, "hit@10": 0.059924967046337915, "hit@5": 0.047757461047081486, "ndcg@10": 0.04337764350149211, "ndcg@5": 0.03946639488355151, "recall@10": 0.059924967046337915, "recall@5": 0.047757461047081486, "total_users": 29587}, "long_rule": "length > threshold", "short": {"evaluated_users": 154997, "history_length_max": 10, "history_length_mean": 6.255211391188216, "history_length_min": 3, "hit@10": 0.05714949321599773, "hit@5": 0.0453428130867049, "ndcg@10": 0.040713575635100925, "ndcg@5": 0.036901478617285925, "recall@10": 0.05714949321599773, "recall@5": 0.0453428130867049, "total_users": 154997}, "short_rule": "length <= threshold", "threshold": 10}, "short_agent_weight": 0.9999997362081785, "short_preference_state_cosine": 0.2121211159437493, "total_users": 184584, "users_per_second": 132.09850179791619}
2026-10-04 00:10:23,821 | INFO | TARGET_RESULT metric=recall@10 target=>0.150000 actual=0.057594 achieved=False
2026-10-04 00:10:24,621 | INFO | FINAL_LENGTH_SCORES dataset=amazon:Baby_Products group=short split=valid threshold=10 users=154997/154997 scores={"hit@10": 0.0516784195823145, "hit@5": 0.03908462744440215, "ndcg@10": 0.03454145084880064, "ndcg@5": 0.03049380158928619, "recall@10": 0.0516784195823145, "recall@5": 0.03908462744440215}
2026-10-04 00:10:24,621 | INFO | FINAL_LENGTH_SCORES dataset=amazon:Baby_Products group=short split=test threshold=10 users=154997/154997 scores={"hit@10": 0.05714949321599773, "hit@5": 0.0453428130867049, "ndcg@10": 0.040713575635100925, "ndcg@5": 0.036901478617285925, "recall@10": 0.05714949321599773, "recall@5": 0.0453428130867049}
2026-10-04 00:10:24,621 | INFO | short_scores=/workspace/P78123011/MediaTek_2026_project/ver5/outputs_mamba_rl/amazons_long_short_S1_P1_G1_C1_SW4/Baby_Products/rl_20261003_133608_r1_965136/short_scores.json
2026-10-04 00:10:24,622 | INFO | FINAL_LENGTH_SCORES dataset=amazon:Baby_Products group=long split=valid threshold=10 users=29587/29587 scores={"hit@10": 0.0521850812856998, "hit@5": 0.03880082468651773, "ndcg@10": 0.03435599790796002, "ndcg@5": 0.030053459651885082, "recall@10": 0.0521850812856998, "recall@5": 0.03880082468651773}
2026-10-04 00:10:24,622 | INFO | FINAL_LENGTH_SCORES dataset=amazon:Baby_Products group=long split=test threshold=10 users=29587/29587 scores={"hit@10": 0.059924967046337915, "hit@5": 0.047757461047081486, "ndcg@10": 0.04337764350149211, "ndcg@5": 0.03946639488355151, "recall@10": 0.059924967046337915, "recall@5": 0.047757461047081486}
2026-10-04 00:10:24,622 | INFO | long_scores=/workspace/P78123011/MediaTek_2026_project/ver5/outputs_mamba_rl/amazons_long_short_S1_P1_G1_C1_SW4/Baby_Products/rl_20261003_133608_r1_965136/long_scores.json
2026-10-04 00:10:24,622 | INFO | scores=/workspace/P78123011/MediaTek_2026_project/ver5/outputs_mamba_rl/amazons_long_short_S1_P1_G1_C1_SW4/Baby_Products/rl_20261003_133608_r1_965136/Baby_Products_scores.json
2026-10-04 00:10:24,622 | INFO | outputs=/workspace/P78123011/MediaTek_2026_project/ver5/outputs_mamba_rl/amazons_long_short_S1_P1_G1_C1_SW4/Baby_Products/rl_20261003_133608_r1_965136
