2026-10-05 14:09:16,494 | INFO | run_id=20261005_140916 dataset=amazon:Baby_Products device=cuda:0
2026-10-05 14:09:16,494 | INFO | MODEL recommender=MultiAgentMambaRecommender semantic_encoder=MambaTextEncoder semantic_model_id=state-spaces/mamba-130m-hf graph_backbone=LightGCN adaptation=multi_lora
2026-10-05 14:09:16,494 | INFO | ABLATION USE_SHORT=1 USE_PREFERENCE=1 USE_GCN=1 USE_COORDINATOR=1
2026-10-05 14:09:16,494 | INFO | AGENT_HISTORY mode=full_history effective_max_history=100 short=1 preference=100
2026-10-05 14:09:16,494 | INFO | EXPERIMENT_NOTE amazons_long_short subset=Baby_Products; short filtered-full-sequence <= 10; long > 10; same model and full catalog
2026-10-05 14:09:16,494 | INFO | EXPERIMENT_CONFIG {"agent_diversity_coef": 0.02, "batch_size": 128, "cache_dir": "/workspace/P78123011/cache", "candidates": 192, "data_path": null, "dataset": "amazon:Baby_Products", "device": "cuda:0", "dim": 128, "early_stopping_patience": 6, "enable_lora": 1, "eval_batch_size": 64, "eval_length_basis": "filtered_full_sequence", "eval_length_threshold": 10, "experiment_note": "amazons_long_short subset=Baby_Products; short filtered-full-sequence <= 10; long > 10; same model and full catalog", "full_catalog_supervised": false, "future_decay": 0.5, "future_horizon": 3, "generate_reasons": false, "graph_device": "cuda:0", "hard_negative_fraction": 0.75, "hard_negative_pool_multiplier": 12, "hard_negative_warmup_epochs": 2, "history_influence_negatives": 64, "history_influence_output": null, "history_influence_user_limit": 0, "item_prompt_prefix": "Preference-aware product representation: ", "item_vector_artifact": null, "joint_epochs": 0, "joint_lr": 5e-05, "lora_alpha": 32.0, "lora_dropout": 0.05, "lora_rank": 16, "lr_patience": 2, "mamba_encode_batch_size": 32, "mamba_max_tokens": 32, "mamba_model_id": "state-spaces/mamba-130m-hf", "max_events": null, "max_history": 100, "max_transitions": 1500000, "min_rating": 4.0, "monitor_metric": "ndcg@10", "output_dir": "/workspace/P78123011/MediaTek_2026_project/ver5/outputs_mamba_rl/amazons_lora", "output_run_dir": "/workspace/P78123011/MediaTek_2026_project/ver5/outputs_mamba_rl/amazons_long_short_S1_P1_G1_C1_SW1/Baby_Products/rl_20261005_140915_r1_1402715", "periodic_test_user_limit": 0, "popularity_alpha": 0.3, "preference_balance_coef": 0.01, "preference_coef": 0.2, "preference_contrastive_coef": 0.05, "preference_count": 32, "preference_score_weight": 0.2, "preference_separation_coef": 0.01, "preference_sharpness_coef": 0.05, "preference_temperature": 0.2, "preference_transition_coef": 0.1, "reason_count": 20, "reason_max_new_tokens": 40, "refresh_data_cache": false, "resume_checkpoint": null, "reverse_history_input": false, "rl_coef": 0.1, "rl_topk": 10, "save_model_weights": false, "score_file": "/workspace/P78123011/MediaTek_2026_project/ver5/outputs_mamba_rl/amazons_long_short_S1_P1_G1_C1_SW1/Baby_Products/rl_20261005_140915_r1_1402715/Baby_Products_scores.json", "seed": 25252, "short_window": 1, "skip_mamba": false, "specialist_epochs": 4, "specialist_lr": 0.0001, "target_recall_at_10": 0.15, "transition_beta": 0.5, "use_coordinator": true, "use_graph_embeddings": true, "use_in_batch_negatives": true, "use_preference": 1, "use_short": 1, "validate_every_steps": 6000, "validation_user_limit": 0}
2026-10-05 14:09:16,840 | INFO | INTERACTION_CACHE hit path=/workspace/P78123011/cache/mamba_multi_agent_data/amazon_Baby_Products_e6e228b87df8.pkl
2026-10-05 14:09:16,840 | INFO | HISTORY_INPUT_ORDER chronological
2026-10-05 14:09:16,840 | INFO | LENGTH_SPLIT preprocessing=original_one_pass_user_item_min_5 basis=filtered_full_sequence short<=10 long>10
2026-10-05 14:09:16,844 | INFO | users=184834 items=77324 train_interactions=1121805
2026-10-05 14:09:27,973 | INFO | CATALOG_PRIORS popularity_alpha=0.300000 transition_beta=0.500000 source=train_histories_only enabled=True
2026-10-05 14:09:28,719 | INFO | ITEM_VECTOR_ARTIFACT path=/workspace/P78123011/cache/mamba_multi_agent/amazon_Baby_Products_77324_1b6c35e33122_prompt_tok32.pt fingerprint=1b6c35e33122
2026-10-05 14:09:28,719 | INFO | SEMANTIC_BACKBONE model_id=state-spaces/mamba-130m-hf hidden_size=768 frozen=True usage=shared_cached_item_vectors
2026-10-05 14:09:29,299 | INFO | GRAPH_EMBEDDINGS enabled=True source=train_histories_only main_device=cuda:0 graph_device=cuda:0
2026-10-05 14:09:29,730 | INFO | ADAPTATION_MODE mode=multi_lora enable_lora=1
2026-10-05 14:09:29,730 | INFO | ADAPTER_ROUTES {'short': ('candidate_lora', 'delta_lora', 'gate_lora', 'output_lora'), 'preference': ('transition_encoder.candidate_lora', 'transition_encoder.delta_lora', 'transition_encoder.gate_lora', 'transition_encoder.output_lora', 'state_lora'), 'coordinator': ('state_lora', 'mix_lora', 'score_lora')}
2026-10-05 14:09:29,730 | INFO | agent_parameters={'short': 16513, 'preference': 28994, 'coordinator': 14373, 'shared_projection': 98304, 'graph': 33556224}
2026-10-05 14:09:29,730 | INFO | PREDICTION_PATH graph_only=False active_agents=2 coordinator=True
2026-10-05 14:09:31,925 | INFO | training_transitions=936971
2026-10-05 14:09:31,926 | INFO | schedule mode=single_stage_dl specialist_dl_epochs=4 joint_dl_rl_epochs=0 effective_rl_coef=0.0000 effective_rl_topk=0 validate_every_steps=6000 validation_users=0 periodic_test_users=0 monitor=ndcg@10 early_stopping_patience=6
2026-10-05 14:09:32,777 | INFO | TRAINING_BRANCHES stage=all_dl short=True preference=True gcn=True preference_auxiliary=True preference_contrastive=True diversity_pairs=1 policy_gradient=False trainable_parameters=33714408
2026-10-05 15:07:55,337 | INFO | 
========== PERIODIC VALIDATION ==========
stage=all_dl | epoch=1 | step=6000 | users=184584/184584
NDCG  | @5 0.024885 | @10 0.028767
Recall| @5 0.033156 | @10 0.045210
Hit   | @5 0.033156 | @10 0.045210
================================
2026-10-05 15:07:55,337 | INFO | PERIODIC VALIDATION SEQUENCE_LENGTH {"basis": "filtered_full_sequence", "long": {"evaluated_users": 29587, "history_length_max": 507, "history_length_mean": 17.607935917801736, "history_length_min": 11, "hit@10": 0.044343799641734544, "hit@5": 0.03264947443133809, "ndcg@10": 0.028037801436580367, "ndcg@5": 0.024281329751861133, "recall@10": 0.044343799641734544, "recall@5": 0.03264947443133809, "total_users": 29587}, "long_rule": "length > threshold", "short": {"evaluated_users": 154997, "history_length_max": 10, "history_length_mean": 6.255211391188216, "history_length_min": 3, "hit@10": 0.045375071775582754, "hit@5": 0.03325225649528701, "ndcg@10": 0.02890597067968104, "ndcg@5": 0.02500016733375425, "recall@10": 0.045375071775582754, "recall@5": 0.03325225649528701, "total_users": 154997}, "short_rule": "length <= threshold", "threshold": 10}
2026-10-05 15:15:40,612 | INFO | 
========== PERIODIC TEST ==========
stage=all_dl | epoch=1 | step=6000 | users=184584/184584
NDCG  | @5 0.030199 | @10 0.033931
Recall| @5 0.038747 | @10 0.050340
Hit   | @5 0.038747 | @10 0.050340
================================
2026-10-05 15:15:40,612 | INFO | PERIODIC TEST SEQUENCE_LENGTH {"basis": "filtered_full_sequence", "long": {"evaluated_users": 29587, "history_length_max": 507, "history_length_mean": 17.607935917801736, "history_length_min": 11, "hit@10": 0.0513739142190827, "hit@5": 0.04015276979754622, "ndcg@10": 0.035054816787014796, "ndcg@5": 0.03143600119346575, "recall@10": 0.0513739142190827, "recall@5": 0.04015276979754622, "total_users": 29587}, "long_rule": "length > threshold", "short": {"evaluated_users": 154997, "history_length_max": 10, "history_length_mean": 6.255211391188216, "history_length_min": 3, "hit@10": 0.050142905991728874, "hit@5": 0.038478164093498586, "ndcg@10": 0.033716503798238276, "ndcg@5": 0.029962741373228907, "recall@10": 0.050142905991728874, "recall@5": 0.038478164093498586, "total_users": 154997}, "short_rule": "length <= threshold", "threshold": 10}
2026-10-05 15:15:40,613 | INFO | VALID_STEP step=6000 stage=all_dl epoch=1 ndcg@10=0.028767 recall@10=0.045210 improved=True
2026-10-05 15:15:40,693 | INFO | BEST_MODEL_IN_MEMORY step=6000 stage=all_dl ndcg@10=0.028767
2026-10-05 15:15:40,693 | INFO | LEARNING_RATE step=6000 stage=all_dl lr=0.0001
2026-10-05 15:23:52,216 | INFO | stage=all_dl epoch=1 loss=5.342806 steps=7321 transitions/s=273.84
2026-10-05 16:10:09,979 | INFO | 
========== PERIODIC VALIDATION ==========
stage=all_dl | epoch=2 | step=13321 | users=184584/184584
NDCG  | @5 0.029181 | @10 0.033185
Recall| @5 0.037463 | @10 0.049939
Hit   | @5 0.037463 | @10 0.049939
================================
2026-10-05 16:10:09,979 | INFO | PERIODIC VALIDATION SEQUENCE_LENGTH {"basis": "filtered_full_sequence", "long": {"evaluated_users": 29587, "history_length_max": 507, "history_length_mean": 17.607935917801736, "history_length_min": 11, "hit@10": 0.049278399296988545, "hit@5": 0.03677290701997499, "ndcg@10": 0.032501708991842224, "ndcg@5": 0.02848584306829831, "recall@10": 0.049278399296988545, "recall@5": 0.03677290701997499, "total_users": 29587}, "long_rule": "length > threshold", "short": {"evaluated_users": 154997, "history_length_max": 10, "history_length_mean": 6.255211391188216, "history_length_min": 3, "hit@10": 0.05006548513842203, "hit@5": 0.03759427601824551, "ndcg@10": 0.03331526957459521, "ndcg@5": 0.029313519525088386, "recall@10": 0.05006548513842203, "recall@5": 0.03759427601824551, "total_users": 154997}, "short_rule": "length <= threshold", "threshold": 10}
2026-10-05 16:21:10,150 | INFO | 
========== PERIODIC TEST ==========
stage=all_dl | epoch=2 | step=13321 | users=184584/184584
NDCG  | @5 0.042977 | @10 0.046246
Recall| @5 0.050319 | @10 0.060487
Hit   | @5 0.050319 | @10 0.060487
================================
2026-10-05 16:21:10,150 | INFO | PERIODIC TEST SEQUENCE_LENGTH {"basis": "filtered_full_sequence", "long": {"evaluated_users": 29587, "history_length_max": 507, "history_length_mean": 17.607935917801736, "history_length_min": 11, "hit@10": 0.06374421198499342, "hit@5": 0.054179200324466825, "ndcg@10": 0.049942370669512265, "ndcg@5": 0.04686416483237662, "recall@10": 0.06374421198499342, "recall@5": 0.054179200324466825, "total_users": 29587}, "long_rule": "length > threshold", "short": {"evaluated_users": 154997, "history_length_max": 10, "history_length_mean": 6.255211391188216, "history_length_min": 3, "hit@10": 0.05986567481951264, "hit@5": 0.049581604805254295, "ndcg@10": 0.0455402651587243, "ndcg@5": 0.04223445628231071, "recall@10": 0.05986567481951264, "recall@5": 0.049581604805254295, "total_users": 154997}, "short_rule": "length <= threshold", "threshold": 10}
2026-10-05 16:21:10,151 | INFO | VALID_STEP step=13321 stage=all_dl epoch=2 ndcg@10=0.033185 recall@10=0.049939 improved=True
2026-10-05 16:21:10,244 | INFO | BEST_MODEL_IN_MEMORY step=13321 stage=all_dl ndcg@10=0.033185
2026-10-05 16:21:10,244 | INFO | LEARNING_RATE step=13321 stage=all_dl lr=0.0001
2026-10-05 16:31:53,546 | INFO | stage=all_dl epoch=2 loss=5.378438 steps=7321 transitions/s=325.62
2026-10-05 17:25:02,024 | INFO | 
========== PERIODIC VALIDATION ==========
stage=all_dl | epoch=3 | step=20642 | users=184584/184584
NDCG  | @5 0.028222 | @10 0.031767
Recall| @5 0.035897 | @10 0.046933
Hit   | @5 0.035897 | @10 0.046933
================================
2026-10-05 17:25:02,024 | INFO | PERIODIC VALIDATION SEQUENCE_LENGTH {"basis": "filtered_full_sequence", "long": {"evaluated_users": 29587, "history_length_max": 507, "history_length_mean": 17.607935917801736, "history_length_min": 11, "hit@10": 0.04650691181938013, "hit@5": 0.03555615642004935, "ndcg@10": 0.031562493092912966, "ndcg@5": 0.02805859561834582, "recall@10": 0.04650691181938013, "recall@5": 0.03555615642004935, "total_users": 29587}, "long_rule": "length > threshold", "short": {"evaluated_users": 154997, "history_length_max": 10, "history_length_mean": 6.255211391188216, "history_length_min": 3, "hit@10": 0.0470138131705775, "hit@5": 0.03596198636102634, "ndcg@10": 0.03180629710259473, "ndcg@5": 0.02825299541711633, "recall@10": 0.0470138131705775, "recall@5": 0.03596198636102634, "total_users": 154997}, "short_rule": "length <= threshold", "threshold": 10}
2026-10-05 17:32:47,526 | INFO | 
========== PERIODIC TEST ==========
stage=all_dl | epoch=3 | step=20642 | users=184584/184584
NDCG  | @5 0.042562 | @10 0.045506
Recall| @5 0.048932 | @10 0.058109
Hit   | @5 0.048932 | @10 0.058109
================================
2026-10-05 17:32:47,526 | INFO | PERIODIC TEST SEQUENCE_LENGTH {"basis": "filtered_full_sequence", "long": {"evaluated_users": 29587, "history_length_max": 507, "history_length_mean": 17.607935917801736, "history_length_min": 11, "hit@10": 0.0615135025517964, "hit@5": 0.05292865109676547, "ndcg@10": 0.04931863546868829, "ndcg@5": 0.04655033295148822, "recall@10": 0.0615135025517964, "recall@5": 0.05292865109676547, "total_users": 29587}, "long_rule": "length > threshold", "short": {"evaluated_users": 154997, "history_length_max": 10, "history_length_mean": 6.255211391188216, "history_length_min": 3, "hit@10": 0.05745917662922508, "hit@5": 0.0481686742324045, "ndcg@10": 0.04477827283975762, "ndcg@5": 0.04180038564922847, "recall@10": 0.05745917662922508, "recall@5": 0.0481686742324045, "total_users": 154997}, "short_rule": "length <= threshold", "threshold": 10}
2026-10-05 17:32:47,527 | INFO | VALID_STEP step=20642 stage=all_dl epoch=3 ndcg@10=0.031767 recall@10=0.046933 improved=False
2026-10-05 17:32:47,527 | INFO | LEARNING_RATE step=20642 stage=all_dl lr=0.0001
2026-10-05 17:41:04,572 | INFO | stage=all_dl epoch=3 loss=5.185117 steps=7321 transitions/s=291.19
2026-10-05 18:33:11,439 | INFO | 
========== PERIODIC VALIDATION ==========
stage=all_dl | epoch=4 | step=27963 | users=184584/184584
NDCG  | @5 0.027683 | @10 0.031089
Recall| @5 0.035068 | @10 0.045681
Hit   | @5 0.035068 | @10 0.045681
================================
2026-10-05 18:33:11,439 | INFO | PERIODIC VALIDATION SEQUENCE_LENGTH {"basis": "filtered_full_sequence", "long": {"evaluated_users": 29587, "history_length_max": 507, "history_length_mean": 17.607935917801736, "history_length_min": 11, "hit@10": 0.04515496670835164, "hit@5": 0.03444080170345084, "ndcg@10": 0.03072659031168595, "ndcg@5": 0.027278108747303187, "recall@10": 0.04515496670835164, "recall@5": 0.03444080170345084, "total_users": 29587}, "long_rule": "length > threshold", "short": {"evaluated_users": 154997, "history_length_max": 10, "history_length_mean": 6.255211391188216, "history_length_min": 3, "hit@10": 0.04578153125544365, "hit@5": 0.03518777782795796, "ndcg@10": 0.03115800457883289, "ndcg@5": 0.027760656895965696, "recall@10": 0.04578153125544365, "recall@5": 0.03518777782795796, "total_users": 154997}, "short_rule": "length <= threshold", "threshold": 10}
2026-10-05 18:44:08,124 | INFO | 
========== PERIODIC TEST ==========
stage=all_dl | epoch=4 | step=27963 | users=184584/184584
NDCG  | @5 0.042270 | @10 0.045156
Recall| @5 0.048363 | @10 0.057318
Hit   | @5 0.048363 | @10 0.057318
================================
2026-10-05 18:44:08,124 | INFO | PERIODIC TEST SEQUENCE_LENGTH {"basis": "filtered_full_sequence", "long": {"evaluated_users": 29587, "history_length_max": 507, "history_length_mean": 17.607935917801736, "history_length_min": 11, "hit@10": 0.061445905296244975, "hit@5": 0.05252306756345693, "ndcg@10": 0.04917061591555677, "ndcg@5": 0.04629096718826801, "recall@10": 0.061445905296244975, "recall@5": 0.05252306756345693, "total_users": 29587}, "long_rule": "length > threshold", "short": {"evaluated_users": 154997, "history_length_max": 10, "history_length_mean": 6.255211391188216, "history_length_min": 3, "hit@10": 0.05653012638954302, "hit@5": 0.0475686626192765, "ndcg@10": 0.04438988420751287, "ndcg@5": 0.04150264607777772, "recall@10": 0.05653012638954302, "recall@5": 0.0475686626192765, "total_users": 154997}, "short_rule": "length <= threshold", "threshold": 10}
2026-10-05 18:44:08,125 | INFO | VALID_STEP step=27963 stage=all_dl epoch=4 ndcg@10=0.031089 recall@10=0.045681 improved=False
2026-10-05 18:44:08,126 | INFO | LEARNING_RATE step=27963 stage=all_dl lr=0.0001
2026-10-05 18:54:50,687 | INFO | stage=all_dl epoch=4 loss=5.022899 steps=7321 transitions/s=301.46
2026-10-05 19:05:46,738 | INFO | 
========== FINAL CURRENT VALIDATION ==========
stage=final | epoch=0 | step=29284 | users=184584/184584
NDCG  | @5 0.028083 | @10 0.031629
Recall| @5 0.035631 | @10 0.046667
Hit   | @5 0.035631 | @10 0.046667
================================
2026-10-05 19:05:46,739 | INFO | FINAL CURRENT VALIDATION SEQUENCE_LENGTH {"basis": "filtered_full_sequence", "long": {"evaluated_users": 29587, "history_length_max": 507, "history_length_mean": 17.607935917801736, "history_length_min": 11, "hit@10": 0.046811099469361545, "hit@5": 0.03477878798120796, "ndcg@10": 0.03151738721811562, "ndcg@5": 0.027659115690579928, "recall@10": 0.046811099469361545, "recall@5": 0.03477878798120796, "total_users": 29587}, "long_rule": "length > threshold", "short": {"evaluated_users": 154997, "history_length_max": 10, "history_length_mean": 6.255211391188216, "history_length_min": 3, "hit@10": 0.04663961237959444, "hit@5": 0.03579424117886153, "ndcg@10": 0.031650337470094304, "ndcg@5": 0.028163845020240143, "recall@10": 0.04663961237959444, "recall@5": 0.03579424117886153, "total_users": 154997}, "short_rule": "length <= threshold", "threshold": 10}
2026-10-05 19:05:46,739 | INFO | VALID_STEP step=29284 stage=final epoch=0 ndcg@10=0.031629 recall@10=0.046667 improved=False
2026-10-05 19:05:46,811 | INFO | RESTORE_BEST step=13321 stage=all_dl ndcg@10=0.033185
2026-10-05 19:21:18,229 | INFO | 
========== BEST CHECKPOINT VALIDATION ==========
stage=all_dl | epoch=0 | step=13321 | users=184584/184584
NDCG  | @5 0.029181 | @10 0.033185
Recall| @5 0.037463 | @10 0.049939
Hit   | @5 0.037463 | @10 0.049939
================================
2026-10-05 19:21:18,229 | INFO | BEST CHECKPOINT VALIDATION SEQUENCE_LENGTH {"basis": "filtered_full_sequence", "long": {"evaluated_users": 29587, "history_length_max": 507, "history_length_mean": 17.607935917801736, "history_length_min": 11, "hit@10": 0.049278399296988545, "hit@5": 0.03677290701997499, "ndcg@10": 0.032501708991842224, "ndcg@5": 0.02848584306829831, "recall@10": 0.049278399296988545, "recall@5": 0.03677290701997499, "total_users": 29587}, "long_rule": "length > threshold", "short": {"evaluated_users": 154997, "history_length_max": 10, "history_length_mean": 6.255211391188216, "history_length_min": 3, "hit@10": 0.05006548513842203, "hit@5": 0.03759427601824551, "ndcg@10": 0.03331526957459521, "ndcg@5": 0.029313519525088386, "recall@10": 0.05006548513842203, "recall@5": 0.03759427601824551, "total_users": 154997}, "short_rule": "length <= threshold", "threshold": 10}
2026-10-05 19:21:18,229 | INFO | 
========== FINAL FULL TEST ==========
stage=all_dl | epoch=0 | step=13321 | users=184584/184584
NDCG  | @5 0.042977 | @10 0.046246
Recall| @5 0.050319 | @10 0.060487
Hit   | @5 0.050319 | @10 0.060487
================================
2026-10-05 19:21:18,229 | INFO | FINAL FULL TEST SEQUENCE_LENGTH {"basis": "filtered_full_sequence", "long": {"evaluated_users": 29587, "history_length_max": 507, "history_length_mean": 17.607935917801736, "history_length_min": 11, "hit@10": 0.06374421198499342, "hit@5": 0.054179200324466825, "ndcg@10": 0.049942370669512265, "ndcg@5": 0.04686416483237662, "recall@10": 0.06374421198499342, "recall@5": 0.054179200324466825, "total_users": 29587}, "long_rule": "length > threshold", "short": {"evaluated_users": 154997, "history_length_max": 10, "history_length_mean": 6.255211391188216, "history_length_min": 3, "hit@10": 0.05986567481951264, "hit@5": 0.049581604805254295, "ndcg@10": 0.0455402651587243, "ndcg@5": 0.04223445628231071, "recall@10": 0.05986567481951264, "recall@5": 0.049581604805254295, "total_users": 154997}, "short_rule": "length <= threshold", "threshold": 10}
2026-10-05 19:21:18,229 | INFO | VALID_BEST {"evaluated_users": 184584, "hit@10": 0.04993932301824643, "hit@5": 0.03746261864516968, "ndcg@10": 0.03318486403076013, "ndcg@5": 0.029180851097959013, "preference_agent_weight": 0.1723459544641859, "preference_change_probability": 0.07439707258931529, "preference_current_entropy": 1.4441417433198447, "preference_next_entropy": 1.5865711147389527, "preference_ranking_weight": 0.1723459544641859, "recall@10": 0.04993932301824643, "recall@5": 0.03746261864516968, "scores_per_second": 30663399.853059564, "sequence_length": {"basis": "filtered_full_sequence", "long": {"evaluated_users": 29587, "history_length_max": 507, "history_length_mean": 17.607935917801736, "history_length_min": 11, "hit@10": 0.049278399296988545, "hit@5": 0.03677290701997499, "ndcg@10": 0.032501708991842224, "ndcg@5": 0.02848584306829831, "recall@10": 0.049278399296988545, "recall@5": 0.03677290701997499, "total_users": 29587}, "long_rule": "length > threshold", "short": {"evaluated_users": 154997, "history_length_max": 10, "history_length_mean": 6.255211391188216, "history_length_min": 3, "hit@10": 0.05006548513842203, "hit@5": 0.03759427601824551, "ndcg@10": 0.03331526957459521, "ndcg@5": 0.029313519525088386, "recall@10": 0.05006548513842203, "recall@5": 0.03759427601824551, "total_users": 154997}, "short_rule": "length <= threshold", "threshold": 10}, "short_agent_weight": 0.8276540457398953, "short_preference_state_cosine": 0.042776933143483936, "total_users": 184584, "users_per_second": 396.5573412272976}
2026-10-05 19:21:18,229 | INFO | TEST_FINAL {"evaluated_users": 184584, "hit@10": 0.06048736618558488, "hit@5": 0.05031855415420621, "ndcg@10": 0.046245879582333865, "ndcg@5": 0.04297655299519039, "preference_agent_weight": 0.1613112769877911, "preference_change_probability": 0.0784901227245497, "preference_current_entropy": 1.5141525631819333, "preference_next_entropy": 1.6106294044844636, "preference_ranking_weight": 0.1613112769877911, "recall@10": 0.06048736618558488, "recall@5": 0.05031855415420621, "scores_per_second": 30661216.646878157, "sequence_length": {"basis": "filtered_full_sequence", "long": {"evaluated_users": 29587, "history_length_max": 507, "history_length_mean": 17.607935917801736, "history_length_min": 11, "hit@10": 0.06374421198499342, "hit@5": 0.054179200324466825, "ndcg@10": 0.049942370669512265, "ndcg@5": 0.04686416483237662, "recall@10": 0.06374421198499342, "recall@5": 0.054179200324466825, "total_users": 29587}, "long_rule": "length > threshold", "short": {"evaluated_users": 154997, "history_length_max": 10, "history_length_mean": 6.255211391188216, "history_length_min": 3, "hit@10": 0.05986567481951264, "hit@5": 0.049581604805254295, "ndcg@10": 0.0455402651587243, "ndcg@5": 0.04223445628231071, "recall@10": 0.05986567481951264, "recall@5": 0.049581604805254295, "total_users": 154997}, "short_rule": "length <= threshold", "threshold": 10}, "short_agent_weight": 0.8386887221209679, "short_preference_state_cosine": 0.04151517520665332, "total_users": 184584, "users_per_second": 396.5291067052682}
2026-10-05 19:21:18,229 | INFO | TARGET_RESULT metric=recall@10 target=>0.150000 actual=0.060487 achieved=False
2026-10-05 19:21:18,737 | INFO | FINAL_LENGTH_SCORES dataset=amazon:Baby_Products group=short split=valid threshold=10 users=154997/154997 scores={"hit@10": 0.05006548513842203, "hit@5": 0.03759427601824551, "ndcg@10": 0.03331526957459521, "ndcg@5": 0.029313519525088386, "recall@10": 0.05006548513842203, "recall@5": 0.03759427601824551}
2026-10-05 19:21:18,738 | INFO | FINAL_LENGTH_SCORES dataset=amazon:Baby_Products group=short split=test threshold=10 users=154997/154997 scores={"hit@10": 0.05986567481951264, "hit@5": 0.049581604805254295, "ndcg@10": 0.0455402651587243, "ndcg@5": 0.04223445628231071, "recall@10": 0.05986567481951264, "recall@5": 0.049581604805254295}
2026-10-05 19:21:18,738 | INFO | short_scores=/workspace/P78123011/MediaTek_2026_project/ver5/outputs_mamba_rl/amazons_long_short_S1_P1_G1_C1_SW1/Baby_Products/rl_20261005_140915_r1_1402715/short_scores.json
2026-10-05 19:21:18,738 | INFO | FINAL_LENGTH_SCORES dataset=amazon:Baby_Products group=long split=valid threshold=10 users=29587/29587 scores={"hit@10": 0.049278399296988545, "hit@5": 0.03677290701997499, "ndcg@10": 0.032501708991842224, "ndcg@5": 0.02848584306829831, "recall@10": 0.049278399296988545, "recall@5": 0.03677290701997499}
2026-10-05 19:21:18,738 | INFO | FINAL_LENGTH_SCORES dataset=amazon:Baby_Products group=long split=test threshold=10 users=29587/29587 scores={"hit@10": 0.06374421198499342, "hit@5": 0.054179200324466825, "ndcg@10": 0.049942370669512265, "ndcg@5": 0.04686416483237662, "recall@10": 0.06374421198499342, "recall@5": 0.054179200324466825}
2026-10-05 19:21:18,738 | INFO | long_scores=/workspace/P78123011/MediaTek_2026_project/ver5/outputs_mamba_rl/amazons_long_short_S1_P1_G1_C1_SW1/Baby_Products/rl_20261005_140915_r1_1402715/long_scores.json
2026-10-05 19:21:18,739 | INFO | scores=/workspace/P78123011/MediaTek_2026_project/ver5/outputs_mamba_rl/amazons_long_short_S1_P1_G1_C1_SW1/Baby_Products/rl_20261005_140915_r1_1402715/Baby_Products_scores.json
2026-10-05 19:21:18,739 | INFO | outputs=/workspace/P78123011/MediaTek_2026_project/ver5/outputs_mamba_rl/amazons_long_short_S1_P1_G1_C1_SW1/Baby_Products/rl_20261005_140915_r1_1402715
