2026-09-09 18:13:23,264 | INFO | EXPERIMENT_CONFIG {"batch_size": 256, "branch_factor": 0, "cache_dir": "/workspace/P78123011/cache", "d_model": 96, "data_path": null, "dataset": "amazon-sports-and-outdoors", "device": "cuda", "din_batch_size": 128, "din_negatives": 60, "din_steps": 10000, "eval_batch_size": 50, "eval_every_steps": 300, "eval_user_limit": 0, "kmeans_iters": 100, "log_every_steps": 100, "max_events": null, "max_train_samples": 0, "maxlen": 19, "min_history": 4, "min_rating": 4.0, "monitor_metric": "ndcg@10", "num_heads": 4, "output_dir": "/workspace/P78123011/MediaTek_2026_project/Reproduce/EAGER/outputs/Sports_and_Outdoors/eager_20260909_181320_r1", "predict_candidates": 50, "seed": 2024, "semantic_backend": "t5", "semantic_batch_size": 32, "semantic_max_tokens": 64, "semantic_model_id": "google-t5/t5-base", "train_steps": 20000, "tree_workers": 1, "use_contrastive": false, "use_guide": false}
2026-09-09 18:13:24,501 | INFO | INTERACTION_CACHE hit path=/workspace/P78123011/cache/mamba_multi_agent_data/amazon-sports-and-outdoors_fcc157f72b81.pkl
2026-09-09 18:13:30,446 | INFO | DIN step=100 loss=13.505773
2026-09-09 18:13:31,605 | INFO | DIN step=200 loss=12.856220
2026-09-09 18:13:32,773 | INFO | DIN step=300 loss=12.589635
2026-09-09 18:13:33,935 | INFO | DIN step=400 loss=12.494661
2026-09-09 18:13:35,098 | INFO | DIN step=500 loss=12.430346
2026-09-09 18:13:36,256 | INFO | DIN step=600 loss=12.346533
2026-09-09 18:13:37,422 | INFO | DIN step=700 loss=12.322890
2026-09-09 18:13:38,579 | INFO | DIN step=800 loss=12.285569
2026-09-09 18:13:39,738 | INFO | DIN step=900 loss=12.201260
2026-09-09 18:13:40,883 | INFO | DIN step=1000 loss=12.165587
2026-09-09 18:13:42,021 | INFO | DIN step=1100 loss=12.109262
2026-09-09 18:13:43,157 | INFO | DIN step=1200 loss=12.060125
2026-09-09 18:13:44,295 | INFO | DIN step=1300 loss=11.982942
2026-09-09 18:13:45,433 | INFO | DIN step=1400 loss=11.971642
2026-09-09 18:13:46,571 | INFO | DIN step=1500 loss=11.903250
2026-09-09 18:13:47,710 | INFO | DIN step=1600 loss=11.925267
2026-09-09 18:13:48,855 | INFO | DIN step=1700 loss=11.880334
2026-09-09 18:13:49,994 | INFO | DIN step=1800 loss=11.848249
2026-09-09 18:13:51,132 | INFO | DIN step=1900 loss=11.834985
2026-09-09 18:13:52,275 | INFO | DIN step=2000 loss=11.817550
2026-09-09 18:13:53,419 | INFO | DIN step=2100 loss=11.808581
2026-09-09 18:13:54,559 | INFO | DIN step=2200 loss=11.755721
2026-09-09 18:13:55,697 | INFO | DIN step=2300 loss=11.746954
2026-09-09 18:13:56,834 | INFO | DIN step=2400 loss=11.696632
2026-09-09 18:13:57,972 | INFO | DIN step=2500 loss=11.688398
2026-09-09 18:13:59,111 | INFO | DIN step=2600 loss=11.695573
2026-09-09 18:14:00,248 | INFO | DIN step=2700 loss=11.683472
2026-09-09 18:14:01,388 | INFO | DIN step=2800 loss=11.617734
2026-09-09 18:14:02,527 | INFO | DIN step=2900 loss=11.609353
2026-09-09 18:14:03,666 | INFO | DIN step=3000 loss=11.622525
2026-09-09 18:14:04,806 | INFO | DIN step=3100 loss=11.617180
2026-09-09 18:14:05,949 | INFO | DIN step=3200 loss=11.607627
2026-09-09 18:14:07,097 | INFO | DIN step=3300 loss=11.589566
2026-09-09 18:14:08,240 | INFO | DIN step=3400 loss=11.563269
2026-09-09 18:14:09,379 | INFO | DIN step=3500 loss=11.534979
2026-09-09 18:14:10,514 | INFO | DIN step=3600 loss=11.563043
2026-09-09 18:14:11,675 | INFO | DIN step=3700 loss=11.515962
2026-09-09 18:14:12,840 | INFO | DIN step=3800 loss=11.472992
2026-09-09 18:14:14,000 | INFO | DIN step=3900 loss=11.473269
2026-09-09 18:14:15,158 | INFO | DIN step=4000 loss=11.484308
2026-09-09 18:14:16,300 | INFO | DIN step=4100 loss=11.490296
2026-09-09 18:14:17,442 | INFO | DIN step=4200 loss=11.486362
2026-09-09 18:14:18,580 | INFO | DIN step=4300 loss=11.457583
2026-09-09 18:14:19,721 | INFO | DIN step=4400 loss=11.464049
2026-09-09 18:14:20,865 | INFO | DIN step=4500 loss=11.429865
2026-09-09 18:14:22,003 | INFO | DIN step=4600 loss=11.453204
2026-09-09 18:14:23,143 | INFO | DIN step=4700 loss=11.450062
2026-09-09 18:14:24,285 | INFO | DIN step=4800 loss=11.425430
2026-09-09 18:14:25,428 | INFO | DIN step=4900 loss=11.393262
2026-09-09 18:14:26,567 | INFO | DIN step=5000 loss=11.380547
2026-09-09 18:14:27,706 | INFO | DIN step=5100 loss=11.361770
2026-09-09 18:14:28,848 | INFO | DIN step=5200 loss=11.331243
2026-09-09 18:14:29,986 | INFO | DIN step=5300 loss=11.328578
2026-09-09 18:14:31,127 | INFO | DIN step=5400 loss=11.340953
2026-09-09 18:14:32,264 | INFO | DIN step=5500 loss=11.354828
2026-09-09 18:14:33,406 | INFO | DIN step=5600 loss=11.320132
2026-09-09 18:14:34,543 | INFO | DIN step=5700 loss=11.321829
2026-09-09 18:14:35,684 | INFO | DIN step=5800 loss=11.318848
2026-09-09 18:14:36,824 | INFO | DIN step=5900 loss=11.273357
2026-09-09 18:14:37,967 | INFO | DIN step=6000 loss=11.276812
2026-09-09 18:14:39,103 | INFO | DIN step=6100 loss=11.241136
2026-09-09 18:14:40,241 | INFO | DIN step=6200 loss=11.257850
2026-09-09 18:14:41,381 | INFO | DIN step=6300 loss=11.288231
2026-09-09 18:14:42,528 | INFO | DIN step=6400 loss=11.195984
2026-09-09 18:14:43,669 | INFO | DIN step=6500 loss=11.241550
2026-09-09 18:14:44,835 | INFO | DIN step=6600 loss=11.165210
2026-09-09 18:14:45,991 | INFO | DIN step=6700 loss=11.191877
2026-09-09 18:14:47,149 | INFO | DIN step=6800 loss=11.196063
2026-09-09 18:14:48,302 | INFO | DIN step=6900 loss=11.202535
2026-09-09 18:14:49,440 | INFO | DIN step=7000 loss=11.176880
2026-09-09 18:14:50,576 | INFO | DIN step=7100 loss=11.175300
2026-09-09 18:14:51,718 | INFO | DIN step=7200 loss=11.190077
2026-09-09 18:14:52,862 | INFO | DIN step=7300 loss=11.076546
2026-09-09 18:14:54,002 | INFO | DIN step=7400 loss=11.096209
2026-09-09 18:14:55,145 | INFO | DIN step=7500 loss=11.131687
2026-09-09 18:14:56,286 | INFO | DIN step=7600 loss=11.107561
2026-09-09 18:14:57,444 | INFO | DIN step=7700 loss=11.093970
2026-09-09 18:14:58,590 | INFO | DIN step=7800 loss=11.020950
2026-09-09 18:14:59,735 | INFO | DIN step=7900 loss=11.076134
2026-09-09 18:15:00,873 | INFO | DIN step=8000 loss=11.014534
2026-09-09 18:15:02,012 | INFO | DIN step=8100 loss=11.025736
2026-09-09 18:15:03,154 | INFO | DIN step=8200 loss=10.996849
2026-09-09 18:15:04,294 | INFO | DIN step=8300 loss=11.019314
2026-09-09 18:15:05,437 | INFO | DIN step=8400 loss=10.977663
2026-09-09 18:15:06,578 | INFO | DIN step=8500 loss=10.968003
2026-09-09 18:15:07,718 | INFO | DIN step=8600 loss=11.017275
2026-09-09 18:15:08,860 | INFO | DIN step=8700 loss=10.900797
2026-09-09 18:15:10,000 | INFO | DIN step=8800 loss=10.958802
2026-09-09 18:15:11,143 | INFO | DIN step=8900 loss=10.982371
2026-09-09 18:15:12,283 | INFO | DIN step=9000 loss=10.902006
2026-09-09 18:15:13,422 | INFO | DIN step=9100 loss=10.944771
2026-09-09 18:15:14,577 | INFO | DIN step=9200 loss=10.912762
2026-09-09 18:15:15,731 | INFO | DIN step=9300 loss=10.903829
2026-09-09 18:15:16,953 | INFO | DIN step=9400 loss=10.877635
2026-09-09 18:15:18,133 | INFO | DIN step=9500 loss=10.895775
2026-09-09 18:15:19,279 | INFO | DIN step=9600 loss=10.858393
2026-09-09 18:15:20,429 | INFO | DIN step=9700 loss=10.818873
2026-09-09 18:15:21,597 | INFO | DIN step=9800 loss=10.835792
2026-09-09 18:15:22,840 | INFO | DIN step=9900 loss=10.848922
2026-09-09 18:15:24,069 | INFO | DIN step=10000 loss=10.851098
2026-09-09 18:15:24,216 | INFO | DIN_CACHE saved path=/workspace/P78123011/cache/eager/amazon-sports-and-outdoors/din_steps10000_seed2024.pt
2026-09-09 18:16:16,970 | INFO | TRAIN step=100 loss=12.880355 lr=5.0095e-05
2026-09-09 18:17:03,924 | INFO | TRAIN step=200 loss=12.609175 lr=0.00010009
2026-09-09 18:17:50,742 | INFO | TRAIN step=300 loss=12.297864 lr=0.000150085
