2026-09-10 21:30:08,497 | INFO | run_id=20260910_213008 dataset=amazon-sports-and-outdoors device=cuda:0
2026-09-10 21:30:08,497 | INFO | MODEL recommender=MultiAgentMambaRecommender semantic_encoder=MambaTextEncoder semantic_model_id=state-spaces/mamba-130m-hf graph_backbone=LightGCN adaptation=multi_lora
2026-09-10 21:30:08,497 | INFO | ABLATION USE_LONG=1 USE_SHORT=0 USE_PREFERENCE=0 USE_GCN=1
2026-09-10 21:30:08,497 | INFO | AGENT_HISTORY mode=full_history effective_max_history=100
2026-09-10 21:30:08,497 | INFO | EXPERIMENT_NOTE amazons_long_short subset=Sports_and_Outdoors; short filtered-full-sequence <= 10; long > 10; same model and full catalog
2026-09-10 21:30:08,497 | INFO | EXPERIMENT_CONFIG {"agent_diversity_coef": 0.02, "batch_size": 128, "cache_dir": "/workspace/P78123011/cache", "candidates": 256, "coordinator_epochs": 3, "coordinator_lr": 0.0001, "data_path": null, "dataset": "amazon-sports-and-outdoors", "device": "cuda:0", "dim": 128, "early_stopping_patience": 6, "enable_lora": 1, "eval_batch_size": 64, "eval_length_basis": "filtered_full_sequence", "eval_length_threshold": 10, "experiment_note": "amazons_long_short subset=Sports_and_Outdoors; short filtered-full-sequence <= 10; long > 10; same model and full catalog", "full_catalog_supervised": false, "future_decay": 0.5, "future_horizon": 3, "generate_reasons": false, "graph_device": "cuda:0", "hard_negative_fraction": 0.75, "hard_negative_pool_multiplier": 12, "hard_negative_warmup_epochs": 2, "item_prompt_prefix": "Preference-aware product representation: ", "item_vector_artifact": null, "joint_epochs": 7, "joint_lr": 5e-05, "lora_alpha": 32.0, "lora_dropout": 0.05, "lora_rank": 16, "lr_patience": 2, "mamba_encode_batch_size": 32, "mamba_max_tokens": 32, "mamba_model_id": "state-spaces/mamba-130m-hf", "max_events": null, "max_history": 100, "max_transitions": 1000000, "min_rating": 4.0, "monitor_metric": "ndcg@10", "output_dir": "/workspace/P78123011/MediaTek_2026_project/ver4/outputs_mamba_rl/amazons_lora", "output_run_dir": "/workspace/P78123011/MediaTek_2026_project/ver4/outputs_mamba_rl/amazons_long_short_L1_S0_P0_G1/Sports_and_Outdoors/rl_20260910_213007_r1_320995", "periodic_test_user_limit": 0, "popularity_alpha": 0.35, "preference_balance_coef": 0.01, "preference_coef": 0.2, "preference_contrastive_coef": 0.05, "preference_count": 32, "preference_hidden": 128, "preference_score_weight": 0.2, "preference_separation_coef": 0.01, "preference_sharpness_coef": 0.05, "preference_temperature": 0.2, "preference_transition_coef": 0.1, "reason_count": 20, "reason_max_new_tokens": 40, "refresh_data_cache": false, "resume_checkpoint": null, "save_model_weights": false, "score_file": "/workspace/P78123011/MediaTek_2026_project/ver4/outputs_mamba_rl/amazons_long_short_L1_S0_P0_G1/Sports_and_Outdoors/rl_20260910_213007_r1_320995/Sports_and_Outdoors_scores.json", "seed": 25252, "short_window": 10, "skip_mamba": false, "specialist_epochs": 3, "specialist_lr": 0.0001, "target_recall_at_10": 0.15, "transition_beta": 0.5, "use_graph_embeddings": true, "use_in_batch_negatives": true, "use_long": 1, "use_preference": 0, "use_short": 0, "validate_every_steps": 8000, "validation_user_limit": 0}
2026-09-10 21:30:09,548 | INFO | INTERACTION_CACHE hit path=/workspace/P78123011/cache/mamba_multi_agent_data/amazon-sports-and-outdoors_fcc157f72b81.pkl
2026-09-10 21:30:09,554 | INFO | LENGTH_SPLIT preprocessing=original_one_pass_user_item_min_5 basis=filtered_full_sequence short<=10 long>10
2026-09-10 21:30:09,565 | INFO | users=631803 items=401572 train_interactions=3678023
2026-09-10 21:30:22,127 | INFO | CATALOG_PRIORS popularity_alpha=0.350000 transition_beta=0.500000 source=train_histories_only enabled=True
2026-09-10 21:30:24,530 | INFO | ITEM_VECTOR_ARTIFACT path=/workspace/P78123011/cache/mamba_multi_agent/amazon-sports-and-outdoors_401572_909fc18038f4_prompt_tok32.pt fingerprint=909fc18038f4
2026-09-10 21:30:24,530 | INFO | SEMANTIC_BACKBONE model_id=state-spaces/mamba-130m-hf hidden_size=768 frozen=True usage=shared_cached_item_vectors
2026-09-10 21:30:25,851 | INFO | GRAPH_EMBEDDINGS enabled=True source=train_histories_only main_device=cuda:0 graph_device=cuda:0
2026-09-10 21:30:27,067 | INFO | ADAPTATION_MODE mode=multi_lora enable_lora=1
2026-09-10 21:30:27,067 | INFO | ADAPTER_ROUTES {'long': ('candidate_lora', 'delta_lora', 'gate_lora', 'output_lora')}
2026-09-10 21:30:27,067 | INFO | agent_parameters={'long': 16513, 'short': 16513, 'preference': 78786, 'coordinator': 0, 'shared_projection': 98304, 'graph': 132272000}
2026-09-10 21:30:27,067 | INFO | PREDICTION_PATH graph_only=False active_agents=1 coordinator=False
2026-09-10 21:30:31,146 | INFO | training_transitions=1000000
2026-09-10 21:30:31,146 | INFO | schedule specialist_epochs=3 coordinator_epochs=3 joint_ranking_epochs=7 validate_every_steps=8000 validation_users=0 periodic_test_users=0 monitor=ndcg@10 early_stopping_patience=6
2026-09-10 21:30:32,110 | INFO | TRAINING_BRANCHES stage=specialists long=True short=False preference=False gcn=True preference_auxiliary=False preference_contrastive=False diversity_pairs=0 trainable_parameters=132386817
2026-09-10 21:58:01,974 | INFO | 
========== PERIODIC VALIDATION ==========
stage=specialists | epoch=1 | step=7813 | users=625563/625563
NDCG  | @5 0.017773 | @10 0.020527
Recall| @5 0.023894 | @10 0.032454
Hit   | @5 0.023894 | @10 0.032454
================================
2026-09-10 21:58:01,974 | INFO | PERIODIC VALIDATION SEQUENCE_LENGTH {"basis": "filtered_full_sequence", "long": {"evaluated_users": 97306, "history_length_max": 767, "history_length_mean": 18.187100487123097, "history_length_min": 11, "hit@10": 0.027398104947279716, "hit@5": 0.019114956939962593, "ndcg@10": 0.016384976405333464, "ndcg@5": 0.013721516395593386, "recall@10": 0.027398104947279716, "recall@5": 0.019114956939962593, "total_users": 97306}, "long_rule": "length > threshold", "short": {"evaluated_users": 528257, "history_length_max": 10, "history_length_mean": 5.959404229380775, "history_length_min": 3, "hit@10": 0.03338526512663344, "hit@5": 0.024773926327526185, "ndcg@10": 0.021290023425967152, "ndcg@5": 0.018519605609972446, "recall@10": 0.03338526512663344, "recall@5": 0.024773926327526185, "total_users": 528257}, "short_rule": "length <= threshold", "threshold": 10}
2026-09-10 22:00:50,138 | INFO | 
========== PERIODIC TEST ==========
stage=specialists | epoch=1 | step=7813 | users=625563/625563
NDCG  | @5 0.018106 | @10 0.020615
Recall| @5 0.024036 | @10 0.031832
Hit   | @5 0.024036 | @10 0.031832
================================
2026-09-10 22:00:50,138 | INFO | PERIODIC TEST SEQUENCE_LENGTH {"basis": "filtered_full_sequence", "long": {"evaluated_users": 97306, "history_length_max": 767, "history_length_mean": 18.187100487123097, "history_length_min": 11, "hit@10": 0.027367274371570098, "hit@5": 0.019957659342692127, "ndcg@10": 0.0169171672494523, "ndcg@5": 0.01453266869497761, "recall@10": 0.027367274371570098, "recall@5": 0.019957659342692127, "total_users": 97306}, "long_rule": "length > threshold", "short": {"evaluated_users": 528257, "history_length_max": 10, "history_length_mean": 5.959404229380775, "history_length_min": 3, "hit@10": 0.0326545601856672, "hit@5": 0.024787177453398628, "ndcg@10": 0.021295753405834825, "ndcg@5": 0.01876454526363156, "recall@10": 0.0326545601856672, "recall@5": 0.024787177453398628, "total_users": 528257}, "short_rule": "length <= threshold", "threshold": 10}
2026-09-10 22:00:50,139 | INFO | VALID_STEP step=7813 stage=specialists epoch=1 ndcg@10=0.020527 recall@10=0.032454 improved=True
2026-09-10 22:00:50,390 | INFO | BEST_MODEL_IN_MEMORY step=7813 stage=specialists ndcg@10=0.020527
2026-09-10 22:00:50,390 | INFO | stage=specialists epoch=1 loss=5.236338 steps=7813 transitions/s=676.34
2026-09-10 22:28:25,545 | INFO | 
========== PERIODIC VALIDATION ==========
stage=specialists | epoch=2 | step=15626 | users=625563/625563
NDCG  | @5 0.024441 | @10 0.027558
Recall| @5 0.031341 | @10 0.041027
Hit   | @5 0.031341 | @10 0.041027
================================
2026-09-10 22:28:25,545 | INFO | PERIODIC VALIDATION SEQUENCE_LENGTH {"basis": "filtered_full_sequence", "long": {"evaluated_users": 97306, "history_length_max": 767, "history_length_mean": 18.187100487123097, "history_length_min": 11, "hit@10": 0.03386224898772943, "hit@5": 0.025065258051918688, "ndcg@10": 0.02165320146197692, "ndcg@5": 0.01882851695803003, "recall@10": 0.03386224898772943, "recall@5": 0.025065258051918688, "total_users": 97306}, "long_rule": "length > threshold", "short": {"evaluated_users": 528257, "history_length_max": 10, "history_length_mean": 5.959404229380775, "history_length_min": 3, "hit@10": 0.04234681225236959, "hit@5": 0.03249743969317965, "ndcg@10": 0.028645233522449888, "ndcg@5": 0.025475108178822342, "recall@10": 0.04234681225236959, "recall@5": 0.03249743969317965, "total_users": 528257}, "short_rule": "length <= threshold", "threshold": 10}
2026-09-10 22:31:14,860 | INFO | 
========== PERIODIC TEST ==========
stage=specialists | epoch=2 | step=15626 | users=625563/625563
NDCG  | @5 0.025234 | @10 0.028003
Recall| @5 0.031834 | @10 0.040439
Hit   | @5 0.031834 | @10 0.040439
================================
2026-09-10 22:31:14,861 | INFO | PERIODIC TEST SEQUENCE_LENGTH {"basis": "filtered_full_sequence", "long": {"evaluated_users": 97306, "history_length_max": 767, "history_length_mean": 18.187100487123097, "history_length_min": 11, "hit@10": 0.032402935070807555, "hit@5": 0.02458224569913469, "ndcg@10": 0.021404833601929345, "ndcg@5": 0.01888040579862314, "recall@10": 0.032402935070807555, "recall@5": 0.02458224569913469, "total_users": 97306}, "long_rule": "length > threshold", "short": {"evaluated_users": 528257, "history_length_max": 10, "history_length_mean": 5.959404229380775, "history_length_min": 3, "hit@10": 0.0419189901884878, "hit@5": 0.03316946107671077, "ndcg@10": 0.029218421129148686, "ndcg@5": 0.02640475250694585, "recall@10": 0.0419189901884878, "recall@5": 0.03316946107671077, "total_users": 528257}, "short_rule": "length <= threshold", "threshold": 10}
2026-09-10 22:31:14,861 | INFO | VALID_STEP step=15626 stage=specialists epoch=2 ndcg@10=0.027558 recall@10=0.041027 improved=True
2026-09-10 22:31:15,139 | INFO | BEST_MODEL_IN_MEMORY step=15626 stage=specialists ndcg@10=0.027558
2026-09-10 22:31:15,140 | INFO | stage=specialists epoch=2 loss=4.960281 steps=7813 transitions/s=674.32
2026-09-10 22:58:49,106 | INFO | 
========== PERIODIC VALIDATION ==========
stage=specialists | epoch=3 | step=23439 | users=625563/625563
NDCG  | @5 0.023676 | @10 0.026537
Recall| @5 0.029922 | @10 0.038818
Hit   | @5 0.029922 | @10 0.038818
================================
2026-09-10 22:58:49,106 | INFO | PERIODIC VALIDATION SEQUENCE_LENGTH {"basis": "filtered_full_sequence", "long": {"evaluated_users": 97306, "history_length_max": 767, "history_length_mean": 18.187100487123097, "history_length_min": 11, "hit@10": 0.033821141553449945, "hit@5": 0.025229687789036646, "ndcg@10": 0.022367256217937753, "ndcg@5": 0.01959489624719879, "recall@10": 0.033821141553449945, "recall@5": 0.025229687789036646, "total_users": 97306}, "long_rule": "length > threshold", "short": {"evaluated_users": 528257, "history_length_max": 10, "history_length_mean": 5.959404229380775, "history_length_min": 3, "hit@10": 0.03973823347347977, "hit@5": 0.030786151437652506, "ndcg@10": 0.027304674421710955, "ndcg@5": 0.02442726457276049, "recall@10": 0.03973823347347977, "recall@5": 0.030786151437652506, "total_users": 528257}, "short_rule": "length <= threshold", "threshold": 10}
2026-09-10 23:01:38,284 | INFO | 
========== PERIODIC TEST ==========
stage=specialists | epoch=3 | step=23439 | users=625563/625563
NDCG  | @5 0.024987 | @10 0.027552
Recall| @5 0.030854 | @10 0.038832
Hit   | @5 0.030854 | @10 0.038832
================================
2026-09-10 23:01:38,285 | INFO | PERIODIC TEST SEQUENCE_LENGTH {"basis": "filtered_full_sequence", "long": {"evaluated_users": 97306, "history_length_max": 767, "history_length_mean": 18.187100487123097, "history_length_min": 11, "hit@10": 0.030676422831069, "hit@5": 0.023945080467802603, "ndcg@10": 0.020786428369124456, "ndcg@5": 0.018624861921057764, "recall@10": 0.030676422831069, "recall@5": 0.023945080467802603, "total_users": 97306}, "long_rule": "length > threshold", "short": {"evaluated_users": 528257, "history_length_max": 10, "history_length_mean": 5.959404229380775, "history_length_min": 3, "hit@10": 0.040334534137739776, "hit@5": 0.032126408168751196, "ndcg@10": 0.02879788363892723, "ndcg@5": 0.026158661539151563, "recall@10": 0.040334534137739776, "recall@5": 0.032126408168751196, "total_users": 528257}, "short_rule": "length <= threshold", "threshold": 10}
2026-09-10 23:01:38,285 | INFO | VALID_STEP step=23439 stage=specialists epoch=3 ndcg@10=0.026537 recall@10=0.038818 improved=False
2026-09-10 23:01:38,286 | INFO | stage=specialists epoch=3 loss=4.268622 steps=7813 transitions/s=675.31
2026-09-10 23:01:38,537 | INFO | SKIP_STAGE stage=coordinator epochs=3 use_coordinator=False
2026-09-10 23:01:38,537 | INFO | TRAINING_BRANCHES stage=joint long=True short=False preference=False gcn=True preference_auxiliary=False preference_contrastive=False diversity_pairs=0 trainable_parameters=132386817
2026-09-10 23:29:12,716 | INFO | 
========== PERIODIC VALIDATION ==========
stage=joint | epoch=1 | step=31252 | users=625563/625563
NDCG  | @5 0.022028 | @10 0.024461
Recall| @5 0.027506 | @10 0.035069
Hit   | @5 0.027506 | @10 0.035069
================================
2026-09-10 23:29:12,716 | INFO | PERIODIC VALIDATION SEQUENCE_LENGTH {"basis": "filtered_full_sequence", "long": {"evaluated_users": 97306, "history_length_max": 767, "history_length_mean": 18.187100487123097, "history_length_min": 11, "hit@10": 0.03126220376955172, "hit@5": 0.023924526750662856, "ndcg@10": 0.021456669943106778, "ndcg@5": 0.01909336109128054, "recall@10": 0.03126220376955172, "recall@5": 0.023924526750662856, "total_users": 97306}, "long_rule": "length > threshold", "short": {"evaluated_users": 528257, "history_length_max": 10, "history_length_mean": 5.959404229380775, "history_length_min": 3, "hit@10": 0.03577046778367348, "hit@5": 0.02816621455087202, "ndcg@10": 0.025014238083929104, "ndcg@5": 0.02256902094984627, "recall@10": 0.03577046778367348, "recall@5": 0.02816621455087202, "total_users": 528257}, "short_rule": "length <= threshold", "threshold": 10}
2026-09-10 23:32:02,223 | INFO | 
========== PERIODIC TEST ==========
stage=joint | epoch=1 | step=31252 | users=625563/625563
NDCG  | @5 0.023357 | @10 0.025504
Recall| @5 0.028283 | @10 0.034964
Hit   | @5 0.028283 | @10 0.034964
================================
2026-09-10 23:32:02,223 | INFO | PERIODIC TEST SEQUENCE_LENGTH {"basis": "filtered_full_sequence", "long": {"evaluated_users": 97306, "history_length_max": 767, "history_length_mean": 18.187100487123097, "history_length_min": 11, "hit@10": 0.029237662631286868, "hit@5": 0.02233161367233264, "ndcg@10": 0.020102292772502806, "ndcg@5": 0.01788803327932785, "recall@10": 0.029237662631286868, "recall@5": 0.02233161367233264, "total_users": 97306}, "long_rule": "length > threshold", "short": {"evaluated_users": 528257, "history_length_max": 10, "history_length_mean": 5.959404229380775, "history_length_min": 3, "hit@10": 0.03601845313928637, "hit@5": 0.029379639077191596, "ndcg@10": 0.026499290114939223, "ndcg@5": 0.024363830312074244, "recall@10": 0.03601845313928637, "recall@5": 0.029379639077191596, "total_users": 528257}, "short_rule": "length <= threshold", "threshold": 10}
2026-09-10 23:32:02,224 | INFO | VALID_STEP step=31252 stage=joint epoch=1 ndcg@10=0.024461 recall@10=0.035069 improved=False
2026-09-10 23:32:02,224 | INFO | LEARNING_RATE step=31252 stage=joint lr=5e-05
2026-09-10 23:32:02,224 | INFO | stage=joint epoch=1 loss=3.361892 steps=7813 transitions/s=674.64
2026-09-10 23:59:37,061 | INFO | 
========== PERIODIC VALIDATION ==========
stage=joint | epoch=2 | step=39065 | users=625563/625563
NDCG  | @5 0.020412 | @10 0.022615
Recall| @5 0.025185 | @10 0.032034
Hit   | @5 0.025185 | @10 0.032034
================================
2026-09-10 23:59:37,061 | INFO | PERIODIC VALIDATION SEQUENCE_LENGTH {"basis": "filtered_full_sequence", "long": {"evaluated_users": 97306, "history_length_max": 767, "history_length_mean": 18.187100487123097, "history_length_min": 11, "hit@10": 0.029299323782706103, "hit@5": 0.02240355168232175, "ndcg@10": 0.020256208805017616, "ndcg@5": 0.01805122565648994, "recall@10": 0.029299323782706103, "recall@5": 0.02240355168232175, "total_users": 97306}, "long_rule": "length > threshold", "short": {"evaluated_users": 528257, "history_length_max": 10, "history_length_mean": 5.959404229380775, "history_length_min": 3, "hit@10": 0.03253719307079698, "hit@5": 0.025697719102633756, "ndcg@10": 0.02304891100333768, "ndcg@5": 0.020847329096608015, "recall@10": 0.03253719307079698, "recall@5": 0.025697719102633756, "total_users": 528257}, "short_rule": "length <= threshold", "threshold": 10}
2026-09-11 00:02:26,294 | INFO | 
========== PERIODIC TEST ==========
stage=joint | epoch=2 | step=39065 | users=625563/625563
NDCG  | @5 0.022390 | @10 0.024264
Recall| @5 0.026666 | @10 0.032497
Hit   | @5 0.026666 | @10 0.032497
================================
2026-09-11 00:02:26,295 | INFO | PERIODIC TEST SEQUENCE_LENGTH {"basis": "filtered_full_sequence", "long": {"evaluated_users": 97306, "history_length_max": 767, "history_length_mean": 18.187100487123097, "history_length_min": 11, "hit@10": 0.027521427250118184, "hit@5": 0.021345035249624895, "ndcg@10": 0.019529271891135656, "ndcg@5": 0.017553170718214946, "recall@10": 0.027521427250118184, "recall@5": 0.021345035249624895, "total_users": 97306}, "long_rule": "length > threshold", "short": {"evaluated_users": 528257, "history_length_max": 10, "history_length_mean": 5.959404229380775, "history_length_min": 3, "hit@10": 0.0334136603963601, "hit@5": 0.02764563460588312, "ndcg@10": 0.02513584808543306, "ndcg@5": 0.023281176490547076, "recall@10": 0.0334136603963601, "recall@5": 0.02764563460588312, "total_users": 528257}, "short_rule": "length <= threshold", "threshold": 10}
2026-09-11 00:02:26,295 | INFO | VALID_STEP step=39065 stage=joint epoch=2 ndcg@10=0.022615 recall@10=0.032034 improved=False
2026-09-11 00:02:26,295 | INFO | LEARNING_RATE step=39065 stage=joint lr=5e-05
2026-09-11 00:02:26,296 | INFO | stage=joint epoch=2 loss=3.165126 steps=7813 transitions/s=674.96
2026-09-11 00:29:58,392 | INFO | 
========== PERIODIC VALIDATION ==========
stage=joint | epoch=3 | step=46878 | users=625563/625563
NDCG  | @5 0.020211 | @10 0.022307
Recall| @5 0.024800 | @10 0.031316
Hit   | @5 0.024800 | @10 0.031316
================================
2026-09-11 00:29:58,392 | INFO | PERIODIC VALIDATION SEQUENCE_LENGTH {"basis": "filtered_full_sequence", "long": {"evaluated_users": 97306, "history_length_max": 767, "history_length_mean": 18.187100487123097, "history_length_min": 11, "hit@10": 0.028836865147061845, "hit@5": 0.02258853513657945, "ndcg@10": 0.020307263318458408, "ndcg@5": 0.018296683599797532, "recall@10": 0.028836865147061845, "recall@5": 0.02258853513657945, "total_users": 97306}, "long_rule": "length > threshold", "short": {"evaluated_users": 528257, "history_length_max": 10, "history_length_mean": 5.959404229380775, "history_length_min": 3, "hit@10": 0.03177241380615874, "hit@5": 0.025207427445353304, "ndcg@10": 0.022675011606913723, "ndcg@5": 0.020563628936236897, "recall@10": 0.03177241380615874, "recall@5": 0.025207427445353304, "total_users": 528257}, "short_rule": "length <= threshold", "threshold": 10}
2026-09-11 00:32:47,146 | INFO | 
========== PERIODIC TEST ==========
stage=joint | epoch=3 | step=46878 | users=625563/625563
NDCG  | @5 0.022062 | @10 0.023861
Recall| @5 0.026109 | @10 0.031711
Hit   | @5 0.026109 | @10 0.031711
================================
2026-09-11 00:32:47,146 | INFO | PERIODIC TEST SEQUENCE_LENGTH {"basis": "filtered_full_sequence", "long": {"evaluated_users": 97306, "history_length_max": 767, "history_length_mean": 18.187100487123097, "history_length_min": 11, "hit@10": 0.026945923170205333, "hit@5": 0.021180605512506938, "ndcg@10": 0.01931173919989173, "ndcg@5": 0.017464865988744076, "recall@10": 0.026945923170205333, "recall@5": 0.021180605512506938, "total_users": 97306}, "long_rule": "length > threshold", "short": {"evaluated_users": 528257, "history_length_max": 10, "history_length_mean": 5.959404229380775, "history_length_min": 3, "hit@10": 0.03258830455630498, "hit@5": 0.02701715263593289, "ndcg@10": 0.02469841008722358, "ndcg@5": 0.022908363377693683, "recall@10": 0.03258830455630498, "recall@5": 0.02701715263593289, "total_users": 528257}, "short_rule": "length <= threshold", "threshold": 10}
2026-09-11 00:32:47,147 | INFO | VALID_STEP step=46878 stage=joint epoch=3 ndcg@10=0.022307 recall@10=0.031316 improved=False
2026-09-11 00:32:47,147 | INFO | LEARNING_RATE step=46878 stage=joint lr=5e-05
2026-09-11 00:32:47,147 | INFO | stage=joint epoch=3 loss=2.969893 steps=7813 transitions/s=675.72
2026-09-11 01:00:22,914 | INFO | 
========== PERIODIC VALIDATION ==========
stage=joint | epoch=4 | step=54691 | users=625563/625563
NDCG  | @5 0.019957 | @10 0.022003
Recall| @5 0.024421 | @10 0.030782
Hit   | @5 0.024421 | @10 0.030782
================================
2026-09-11 01:00:22,914 | INFO | PERIODIC VALIDATION SEQUENCE_LENGTH {"basis": "filtered_full_sequence", "long": {"evaluated_users": 97306, "history_length_max": 767, "history_length_mean": 18.187100487123097, "history_length_min": 11, "hit@10": 0.028302468501428483, "hit@5": 0.022393274823751877, "ndcg@10": 0.02016784784479917, "ndcg@5": 0.018267295379773115, "recall@10": 0.028302468501428483, "recall@5": 0.022393274823751877, "total_users": 97306}, "long_rule": "length > threshold", "short": {"evaluated_users": 528257, "history_length_max": 10, "history_length_mean": 5.959404229380775, "history_length_min": 3, "hit@10": 0.031238582735297404, "hit@5": 0.024794749525325743, "ndcg@10": 0.02234083097768214, "ndcg@5": 0.020268183372370227, "recall@10": 0.031238582735297404, "recall@5": 0.024794749525325743, "total_users": 528257}, "short_rule": "length <= threshold", "threshold": 10}
2026-09-11 01:03:11,963 | INFO | 
========== PERIODIC TEST ==========
stage=joint | epoch=4 | step=54691 | users=625563/625563
NDCG  | @5 0.021998 | @10 0.023746
Recall| @5 0.025925 | @10 0.031381
Hit   | @5 0.025925 | @10 0.031381
================================
2026-09-11 01:03:11,963 | INFO | PERIODIC TEST SEQUENCE_LENGTH {"basis": "filtered_full_sequence", "long": {"evaluated_users": 97306, "history_length_max": 767, "history_length_mean": 18.187100487123097, "history_length_min": 11, "hit@10": 0.02649374139313095, "hit@5": 0.0212319898053563, "ndcg@10": 0.01927282040489433, "ndcg@5": 0.01758223425562285, "recall@10": 0.02649374139313095, "recall@5": 0.0212319898053563, "total_users": 97306}, "long_rule": "length > threshold", "short": {"evaluated_users": 528257, "history_length_max": 10, "history_length_mean": 5.959404229380775, "history_length_min": 3, "hit@10": 0.03228163564325698, "hit@5": 0.02678999047811955, "ndcg@10": 0.024570417718041745, "ndcg@5": 0.022810953964871167, "recall@10": 0.03228163564325698, "recall@5": 0.02678999047811955, "total_users": 528257}, "short_rule": "length <= threshold", "threshold": 10}
2026-09-11 01:03:11,964 | INFO | VALID_STEP step=54691 stage=joint epoch=4 ndcg@10=0.022003 recall@10=0.030782 improved=False
2026-09-11 01:03:11,964 | INFO | LEARNING_RATE step=54691 stage=joint lr=2.5e-05
2026-09-11 01:03:11,964 | INFO | stage=joint epoch=4 loss=2.878991 steps=7813 transitions/s=674.62
2026-09-11 01:30:43,325 | INFO | 
========== PERIODIC VALIDATION ==========
stage=joint | epoch=5 | step=62504 | users=625563/625563
NDCG  | @5 0.019959 | @10 0.021985
Recall| @5 0.024317 | @10 0.030611
Hit   | @5 0.024317 | @10 0.030611
================================
2026-09-11 01:30:43,325 | INFO | PERIODIC VALIDATION SEQUENCE_LENGTH {"basis": "filtered_full_sequence", "long": {"evaluated_users": 97306, "history_length_max": 767, "history_length_mean": 18.187100487123097, "history_length_min": 11, "hit@10": 0.02836412965284772, "hit@5": 0.021992477339526854, "ndcg@10": 0.02020619321375307, "ndcg@5": 0.018147640541375642, "recall@10": 0.02836412965284772, "recall@5": 0.021992477339526854, "total_users": 97306}, "long_rule": "length > threshold", "short": {"evaluated_users": 528257, "history_length_max": 10, "history_length_mean": 5.959404229380775, "history_length_min": 3, "hit@10": 0.03102467170335651, "hit@5": 0.024745531057799516, "ndcg@10": 0.022312650295377386, "ndcg@5": 0.020292844334667517, "recall@10": 0.03102467170335651, "recall@5": 0.024745531057799516, "total_users": 528257}, "short_rule": "length <= threshold", "threshold": 10}
2026-09-11 01:33:32,202 | INFO | 
========== PERIODIC TEST ==========
stage=joint | epoch=5 | step=62504 | users=625563/625563
NDCG  | @5 0.021897 | @10 0.023580
Recall| @5 0.025692 | @10 0.030918
Hit   | @5 0.025692 | @10 0.030918
================================
2026-09-11 01:33:32,202 | INFO | PERIODIC TEST SEQUENCE_LENGTH {"basis": "filtered_full_sequence", "long": {"evaluated_users": 97306, "history_length_max": 767, "history_length_mean": 18.187100487123097, "history_length_min": 11, "hit@10": 0.026308757938873245, "hit@5": 0.021416973259614003, "ndcg@10": 0.01936256105068044, "ndcg@5": 0.017792634611171917, "recall@10": 0.026308757938873245, "recall@5": 0.021416973259614003, "total_users": 97306}, "long_rule": "length > threshold", "short": {"evaluated_users": 528257, "history_length_max": 10, "history_length_mean": 5.959404229380775, "history_length_min": 3, "hit@10": 0.031766734752213414, "hit@5": 0.026479535529107992, "ndcg@10": 0.024356304524835004, "ndcg@5": 0.022653053416049448, "recall@10": 0.031766734752213414, "recall@5": 0.026479535529107992, "total_users": 528257}, "short_rule": "length <= threshold", "threshold": 10}
2026-09-11 01:33:32,203 | INFO | VALID_STEP step=62504 stage=joint epoch=5 ndcg@10=0.021985 recall@10=0.030611 improved=False
2026-09-11 01:33:32,203 | INFO | LEARNING_RATE step=62504 stage=joint lr=2.5e-05
2026-09-11 01:33:32,203 | INFO | stage=joint epoch=5 loss=2.724999 steps=7813 transitions/s=676.07
2026-09-11 02:01:07,402 | INFO | 
========== PERIODIC VALIDATION ==========
stage=joint | epoch=6 | step=70317 | users=625563/625563
NDCG  | @5 0.019832 | @10 0.021781
Recall| @5 0.024244 | @10 0.030317
Hit   | @5 0.024244 | @10 0.030317
================================
2026-09-11 02:01:07,402 | INFO | PERIODIC VALIDATION SEQUENCE_LENGTH {"basis": "filtered_full_sequence", "long": {"evaluated_users": 97306, "history_length_max": 767, "history_length_mean": 18.187100487123097, "history_length_min": 11, "hit@10": 0.028353852794277844, "hit@5": 0.022208291369494173, "ndcg@10": 0.020060816692867228, "ndcg@5": 0.018091530515181184, "recall@10": 0.028353852794277844, "recall@5": 0.022208291369494173, "total_users": 97306}, "long_rule": "length > threshold", "short": {"evaluated_users": 528257, "history_length_max": 10, "history_length_mean": 5.959404229380775, "history_length_min": 3, "hit@10": 0.03067824941269117, "hit@5": 0.024618698853020406, "ndcg@10": 0.022097401395502793, "ndcg@5": 0.02015296919164544, "recall@10": 0.03067824941269117, "recall@5": 0.024618698853020406, "total_users": 528257}, "short_rule": "length <= threshold", "threshold": 10}
2026-09-11 02:03:55,772 | INFO | 
========== PERIODIC TEST ==========
stage=joint | epoch=6 | step=70317 | users=625563/625563
NDCG  | @5 0.021773 | @10 0.023422
Recall| @5 0.025439 | @10 0.030560
Hit   | @5 0.025439 | @10 0.030560
================================
2026-09-11 02:03:55,772 | INFO | PERIODIC TEST SEQUENCE_LENGTH {"basis": "filtered_full_sequence", "long": {"evaluated_users": 97306, "history_length_max": 767, "history_length_mean": 18.187100487123097, "history_length_min": 11, "hit@10": 0.026380695948862352, "hit@5": 0.021170328653937063, "ndcg@10": 0.0193651115686984, "ndcg@5": 0.0176899750452638, "recall@10": 0.026380695948862352, "recall@5": 0.021170328653937063, "total_users": 97306}, "long_rule": "length > threshold", "short": {"evaluated_users": 528257, "history_length_max": 10, "history_length_mean": 5.959404229380775, "history_length_min": 3, "hit@10": 0.03132944759842274, "hit@5": 0.026225871119549764, "ndcg@10": 0.024169202819123246, "ndcg@5": 0.02252552460116232, "recall@10": 0.03132944759842274, "recall@5": 0.026225871119549764, "total_users": 528257}, "short_rule": "length <= threshold", "threshold": 10}
2026-09-11 02:03:55,772 | INFO | VALID_STEP step=70317 stage=joint epoch=6 ndcg@10=0.021781 recall@10=0.030317 improved=False
2026-09-11 02:03:55,772 | INFO | LEARNING_RATE step=70317 stage=joint lr=2.5e-05
2026-09-11 02:03:55,773 | INFO | EARLY_STOP step=70317 checks_without_improvement=6 best_step=15626 best_ndcg@10=0.027558
2026-09-11 02:03:55,773 | INFO | stage=joint epoch=6 loss=2.647537 steps=7813 transitions/s=674.73
2026-09-11 02:06:44,101 | INFO | 
========== FINAL CURRENT VALIDATION ==========
stage=final | epoch=0 | step=70317 | users=625563/625563
NDCG  | @5 0.019832 | @10 0.021781
Recall| @5 0.024244 | @10 0.030317
Hit   | @5 0.024244 | @10 0.030317
================================
2026-09-11 02:06:44,101 | INFO | FINAL CURRENT VALIDATION SEQUENCE_LENGTH {"basis": "filtered_full_sequence", "long": {"evaluated_users": 97306, "history_length_max": 767, "history_length_mean": 18.187100487123097, "history_length_min": 11, "hit@10": 0.028353852794277844, "hit@5": 0.022208291369494173, "ndcg@10": 0.02006105176422742, "ndcg@5": 0.018091530515181184, "recall@10": 0.028353852794277844, "recall@5": 0.022208291369494173, "total_users": 97306}, "long_rule": "length > threshold", "short": {"evaluated_users": 528257, "history_length_max": 10, "history_length_mean": 5.959404229380775, "history_length_min": 3, "hit@10": 0.03067824941269117, "hit@5": 0.024618698853020406, "ndcg@10": 0.022097367570193243, "ndcg@5": 0.02015296919164544, "recall@10": 0.03067824941269117, "recall@5": 0.024618698853020406, "total_users": 528257}, "short_rule": "length <= threshold", "threshold": 10}
2026-09-11 02:06:44,101 | INFO | VALID_STEP step=70317 stage=final epoch=0 ndcg@10=0.021781 recall@10=0.030317 improved=False
2026-09-11 02:06:44,262 | INFO | RESTORE_BEST step=15626 stage=specialists ndcg@10=0.027558
2026-09-11 02:12:22,490 | INFO | 
========== BEST CHECKPOINT VALIDATION ==========
stage=specialists | epoch=0 | step=15626 | users=625563/625563
NDCG  | @5 0.024441 | @10 0.027557
Recall| @5 0.031341 | @10 0.041025
Hit   | @5 0.031341 | @10 0.041025
================================
2026-09-11 02:12:22,491 | INFO | BEST CHECKPOINT VALIDATION SEQUENCE_LENGTH {"basis": "filtered_full_sequence", "long": {"evaluated_users": 97306, "history_length_max": 767, "history_length_mean": 18.187100487123097, "history_length_min": 11, "hit@10": 0.03386224898772943, "hit@5": 0.025065258051918688, "ndcg@10": 0.02165320146197692, "ndcg@5": 0.01882851695803003, "recall@10": 0.03386224898772943, "recall@5": 0.025065258051918688, "total_users": 97306}, "long_rule": "length > threshold", "short": {"evaluated_users": 528257, "history_length_max": 10, "history_length_mean": 5.959404229380775, "history_length_min": 3, "hit@10": 0.04234491923438781, "hit@5": 0.03249743969317965, "ndcg@10": 0.028644686317535768, "ndcg@5": 0.025475108178822342, "recall@10": 0.04234491923438781, "recall@5": 0.03249743969317965, "total_users": 528257}, "short_rule": "length <= threshold", "threshold": 10}
2026-09-11 02:12:22,491 | INFO | 
========== FINAL FULL TEST ==========
stage=specialists | epoch=0 | step=15626 | users=625563/625563
NDCG  | @5 0.025234 | @10 0.028003
Recall| @5 0.031834 | @10 0.040439
Hit   | @5 0.031834 | @10 0.040439
================================
2026-09-11 02:12:22,491 | INFO | FINAL FULL TEST SEQUENCE_LENGTH {"basis": "filtered_full_sequence", "long": {"evaluated_users": 97306, "history_length_max": 767, "history_length_mean": 18.187100487123097, "history_length_min": 11, "hit@10": 0.032402935070807555, "hit@5": 0.02458224569913469, "ndcg@10": 0.021404833601929345, "ndcg@5": 0.01888040579862314, "recall@10": 0.032402935070807555, "recall@5": 0.02458224569913469, "total_users": 97306}, "long_rule": "length > threshold", "short": {"evaluated_users": 528257, "history_length_max": 10, "history_length_mean": 5.959404229380775, "history_length_min": 3, "hit@10": 0.0419189901884878, "hit@5": 0.03316946107671077, "ndcg@10": 0.029218421129148686, "ndcg@5": 0.02640475250694585, "recall@10": 0.0419189901884878, "recall@5": 0.03316946107671077, "total_users": 528257}, "short_rule": "length <= threshold", "threshold": 10}
2026-09-11 02:12:22,491 | INFO | VALID_BEST {"evaluated_users": 625563, "hit@10": 0.04102544427979276, "hit@5": 0.031341367695979463, "long_agent_weight": 1.0, "long_preference_state_cosine": 0.0, "long_short_state_cosine": 0.0, "ndcg@10": 0.02755716464671696, "ndcg@5": 0.024441234369290896, "preference_change_probability": 0.0, "preference_current_entropy": 5.8946179706326735e-06, "preference_next_entropy": 5.8946179706326735e-06, "preference_ranking_weight": 0.0, "recall@10": 0.04102544427979276, "recall@5": 0.031341367695979463, "scores_per_second": 1495392793.4056726, "sequence_length": {"basis": "filtered_full_sequence", "long": {"evaluated_users": 97306, "history_length_max": 767, "history_length_mean": 18.187100487123097, "history_length_min": 11, "hit@10": 0.03386224898772943, "hit@5": 0.025065258051918688, "ndcg@10": 0.02165320146197692, "ndcg@5": 0.01882851695803003, "recall@10": 0.03386224898772943, "recall@5": 0.025065258051918688, "total_users": 97306}, "long_rule": "length > threshold", "short": {"evaluated_users": 528257, "history_length_max": 10, "history_length_mean": 5.959404229380775, "history_length_min": 3, "hit@10": 0.04234491923438781, "hit@5": 0.03249743969317965, "ndcg@10": 0.028644686317535768, "ndcg@5": 0.025475108178822342, "recall@10": 0.04234491923438781, "recall@5": 0.03249743969317965, "total_users": 528257}, "short_rule": "length <= threshold", "threshold": 10}, "short_agent_weight": 0.0, "short_preference_state_cosine": 0.0, "total_users": 625563, "users_per_second": 3723.847263767575}
2026-09-11 02:12:22,491 | INFO | TEST_FINAL {"evaluated_users": 625563, "hit@10": 0.040438772753503646, "hit@5": 0.031833724181257524, "long_agent_weight": 1.0, "long_preference_state_cosine": 0.0, "long_short_state_cosine": 0.0, "ndcg@10": 0.028003021771727726, "ndcg@5": 0.025234344282899914, "preference_change_probability": 0.0, "preference_current_entropy": 5.8946179706326735e-06, "preference_next_entropy": 5.8946179706326735e-06, "preference_ranking_weight": 0.0, "recall@10": 0.040438772753503646, "recall@5": 0.031833724181257524, "scores_per_second": 1483475503.1457794, "sequence_length": {"basis": "filtered_full_sequence", "long": {"evaluated_users": 97306, "history_length_max": 767, "history_length_mean": 18.187100487123097, "history_length_min": 11, "hit@10": 0.032402935070807555, "hit@5": 0.02458224569913469, "ndcg@10": 0.021404833601929345, "ndcg@5": 0.01888040579862314, "recall@10": 0.032402935070807555, "recall@5": 0.02458224569913469, "total_users": 97306}, "long_rule": "length > threshold", "short": {"evaluated_users": 528257, "history_length_max": 10, "history_length_mean": 5.959404229380775, "history_length_min": 3, "hit@10": 0.0419189901884878, "hit@5": 0.03316946107671077, "ndcg@10": 0.029218421129148686, "ndcg@5": 0.02640475250694585, "recall@10": 0.0419189901884878, "recall@5": 0.03316946107671077, "total_users": 528257}, "short_rule": "length <= threshold", "threshold": 10}, "short_agent_weight": 0.0, "short_preference_state_cosine": 0.0, "total_users": 625563, "users_per_second": 3694.1706671425777}
2026-09-11 02:12:22,491 | INFO | TARGET_RESULT metric=recall@10 target=>0.150000 actual=0.040439 achieved=False
2026-09-11 02:12:22,812 | INFO | FINAL_LENGTH_SCORES dataset=amazon-sports-and-outdoors group=short split=valid threshold=10 users=528257/528257 scores={"hit@10": 0.04234491923438781, "hit@5": 0.03249743969317965, "ndcg@10": 0.028644686317535768, "ndcg@5": 0.025475108178822342, "recall@10": 0.04234491923438781, "recall@5": 0.03249743969317965}
2026-09-11 02:12:22,812 | INFO | FINAL_LENGTH_SCORES dataset=amazon-sports-and-outdoors group=short split=test threshold=10 users=528257/528257 scores={"hit@10": 0.0419189901884878, "hit@5": 0.03316946107671077, "ndcg@10": 0.029218421129148686, "ndcg@5": 0.02640475250694585, "recall@10": 0.0419189901884878, "recall@5": 0.03316946107671077}
2026-09-11 02:12:22,812 | INFO | short_scores=/workspace/P78123011/MediaTek_2026_project/ver4/outputs_mamba_rl/amazons_long_short_L1_S0_P0_G1/Sports_and_Outdoors/rl_20260910_213007_r1_320995/short_scores.json
2026-09-11 02:12:22,812 | INFO | FINAL_LENGTH_SCORES dataset=amazon-sports-and-outdoors group=long split=valid threshold=10 users=97306/97306 scores={"hit@10": 0.03386224898772943, "hit@5": 0.025065258051918688, "ndcg@10": 0.02165320146197692, "ndcg@5": 0.01882851695803003, "recall@10": 0.03386224898772943, "recall@5": 0.025065258051918688}
2026-09-11 02:12:22,812 | INFO | FINAL_LENGTH_SCORES dataset=amazon-sports-and-outdoors group=long split=test threshold=10 users=97306/97306 scores={"hit@10": 0.032402935070807555, "hit@5": 0.02458224569913469, "ndcg@10": 0.021404833601929345, "ndcg@5": 0.01888040579862314, "recall@10": 0.032402935070807555, "recall@5": 0.02458224569913469}
2026-09-11 02:12:22,813 | INFO | long_scores=/workspace/P78123011/MediaTek_2026_project/ver4/outputs_mamba_rl/amazons_long_short_L1_S0_P0_G1/Sports_and_Outdoors/rl_20260910_213007_r1_320995/long_scores.json
2026-09-11 02:12:22,813 | INFO | scores=/workspace/P78123011/MediaTek_2026_project/ver4/outputs_mamba_rl/amazons_long_short_L1_S0_P0_G1/Sports_and_Outdoors/rl_20260910_213007_r1_320995/Sports_and_Outdoors_scores.json
2026-09-11 02:12:22,813 | INFO | outputs=/workspace/P78123011/MediaTek_2026_project/ver4/outputs_mamba_rl/amazons_long_short_L1_S0_P0_G1/Sports_and_Outdoors/rl_20260910_213007_r1_320995
