2026-08-28 04:08:41,251 | INFO | run_id=20260828_040841 dataset=amazon-all-beauty device=cuda
2026-08-28 04:08:41,251 | INFO | EXPERIMENT_NOTE amazons_full subset=Beauty; common architecture; periodic validation/test
2026-08-28 04:08:41,251 | INFO | EXPERIMENT_CONFIG {"batch_size": 128, "cache_dir": "/workspace/P78123011/cache", "candidates": 64, "coordinator_epochs": 2, "coordinator_lr": 0.0002, "data_path": null, "dataset": "amazon-all-beauty", "device": "cuda", "dim": 128, "early_stopping_patience": 6, "entropy_coef": 0.01, "eval_batch_size": 64, "experiment_note": "amazons_full subset=Beauty; common architecture; periodic validation/test", "full_catalog_supervised": false, "generate_reasons": false, "item_vector_artifact": null, "joint_lr": 5e-05, "lora_alpha": 16.0, "lora_dropout": 0.05, "lora_rank": 8, "lr_patience": 2, "mamba_encode_batch_size": 32, "mamba_max_tokens": 16, "max_events": null, "max_history": 100, "max_transitions": 500000, "min_rating": 4.0, "min_user_events": 5, "monitor_metric": "ndcg@10", "output_dir": "/workspace/P78123011/MediaTek_2026_project/outputs_mamba_rl", "output_run_dir": "/workspace/P78123011/MediaTek_2026_project/outputs_mamba_rl/amazons_full/Beauty/rl_20260828_040840", "periodic_test_user_limit": 0, "popularity_alpha": -0.25, "reason_count": 20, "reason_max_new_tokens": 40, "refresh_data_cache": false, "resume_checkpoint": null, "rl_epochs": 20, "save_model_weights": false, "score_file": "/workspace/P78123011/MediaTek_2026_project/outputs_mamba_rl/amazons_full/Beauty/rl_20260828_040840/Beauty_scores.json", "seed": 25252, "short_window": 10, "skip_mamba": false, "specialist_epochs": 3, "specialist_lr": 0.0002, "specialization_coef": 0.01, "supervised_coef": 0.1, "target_recall_at_10": 0.15, "transition_beta": 4.0, "use_graph_embeddings": true, "validate_every_steps": 250, "validation_user_limit": 0}
2026-08-28 04:08:41,253 | INFO | INTERACTION_CACHE hit path=/workspace/P78123011/cache/mamba_multi_agent_data/amazon-all-beauty_205d6c6ea1d2.pkl
2026-08-28 04:08:41,253 | INFO | users=999 items=4786 train_interactions=7720
2026-08-28 04:08:41,391 | INFO | CATALOG_PRIORS popularity_alpha=-0.250000 transition_beta=4.000000 source=train_histories_only enabled=True
2026-08-28 04:08:41,414 | INFO | ITEM_VECTOR_ARTIFACT path=/workspace/P78123011/cache/mamba_multi_agent/amazon-all-beauty_4786_b345ab49b245_tok16.pt fingerprint=b345ab49b245
2026-08-28 04:08:41,423 | INFO | GRAPH_EMBEDDINGS enabled=True source=train_histories_only
2026-08-28 04:08:41,433 | INFO | agent_parameters={'long': 8321, 'short': 8321, 'coordinator': 7185, 'shared_projection': 327680, 'graph': 740480}
2026-08-28 04:08:41,438 | INFO | training_transitions=6721
2026-08-28 04:08:41,438 | INFO | schedule specialist_epochs=3 coordinator_epochs=2 rl_epochs=20 validate_every_steps=250 validation_users=0 periodic_test_users=0 monitor=ndcg@10 early_stopping_patience=6
2026-08-28 04:08:45,875 | INFO | stage=specialists epoch=1 loss=8.049452 steps=53 transitions/s=1697.31
2026-08-28 04:08:49,619 | INFO | stage=specialists epoch=2 loss=7.729431 steps=53 transitions/s=1795.96
2026-08-28 04:08:53,306 | INFO | stage=specialists epoch=3 loss=7.521332 steps=53 transitions/s=1824.12
2026-08-28 04:08:54,736 | INFO | stage=coordinator epoch=1 loss=3.343188 steps=53 transitions/s=4706.26
2026-08-28 04:08:56,029 | INFO | 
========== PERIODIC VALIDATION ==========
stage=coordinator | epoch=2 | step=250 | users=999/999
NDCG  | @5 0.031657 | @10 0.035875
Recall| @5 0.048048 | @10 0.061061
Hit   | @5 0.048048 | @10 0.061061
================================
2026-08-28 04:08:56,295 | INFO | 
========== PERIODIC TEST ==========
stage=coordinator | epoch=2 | step=250 | users=999/999
NDCG  | @5 0.033343 | @10 0.039750
Recall| @5 0.047047 | @10 0.067067
Hit   | @5 0.047047 | @10 0.067067
================================
2026-08-28 04:08:56,295 | INFO | VALID_STEP step=250 stage=coordinator epoch=2 ndcg@10=0.035875 recall@10=0.061061 improved=True
2026-08-28 04:08:56,298 | INFO | BEST_MODEL_IN_MEMORY step=250 stage=coordinator ndcg@10=0.035875
2026-08-28 04:08:56,298 | INFO | LEARNING_RATE step=250 stage=coordinator lr=0.0002
2026-08-28 04:08:56,703 | INFO | stage=coordinator epoch=2 loss=3.335874 steps=53 transitions/s=4691.76
2026-08-28 04:09:00,579 | INFO | stage=joint epoch=1 loss=0.100974 steps=53 transitions/s=1734.75
2026-08-28 04:09:04,363 | INFO | stage=joint epoch=2 loss=0.201258 steps=53 transitions/s=1776.86
2026-08-28 04:09:08,194 | INFO | stage=joint epoch=3 loss=0.168690 steps=53 transitions/s=1754.97
2026-08-28 04:09:12,016 | INFO | stage=joint epoch=4 loss=0.180478 steps=53 transitions/s=1759.62
2026-08-28 04:09:13,904 | INFO | 
========== PERIODIC VALIDATION ==========
stage=joint | epoch=5 | step=500 | users=999/999
NDCG  | @5 0.030177 | @10 0.036566
Recall| @5 0.046046 | @10 0.066066
Hit   | @5 0.046046 | @10 0.066066
================================
2026-08-28 04:09:14,152 | INFO | 
========== PERIODIC TEST ==========
stage=joint | epoch=5 | step=500 | users=999/999
NDCG  | @5 0.037160 | @10 0.043462
Recall| @5 0.050050 | @10 0.070070
Hit   | @5 0.050050 | @10 0.070070
================================
2026-08-28 04:09:14,152 | INFO | VALID_STEP step=500 stage=joint epoch=5 ndcg@10=0.036566 recall@10=0.066066 improved=True
2026-08-28 04:09:14,153 | INFO | BEST_MODEL_IN_MEMORY step=500 stage=joint ndcg@10=0.036566
2026-08-28 04:09:14,153 | INFO | LEARNING_RATE step=500 stage=joint lr=5e-05
2026-08-28 04:09:16,338 | INFO | stage=joint epoch=5 loss=0.172804 steps=53 transitions/s=1755.04
