2026-08-27 14:46:50,665 | INFO | run_id=20260827_144650 dataset=amazon-all-beauty device=cuda
2026-08-27 14:46:50,665 | INFO | EXPERIMENT_NOTE amazons_full run 1 baseline; identical configuration for every subset
2026-08-27 14:46:50,665 | INFO | EXPERIMENT_CONFIG {"batch_size": 128, "cache_dir": "/workspace/P78123011/cache", "candidates": 64, "coordinator_epochs": 2, "coordinator_lr": 0.0002, "data_path": null, "dataset": "amazon-all-beauty", "device": "cuda", "dim": 128, "early_stopping_patience": 12, "entropy_coef": 0.01, "eval_batch_size": 64, "experiment_note": "amazons_full run 1 baseline; identical configuration for every subset", "full_catalog_supervised": false, "generate_reasons": false, "item_vector_artifact": null, "joint_lr": 5e-05, "lora_alpha": 16.0, "lora_dropout": 0.05, "lora_rank": 8, "lr_patience": 3, "max_events": null, "max_history": 100, "max_transitions": 500000, "min_rating": 4.0, "min_user_events": 5, "monitor_metric": "ndcg@10", "output_dir": "/workspace/P78123011/MediaTek_2026_project/outputs_mamba_rl", "output_run_dir": "/workspace/P78123011/MediaTek_2026_project/outputs_mamba_rl/amazons_full/run_1/Beauty", "popularity_alpha": 0.0, "reason_count": 20, "reason_max_new_tokens": 40, "refresh_data_cache": false, "resume_checkpoint": null, "rl_epochs": 20, "score_file": "/workspace/P78123011/MediaTek_2026_project/outputs_mamba_rl/amazons_full/run_1/Beauty_scores.json", "seed": 25252, "short_window": 10, "skip_mamba": false, "specialist_epochs": 3, "specialist_lr": 0.0002, "specialization_coef": 0.01, "supervised_coef": 0.1, "target_recall_at_10": 0.15, "transition_beta": 0.0, "validate_every_steps": 1000}
2026-08-27 14:47:35,739 | INFO | INTERACTION_CACHE miss_saved path=/workspace/P78123011/cache/mamba_multi_agent_data/amazon-all-beauty_15905f803144.pkl
2026-08-27 14:47:35,739 | INFO | users=1620 items=6982 train_interactions=11744
2026-08-27 14:47:35,739 | INFO | CATALOG_PRIORS popularity_alpha=0.000000 transition_beta=0.000000 source=train_histories_only enabled=False
2026-08-27 14:50:20,635 | INFO | ITEM_VECTOR_ARTIFACT path=/workspace/P78123011/cache/mamba_multi_agent/amazon-all-beauty_6982_051814cd0dc3.pt fingerprint=051814cd0dc3
2026-08-27 14:50:20,648 | INFO | agent_parameters={'long': 8321, 'short': 8321, 'coordinator': 7185, 'shared_projection': 327680}
2026-08-27 14:50:20,653 | INFO | training_transitions=10124
2026-08-27 14:50:20,653 | INFO | schedule specialist_epochs=3 coordinator_epochs=2 rl_epochs=20 validate_every_steps=1000 monitor=ndcg@10 early_stopping_patience=12
2026-08-27 14:50:26,313 | INFO | stage=specialists epoch=1 loss=7.977782 steps=80 transitions/s=1789.31
2026-08-27 14:50:31,821 | INFO | stage=specialists epoch=2 loss=7.814997 steps=80 transitions/s=1838.92
2026-08-27 14:50:37,175 | INFO | stage=specialists epoch=3 loss=7.769582 steps=80 transitions/s=1891.64
2026-08-27 14:50:39,373 | INFO | stage=coordinator epoch=1 loss=3.782148 steps=80 transitions/s=4610.74
2026-08-27 14:50:41,546 | INFO | stage=coordinator epoch=2 loss=3.768507 steps=80 transitions/s=4663.30
2026-08-27 14:50:47,194 | INFO | stage=joint epoch=1 loss=0.168533 steps=80 transitions/s=1793.12
2026-08-27 14:50:52,818 | INFO | stage=joint epoch=2 loss=0.241167 steps=80 transitions/s=1801.15
2026-08-27 14:50:58,375 | INFO | stage=joint epoch=3 loss=0.230248 steps=80 transitions/s=1822.58
2026-08-27 14:51:03,915 | INFO | stage=joint epoch=4 loss=0.235030 steps=80 transitions/s=1828.18
2026-08-27 14:51:09,487 | INFO | stage=joint epoch=5 loss=0.235498 steps=80 transitions/s=1817.60
2026-08-27 14:51:15,101 | INFO | stage=joint epoch=6 loss=0.231615 steps=80 transitions/s=1804.05
2026-08-27 14:51:20,779 | INFO | stage=joint epoch=7 loss=0.226554 steps=80 transitions/s=1783.99
2026-08-27 14:51:23,981 | INFO | VALID_STEP step=1000 stage=joint epoch=8 ndcg@10=0.093260 recall@10=0.109259 improved=True
2026-08-27 14:51:23,983 | INFO | BEST_CHECKPOINT step=1000 stage=joint ndcg@10=0.093260 path=/workspace/P78123011/MediaTek_2026_project/outputs_mamba_rl/amazons_full/run_1/Beauty/best_validation.pt
2026-08-27 14:51:23,983 | INFO | LEARNING_RATE step=1000 stage=joint lr=5e-05
2026-08-27 14:51:26,832 | INFO | stage=joint epoch=8 loss=0.226821 steps=80 transitions/s=1782.20
2026-08-27 14:51:32,472 | INFO | stage=joint epoch=9 loss=0.234305 steps=80 transitions/s=1795.65
2026-08-27 14:51:38,053 | INFO | stage=joint epoch=10 loss=0.234923 steps=80 transitions/s=1814.83
2026-08-27 14:51:43,650 | INFO | stage=joint epoch=11 loss=0.213587 steps=80 transitions/s=1809.58
2026-08-27 14:51:49,306 | INFO | stage=joint epoch=12 loss=0.229723 steps=80 transitions/s=1790.76
2026-08-27 14:51:54,901 | INFO | stage=joint epoch=13 loss=0.232438 steps=80 transitions/s=1810.01
2026-08-27 14:52:00,592 | INFO | stage=joint epoch=14 loss=0.213985 steps=80 transitions/s=1779.78
2026-08-27 14:52:06,116 | INFO | stage=joint epoch=15 loss=0.222312 steps=80 transitions/s=1833.40
2026-08-27 14:52:11,728 | INFO | stage=joint epoch=16 loss=0.233480 steps=80 transitions/s=1804.85
2026-08-27 14:52:17,355 | INFO | stage=joint epoch=17 loss=0.223260 steps=80 transitions/s=1799.92
2026-08-27 14:52:22,948 | INFO | stage=joint epoch=18 loss=0.221573 steps=80 transitions/s=1810.80
2026-08-27 14:52:28,570 | INFO | stage=joint epoch=19 loss=0.212352 steps=80 transitions/s=1801.56
2026-08-27 14:52:34,536 | INFO | VALID_STEP step=2000 stage=joint epoch=20 ndcg@10=0.094468 recall@10=0.111728 improved=True
2026-08-27 14:52:34,538 | INFO | BEST_CHECKPOINT step=2000 stage=joint ndcg@10=0.094468 path=/workspace/P78123011/MediaTek_2026_project/outputs_mamba_rl/amazons_full/run_1/Beauty/best_validation.pt
2026-08-27 14:52:34,538 | INFO | LEARNING_RATE step=2000 stage=joint lr=5e-05
2026-08-27 14:52:34,538 | INFO | stage=joint epoch=20 loss=0.231717 steps=80 transitions/s=1806.29
2026-08-27 14:52:34,902 | INFO | VALID_STEP step=2000 stage=final epoch=0 ndcg@10=0.094468 recall@10=0.111728 improved=False
2026-08-27 14:52:34,902 | INFO | RESTORE_BEST step=2000 stage=joint ndcg@10=0.094468
2026-08-27 14:52:35,657 | INFO | VALID_BEST {"hit@10": 0.1117283950617284, "hit@5": 0.1, "ndcg@10": 0.0944676884898433, "ndcg@5": 0.09062845412595773, "recall@10": 0.1117283950617284, "recall@5": 0.1, "scores_per_second": 30999970.052923147, "users_per_second": 4439.984252781888}
2026-08-27 14:52:35,657 | INFO | TEST_FINAL {"hit@10": 0.13518518518518519, "hit@5": 0.12469135802469136, "ndcg@10": 0.11812402587613942, "ndcg@5": 0.11469778135234927, "recall@10": 0.13518518518518519, "recall@5": 0.12469135802469136, "scores_per_second": 29115914.345826533, "users_per_second": 4170.139551106636}
2026-08-27 14:52:35,657 | INFO | TARGET_RESULT metric=recall@10 target=>0.150000 actual=0.135185 achieved=False
2026-08-27 14:52:35,967 | INFO | scores=/workspace/P78123011/MediaTek_2026_project/outputs_mamba_rl/amazons_full/run_1/Beauty_scores.json
2026-08-27 14:52:35,967 | INFO | outputs=/workspace/P78123011/MediaTek_2026_project/outputs_mamba_rl/amazons_full/run_1/Beauty
