2026-10-05 14:06:53,244 | INFO | run_id=20261005_140653 dataset=amazon-all-beauty device=cuda:0
2026-10-05 14:06:53,244 | INFO | MODEL recommender=MultiAgentMambaRecommender semantic_encoder=MambaTextEncoder semantic_model_id=state-spaces/mamba-130m-hf graph_backbone=LightGCN adaptation=multi_lora
2026-10-05 14:06:53,244 | INFO | ABLATION USE_SHORT=1 USE_PREFERENCE=1 USE_GCN=1 USE_COORDINATOR=1
2026-10-05 14:06:53,244 | INFO | AGENT_HISTORY mode=full_history effective_max_history=100 short=1 preference=100
2026-10-05 14:06:53,244 | INFO | EXPERIMENT_NOTE amazons_long_short subset=Full_Beauty; short filtered-full-sequence <= 10; long > 10; same model and full catalog
2026-10-05 14:06:53,244 | INFO | EXPERIMENT_CONFIG {"agent_diversity_coef": 0.02, "batch_size": 128, "cache_dir": "/workspace/P78123011/cache", "candidates": 64, "data_path": null, "dataset": "amazon-all-beauty", "device": "cuda:0", "dim": 128, "early_stopping_patience": 6, "enable_lora": 1, "eval_batch_size": 64, "eval_length_basis": "filtered_full_sequence", "eval_length_threshold": 10, "experiment_note": "amazons_long_short subset=Full_Beauty; short filtered-full-sequence <= 10; long > 10; same model and full catalog", "full_catalog_supervised": false, "future_decay": 0.5, "future_horizon": 3, "generate_reasons": false, "graph_device": "cuda:0", "hard_negative_fraction": 0.75, "hard_negative_pool_multiplier": 12, "hard_negative_warmup_epochs": 2, "history_influence_negatives": 64, "history_influence_output": null, "history_influence_user_limit": 0, "item_prompt_prefix": "Preference-aware product representation: ", "item_vector_artifact": null, "joint_epochs": 0, "joint_lr": 5e-05, "lora_alpha": 32.0, "lora_dropout": 0.05, "lora_rank": 16, "lr_patience": 2, "mamba_encode_batch_size": 32, "mamba_max_tokens": 32, "mamba_model_id": "state-spaces/mamba-130m-hf", "max_events": null, "max_history": 100, "max_transitions": 500000, "min_rating": 4.0, "monitor_metric": "ndcg@10", "output_dir": "/workspace/P78123011/MediaTek_2026_project/ver5/outputs_mamba_rl/amazons_lora", "output_run_dir": "/workspace/P78123011/MediaTek_2026_project/ver5/outputs_mamba_rl/amazons_long_short_S1_P1_G1_C1_SW1/Full_Beauty/rl_20261005_140651_r1_1402715", "periodic_test_user_limit": 0, "popularity_alpha": -0.25, "preference_balance_coef": 0.01, "preference_coef": 0.2, "preference_contrastive_coef": 0.05, "preference_count": 32, "preference_score_weight": 0.2, "preference_separation_coef": 0.01, "preference_sharpness_coef": 0.05, "preference_temperature": 0.2, "preference_transition_coef": 0.1, "reason_count": 20, "reason_max_new_tokens": 40, "refresh_data_cache": false, "resume_checkpoint": null, "reverse_history_input": false, "rl_coef": 0.1, "rl_topk": 10, "save_model_weights": false, "score_file": "/workspace/P78123011/MediaTek_2026_project/ver5/outputs_mamba_rl/amazons_long_short_S1_P1_G1_C1_SW1/Full_Beauty/rl_20261005_140651_r1_1402715/Full_Beauty_scores.json", "seed": 25252, "short_window": 1, "skip_mamba": false, "specialist_epochs": 4, "specialist_lr": 0.0001, "target_recall_at_10": 0.15, "transition_beta": 4.0, "use_coordinator": true, "use_graph_embeddings": true, "use_in_batch_negatives": true, "use_preference": 1, "use_short": 1, "validate_every_steps": 250, "validation_user_limit": 0}
2026-10-05 14:06:53,247 | INFO | INTERACTION_CACHE hit path=/workspace/P78123011/cache/mamba_multi_agent_data/amazon-all-beauty_90e3e920169a.pkl
2026-10-05 14:06:53,248 | INFO | HISTORY_INPUT_ORDER chronological
2026-10-05 14:06:53,248 | INFO | LENGTH_SPLIT preprocessing=original_one_pass_user_item_min_5 basis=filtered_full_sequence short<=10 long>10
2026-10-05 14:06:53,248 | INFO | users=1603 items=4090 train_interactions=8445
2026-10-05 14:06:53,564 | INFO | CATALOG_PRIORS popularity_alpha=-0.250000 transition_beta=4.000000 source=train_histories_only enabled=True
2026-10-05 14:06:53,586 | INFO | ITEM_VECTOR_ARTIFACT path=/workspace/P78123011/cache/mamba_multi_agent/amazon-all-beauty_4090_47e41e57cc9e_prompt_tok32.pt fingerprint=47e41e57cc9e
2026-10-05 14:06:53,586 | INFO | SEMANTIC_BACKBONE model_id=state-spaces/mamba-130m-hf hidden_size=768 frozen=True usage=shared_cached_item_vectors
2026-10-05 14:06:53,594 | INFO | GRAPH_EMBEDDINGS enabled=True source=train_histories_only main_device=cuda:0 graph_device=cuda:0
2026-10-05 14:06:53,674 | INFO | ADAPTATION_MODE mode=multi_lora enable_lora=1
2026-10-05 14:06:53,674 | INFO | ADAPTER_ROUTES {'short': ('candidate_lora', 'delta_lora', 'gate_lora', 'output_lora'), 'preference': ('transition_encoder.candidate_lora', 'transition_encoder.delta_lora', 'transition_encoder.gate_lora', 'transition_encoder.output_lora', 'state_lora'), 'coordinator': ('state_lora', 'mix_lora', 'score_lora')}
2026-10-05 14:06:53,674 | INFO | agent_parameters={'short': 16513, 'preference': 28994, 'coordinator': 14373, 'shared_projection': 98304, 'graph': 728704}
2026-10-05 14:06:53,674 | INFO | PREDICTION_PATH graph_only=False active_agents=2 coordinator=True
2026-10-05 14:06:53,683 | INFO | training_transitions=6842
2026-10-05 14:06:53,683 | INFO | schedule mode=single_stage_dl specialist_dl_epochs=4 joint_dl_rl_epochs=0 effective_rl_coef=0.0000 effective_rl_topk=0 validate_every_steps=250 validation_users=0 periodic_test_users=0 monitor=ndcg@10 early_stopping_patience=6
2026-10-05 14:06:54,488 | INFO | TRAINING_BRANCHES stage=all_dl short=True preference=True gcn=True preference_auxiliary=True preference_contrastive=True diversity_pairs=1 policy_gradient=False trainable_parameters=886888
2026-10-05 14:07:22,468 | INFO | 
========== PERIODIC VALIDATION ==========
stage=all_dl | epoch=1 | step=54 | users=1457/1457
NDCG  | @5 0.094420 | @10 0.095713
Recall| @5 0.100206 | @10 0.104324
Hit   | @5 0.100206 | @10 0.104324
================================
2026-10-05 14:07:22,468 | INFO | PERIODIC VALIDATION SEQUENCE_LENGTH {"basis": "filtered_full_sequence", "long": {"evaluated_users": 219, "history_length_max": 119, "history_length_mean": 20.98173515981735, "history_length_min": 11, "hit@10": 0.0547945205479452, "hit@5": 0.045662100456621, "ndcg@10": 0.040155179579010804, "ndcg@5": 0.03720873202912081, "recall@10": 0.0547945205479452, "recall@5": 0.045662100456621, "total_users": 219}, "long_rule": "length > threshold", "short": {"evaluated_users": 1238, "history_length_max": 10, "history_length_mean": 5.27221324717286, "history_length_min": 3, "hit@10": 0.11308562197092084, "hit@5": 0.1098546042003231, "ndcg@10": 0.10554081606150685, "ndcg@5": 0.10454009471085991, "recall@10": 0.11308562197092084, "recall@5": 0.1098546042003231, "total_users": 1238}, "short_rule": "length <= threshold", "threshold": 10}
2026-10-05 14:07:26,662 | INFO | 
========== PERIODIC TEST ==========
stage=all_dl | epoch=1 | step=54 | users=1457/1457
NDCG  | @5 0.108205 | @10 0.109320
Recall| @5 0.115305 | @10 0.118737
Hit   | @5 0.115305 | @10 0.118737
================================
2026-10-05 14:07:26,662 | INFO | PERIODIC TEST SEQUENCE_LENGTH {"basis": "filtered_full_sequence", "long": {"evaluated_users": 219, "history_length_max": 119, "history_length_mean": 20.98173515981735, "history_length_min": 11, "hit@10": 0.0547945205479452, "hit@5": 0.0547945205479452, "ndcg@10": 0.04205624943389182, "ndcg@5": 0.04205624943389182, "recall@10": 0.0547945205479452, "recall@5": 0.0547945205479452, "total_users": 219}, "long_rule": "length > threshold", "short": {"evaluated_users": 1238, "history_length_max": 10, "history_length_mean": 5.27221324717286, "history_length_min": 3, "hit@10": 0.13004846526655897, "hit@5": 0.1260096930533118, "ndcg@10": 0.12121828241237119, "ndcg@5": 0.1199065882603638, "recall@10": 0.13004846526655897, "recall@5": 0.1260096930533118, "total_users": 1238}, "short_rule": "length <= threshold", "threshold": 10}
2026-10-05 14:07:26,663 | INFO | VALID_STEP step=54 stage=all_dl epoch=1 ndcg@10=0.095713 recall@10=0.104324 improved=True
2026-10-05 14:07:26,667 | INFO | BEST_MODEL_IN_MEMORY step=54 stage=all_dl ndcg@10=0.095713
2026-10-05 14:07:26,667 | INFO | LEARNING_RATE step=54 stage=all_dl lr=0.0001
2026-10-05 14:07:26,668 | INFO | stage=all_dl epoch=1 loss=4.499024 steps=54 transitions/s=291.03
2026-10-05 14:07:53,847 | INFO | 
========== PERIODIC VALIDATION ==========
stage=all_dl | epoch=2 | step=108 | users=1457/1457
NDCG  | @5 0.093678 | @10 0.095368
Recall| @5 0.098833 | @10 0.104324
Hit   | @5 0.098833 | @10 0.104324
================================
2026-10-05 14:07:53,847 | INFO | PERIODIC VALIDATION SEQUENCE_LENGTH {"basis": "filtered_full_sequence", "long": {"evaluated_users": 219, "history_length_max": 119, "history_length_mean": 20.98173515981735, "history_length_min": 11, "hit@10": 0.0547945205479452, "hit@5": 0.045662100456621, "ndcg@10": 0.03846992731221381, "ndcg@5": 0.03552347976232381, "recall@10": 0.0547945205479452, "recall@5": 0.045662100456621, "total_users": 219}, "long_rule": "length > threshold", "short": {"evaluated_users": 1238, "history_length_max": 10, "history_length_mean": 5.27221324717286, "history_length_min": 3, "hit@10": 0.11308562197092084, "hit@5": 0.10823909531502424, "ndcg@10": 0.10543260148138693, "ndcg@5": 0.10396489333539606, "recall@10": 0.11308562197092084, "recall@5": 0.10823909531502424, "total_users": 1238}, "short_rule": "length <= threshold", "threshold": 10}
2026-10-05 14:07:58,156 | INFO | 
========== PERIODIC TEST ==========
stage=all_dl | epoch=2 | step=108 | users=1457/1457
NDCG  | @5 0.108235 | @10 0.109963
Recall| @5 0.115305 | @10 0.120796
Hit   | @5 0.115305 | @10 0.120796
================================
2026-10-05 14:07:58,157 | INFO | PERIODIC TEST SEQUENCE_LENGTH {"basis": "filtered_full_sequence", "long": {"evaluated_users": 219, "history_length_max": 119, "history_length_mean": 20.98173515981735, "history_length_min": 11, "hit@10": 0.0593607305936073, "hit@5": 0.0547945205479452, "ndcg@10": 0.04337618014767213, "ndcg@5": 0.04205624943389182, "recall@10": 0.0593607305936073, "recall@5": 0.0547945205479452, "total_users": 219}, "long_rule": "length > threshold", "short": {"evaluated_users": 1238, "history_length_max": 10, "history_length_mean": 5.27221324717286, "history_length_min": 3, "hit@10": 0.13166397415185785, "hit@5": 0.1260096930533118, "ndcg@10": 0.12174199279520032, "ndcg@5": 0.11994198708979742, "recall@10": 0.13166397415185785, "recall@5": 0.1260096930533118, "total_users": 1238}, "short_rule": "length <= threshold", "threshold": 10}
2026-10-05 14:07:58,158 | INFO | VALID_STEP step=108 stage=all_dl epoch=2 ndcg@10=0.095368 recall@10=0.104324 improved=False
2026-10-05 14:07:58,158 | INFO | LEARNING_RATE step=108 stage=all_dl lr=0.0001
2026-10-05 14:07:58,158 | INFO | stage=all_dl epoch=2 loss=4.486896 steps=54 transitions/s=300.47
2026-10-05 14:08:25,325 | INFO | 
========== PERIODIC VALIDATION ==========
stage=all_dl | epoch=3 | step=162 | users=1457/1457
NDCG  | @5 0.093540 | @10 0.094425
Recall| @5 0.098833 | @10 0.101579
Hit   | @5 0.098833 | @10 0.101579
================================
2026-10-05 14:08:25,326 | INFO | PERIODIC VALIDATION SEQUENCE_LENGTH {"basis": "filtered_full_sequence", "long": {"evaluated_users": 219, "history_length_max": 119, "history_length_mean": 20.98173515981735, "history_length_min": 11, "hit@10": 0.0547945205479452, "hit@5": 0.045662100456621, "ndcg@10": 0.03836548049132482, "ndcg@5": 0.03552347976232381, "recall@10": 0.0547945205479452, "recall@5": 0.045662100456621, "total_users": 219}, "long_rule": "length > threshold", "short": {"evaluated_users": 1238, "history_length_max": 10, "history_length_mean": 5.27221324717286, "history_length_min": 3, "hit@10": 0.1098546042003231, "hit@5": 0.10823909531502424, "ndcg@10": 0.10434164088884405, "ndcg@5": 0.10380313792707775, "recall@10": 0.1098546042003231, "recall@5": 0.10823909531502424, "total_users": 1238}, "short_rule": "length <= threshold", "threshold": 10}
2026-10-05 14:08:29,583 | INFO | 
========== PERIODIC TEST ==========
stage=all_dl | epoch=3 | step=162 | users=1457/1457
NDCG  | @5 0.108826 | @10 0.110330
Recall| @5 0.116678 | @10 0.121482
Hit   | @5 0.116678 | @10 0.121482
================================
2026-10-05 14:08:29,583 | INFO | PERIODIC TEST SEQUENCE_LENGTH {"basis": "filtered_full_sequence", "long": {"evaluated_users": 219, "history_length_max": 119, "history_length_mean": 20.98173515981735, "history_length_min": 11, "hit@10": 0.0593607305936073, "hit@5": 0.0547945205479452, "ndcg@10": 0.04337618014767213, "ndcg@5": 0.04205624943389182, "recall@10": 0.0593607305936073, "recall@5": 0.0547945205479452, "total_users": 219}, "long_rule": "length > threshold", "short": {"evaluated_users": 1238, "history_length_max": 10, "history_length_mean": 5.27221324717286, "history_length_min": 3, "hit@10": 0.13247172859450726, "hit@5": 0.12762520193861066, "ndcg@10": 0.12217412490742362, "ndcg@5": 0.12063774889605494, "recall@10": 0.13247172859450726, "recall@5": 0.12762520193861066, "total_users": 1238}, "short_rule": "length <= threshold", "threshold": 10}
2026-10-05 14:08:29,584 | INFO | VALID_STEP step=162 stage=all_dl epoch=3 ndcg@10=0.094425 recall@10=0.101579 improved=False
2026-10-05 14:08:29,584 | INFO | LEARNING_RATE step=162 stage=all_dl lr=0.0001
2026-10-05 14:08:29,585 | INFO | stage=all_dl epoch=3 loss=4.446915 steps=54 transitions/s=300.62
2026-10-05 14:08:56,726 | INFO | 
========== PERIODIC VALIDATION ==========
stage=all_dl | epoch=4 | step=216 | users=1457/1457
NDCG  | @5 0.094149 | @10 0.095252
Recall| @5 0.099520 | @10 0.102951
Hit   | @5 0.099520 | @10 0.102951
================================
2026-10-05 14:08:56,726 | INFO | PERIODIC VALIDATION SEQUENCE_LENGTH {"basis": "filtered_full_sequence", "long": {"evaluated_users": 219, "history_length_max": 119, "history_length_mean": 20.98173515981735, "history_length_min": 11, "hit@10": 0.0502283105022831, "hit@5": 0.045662100456621, "ndcg@10": 0.03784351098489752, "ndcg@5": 0.03632144096967682, "recall@10": 0.0502283105022831, "recall@5": 0.045662100456621, "total_users": 219}, "long_rule": "length > threshold", "short": {"evaluated_users": 1238, "history_length_max": 10, "history_length_mean": 5.27221324717286, "history_length_min": 3, "hit@10": 0.1122778675282714, "hit@5": 0.10904684975767366, "ndcg@10": 0.10540720202889194, "ndcg@5": 0.10437833930254162, "recall@10": 0.1122778675282714, "recall@5": 0.10904684975767366, "total_users": 1238}, "short_rule": "length <= threshold", "threshold": 10}
2026-10-05 14:09:01,095 | INFO | 
========== PERIODIC TEST ==========
stage=all_dl | epoch=4 | step=216 | users=1457/1457
NDCG  | @5 0.109259 | @10 0.110572
Recall| @5 0.117364 | @10 0.121482
Hit   | @5 0.117364 | @10 0.121482
================================
2026-10-05 14:09:01,095 | INFO | PERIODIC TEST SEQUENCE_LENGTH {"basis": "filtered_full_sequence", "long": {"evaluated_users": 219, "history_length_max": 119, "history_length_mean": 20.98173515981735, "history_length_min": 11, "hit@10": 0.0593607305936073, "hit@5": 0.0547945205479452, "ndcg@10": 0.04337618014767213, "ndcg@5": 0.04205624943389182, "recall@10": 0.0593607305936073, "recall@5": 0.0547945205479452, "total_users": 219}, "long_rule": "length > threshold", "short": {"evaluated_users": 1238, "history_length_max": 10, "history_length_mean": 5.27221324717286, "history_length_min": 3, "hit@10": 0.13247172859450726, "hit@5": 0.1284329563812601, "ndcg@10": 0.12245907935950937, "ndcg@5": 0.12114738520750197, "recall@10": 0.13247172859450726, "recall@5": 0.1284329563812601, "total_users": 1238}, "short_rule": "length <= threshold", "threshold": 10}
2026-10-05 14:09:01,096 | INFO | VALID_STEP step=216 stage=all_dl epoch=4 ndcg@10=0.095252 recall@10=0.102951 improved=False
2026-10-05 14:09:01,096 | INFO | LEARNING_RATE step=216 stage=all_dl lr=5e-05
2026-10-05 14:09:01,097 | INFO | stage=all_dl epoch=4 loss=4.411400 steps=54 transitions/s=300.46
2026-10-05 14:09:05,498 | INFO | 
========== FINAL CURRENT VALIDATION ==========
stage=final | epoch=0 | step=216 | users=1457/1457
NDCG  | @5 0.094149 | @10 0.095252
Recall| @5 0.099520 | @10 0.102951
Hit   | @5 0.099520 | @10 0.102951
================================
2026-10-05 14:09:05,498 | INFO | FINAL CURRENT VALIDATION SEQUENCE_LENGTH {"basis": "filtered_full_sequence", "long": {"evaluated_users": 219, "history_length_max": 119, "history_length_mean": 20.98173515981735, "history_length_min": 11, "hit@10": 0.0502283105022831, "hit@5": 0.045662100456621, "ndcg@10": 0.03784351098489752, "ndcg@5": 0.03632144096967682, "recall@10": 0.0502283105022831, "recall@5": 0.045662100456621, "total_users": 219}, "long_rule": "length > threshold", "short": {"evaluated_users": 1238, "history_length_max": 10, "history_length_mean": 5.27221324717286, "history_length_min": 3, "hit@10": 0.1122778675282714, "hit@5": 0.10904684975767366, "ndcg@10": 0.10540720202889194, "ndcg@5": 0.10437833930254162, "recall@10": 0.1122778675282714, "recall@5": 0.10904684975767366, "total_users": 1238}, "short_rule": "length <= threshold", "threshold": 10}
2026-10-05 14:09:05,498 | INFO | VALID_STEP step=216 stage=final epoch=0 ndcg@10=0.095252 recall@10=0.102951 improved=False
2026-10-05 14:09:05,511 | INFO | RESTORE_BEST step=54 stage=all_dl ndcg@10=0.095713
2026-10-05 14:09:14,160 | INFO | 
========== BEST CHECKPOINT VALIDATION ==========
stage=all_dl | epoch=0 | step=54 | users=1457/1457
NDCG  | @5 0.094420 | @10 0.095713
Recall| @5 0.100206 | @10 0.104324
Hit   | @5 0.100206 | @10 0.104324
================================
2026-10-05 14:09:14,160 | INFO | BEST CHECKPOINT VALIDATION SEQUENCE_LENGTH {"basis": "filtered_full_sequence", "long": {"evaluated_users": 219, "history_length_max": 119, "history_length_mean": 20.98173515981735, "history_length_min": 11, "hit@10": 0.0547945205479452, "hit@5": 0.045662100456621, "ndcg@10": 0.040155179579010804, "ndcg@5": 0.03720873202912081, "recall@10": 0.0547945205479452, "recall@5": 0.045662100456621, "total_users": 219}, "long_rule": "length > threshold", "short": {"evaluated_users": 1238, "history_length_max": 10, "history_length_mean": 5.27221324717286, "history_length_min": 3, "hit@10": 0.11308562197092084, "hit@5": 0.1098546042003231, "ndcg@10": 0.10554081606150685, "ndcg@5": 0.10454009471085991, "recall@10": 0.11308562197092084, "recall@5": 0.1098546042003231, "total_users": 1238}, "short_rule": "length <= threshold", "threshold": 10}
2026-10-05 14:09:14,160 | INFO | 
========== FINAL FULL TEST ==========
stage=all_dl | epoch=0 | step=54 | users=1457/1457
NDCG  | @5 0.108205 | @10 0.109320
Recall| @5 0.115305 | @10 0.118737
Hit   | @5 0.115305 | @10 0.118737
================================
2026-10-05 14:09:14,160 | INFO | FINAL FULL TEST SEQUENCE_LENGTH {"basis": "filtered_full_sequence", "long": {"evaluated_users": 219, "history_length_max": 119, "history_length_mean": 20.98173515981735, "history_length_min": 11, "hit@10": 0.0547945205479452, "hit@5": 0.0547945205479452, "ndcg@10": 0.04205624943389182, "ndcg@5": 0.04205624943389182, "recall@10": 0.0547945205479452, "recall@5": 0.0547945205479452, "total_users": 219}, "long_rule": "length > threshold", "short": {"evaluated_users": 1238, "history_length_max": 10, "history_length_mean": 5.27221324717286, "history_length_min": 3, "hit@10": 0.13004846526655897, "hit@5": 0.1260096930533118, "ndcg@10": 0.12121828241237119, "ndcg@5": 0.1199065882603638, "recall@10": 0.13004846526655897, "recall@5": 0.1260096930533118, "total_users": 1238}, "short_rule": "length <= threshold", "threshold": 10}
2026-10-05 14:09:14,160 | INFO | VALID_BEST {"evaluated_users": 1457, "hit@10": 0.10432395332875773, "hit@5": 0.10020590253946465, "ndcg@10": 0.09571277579789957, "ndcg@5": 0.09441959440667251, "preference_agent_weight": 0.191748165478834, "preference_change_probability": 0.4518139799245024, "preference_current_entropy": 3.334841024572913, "preference_next_entropy": 3.461817734194031, "preference_ranking_weight": 0.191748165478834, "recall@10": 0.10432395332875773, "recall@5": 0.10020590253946465, "scores_per_second": 1343078.4038774543, "sequence_length": {"basis": "filtered_full_sequence", "long": {"evaluated_users": 219, "history_length_max": 119, "history_length_mean": 20.98173515981735, "history_length_min": 11, "hit@10": 0.0547945205479452, "hit@5": 0.045662100456621, "ndcg@10": 0.040155179579010804, "ndcg@5": 0.03720873202912081, "recall@10": 0.0547945205479452, "recall@5": 0.045662100456621, "total_users": 219}, "long_rule": "length > threshold", "short": {"evaluated_users": 1238, "history_length_max": 10, "history_length_mean": 5.27221324717286, "history_length_min": 3, "hit@10": 0.11308562197092084, "hit@5": 0.1098546042003231, "ndcg@10": 0.10554081606150685, "ndcg@5": 0.10454009471085991, "recall@10": 0.11308562197092084, "recall@5": 0.1098546042003231, "total_users": 1238}, "short_rule": "length <= threshold", "threshold": 10}, "short_agent_weight": 0.8082518358302591, "short_preference_state_cosine": 0.011980646652314625, "total_users": 1457, "users_per_second": 328.3810278428984}
2026-10-05 14:09:14,160 | INFO | TEST_FINAL {"evaluated_users": 1457, "hit@10": 0.11873713109128346, "hit@5": 0.1153054221002059, "ndcg@10": 0.10931952783483795, "ndcg@5": 0.10820499346856803, "preference_agent_weight": 0.19175457348951183, "preference_change_probability": 0.4506202545899108, "preference_current_entropy": 3.333983610489635, "preference_next_entropy": 3.4618071776673496, "preference_ranking_weight": 0.19175457348951183, "recall@10": 0.11873713109128346, "recall@5": 0.1153054221002059, "scores_per_second": 1416920.1984531654, "sequence_length": {"basis": "filtered_full_sequence", "long": {"evaluated_users": 219, "history_length_max": 119, "history_length_mean": 20.98173515981735, "history_length_min": 11, "hit@10": 0.0547945205479452, "hit@5": 0.0547945205479452, "ndcg@10": 0.04205624943389182, "ndcg@5": 0.04205624943389182, "recall@10": 0.0547945205479452, "recall@5": 0.0547945205479452, "total_users": 219}, "long_rule": "length > threshold", "short": {"evaluated_users": 1238, "history_length_max": 10, "history_length_mean": 5.27221324717286, "history_length_min": 3, "hit@10": 0.13004846526655897, "hit@5": 0.1260096930533118, "ndcg@10": 0.12121828241237119, "ndcg@5": 0.1199065882603638, "recall@10": 0.13004846526655897, "recall@5": 0.1260096930533118, "total_users": 1238}, "short_rule": "length <= threshold", "threshold": 10}, "short_agent_weight": 0.8082454265104881, "short_preference_state_cosine": 0.0009569531855062826, "total_users": 1457, "users_per_second": 346.4352563455172}
2026-10-05 14:09:14,161 | INFO | TARGET_RESULT metric=recall@10 target=>0.150000 actual=0.118737 achieved=False
2026-10-05 14:09:14,555 | INFO | FINAL_LENGTH_SCORES dataset=amazon-all-beauty group=short split=valid threshold=10 users=1238/1238 scores={"hit@10": 0.11308562197092084, "hit@5": 0.1098546042003231, "ndcg@10": 0.10554081606150685, "ndcg@5": 0.10454009471085991, "recall@10": 0.11308562197092084, "recall@5": 0.1098546042003231}
2026-10-05 14:09:14,555 | INFO | FINAL_LENGTH_SCORES dataset=amazon-all-beauty group=short split=test threshold=10 users=1238/1238 scores={"hit@10": 0.13004846526655897, "hit@5": 0.1260096930533118, "ndcg@10": 0.12121828241237119, "ndcg@5": 0.1199065882603638, "recall@10": 0.13004846526655897, "recall@5": 0.1260096930533118}
2026-10-05 14:09:14,556 | INFO | short_scores=/workspace/P78123011/MediaTek_2026_project/ver5/outputs_mamba_rl/amazons_long_short_S1_P1_G1_C1_SW1/Full_Beauty/rl_20261005_140651_r1_1402715/short_scores.json
2026-10-05 14:09:14,556 | INFO | FINAL_LENGTH_SCORES dataset=amazon-all-beauty group=long split=valid threshold=10 users=219/219 scores={"hit@10": 0.0547945205479452, "hit@5": 0.045662100456621, "ndcg@10": 0.040155179579010804, "ndcg@5": 0.03720873202912081, "recall@10": 0.0547945205479452, "recall@5": 0.045662100456621}
2026-10-05 14:09:14,556 | INFO | FINAL_LENGTH_SCORES dataset=amazon-all-beauty group=long split=test threshold=10 users=219/219 scores={"hit@10": 0.0547945205479452, "hit@5": 0.0547945205479452, "ndcg@10": 0.04205624943389182, "ndcg@5": 0.04205624943389182, "recall@10": 0.0547945205479452, "recall@5": 0.0547945205479452}
2026-10-05 14:09:14,556 | INFO | long_scores=/workspace/P78123011/MediaTek_2026_project/ver5/outputs_mamba_rl/amazons_long_short_S1_P1_G1_C1_SW1/Full_Beauty/rl_20261005_140651_r1_1402715/long_scores.json
2026-10-05 14:09:14,557 | INFO | scores=/workspace/P78123011/MediaTek_2026_project/ver5/outputs_mamba_rl/amazons_long_short_S1_P1_G1_C1_SW1/Full_Beauty/rl_20261005_140651_r1_1402715/Full_Beauty_scores.json
2026-10-05 14:09:14,557 | INFO | outputs=/workspace/P78123011/MediaTek_2026_project/ver5/outputs_mamba_rl/amazons_long_short_S1_P1_G1_C1_SW1/Full_Beauty/rl_20261005_140651_r1_1402715
