2026-09-09 18:13:23,199 | INFO | EXPERIMENT_CONFIG {"batch_size": 256, "branch_factor": 0, "cache_dir": "/workspace/P78123011/cache", "d_model": 96, "data_path": null, "dataset": "amazon-toys-and-games", "device": "cuda", "din_batch_size": 128, "din_negatives": 60, "din_steps": 10000, "eval_batch_size": 50, "eval_every_steps": 300, "eval_user_limit": 0, "kmeans_iters": 100, "log_every_steps": 100, "max_events": null, "max_train_samples": 0, "maxlen": 19, "min_history": 4, "min_rating": 4.0, "monitor_metric": "ndcg@10", "num_heads": 4, "output_dir": "/workspace/P78123011/MediaTek_2026_project/Reproduce/EAGER/outputs/Toys_and_Games/eager_20260909_181320_r1", "predict_candidates": 50, "seed": 2024, "semantic_backend": "t5", "semantic_batch_size": 32, "semantic_max_tokens": 64, "semantic_model_id": "google-t5/t5-base", "train_steps": 20000, "tree_workers": 1, "use_contrastive": false, "use_guide": false}
2026-09-09 18:13:24,392 | INFO | INTERACTION_CACHE hit path=/workspace/P78123011/cache/mamba_multi_agent_data/amazon-toys-and-games_2cc47abc910b.pkl
2026-09-09 18:13:30,414 | INFO | DIN step=100 loss=13.104082
2026-09-09 18:13:31,480 | INFO | DIN step=200 loss=12.660999
2026-09-09 18:13:32,545 | INFO | DIN step=300 loss=12.452436
2026-09-09 18:13:33,606 | INFO | DIN step=400 loss=12.354304
2026-09-09 18:13:34,673 | INFO | DIN step=500 loss=12.266772
2026-09-09 18:13:35,747 | INFO | DIN step=600 loss=12.226234
2026-09-09 18:13:36,814 | INFO | DIN step=700 loss=12.206439
2026-09-09 18:13:37,880 | INFO | DIN step=800 loss=12.161981
2026-09-09 18:13:38,966 | INFO | DIN step=900 loss=12.077929
2026-09-09 18:13:40,056 | INFO | DIN step=1000 loss=12.077415
2026-09-09 18:13:41,141 | INFO | DIN step=1100 loss=12.039149
2026-09-09 18:13:42,224 | INFO | DIN step=1200 loss=11.978917
2026-09-09 18:13:43,312 | INFO | DIN step=1300 loss=11.953844
2026-09-09 18:13:44,378 | INFO | DIN step=1400 loss=11.877750
2026-09-09 18:13:45,441 | INFO | DIN step=1500 loss=11.889581
2026-09-09 18:13:46,503 | INFO | DIN step=1600 loss=11.784000
2026-09-09 18:13:47,567 | INFO | DIN step=1700 loss=11.810646
2026-09-09 18:13:48,632 | INFO | DIN step=1800 loss=11.799060
2026-09-09 18:13:49,695 | INFO | DIN step=1900 loss=11.730849
2026-09-09 18:13:50,766 | INFO | DIN step=2000 loss=11.704139
2026-09-09 18:13:51,836 | INFO | DIN step=2100 loss=11.682705
2026-09-09 18:13:52,906 | INFO | DIN step=2200 loss=11.672811
2026-09-09 18:13:53,967 | INFO | DIN step=2300 loss=11.676366
2026-09-09 18:13:55,028 | INFO | DIN step=2400 loss=11.611258
2026-09-09 18:13:56,089 | INFO | DIN step=2500 loss=11.601716
2026-09-09 18:13:57,154 | INFO | DIN step=2600 loss=11.587210
2026-09-09 18:13:58,220 | INFO | DIN step=2700 loss=11.550837
2026-09-09 18:13:59,283 | INFO | DIN step=2800 loss=11.528341
2026-09-09 18:14:00,352 | INFO | DIN step=2900 loss=11.543900
2026-09-09 18:14:01,425 | INFO | DIN step=3000 loss=11.496350
2026-09-09 18:14:02,512 | INFO | DIN step=3100 loss=11.478921
2026-09-09 18:14:03,597 | INFO | DIN step=3200 loss=11.496652
2026-09-09 18:14:04,684 | INFO | DIN step=3300 loss=11.498942
2026-09-09 18:14:05,770 | INFO | DIN step=3400 loss=11.411691
2026-09-09 18:14:06,866 | INFO | DIN step=3500 loss=11.436393
2026-09-09 18:14:07,951 | INFO | DIN step=3600 loss=11.423502
2026-09-09 18:14:09,027 | INFO | DIN step=3700 loss=11.437322
2026-09-09 18:14:10,093 | INFO | DIN step=3800 loss=11.372463
2026-09-09 18:14:11,160 | INFO | DIN step=3900 loss=11.448762
2026-09-09 18:14:12,228 | INFO | DIN step=4000 loss=11.356156
2026-09-09 18:14:13,300 | INFO | DIN step=4100 loss=11.351517
2026-09-09 18:14:14,384 | INFO | DIN step=4200 loss=11.365861
2026-09-09 18:14:15,470 | INFO | DIN step=4300 loss=11.308228
2026-09-09 18:14:16,534 | INFO | DIN step=4400 loss=11.332358
2026-09-09 18:14:17,602 | INFO | DIN step=4500 loss=11.297611
2026-09-09 18:14:18,667 | INFO | DIN step=4600 loss=11.306588
2026-09-09 18:14:19,733 | INFO | DIN step=4700 loss=11.297222
2026-09-09 18:14:20,793 | INFO | DIN step=4800 loss=11.286080
2026-09-09 18:14:21,856 | INFO | DIN step=4900 loss=11.271176
2026-09-09 18:14:22,921 | INFO | DIN step=5000 loss=11.239726
2026-09-09 18:14:23,986 | INFO | DIN step=5100 loss=11.250733
2026-09-09 18:14:25,052 | INFO | DIN step=5200 loss=11.252295
2026-09-09 18:14:26,119 | INFO | DIN step=5300 loss=11.219325
2026-09-09 18:14:27,186 | INFO | DIN step=5400 loss=11.217073
2026-09-09 18:14:28,251 | INFO | DIN step=5500 loss=11.162645
2026-09-09 18:14:29,315 | INFO | DIN step=5600 loss=11.163602
2026-09-09 18:14:30,379 | INFO | DIN step=5700 loss=11.145309
2026-09-09 18:14:31,445 | INFO | DIN step=5800 loss=11.150112
2026-09-09 18:14:32,514 | INFO | DIN step=5900 loss=11.134006
2026-09-09 18:14:33,579 | INFO | DIN step=6000 loss=11.157836
2026-09-09 18:14:34,648 | INFO | DIN step=6100 loss=11.096840
2026-09-09 18:14:35,714 | INFO | DIN step=6200 loss=11.109475
2026-09-09 18:14:36,777 | INFO | DIN step=6300 loss=11.053964
2026-09-09 18:14:37,841 | INFO | DIN step=6400 loss=11.071549
2026-09-09 18:14:38,911 | INFO | DIN step=6500 loss=11.039613
2026-09-09 18:14:39,974 | INFO | DIN step=6600 loss=11.070220
2026-09-09 18:14:41,040 | INFO | DIN step=6700 loss=11.082458
2026-09-09 18:14:42,100 | INFO | DIN step=6800 loss=11.038976
2026-09-09 18:14:43,164 | INFO | DIN step=6900 loss=11.036124
2026-09-09 18:14:44,234 | INFO | DIN step=7000 loss=11.031994
2026-09-09 18:14:45,297 | INFO | DIN step=7100 loss=11.041677
2026-09-09 18:14:46,359 | INFO | DIN step=7200 loss=11.027552
2026-09-09 18:14:47,421 | INFO | DIN step=7300 loss=11.008010
2026-09-09 18:14:48,485 | INFO | DIN step=7400 loss=10.970561
2026-09-09 18:14:49,550 | INFO | DIN step=7500 loss=10.945949
2026-09-09 18:14:50,620 | INFO | DIN step=7600 loss=10.982326
2026-09-09 18:14:51,686 | INFO | DIN step=7700 loss=10.950027
2026-09-09 18:14:52,750 | INFO | DIN step=7800 loss=10.927208
2026-09-09 18:14:53,816 | INFO | DIN step=7900 loss=10.909558
2026-09-09 18:14:54,884 | INFO | DIN step=8000 loss=10.939132
2026-09-09 18:14:55,951 | INFO | DIN step=8100 loss=10.898475
2026-09-09 18:14:57,014 | INFO | DIN step=8200 loss=10.911564
2026-09-09 18:14:58,082 | INFO | DIN step=8300 loss=10.848929
2026-09-09 18:14:59,147 | INFO | DIN step=8400 loss=10.898905
2026-09-09 18:15:00,211 | INFO | DIN step=8500 loss=10.852702
2026-09-09 18:15:01,274 | INFO | DIN step=8600 loss=10.861236
2026-09-09 18:15:02,337 | INFO | DIN step=8700 loss=10.847223
2026-09-09 18:15:03,402 | INFO | DIN step=8800 loss=10.863747
2026-09-09 18:15:04,470 | INFO | DIN step=8900 loss=10.751031
2026-09-09 18:15:05,556 | INFO | DIN step=9000 loss=10.825055
2026-09-09 18:15:06,644 | INFO | DIN step=9100 loss=10.735512
2026-09-09 18:15:07,724 | INFO | DIN step=9200 loss=10.787814
2026-09-09 18:15:08,788 | INFO | DIN step=9300 loss=10.813330
2026-09-09 18:15:09,854 | INFO | DIN step=9400 loss=10.796934
2026-09-09 18:15:10,919 | INFO | DIN step=9500 loss=10.792237
2026-09-09 18:15:11,982 | INFO | DIN step=9600 loss=10.665343
2026-09-09 18:15:13,044 | INFO | DIN step=9700 loss=10.752718
2026-09-09 18:15:14,112 | INFO | DIN step=9800 loss=10.728892
2026-09-09 18:15:15,192 | INFO | DIN step=9900 loss=10.728636
2026-09-09 18:15:16,271 | INFO | DIN step=10000 loss=10.748141
2026-09-09 18:15:16,370 | INFO | DIN_CACHE saved path=/workspace/P78123011/cache/eager/amazon-toys-and-games/din_steps10000_seed2024.pt
2026-09-09 18:15:45,155 | INFO | TRAIN step=100 loss=12.717516 lr=5.0095e-05
2026-09-09 18:16:09,187 | INFO | TRAIN step=200 loss=12.464225 lr=0.00010009
2026-09-09 18:16:33,222 | INFO | TRAIN step=300 loss=12.194371 lr=0.000150085
