2026-10-04 11:06:02,859 | INFO | run_id=20261004_110602 dataset=amazon-toys-and-games device=cuda:0
2026-10-04 11:06:02,860 | INFO | MODEL recommender=LightGCN semantic_encoder=none semantic_model_id=none graph_backbone=LightGCN adaptation=multi_lora
2026-10-04 11:06:02,860 | INFO | ABLATION USE_SHORT=0 USE_PREFERENCE=0 USE_GCN=1 USE_COORDINATOR=0
2026-10-04 11:06:02,860 | INFO | AGENT_HISTORY mode=none effective_max_history=0 short=0 preference=0
2026-10-04 11:06:02,860 | INFO | EXPERIMENT_NOTE amazons_long_short subset=Toys_and_Games; short filtered-full-sequence <= 10; long > 10; same model and full catalog
2026-10-04 11:06:02,860 | INFO | EXPERIMENT_CONFIG {"agent_diversity_coef": 0.02, "batch_size": 128, "cache_dir": "/workspace/P78123011/cache", "candidates": 192, "data_path": null, "dataset": "amazon-toys-and-games", "device": "cuda:0", "dim": 128, "early_stopping_patience": 6, "enable_lora": 1, "eval_batch_size": 64, "eval_length_basis": "filtered_full_sequence", "eval_length_threshold": 10, "experiment_note": "amazons_long_short subset=Toys_and_Games; short filtered-full-sequence <= 10; long > 10; same model and full catalog", "full_catalog_supervised": false, "future_decay": 0.5, "future_horizon": 3, "generate_reasons": false, "graph_device": "cuda:0", "hard_negative_fraction": 0.75, "hard_negative_pool_multiplier": 12, "hard_negative_warmup_epochs": 2, "history_influence_negatives": 64, "history_influence_output": null, "history_influence_user_limit": 0, "item_prompt_prefix": "Preference-aware product representation: ", "item_vector_artifact": null, "joint_epochs": 0, "joint_lr": 5e-05, "lora_alpha": 32.0, "lora_dropout": 0.05, "lora_rank": 16, "lr_patience": 2, "mamba_encode_batch_size": 32, "mamba_max_tokens": 32, "mamba_model_id": "state-spaces/mamba-130m-hf", "max_events": null, "max_history": 100, "max_transitions": 1500000, "min_rating": 4.0, "monitor_metric": "ndcg@10", "output_dir": "/workspace/P78123011/MediaTek_2026_project/ver5/outputs_mamba_rl/amazons_lora", "output_run_dir": "/workspace/P78123011/MediaTek_2026_project/ver5/outputs_mamba_rl/amazons_long_short_S0_P0_G1_C0_SW4/Toys_and_Games/rl_20261004_110601_r1_966428", "periodic_test_user_limit": 0, "popularity_alpha": 0.0, "preference_balance_coef": 0.01, "preference_coef": 0.2, "preference_contrastive_coef": 0.05, "preference_count": 32, "preference_score_weight": 0.2, "preference_separation_coef": 0.01, "preference_sharpness_coef": 0.05, "preference_temperature": 0.2, "preference_transition_coef": 0.1, "reason_count": 20, "reason_max_new_tokens": 40, "refresh_data_cache": false, "resume_checkpoint": null, "reverse_history_input": false, "rl_coef": 0.1, "rl_topk": 10, "save_model_weights": false, "score_file": "/workspace/P78123011/MediaTek_2026_project/ver5/outputs_mamba_rl/amazons_long_short_S0_P0_G1_C0_SW4/Toys_and_Games/rl_20261004_110601_r1_966428/Toys_and_Games_scores.json", "seed": 25252, "short_window": 4, "skip_mamba": false, "specialist_epochs": 4, "specialist_lr": 0.0001, "target_recall_at_10": 0.15, "transition_beta": 0.0, "use_coordinator": false, "use_graph_embeddings": true, "use_in_batch_negatives": true, "use_preference": 0, "use_short": 0, "validate_every_steps": 6000, "validation_user_limit": 0}
2026-10-04 11:06:04,363 | INFO | INTERACTION_CACHE hit path=/workspace/P78123011/cache/mamba_multi_agent_data/amazon-toys-and-games_2cc47abc910b.pkl
2026-10-04 11:06:04,364 | INFO | HISTORY_INPUT_ORDER chronological
2026-10-04 11:06:04,364 | INFO | LENGTH_SPLIT preprocessing=original_one_pass_user_item_min_5 basis=filtered_full_sequence short<=10 long>10
2026-10-04 11:06:04,378 | INFO | users=568262 items=333160 train_interactions=3734374
2026-10-04 11:06:04,378 | INFO | CATALOG_PRIORS popularity_alpha=0.000000 transition_beta=0.000000 source=train_histories_only enabled=False
2026-10-04 11:06:06,712 | INFO | LIGHTGCN_ONLY: semantic encoder disabled; user/item graph dot-product scoring
2026-10-04 11:06:06,712 | INFO | ITEM_VECTOR_ARTIFACT path=/workspace/P78123011/cache/mamba_multi_agent/amazon-toys-and-games_333160_4d0b5392ebd5_prompt_tok32.pt fingerprint=4d0b5392ebd5
2026-10-04 11:06:06,712 | INFO | SEMANTIC_BACKBONE model_id=none hidden_size=1 frozen=True usage=shared_cached_item_vectors
2026-10-04 11:06:08,580 | INFO | GRAPH_EMBEDDINGS enabled=True source=train_histories_only main_device=cuda:0 graph_device=cuda:0
2026-10-04 11:06:10,058 | INFO | ADAPTATION_MODE mode=graph_only enable_lora=1
2026-10-04 11:06:10,058 | INFO | ADAPTER_ROUTES {}
2026-10-04 11:06:10,059 | INFO | agent_parameters={'short': 16513, 'preference': 28994, 'coordinator': 0, 'shared_projection': 128, 'graph': 115382016}
2026-10-04 11:06:10,059 | INFO | PREDICTION_PATH graph_only=True active_agents=0 coordinator=False
2026-10-04 11:06:16,585 | INFO | training_transitions=1500000
2026-10-04 11:06:16,585 | INFO | schedule mode=single_stage_dl specialist_dl_epochs=4 joint_dl_rl_epochs=0 effective_rl_coef=0.0000 effective_rl_topk=0 validate_every_steps=6000 validation_users=0 periodic_test_users=0 monitor=ndcg@10 early_stopping_patience=6
2026-10-04 11:06:18,367 | INFO | TRAINING_BRANCHES stage=all_dl short=False preference=False gcn=True preference_auxiliary=False preference_contrastive=False diversity_pairs=0 policy_gradient=False trainable_parameters=115382016
2026-10-04 12:44:31,631 | INFO | 
========== PERIODIC VALIDATION ==========
stage=all_dl | epoch=1 | step=6000 | users=564666/564666
NDCG  | @5 0.006724 | @10 0.008259
Recall| @5 0.009822 | @10 0.014605
Hit   | @5 0.009822 | @10 0.014605
================================
2026-10-04 12:44:31,632 | INFO | PERIODIC VALIDATION SEQUENCE_LENGTH {"basis": "filtered_full_sequence", "long": {"evaluated_users": 103913, "history_length_max": 2855, "history_length_mean": 19.26873442206461, "history_length_min": 11, "hit@10": 0.01071088314262893, "hit@5": 0.006948120061974921, "ndcg@10": 0.005980437487159685, "ndcg@5": 0.004770540089399593, "recall@10": 0.01071088314262893, "recall@5": 0.006948120061974921, "total_users": 103913}, "long_rule": "length > threshold", "short": {"evaluated_users": 460753, "history_length_max": 10, "history_length_mean": 6.196810438564698, "history_length_min": 3, "hit@10": 0.015483350081279991, "hit@5": 0.010469817885070743, "ndcg@10": 0.008773095014976046, "ndcg@5": 0.007165100467590113, "recall@10": 0.015483350081279991, "recall@5": 0.010469817885070743, "total_users": 460753}, "short_rule": "length <= threshold", "threshold": 10}
2026-10-04 13:23:22,226 | INFO | 
========== PERIODIC TEST ==========
stage=all_dl | epoch=1 | step=6000 | users=564666/564666
NDCG  | @5 0.004926 | @10 0.006006
Recall| @5 0.007148 | @10 0.010507
Hit   | @5 0.007148 | @10 0.010507
================================
2026-10-04 13:23:22,226 | INFO | PERIODIC TEST SEQUENCE_LENGTH {"basis": "filtered_full_sequence", "long": {"evaluated_users": 103913, "history_length_max": 2855, "history_length_mean": 19.26873442206461, "history_length_min": 11, "hit@10": 0.008064438520685573, "hit@5": 0.0054564876386977565, "ndcg@10": 0.004611434779583635, "ndcg@5": 0.0037732049208318067, "recall@10": 0.008064438520685573, "recall@5": 0.0054564876386977565, "total_users": 103913}, "long_rule": "length > threshold", "short": {"evaluated_users": 460753, "history_length_max": 10, "history_length_mean": 6.196810438564698, "history_length_min": 3, "hit@10": 0.011057985515015637, "hit@5": 0.00752897973534627, "ndcg@10": 0.006321058524093237, "ndcg@5": 0.005186075693697085, "recall@10": 0.011057985515015637, "recall@5": 0.00752897973534627, "total_users": 460753}, "short_rule": "length <= threshold", "threshold": 10}
2026-10-04 13:23:22,227 | INFO | VALID_STEP step=6000 stage=all_dl epoch=1 ndcg@10=0.008259 recall@10=0.014605 improved=True
2026-10-04 13:23:22,505 | INFO | BEST_MODEL_IN_MEMORY step=6000 stage=all_dl ndcg@10=0.008259
2026-10-04 13:23:22,505 | INFO | LEARNING_RATE step=6000 stage=all_dl lr=0.0001
2026-10-04 14:29:54,170 | INFO | stage=all_dl epoch=1 loss=5.166141 steps=11719 transitions/s=193.50
2026-10-04 15:49:55,912 | INFO | 
========== PERIODIC VALIDATION ==========
stage=all_dl | epoch=2 | step=17719 | users=564666/564666
NDCG  | @5 0.008749 | @10 0.010629
Recall| @5 0.012530 | @10 0.018390
Hit   | @5 0.012530 | @10 0.018390
================================
2026-10-04 15:49:55,913 | INFO | PERIODIC VALIDATION SEQUENCE_LENGTH {"basis": "filtered_full_sequence", "long": {"evaluated_users": 103913, "history_length_max": 2855, "history_length_mean": 19.26873442206461, "history_length_min": 11, "hit@10": 0.01281841540519473, "hit@5": 0.00856485714010759, "ndcg@10": 0.007396796742151015, "ndcg@5": 0.0060254883398103455, "recall@10": 0.01281841540519473, "recall@5": 0.00856485714010759, "total_users": 103913}, "long_rule": "length > threshold", "short": {"evaluated_users": 460753, "history_length_max": 10, "history_length_mean": 6.196810438564698, "history_length_min": 3, "hit@10": 0.019646101056314338, "hit@5": 0.01342367819634381, "ndcg@10": 0.011358361951354578, "ndcg@5": 0.009362795326993236, "recall@10": 0.019646101056314338, "recall@5": 0.01342367819634381, "total_users": 460753}, "short_rule": "length <= threshold", "threshold": 10}
2026-10-04 16:15:57,011 | INFO | 
========== PERIODIC TEST ==========
stage=all_dl | epoch=2 | step=17719 | users=564666/564666
NDCG  | @5 0.006008 | @10 0.007331
Recall| @5 0.008563 | @10 0.012692
Hit   | @5 0.008563 | @10 0.012692
================================
2026-10-04 16:15:57,011 | INFO | PERIODIC TEST SEQUENCE_LENGTH {"basis": "filtered_full_sequence", "long": {"evaluated_users": 103913, "history_length_max": 2855, "history_length_mean": 19.26873442206461, "history_length_min": 11, "hit@10": 0.009681175598818242, "hit@5": 0.0065150654874751, "ndcg@10": 0.00566571045829434, "ndcg@5": 0.004653120053733774, "recall@10": 0.009681175598818242, "recall@5": 0.0065150654874751, "total_users": 103913}, "long_rule": "length > threshold", "short": {"evaluated_users": 460753, "history_length_max": 10, "history_length_mean": 6.196810438564698, "history_length_min": 3, "hit@10": 0.01337158955014943, "hit@5": 0.009024357953176647, "ndcg@10": 0.007706331243413893, "ndcg@5": 0.00631394165920396, "recall@10": 0.01337158955014943, "recall@5": 0.009024357953176647, "total_users": 460753}, "short_rule": "length <= threshold", "threshold": 10}
2026-10-04 16:15:57,012 | INFO | VALID_STEP step=17719 stage=all_dl epoch=2 ndcg@10=0.010629 recall@10=0.018390 improved=True
2026-10-04 16:15:57,311 | INFO | BEST_MODEL_IN_MEMORY step=17719 stage=all_dl ndcg@10=0.010629
2026-10-04 16:15:57,311 | INFO | LEARNING_RATE step=17719 stage=all_dl lr=0.0001
2026-10-04 17:03:21,820 | INFO | stage=all_dl epoch=2 loss=5.026104 steps=11719 transitions/s=246.83
2026-10-04 18:31:08,447 | INFO | 
========== PERIODIC VALIDATION ==========
stage=all_dl | epoch=3 | step=29438 | users=564666/564666
NDCG  | @5 0.010509 | @10 0.012603
Recall| @5 0.015000 | @10 0.021503
Hit   | @5 0.015000 | @10 0.021503
================================
2026-10-04 18:31:08,447 | INFO | PERIODIC VALIDATION SEQUENCE_LENGTH {"basis": "filtered_full_sequence", "long": {"evaluated_users": 103913, "history_length_max": 2855, "history_length_mean": 19.26873442206461, "history_length_min": 11, "hit@10": 0.014993311712682726, "hit@5": 0.010220087958195798, "ndcg@10": 0.008678423202209278, "ndcg@5": 0.007141257854046435, "recall@10": 0.014993311712682726, "recall@5": 0.010220087958195798, "total_users": 103913}, "long_rule": "length > threshold", "short": {"evaluated_users": 460753, "history_length_max": 10, "history_length_mean": 6.196810438564698, "history_length_min": 3, "hit@10": 0.022971092971722375, "hit@5": 0.016078028791999183, "ndcg@10": 0.013487918113625217, "ndcg@5": 0.011269061501101671, "recall@10": 0.022971092971722375, "recall@5": 0.016078028791999183, "total_users": 460753}, "short_rule": "length <= threshold", "threshold": 10}
2026-10-04 19:04:36,408 | INFO | 
========== PERIODIC TEST ==========
stage=all_dl | epoch=3 | step=29438 | users=564666/564666
NDCG  | @5 0.006958 | @10 0.008477
Recall| @5 0.009901 | @10 0.014626
Hit   | @5 0.009901 | @10 0.014626
================================
2026-10-04 19:04:36,408 | INFO | PERIODIC TEST SEQUENCE_LENGTH {"basis": "filtered_full_sequence", "long": {"evaluated_users": 103913, "history_length_max": 2855, "history_length_mean": 19.26873442206461, "history_length_min": 11, "hit@10": 0.01152887511668415, "hit@5": 0.0075062792913302475, "ndcg@10": 0.00656210466278201, "ndcg@5": 0.0052672124705583105, "recall@10": 0.01152887511668415, "recall@5": 0.0075062792913302475, "total_users": 103913}, "long_rule": "length > threshold", "short": {"evaluated_users": 460753, "history_length_max": 10, "history_length_mean": 6.196810438564698, "history_length_min": 3, "hit@10": 0.015324913782438747, "hit@5": 0.010441603201715452, "ndcg@10": 0.00890864081490725, "ndcg@5": 0.007338816851270059, "recall@10": 0.015324913782438747, "recall@5": 0.010441603201715452, "total_users": 460753}, "short_rule": "length <= threshold", "threshold": 10}
2026-10-04 19:04:36,409 | INFO | VALID_STEP step=29438 stage=all_dl epoch=3 ndcg@10=0.012603 recall@10=0.021503 improved=True
2026-10-04 19:04:36,704 | INFO | BEST_MODEL_IN_MEMORY step=29438 stage=all_dl ndcg@10=0.012603
2026-10-04 19:04:36,704 | INFO | LEARNING_RATE step=29438 stage=all_dl lr=0.0001
2026-10-04 19:58:57,102 | INFO | stage=all_dl epoch=3 loss=4.873222 steps=11719 transitions/s=240.20
