2026-08-27 03:04:43,300 | INFO | run_id=20260827_030443 dataset=yelp19 device=cuda
2026-08-27 03:04:43,300 | INFO | EXPERIMENT_NOTE YELP19 SWEEP RUN 2/3. Fixed three-agent Mamba-RL method, normalized Yelp19 data, source-order leave-two-out split, item-vector artifact and seed identical to Run 1. This run branches from Run-1 best validation checkpoint. Hyperparameters only: batch=1024, candidates=512, extra epochs=1/2/12, lrs=1.5e-4/2e-4/3.75e-5, supervised=1.0, entropy=0.001, popularity_alpha=0.2, transition_beta=5.0. Calibration weights were selected exclusively by Run-1 validation grids (best Recall@10=0.142386801); Run-1 test was not used.
2026-08-27 03:04:43,300 | INFO | EXPERIMENT_CONFIG {"batch_size": 1024, "cache_dir": "/workspace/P78123011/cache", "candidates": 512, "coordinator_epochs": 2, "coordinator_lr": 0.0002, "data_path": "/workspace/P78123011/MediaTek_2026_project/data/yelp2019_hf/yelp19_interactions.jsonl", "dataset": "yelp19", "device": "cuda", "dim": 128, "early_stopping_patience": 4, "entropy_coef": 0.001, "eval_batch_size": 512, "experiment_note": "YELP19 SWEEP RUN 2/3. Fixed three-agent Mamba-RL method, normalized Yelp19 data, source-order leave-two-out split, item-vector artifact and seed identical to Run 1. This run branches from Run-1 best validation checkpoint. Hyperparameters only: batch=1024, candidates=512, extra epochs=1/2/12, lrs=1.5e-4/2e-4/3.75e-5, supervised=1.0, entropy=0.001, popularity_alpha=0.2, transition_beta=5.0. Calibration weights were selected exclusively by Run-1 validation grids (best Recall@10=0.142386801); Run-1 test was not used.", "full_catalog_supervised": true, "generate_reasons": false, "item_vector_artifact": "/workspace/P78123011/cache/mamba_multi_agent/yelp19_20262_c7bd07bf1de3.pt", "joint_lr": 3.75e-05, "lora_alpha": 16.0, "lora_dropout": 0.05, "lora_rank": 8, "lr_patience": 1, "max_events": null, "max_history": 100, "max_transitions": 800000, "min_rating": 4.0, "min_user_events": 5, "monitor_metric": "recall@10", "output_dir": "/workspace/P78123011/MediaTek_2026_project/outputs_mamba_rl", "popularity_alpha": 0.2, "reason_count": 0, "reason_max_new_tokens": 40, "resume_checkpoint": "/workspace/P78123011/MediaTek_2026_project/outputs_mamba_rl/yelp19/20260827_022817/best_validation.pt", "rl_epochs": 12, "seed": 25252, "short_window": 10, "skip_mamba": false, "specialist_epochs": 1, "specialist_lr": 0.00015, "specialization_coef": 0.01, "supervised_coef": 1.0, "target_recall_at_10": 0.0, "transition_beta": 5.0, "validate_every_steps": 1000}
2026-08-27 03:04:47,618 | INFO | users=27032 items=20262 train_interactions=814852
2026-08-27 03:04:49,830 | INFO | CATALOG_PRIORS popularity_alpha=0.200000 transition_beta=5.000000 source=train_histories_only enabled=True
2026-08-27 03:04:49,877 | INFO | ITEM_VECTOR_ARTIFACT path=/workspace/P78123011/cache/mamba_multi_agent/yelp19_20262_c7bd07bf1de3.pt fingerprint=c7bd07bf1de3
2026-08-27 03:04:49,896 | INFO | RESUME_CHECKPOINT path=/workspace/P78123011/MediaTek_2026_project/outputs_mamba_rl/yelp19/20260827_022817/best_validation.pt
2026-08-27 03:04:49,896 | INFO | agent_parameters={'long': 8321, 'short': 8321, 'coordinator': 7185, 'shared_projection': 327680}
2026-08-27 03:04:50,806 | INFO | training_transitions=787820
2026-08-27 03:04:50,806 | INFO | schedule specialist_epochs=1 coordinator_epochs=2 rl_epochs=12 validate_every_steps=1000 monitor=recall@10 early_stopping_patience=4
2026-08-27 03:04:53,804 | INFO | VALID_STEP step=0 stage=resume epoch=0 recall@10=0.142387 recall@10=0.142387 improved=True
2026-08-27 03:04:53,807 | INFO | BEST_CHECKPOINT step=0 stage=resume recall@10=0.142387 path=/workspace/P78123011/MediaTek_2026_project/outputs_mamba_rl/yelp19/20260827_030443/best_validation.pt
2026-08-27 03:05:52,744 | INFO | stage=specialists epoch=1 loss=19.395534 steps=770 transitions/s=13484.10
2026-08-27 03:06:04,185 | INFO | VALID_STEP step=1000 stage=coordinator epoch=1 recall@10=0.142350 recall@10=0.142350 improved=False
2026-08-27 03:06:04,185 | INFO | LEARNING_RATE step=1000 stage=coordinator lr=0.0002
2026-08-27 03:06:23,639 | INFO | stage=coordinator epoch=1 loss=9.665113 steps=770 transitions/s=28376.22
2026-08-27 03:06:43,666 | INFO | VALID_STEP step=2000 stage=coordinator epoch=2 recall@10=0.142646 recall@10=0.142646 improved=True
2026-08-27 03:06:43,671 | INFO | BEST_CHECKPOINT step=2000 stage=coordinator recall@10=0.142646 path=/workspace/P78123011/MediaTek_2026_project/outputs_mamba_rl/yelp19/20260827_030443/best_validation.pt
2026-08-27 03:06:43,671 | INFO | LEARNING_RATE step=2000 stage=coordinator lr=0.0002
2026-08-27 03:06:54,938 | INFO | stage=coordinator epoch=2 loss=9.659257 steps=770 transitions/s=27975.87
2026-08-27 03:08:11,299 | INFO | VALID_STEP step=3000 stage=joint epoch=1 recall@10=0.142424 recall@10=0.142424 improved=False
2026-08-27 03:08:11,299 | INFO | LEARNING_RATE step=3000 stage=joint lr=3.75e-05
2026-08-27 03:08:19,733 | INFO | stage=joint epoch=1 loss=9.628509 steps=770 transitions/s=9637.11
2026-08-27 03:09:41,507 | INFO | stage=joint epoch=2 loss=9.643259 steps=770 transitions/s=9656.54
2026-08-27 03:10:00,624 | INFO | VALID_STEP step=4000 stage=joint epoch=3 recall@10=0.141610 recall@10=0.141610 improved=False
2026-08-27 03:10:00,625 | INFO | LEARNING_RATE step=4000 stage=joint lr=3.75e-05
2026-08-27 03:11:06,345 | INFO | stage=joint epoch=3 loss=9.640666 steps=770 transitions/s=9631.53
2026-08-27 03:11:49,935 | INFO | VALID_STEP step=5000 stage=joint epoch=4 recall@10=0.142091 recall@10=0.142091 improved=False
2026-08-27 03:11:49,935 | INFO | LEARNING_RATE step=5000 stage=joint lr=1.875e-05
2026-08-27 03:12:31,194 | INFO | stage=joint epoch=4 loss=9.635718 steps=770 transitions/s=9631.78
2026-08-27 03:13:38,834 | INFO | VALID_STEP step=6000 stage=joint epoch=5 recall@10=0.142979 recall@10=0.142979 improved=True
2026-08-27 03:13:38,836 | INFO | BEST_CHECKPOINT step=6000 stage=joint recall@10=0.142979 path=/workspace/P78123011/MediaTek_2026_project/outputs_mamba_rl/yelp19/20260827_030443/best_validation.pt
2026-08-27 03:13:38,836 | INFO | LEARNING_RATE step=6000 stage=joint lr=1.875e-05
2026-08-27 03:13:55,801 | INFO | stage=joint epoch=5 loss=9.633195 steps=770 transitions/s=9660.27
2026-08-27 03:15:17,306 | INFO | stage=joint epoch=6 loss=9.631451 steps=770 transitions/s=9689.39
2026-08-27 03:15:27,757 | INFO | VALID_STEP step=7000 stage=joint epoch=7 recall@10=0.141869 recall@10=0.141869 improved=False
2026-08-27 03:15:27,757 | INFO | LEARNING_RATE step=7000 stage=joint lr=1.875e-05
2026-08-27 03:16:41,871 | INFO | stage=joint epoch=7 loss=9.630076 steps=770 transitions/s=9665.09
2026-08-27 03:17:16,622 | INFO | VALID_STEP step=8000 stage=joint epoch=8 recall@10=0.142165 recall@10=0.142165 improved=False
2026-08-27 03:17:16,622 | INFO | LEARNING_RATE step=8000 stage=joint lr=9.375e-06
2026-08-27 03:18:06,456 | INFO | stage=joint epoch=8 loss=9.627773 steps=770 transitions/s=9662.93
2026-08-27 03:19:05,583 | INFO | VALID_STEP step=9000 stage=joint epoch=9 recall@10=0.142572 recall@10=0.142572 improved=False
2026-08-27 03:19:05,583 | INFO | LEARNING_RATE step=9000 stage=joint lr=9.375e-06
2026-08-27 03:19:30,926 | INFO | stage=joint epoch=9 loss=9.626170 steps=770 transitions/s=9675.89
2026-08-27 03:20:54,399 | INFO | VALID_STEP step=10000 stage=joint epoch=10 recall@10=0.141906 recall@10=0.141906 improved=False
2026-08-27 03:20:54,399 | INFO | LEARNING_RATE step=10000 stage=joint lr=4.6875e-06
2026-08-27 03:20:54,400 | INFO | EARLY_STOP step=10000 checks_without_improvement=4 best_step=6000 best_recall@10=0.142979
2026-08-27 03:20:54,400 | INFO | stage=joint epoch=10 loss=9.625518 steps=760 transitions/s=9676.22
2026-08-27 03:20:57,247 | INFO | VALID_STEP step=10000 stage=final epoch=0 recall@10=0.141906 recall@10=0.141906 improved=False
2026-08-27 03:20:57,248 | INFO | RESTORE_BEST step=6000 stage=joint recall@10=0.142979
2026-08-27 03:21:02,894 | INFO | VALID_BEST {"ndcg@10": 0.08032680637351716, "ndcg@5": 0.06602334390557281, "recall@10": 0.1429786919206866, "recall@5": 0.09858686001775674, "scores_per_second": 192421135.9363097, "users_per_second": 9496.650672999194}
2026-08-27 03:21:02,894 | INFO | TEST_FINAL {"ndcg@10": 0.05544664437123818, "ndcg@5": 0.04656033383279413, "recall@10": 0.09684817993489198, "recall@5": 0.06939923054158034, "scores_per_second": 196078215.82927737, "users_per_second": 9677.140254134703}
2026-08-27 03:21:02,894 | INFO | TARGET_RESULT metric=recall@10 target=>0.000000 actual=0.096848 achieved=True
2026-08-27 03:21:03,069 | INFO | outputs=/workspace/P78123011/MediaTek_2026_project/outputs_mamba_rl/yelp19/20260827_030443
