2026-09-24 18:27:26,795 | INFO | run_id=20260924_182726 dataset=amazon:Baby_Products device=cuda:0
2026-09-24 18:27:26,795 | INFO | CUDA_SCOPE requested_physical=1 visible_count=1 main_logical=cuda:0 graph_logical=cuda:0
2026-09-24 18:27:26,795 | INFO | MODEL recommender=MultiAgentMambaRecommender semantic_encoder=MambaTextEncoder semantic_model_id=state-spaces/mamba-130m-hf graph_backbone=LightGCN adaptation=multi_lora
2026-09-24 18:27:26,795 | INFO | ABLATION USE_LONG=1 USE_SHORT=0 USE_PREFERENCE=0 USE_GCN=1
2026-09-24 18:27:26,795 | INFO | AGENT_HISTORY mode=full_history effective_max_history=100
2026-09-24 18:27:26,795 | INFO | EXPERIMENT_NOTE preliminary single full-history Mamba+LoRA+LightGCN; no coordinator or short/preference agents; no saved weights
2026-09-24 18:27:26,795 | INFO | EXPERIMENT_CONFIG {"agent_diversity_coef": 0.02, "batch_size": 128, "cache_dir": "/workspace/P78123011/cache", "candidates": 192, "coordinator_epochs": 0, "coordinator_lr": 0.0001, "data_path": null, "dataset": "amazon:Baby_Products", "device": "cuda:0", "dim": 128, "early_stopping_patience": 6, "enable_lora": 1, "eval_batch_size": 64, "eval_length_basis": "untruncated_train_history", "eval_length_threshold": null, "experiment_note": "preliminary single full-history Mamba+LoRA+LightGCN; no coordinator or short/preference agents; no saved weights", "full_catalog_supervised": false, "future_decay": 0.5, "future_horizon": 3, "generate_reasons": false, "graph_device": "cuda:0", "hard_negative_fraction": 0.75, "hard_negative_pool_multiplier": 12, "hard_negative_warmup_epochs": 2, "history_influence_negatives": 64, "history_influence_output": "/workspace/P78123011/MediaTek_2026_project/preliminary/outputs/training/amazon_Baby_Products/history_item_influence.csv", "history_influence_user_limit": 2000, "item_prompt_prefix": "Preference-aware product representation: ", "item_vector_artifact": null, "joint_epochs": 3, "joint_lr": 5e-05, "lora_alpha": 32.0, "lora_dropout": 0.05, "lora_rank": 16, "lr_patience": 2, "mamba_encode_batch_size": 32, "mamba_max_tokens": 32, "mamba_model_id": "state-spaces/mamba-130m-hf", "max_events": null, "max_history": 100, "max_transitions": 1500000, "min_rating": 4.0, "monitor_metric": "ndcg@10", "output_dir": "/workspace/P78123011/MediaTek_2026_project/ver4/outputs_mamba_rl/amazons_lora", "output_run_dir": "/workspace/P78123011/MediaTek_2026_project/preliminary/outputs/training/amazon_Baby_Products/single_mamba_lora_lightgcn_20260924_182726", "periodic_test_user_limit": 0, "popularity_alpha": 0.3, "preference_balance_coef": 0.01, "preference_coef": 0.2, "preference_contrastive_coef": 0.05, "preference_count": 32, "preference_hidden": 128, "preference_score_weight": 0.2, "preference_separation_coef": 0.01, "preference_sharpness_coef": 0.05, "preference_temperature": 0.2, "preference_transition_coef": 0.1, "reason_count": 20, "reason_max_new_tokens": 40, "refresh_data_cache": false, "resume_checkpoint": null, "save_model_weights": false, "score_file": "/workspace/P78123011/MediaTek_2026_project/preliminary/outputs/training/amazon_Baby_Products/single_mamba_lora_lightgcn_20260924_182726/amazon_Baby_Products_scores.json", "seed": 25252, "short_window": 10, "skip_mamba": false, "specialist_epochs": 0, "specialist_lr": 0.0001, "target_recall_at_10": 0.15, "transition_beta": 0.5, "use_graph_embeddings": true, "use_in_batch_negatives": true, "use_long": 1, "use_preference": 0, "use_short": 0, "validate_every_steps": 2147483647, "validation_user_limit": 0}
2026-09-24 18:27:27,039 | INFO | INTERACTION_CACHE hit path=/workspace/P78123011/cache/mamba_multi_agent_data/amazon_Baby_Products_e6e228b87df8.pkl
2026-09-24 18:27:27,042 | INFO | users=184834 items=77324 train_interactions=1121805
2026-09-24 18:27:30,615 | INFO | CATALOG_PRIORS popularity_alpha=0.300000 transition_beta=0.500000 source=train_histories_only enabled=True
2026-09-24 18:27:31,166 | INFO | ITEM_VECTOR_ARTIFACT path=/workspace/P78123011/cache/mamba_multi_agent/amazon_Baby_Products_77324_1b6c35e33122_prompt_tok32.pt fingerprint=1b6c35e33122
2026-09-24 18:27:31,166 | INFO | SEMANTIC_BACKBONE model_id=state-spaces/mamba-130m-hf hidden_size=768 frozen=True usage=shared_cached_item_vectors
2026-09-24 18:27:31,542 | INFO | GRAPH_EMBEDDINGS enabled=True source=train_histories_only main_device=cuda:0 graph_device=cuda:0
2026-09-24 18:27:31,789 | INFO | ADAPTATION_MODE mode=multi_lora enable_lora=1
2026-09-24 18:27:31,789 | INFO | ADAPTER_ROUTES {'long': ('candidate_lora', 'delta_lora', 'gate_lora', 'output_lora')}
2026-09-24 18:27:31,789 | INFO | agent_parameters={'long': 16513, 'short': 16513, 'preference': 78786, 'coordinator': 0, 'shared_projection': 98304, 'graph': 33556224}
2026-09-24 18:27:31,789 | INFO | PREDICTION_PATH graph_only=False active_agents=1 coordinator=False
2026-09-24 18:27:33,319 | INFO | training_transitions=936971
2026-09-24 18:27:33,319 | INFO | schedule specialist_epochs=0 coordinator_epochs=0 joint_ranking_epochs=3 validate_every_steps=2147483647 validation_users=0 periodic_test_users=0 monitor=ndcg@10 early_stopping_patience=6
2026-09-24 18:27:33,319 | INFO | SKIP_STAGE stage=specialists epochs=0 use_coordinator=False
2026-09-24 18:27:33,319 | INFO | SKIP_STAGE stage=coordinator epochs=0 use_coordinator=False
2026-09-24 18:27:33,838 | INFO | TRAINING_BRANCHES stage=joint long=True short=False preference=False gcn=True preference_auxiliary=False preference_contrastive=False diversity_pairs=0 trainable_parameters=33671041
2026-09-24 18:42:20,012 | INFO | 
========== PERIODIC VALIDATION ==========
stage=joint | epoch=1 | step=7321 | users=184584/184584
NDCG  | @5 0.020965 | @10 0.024845
Recall| @5 0.028952 | @10 0.041027
Hit   | @5 0.028952 | @10 0.041027
================================
2026-09-24 18:43:02,325 | INFO | 
========== PERIODIC TEST ==========
stage=joint | epoch=1 | step=7321 | users=184584/184584
NDCG  | @5 0.022211 | @10 0.025881
Recall| @5 0.030084 | @10 0.041510
Hit   | @5 0.030084 | @10 0.041510
================================
2026-09-24 18:43:02,325 | INFO | VALID_STEP step=7321 stage=joint epoch=1 ndcg@10=0.024845 recall@10=0.041027 improved=True
2026-09-24 18:43:02,399 | INFO | BEST_MODEL_IN_MEMORY step=7321 stage=joint ndcg@10=0.024845
2026-09-24 18:43:02,399 | INFO | LEARNING_RATE step=7321 stage=joint lr=5e-05
2026-09-24 18:43:02,400 | INFO | stage=joint epoch=1 loss=4.991205 steps=7321 transitions/s=1111.54
2026-09-24 18:57:40,470 | INFO | 
========== PERIODIC VALIDATION ==========
stage=joint | epoch=2 | step=14642 | users=184584/184584
NDCG  | @5 0.027306 | @10 0.031799
Recall| @5 0.036542 | @10 0.050497
Hit   | @5 0.036542 | @10 0.050497
================================
2026-09-24 18:58:22,604 | INFO | 
========== PERIODIC TEST ==========
stage=joint | epoch=2 | step=14642 | users=184584/184584
NDCG  | @5 0.028762 | @10 0.032984
Recall| @5 0.037847 | @10 0.050990
Hit   | @5 0.037847 | @10 0.050990
================================
2026-09-24 18:58:22,604 | INFO | VALID_STEP step=14642 stage=joint epoch=2 ndcg@10=0.031799 recall@10=0.050497 improved=True
2026-09-24 18:58:22,680 | INFO | BEST_MODEL_IN_MEMORY step=14642 stage=joint ndcg@10=0.031799
2026-09-24 18:58:22,680 | INFO | LEARNING_RATE step=14642 stage=joint lr=5e-05
2026-09-24 18:58:22,681 | INFO | stage=joint epoch=2 loss=5.053016 steps=7321 transitions/s=1122.34
2026-09-24 19:13:03,310 | INFO | 
========== PERIODIC VALIDATION ==========
stage=joint | epoch=3 | step=21963 | users=184584/184584
NDCG  | @5 0.029896 | @10 0.034309
Recall| @5 0.039684 | @10 0.053401
Hit   | @5 0.039684 | @10 0.053401
================================
2026-09-24 19:13:45,363 | INFO | 
========== PERIODIC TEST ==========
stage=joint | epoch=3 | step=21963 | users=184584/184584
NDCG  | @5 0.031736 | @10 0.035907
Recall| @5 0.041293 | @10 0.054263
Hit   | @5 0.041293 | @10 0.054263
================================
2026-09-24 19:13:45,363 | INFO | VALID_STEP step=21963 stage=joint epoch=3 ndcg@10=0.034309 recall@10=0.053401 improved=True
2026-09-24 19:13:45,440 | INFO | BEST_MODEL_IN_MEMORY step=21963 stage=joint ndcg@10=0.034309
2026-09-24 19:13:45,441 | INFO | LEARNING_RATE step=21963 stage=joint lr=5e-05
2026-09-24 19:13:45,441 | INFO | stage=joint epoch=3 loss=4.884591 steps=7321 transitions/s=1119.24
2026-09-24 19:14:27,504 | INFO | 
========== FINAL CURRENT VALIDATION ==========
stage=final | epoch=0 | step=21963 | users=184584/184584
NDCG  | @5 0.029896 | @10 0.034309
Recall| @5 0.039684 | @10 0.053401
Hit   | @5 0.039684 | @10 0.053401
================================
2026-09-24 19:14:27,504 | INFO | VALID_STEP step=21963 stage=final epoch=0 ndcg@10=0.034309 recall@10=0.053401 improved=False
2026-09-24 19:14:27,515 | INFO | RESTORE_BEST step=21963 stage=joint ndcg@10=0.034309
2026-09-24 19:15:53,215 | INFO | HISTORY_ITEM_INFLUENCE path=/workspace/P78123011/MediaTek_2026_project/preliminary/outputs/training/amazon_Baby_Products/history_item_influence.csv rows=14437 users_limit=2000 negatives=64
2026-09-24 19:15:53,215 | INFO | 
========== BEST CHECKPOINT VALIDATION ==========
stage=joint | epoch=0 | step=21963 | users=184584/184584
NDCG  | @5 0.029896 | @10 0.034309
Recall| @5 0.039684 | @10 0.053401
Hit   | @5 0.039684 | @10 0.053401
================================
2026-09-24 19:15:53,215 | INFO | 
========== FINAL FULL TEST ==========
stage=joint | epoch=0 | step=21963 | users=184584/184584
NDCG  | @5 0.031735 | @10 0.035907
Recall| @5 0.041293 | @10 0.054263
Hit   | @5 0.041293 | @10 0.054263
================================
2026-09-24 19:15:53,215 | INFO | VALID_BEST {"evaluated_users": 184584, "hit@10": 0.05340116153079357, "hit@5": 0.03968382958436267, "long_agent_weight": 1.0, "long_preference_state_cosine": 0.0, "long_short_state_cosine": 0.0, "ndcg@10": 0.03430851846555556, "ndcg@5": 0.02989645592239616, "preference_change_probability": 0.0, "preference_current_entropy": 5.894617970625404e-06, "preference_next_entropy": 5.894617970625404e-06, "preference_ranking_weight": 0.0, "recall@10": 0.05340116153079357, "recall@5": 0.03968382958436267, "scores_per_second": 342223316.2037708, "short_agent_weight": 0.0, "short_preference_state_cosine": 0.0, "total_users": 184584, "users_per_second": 4425.835655214045}
2026-09-24 19:15:53,215 | INFO | TEST_FINAL {"evaluated_users": 184584, "hit@10": 0.05426255796818793, "hit@5": 0.041292853118363455, "long_agent_weight": 1.0, "long_preference_state_cosine": 0.0, "long_short_state_cosine": 0.0, "ndcg@10": 0.03590651872331985, "ndcg@5": 0.031735444094870925, "preference_change_probability": 0.0, "preference_current_entropy": 5.894617970625404e-06, "preference_next_entropy": 5.894617970625404e-06, "preference_ranking_weight": 0.0, "recall@10": 0.05426255796818793, "recall@5": 0.041292853118363455, "scores_per_second": 337747992.9552293, "short_agent_weight": 0.0, "short_preference_state_cosine": 0.0, "total_users": 184584, "users_per_second": 4367.958110744779}
2026-09-24 19:15:53,215 | INFO | TARGET_RESULT metric=recall@10 target=>0.150000 actual=0.054263 achieved=False
2026-09-24 19:15:53,463 | INFO | scores=/workspace/P78123011/MediaTek_2026_project/preliminary/outputs/training/amazon_Baby_Products/single_mamba_lora_lightgcn_20260924_182726/amazon_Baby_Products_scores.json
2026-09-24 19:15:53,464 | INFO | outputs=/workspace/P78123011/MediaTek_2026_project/preliminary/outputs/training/amazon_Baby_Products/single_mamba_lora_lightgcn_20260924_182726
