2026-09-10 19:09:01,506 | INFO | run_id=20260910_190901 dataset=amazon-all-beauty device=cuda:0
2026-09-10 19:09:01,506 | INFO | MODEL recommender=MultiAgentMambaRecommender semantic_encoder=MambaTextEncoder semantic_model_id=state-spaces/mamba-130m-hf graph_backbone=LightGCN adaptation=multi_lora
2026-09-10 19:09:01,506 | INFO | ABLATION USE_LONG=1 USE_SHORT=0 USE_PREFERENCE=0 USE_GCN=1
2026-09-10 19:09:01,506 | INFO | AGENT_HISTORY mode=full_history effective_max_history=100
2026-09-10 19:09:01,506 | INFO | EXPERIMENT_NOTE amazons_long_short subset=Full_Beauty; short filtered-full-sequence <= 10; long > 10; same model and full catalog
2026-09-10 19:09:01,506 | INFO | EXPERIMENT_CONFIG {"agent_diversity_coef": 0.02, "batch_size": 128, "cache_dir": "/workspace/P78123011/cache", "candidates": 64, "coordinator_epochs": 3, "coordinator_lr": 0.0001, "data_path": null, "dataset": "amazon-all-beauty", "device": "cuda:0", "dim": 128, "early_stopping_patience": 6, "enable_lora": 1, "eval_batch_size": 64, "eval_length_basis": "filtered_full_sequence", "eval_length_threshold": 10, "experiment_note": "amazons_long_short subset=Full_Beauty; short filtered-full-sequence <= 10; long > 10; same model and full catalog", "full_catalog_supervised": false, "future_decay": 0.5, "future_horizon": 3, "generate_reasons": false, "graph_device": "cuda:0", "hard_negative_fraction": 0.75, "hard_negative_pool_multiplier": 12, "hard_negative_warmup_epochs": 2, "item_prompt_prefix": "Preference-aware product representation: ", "item_vector_artifact": null, "joint_epochs": 7, "joint_lr": 5e-05, "lora_alpha": 32.0, "lora_dropout": 0.05, "lora_rank": 16, "lr_patience": 2, "mamba_encode_batch_size": 32, "mamba_max_tokens": 32, "mamba_model_id": "state-spaces/mamba-130m-hf", "max_events": null, "max_history": 100, "max_transitions": 500000, "min_rating": 4.0, "monitor_metric": "ndcg@10", "output_dir": "/workspace/P78123011/MediaTek_2026_project/ver4/outputs_mamba_rl/amazons_lora", "output_run_dir": "/workspace/P78123011/MediaTek_2026_project/ver4/outputs_mamba_rl/amazons_long_short_L1_S0_P0_G1/Full_Beauty/rl_20260910_190900_r1_320995", "periodic_test_user_limit": 0, "popularity_alpha": -0.25, "preference_balance_coef": 0.01, "preference_coef": 0.2, "preference_contrastive_coef": 0.05, "preference_count": 32, "preference_hidden": 128, "preference_score_weight": 0.2, "preference_separation_coef": 0.01, "preference_sharpness_coef": 0.05, "preference_temperature": 0.2, "preference_transition_coef": 0.1, "reason_count": 20, "reason_max_new_tokens": 40, "refresh_data_cache": false, "resume_checkpoint": null, "save_model_weights": false, "score_file": "/workspace/P78123011/MediaTek_2026_project/ver4/outputs_mamba_rl/amazons_long_short_L1_S0_P0_G1/Full_Beauty/rl_20260910_190900_r1_320995/Full_Beauty_scores.json", "seed": 25252, "short_window": 10, "skip_mamba": false, "specialist_epochs": 3, "specialist_lr": 0.0001, "target_recall_at_10": 0.15, "transition_beta": 4.0, "use_graph_embeddings": true, "use_in_batch_negatives": true, "use_long": 1, "use_preference": 0, "use_short": 0, "validate_every_steps": 250, "validation_user_limit": 0}
2026-09-10 19:09:01,508 | INFO | INTERACTION_CACHE hit path=/workspace/P78123011/cache/mamba_multi_agent_data/amazon-all-beauty_90e3e920169a.pkl
2026-09-10 19:09:01,508 | INFO | LENGTH_SPLIT preprocessing=original_one_pass_user_item_min_5 basis=filtered_full_sequence short<=10 long>10
2026-09-10 19:09:01,508 | INFO | users=1603 items=4090 train_interactions=8445
2026-09-10 19:09:01,650 | INFO | CATALOG_PRIORS popularity_alpha=-0.250000 transition_beta=4.000000 source=train_histories_only enabled=True
2026-09-10 19:09:01,663 | INFO | ITEM_VECTOR_ARTIFACT path=/workspace/P78123011/cache/mamba_multi_agent/amazon-all-beauty_4090_47e41e57cc9e_prompt_tok32.pt fingerprint=47e41e57cc9e
2026-09-10 19:09:01,663 | INFO | SEMANTIC_BACKBONE model_id=state-spaces/mamba-130m-hf hidden_size=768 frozen=True usage=shared_cached_item_vectors
2026-09-10 19:09:01,667 | INFO | GRAPH_EMBEDDINGS enabled=True source=train_histories_only main_device=cuda:0 graph_device=cuda:0
2026-09-10 19:09:01,693 | INFO | ADAPTATION_MODE mode=multi_lora enable_lora=1
2026-09-10 19:09:01,693 | INFO | ADAPTER_ROUTES {'long': ('candidate_lora', 'delta_lora', 'gate_lora', 'output_lora')}
2026-09-10 19:09:01,693 | INFO | agent_parameters={'long': 16513, 'short': 16513, 'preference': 78786, 'coordinator': 0, 'shared_projection': 98304, 'graph': 728704}
2026-09-10 19:09:01,693 | INFO | PREDICTION_PATH graph_only=False active_agents=1 coordinator=False
2026-09-10 19:09:01,698 | INFO | training_transitions=6842
2026-09-10 19:09:01,698 | INFO | schedule specialist_epochs=3 coordinator_epochs=3 joint_ranking_epochs=7 validate_every_steps=250 validation_users=0 periodic_test_users=0 monitor=ndcg@10 early_stopping_patience=6
2026-09-10 19:09:02,172 | INFO | TRAINING_BRANCHES stage=specialists long=True short=False preference=False gcn=True preference_auxiliary=False preference_contrastive=False diversity_pairs=0 trainable_parameters=843521
2026-09-10 19:09:06,549 | INFO | 
========== PERIODIC VALIDATION ==========
stage=specialists | epoch=1 | step=54 | users=1457/1457
NDCG  | @5 0.090968 | @10 0.092740
Recall| @5 0.095402 | @10 0.100892
Hit   | @5 0.095402 | @10 0.100892
================================
2026-09-10 19:09:06,549 | INFO | PERIODIC VALIDATION SEQUENCE_LENGTH {"basis": "filtered_full_sequence", "long": {"evaluated_users": 219, "history_length_max": 119, "history_length_mean": 20.98173515981735, "history_length_min": 11, "hit@10": 0.0502283105022831, "hit@5": 0.0365296803652968, "ndcg@10": 0.035849572781508486, "ndcg@5": 0.03147392356490581, "recall@10": 0.0502283105022831, "recall@5": 0.0365296803652968, "total_users": 219}, "long_rule": "length > threshold", "short": {"evaluated_users": 1238, "history_length_max": 10, "history_length_mean": 5.27221324717286, "history_length_min": 3, "hit@10": 0.1098546042003231, "hit@5": 0.10581583198707593, "ndcg@10": 0.10280356138752879, "ndcg@5": 0.1014918672355214, "recall@10": 0.1098546042003231, "recall@5": 0.10581583198707593, "total_users": 1238}, "short_rule": "length <= threshold", "threshold": 10}
2026-09-10 19:09:06,845 | INFO | 
========== PERIODIC TEST ==========
stage=specialists | epoch=1 | step=54 | users=1457/1457
NDCG  | @5 0.105555 | @10 0.106940
Recall| @5 0.111187 | @10 0.115305
Hit   | @5 0.111187 | @10 0.115305
================================
2026-09-10 19:09:06,846 | INFO | PERIODIC TEST SEQUENCE_LENGTH {"basis": "filtered_full_sequence", "long": {"evaluated_users": 219, "history_length_max": 119, "history_length_mean": 20.98173515981735, "history_length_min": 11, "hit@10": 0.0502283105022831, "hit@5": 0.045662100456621, "ndcg@10": 0.0354647443316365, "ndcg@5": 0.03383822749552681, "recall@10": 0.0502283105022831, "recall@5": 0.045662100456621, "total_users": 219}, "long_rule": "length > threshold", "short": {"evaluated_users": 1238, "history_length_max": 10, "history_length_mean": 5.27221324717286, "history_length_min": 3, "hit@10": 0.12681744749596122, "hit@5": 0.12277867528271405, "ndcg@10": 0.11958400043189389, "ndcg@5": 0.11824131660313857, "recall@10": 0.12681744749596122, "recall@5": 0.12277867528271405, "total_users": 1238}, "short_rule": "length <= threshold", "threshold": 10}
2026-09-10 19:09:06,848 | INFO | VALID_STEP step=54 stage=specialists epoch=1 ndcg@10=0.092740 recall@10=0.100892 improved=True
2026-09-10 19:09:06,850 | INFO | BEST_MODEL_IN_MEMORY step=54 stage=specialists ndcg@10=0.092740
2026-09-10 19:09:06,851 | INFO | stage=specialists epoch=1 loss=4.101071 steps=54 transitions/s=1677.91
2026-09-10 19:09:10,902 | INFO | 
========== PERIODIC VALIDATION ==========
stage=specialists | epoch=2 | step=108 | users=1457/1457
NDCG  | @5 0.091782 | @10 0.092863
Recall| @5 0.096088 | @10 0.099520
Hit   | @5 0.096088 | @10 0.099520
================================
2026-09-10 19:09:10,902 | INFO | PERIODIC VALIDATION SEQUENCE_LENGTH {"basis": "filtered_full_sequence", "long": {"evaluated_users": 219, "history_length_max": 119, "history_length_mean": 20.98173515981735, "history_length_min": 11, "hit@10": 0.0502283105022831, "hit@5": 0.0365296803652968, "ndcg@10": 0.035849572781508486, "ndcg@5": 0.03147392356490581, "recall@10": 0.0502283105022831, "recall@5": 0.0365296803652968, "total_users": 219}, "long_rule": "length > threshold", "short": {"evaluated_users": 1238, "history_length_max": 10, "history_length_mean": 5.27221324717286, "history_length_min": 3, "hit@10": 0.10823909531502424, "hit@5": 0.10662358642972536, "ndcg@10": 0.10294832481563948, "ndcg@5": 0.10245034834354763, "recall@10": 0.10823909531502424, "recall@5": 0.10662358642972536, "total_users": 1238}, "short_rule": "length <= threshold", "threshold": 10}
2026-09-10 19:09:11,196 | INFO | 
========== PERIODIC TEST ==========
stage=specialists | epoch=2 | step=108 | users=1457/1457
NDCG  | @5 0.105886 | @10 0.106810
Recall| @5 0.111187 | @10 0.113933
Hit   | @5 0.111187 | @10 0.113933
================================
2026-09-10 19:09:11,196 | INFO | PERIODIC TEST SEQUENCE_LENGTH {"basis": "filtered_full_sequence", "long": {"evaluated_users": 219, "history_length_max": 119, "history_length_mean": 20.98173515981735, "history_length_min": 11, "hit@10": 0.045662100456621, "hit@5": 0.0410958904109589, "ndcg@10": 0.032929688662942255, "ndcg@5": 0.03155512247269576, "recall@10": 0.045662100456621, "recall@5": 0.0410958904109589, "total_users": 219}, "long_rule": "length > threshold", "short": {"evaluated_users": 1238, "history_length_max": 10, "history_length_mean": 5.27221324717286, "history_length_min": 3, "hit@10": 0.1260096930533118, "hit@5": 0.12358642972536349, "ndcg@10": 0.11987941445995873, "ndcg@5": 0.11903470710329526, "recall@10": 0.1260096930533118, "recall@5": 0.12358642972536349, "total_users": 1238}, "short_rule": "length <= threshold", "threshold": 10}
2026-09-10 19:09:11,196 | INFO | VALID_STEP step=108 stage=specialists epoch=2 ndcg@10=0.092863 recall@10=0.099520 improved=True
2026-09-10 19:09:11,199 | INFO | BEST_MODEL_IN_MEMORY step=108 stage=specialists ndcg@10=0.092863
2026-09-10 19:09:11,199 | INFO | stage=specialists epoch=2 loss=4.102155 steps=54 transitions/s=1821.75
2026-09-10 19:09:15,218 | INFO | 
========== PERIODIC VALIDATION ==========
stage=specialists | epoch=3 | step=162 | users=1457/1457
NDCG  | @5 0.092009 | @10 0.093295
Recall| @5 0.096088 | @10 0.100206
Hit   | @5 0.096088 | @10 0.100206
================================
2026-09-10 19:09:15,218 | INFO | PERIODIC VALIDATION SEQUENCE_LENGTH {"basis": "filtered_full_sequence", "long": {"evaluated_users": 219, "history_length_max": 119, "history_length_mean": 20.98173515981735, "history_length_min": 11, "hit@10": 0.0502283105022831, "hit@5": 0.0365296803652968, "ndcg@10": 0.035892629785593703, "ndcg@5": 0.03147392356490581, "recall@10": 0.0502283105022831, "recall@5": 0.0365296803652968, "total_users": 219}, "long_rule": "length > threshold", "short": {"evaluated_users": 1238, "history_length_max": 10, "history_length_mean": 5.27221324717286, "history_length_min": 3, "hit@10": 0.10904684975767366, "hit@5": 0.10662358642972536, "ndcg@10": 0.10344933271175209, "ndcg@5": 0.10271786284198829, "recall@10": 0.10904684975767366, "recall@5": 0.10662358642972536, "total_users": 1238}, "short_rule": "length <= threshold", "threshold": 10}
2026-09-10 19:09:15,513 | INFO | 
========== PERIODIC TEST ==========
stage=specialists | epoch=3 | step=162 | users=1457/1457
NDCG  | @5 0.107223 | @10 0.108562
Recall| @5 0.113246 | @10 0.117364
Hit   | @5 0.113246 | @10 0.117364
================================
2026-09-10 19:09:15,513 | INFO | PERIODIC TEST SEQUENCE_LENGTH {"basis": "filtered_full_sequence", "long": {"evaluated_users": 219, "history_length_max": 119, "history_length_mean": 20.98173515981735, "history_length_min": 11, "hit@10": 0.0502283105022831, "hit@5": 0.045662100456621, "ndcg@10": 0.035212793685773305, "ndcg@5": 0.03383822749552681, "recall@10": 0.0502283105022831, "recall@5": 0.045662100456621, "total_users": 219}, "long_rule": "length > threshold", "short": {"evaluated_users": 1238, "history_length_max": 10, "history_length_mean": 5.27221324717286, "history_length_min": 3, "hit@10": 0.12924071082390953, "hit@5": 0.12520193861066237, "ndcg@10": 0.12153772530162513, "ndcg@5": 0.12020470639156618, "recall@10": 0.12924071082390953, "recall@5": 0.12520193861066237, "total_users": 1238}, "short_rule": "length <= threshold", "threshold": 10}
2026-09-10 19:09:15,513 | INFO | VALID_STEP step=162 stage=specialists epoch=3 ndcg@10=0.093295 recall@10=0.100206 improved=True
2026-09-10 19:09:15,515 | INFO | BEST_MODEL_IN_MEMORY step=162 stage=specialists ndcg@10=0.093295
2026-09-10 19:09:15,516 | INFO | stage=specialists epoch=3 loss=4.064103 steps=54 transitions/s=1838.15
2026-09-10 19:09:15,517 | INFO | SKIP_STAGE stage=coordinator epochs=3 use_coordinator=False
2026-09-10 19:09:15,517 | INFO | TRAINING_BRANCHES stage=joint long=True short=False preference=False gcn=True preference_auxiliary=False preference_contrastive=False diversity_pairs=0 trainable_parameters=843521
2026-09-10 19:09:19,597 | INFO | 
========== PERIODIC VALIDATION ==========
stage=joint | epoch=1 | step=216 | users=1457/1457
NDCG  | @5 0.092263 | @10 0.093564
Recall| @5 0.096088 | @10 0.100206
Hit   | @5 0.096088 | @10 0.100206
================================
2026-09-10 19:09:19,597 | INFO | PERIODIC VALIDATION SEQUENCE_LENGTH {"basis": "filtered_full_sequence", "long": {"evaluated_users": 219, "history_length_max": 119, "history_length_mean": 20.98173515981735, "history_length_min": 11, "hit@10": 0.0502283105022831, "hit@5": 0.0365296803652968, "ndcg@10": 0.037682328873279686, "ndcg@5": 0.03315917583170281, "recall@10": 0.0502283105022831, "recall@5": 0.0365296803652968, "total_users": 219}, "long_rule": "length > threshold", "short": {"evaluated_users": 1238, "history_length_max": 10, "history_length_mean": 5.27221324717286, "history_length_min": 3, "hit@10": 0.10904684975767366, "hit@5": 0.10662358642972536, "ndcg@10": 0.10344933271175209, "ndcg@5": 0.10271786284198828, "recall@10": 0.10904684975767366, "recall@5": 0.10662358642972536, "total_users": 1238}, "short_rule": "length <= threshold", "threshold": 10}
2026-09-10 19:09:19,898 | INFO | 
========== PERIODIC TEST ==========
stage=joint | epoch=1 | step=216 | users=1457/1457
NDCG  | @5 0.107309 | @10 0.108432
Recall| @5 0.113246 | @10 0.116678
Hit   | @5 0.113246 | @10 0.116678
================================
2026-09-10 19:09:19,898 | INFO | PERIODIC TEST SEQUENCE_LENGTH {"basis": "filtered_full_sequence", "long": {"evaluated_users": 219, "history_length_max": 119, "history_length_mean": 20.98173515981735, "history_length_min": 11, "hit@10": 0.0502283105022831, "hit@5": 0.045662100456621, "ndcg@10": 0.035929012323144924, "ndcg@5": 0.034609081609364614, "recall@10": 0.0502283105022831, "recall@5": 0.045662100456621, "total_users": 219}, "long_rule": "length > threshold", "short": {"evaluated_users": 1238, "history_length_max": 10, "history_length_mean": 5.27221324717286, "history_length_min": 3, "hit@10": 0.1284329563812601, "hit@5": 0.12520193861066237, "ndcg@10": 0.12125717323516433, "ndcg@5": 0.12016930756213251, "recall@10": 0.1284329563812601, "recall@5": 0.12520193861066237, "total_users": 1238}, "short_rule": "length <= threshold", "threshold": 10}
2026-09-10 19:09:19,898 | INFO | VALID_STEP step=216 stage=joint epoch=1 ndcg@10=0.093564 recall@10=0.100206 improved=True
2026-09-10 19:09:19,900 | INFO | BEST_MODEL_IN_MEMORY step=216 stage=joint ndcg@10=0.093564
2026-09-10 19:09:19,901 | INFO | LEARNING_RATE step=216 stage=joint lr=5e-05
2026-09-10 19:09:19,901 | INFO | stage=joint epoch=1 loss=3.987965 steps=54 transitions/s=1808.57
2026-09-10 19:09:24,035 | INFO | 
========== PERIODIC VALIDATION ==========
stage=joint | epoch=2 | step=270 | users=1457/1457
NDCG  | @5 0.092516 | @10 0.093802
Recall| @5 0.096088 | @10 0.100206
Hit   | @5 0.096088 | @10 0.100206
================================
2026-09-10 19:09:24,035 | INFO | PERIODIC VALIDATION SEQUENCE_LENGTH {"basis": "filtered_full_sequence", "long": {"evaluated_users": 219, "history_length_max": 119, "history_length_mean": 20.98173515981735, "history_length_min": 11, "hit@10": 0.0502283105022831, "hit@5": 0.0365296803652968, "ndcg@10": 0.0375778820523907, "ndcg@5": 0.03315917583170281, "recall@10": 0.0502283105022831, "recall@5": 0.0365296803652968, "total_users": 219}, "long_rule": "length > threshold", "short": {"evaluated_users": 1238, "history_length_max": 10, "history_length_mean": 5.27221324717286, "history_length_min": 3, "hit@10": 0.10904684975767366, "hit@5": 0.10662358642972536, "ndcg@10": 0.10374745084295445, "ndcg@5": 0.10301598097319066, "recall@10": 0.10904684975767366, "recall@5": 0.10662358642972536, "total_users": 1238}, "short_rule": "length <= threshold", "threshold": 10}
2026-09-10 19:09:24,329 | INFO | 
========== PERIODIC TEST ==========
stage=joint | epoch=2 | step=270 | users=1457/1457
NDCG  | @5 0.106820 | @10 0.108568
Recall| @5 0.112560 | @10 0.118051
Hit   | @5 0.112560 | @10 0.118051
================================
2026-09-10 19:09:24,329 | INFO | PERIODIC TEST SEQUENCE_LENGTH {"basis": "filtered_full_sequence", "long": {"evaluated_users": 219, "history_length_max": 119, "history_length_mean": 20.98173515981735, "history_length_min": 11, "hit@10": 0.0502283105022831, "hit@5": 0.045662100456621, "ndcg@10": 0.035929012323144924, "ndcg@5": 0.034609081609364614, "recall@10": 0.0502283105022831, "recall@5": 0.045662100456621, "total_users": 219}, "long_rule": "length > threshold", "short": {"evaluated_users": 1238, "history_length_max": 10, "history_length_mean": 5.27221324717286, "history_length_min": 3, "hit@10": 0.13004846526655897, "hit@5": 0.12439418416801293, "ndcg@10": 0.12141821013592755, "ndcg@5": 0.11959410618666869, "recall@10": 0.13004846526655897, "recall@5": 0.12439418416801293, "total_users": 1238}, "short_rule": "length <= threshold", "threshold": 10}
2026-09-10 19:09:24,329 | INFO | VALID_STEP step=270 stage=joint epoch=2 ndcg@10=0.093802 recall@10=0.100206 improved=True
2026-09-10 19:09:24,331 | INFO | BEST_MODEL_IN_MEMORY step=270 stage=joint ndcg@10=0.093802
2026-09-10 19:09:24,331 | INFO | LEARNING_RATE step=270 stage=joint lr=5e-05
2026-09-10 19:09:24,331 | INFO | stage=joint epoch=2 loss=4.020603 steps=54 transitions/s=1782.66
2026-09-10 19:09:28,438 | INFO | 
========== PERIODIC VALIDATION ==========
stage=joint | epoch=3 | step=324 | users=1457/1457
NDCG  | @5 0.092516 | @10 0.093844
Recall| @5 0.096088 | @10 0.100206
Hit   | @5 0.096088 | @10 0.100206
================================
2026-09-10 19:09:28,439 | INFO | PERIODIC VALIDATION SEQUENCE_LENGTH {"basis": "filtered_full_sequence", "long": {"evaluated_users": 219, "history_length_max": 119, "history_length_mean": 20.98173515981735, "history_length_min": 11, "hit@10": 0.0502283105022831, "hit@5": 0.0365296803652968, "ndcg@10": 0.0375778820523907, "ndcg@5": 0.03315917583170281, "recall@10": 0.0502283105022831, "recall@5": 0.0365296803652968, "total_users": 219}, "long_rule": "length > threshold", "short": {"evaluated_users": 1238, "history_length_max": 10, "history_length_mean": 5.27221324717286, "history_length_min": 3, "hit@10": 0.10904684975767366, "hit@5": 0.10662358642972536, "ndcg@10": 0.10379764225132526, "ndcg@5": 0.10301598097319066, "recall@10": 0.10904684975767366, "recall@5": 0.10662358642972536, "total_users": 1238}, "short_rule": "length <= threshold", "threshold": 10}
2026-09-10 19:09:28,741 | INFO | 
========== PERIODIC TEST ==========
stage=joint | epoch=3 | step=324 | users=1457/1457
NDCG  | @5 0.107258 | @10 0.108389
Recall| @5 0.113246 | @10 0.116678
Hit   | @5 0.113246 | @10 0.116678
================================
2026-09-10 19:09:28,741 | INFO | PERIODIC TEST SEQUENCE_LENGTH {"basis": "filtered_full_sequence", "long": {"evaluated_users": 219, "history_length_max": 119, "history_length_mean": 20.98173515981735, "history_length_min": 11, "hit@10": 0.045662100456621, "hit@5": 0.045662100456621, "ndcg@10": 0.03492562700628976, "ndcg@5": 0.03492562700628976, "recall@10": 0.045662100456621, "recall@5": 0.045662100456621, "total_users": 219}, "long_rule": "length > threshold", "short": {"evaluated_users": 1238, "history_length_max": 10, "history_length_mean": 5.27221324717286, "history_length_min": 3, "hit@10": 0.12924071082390953, "hit@5": 0.12520193861066237, "ndcg@10": 0.1213850037155895, "ndcg@5": 0.12005397972618939, "recall@10": 0.12924071082390953, "recall@5": 0.12520193861066237, "total_users": 1238}, "short_rule": "length <= threshold", "threshold": 10}
2026-09-10 19:09:28,742 | INFO | VALID_STEP step=324 stage=joint epoch=3 ndcg@10=0.093844 recall@10=0.100206 improved=True
2026-09-10 19:09:28,744 | INFO | BEST_MODEL_IN_MEMORY step=324 stage=joint ndcg@10=0.093844
2026-09-10 19:09:28,744 | INFO | LEARNING_RATE step=324 stage=joint lr=5e-05
2026-09-10 19:09:28,745 | INFO | stage=joint epoch=3 loss=4.007719 steps=54 transitions/s=1798.14
2026-09-10 19:09:33,037 | INFO | 
========== PERIODIC VALIDATION ==========
stage=joint | epoch=4 | step=378 | users=1457/1457
NDCG  | @5 0.092348 | @10 0.093427
Recall| @5 0.096088 | @10 0.099520
Hit   | @5 0.096088 | @10 0.099520
================================
2026-09-10 19:09:33,038 | INFO | PERIODIC VALIDATION SEQUENCE_LENGTH {"basis": "filtered_full_sequence", "long": {"evaluated_users": 219, "history_length_max": 119, "history_length_mean": 20.98173515981735, "history_length_min": 11, "hit@10": 0.0502283105022831, "hit@5": 0.0365296803652968, "ndcg@10": 0.03764379475157677, "ndcg@5": 0.03315917583170281, "recall@10": 0.0502283105022831, "recall@5": 0.0365296803652968, "total_users": 219}, "long_rule": "length > threshold", "short": {"evaluated_users": 1238, "history_length_max": 10, "history_length_mean": 5.27221324717286, "history_length_min": 3, "hit@10": 0.10823909531502424, "hit@5": 0.10662358642972536, "ndcg@10": 0.10329547844947899, "ndcg@5": 0.10281882673543873, "recall@10": 0.10823909531502424, "recall@5": 0.10662358642972536, "total_users": 1238}, "short_rule": "length <= threshold", "threshold": 10}
2026-09-10 19:09:33,339 | INFO | 
========== PERIODIC TEST ==========
stage=joint | epoch=4 | step=378 | users=1457/1457
NDCG  | @5 0.106945 | @10 0.108792
Recall| @5 0.112560 | @10 0.118051
Hit   | @5 0.112560 | @10 0.118051
================================
2026-09-10 19:09:33,339 | INFO | PERIODIC TEST SEQUENCE_LENGTH {"basis": "filtered_full_sequence", "long": {"evaluated_users": 219, "history_length_max": 119, "history_length_mean": 20.98173515981735, "history_length_min": 11, "hit@10": 0.045662100456621, "hit@5": 0.045662100456621, "ndcg@10": 0.03492562700628976, "ndcg@5": 0.03492562700628976, "recall@10": 0.045662100456621, "recall@5": 0.045662100456621, "total_users": 219}, "long_rule": "length > threshold", "short": {"evaluated_users": 1238, "history_length_max": 10, "history_length_mean": 5.27221324717286, "history_length_min": 3, "hit@10": 0.1308562197092084, "hit@5": 0.12439418416801293, "ndcg@10": 0.12185845919455746, "ndcg@5": 0.11968550133429831, "recall@10": 0.1308562197092084, "recall@5": 0.12439418416801293, "total_users": 1238}, "short_rule": "length <= threshold", "threshold": 10}
2026-09-10 19:09:33,340 | INFO | VALID_STEP step=378 stage=joint epoch=4 ndcg@10=0.093427 recall@10=0.099520 improved=False
2026-09-10 19:09:33,340 | INFO | LEARNING_RATE step=378 stage=joint lr=5e-05
2026-09-10 19:09:33,340 | INFO | stage=joint epoch=4 loss=3.996097 steps=54 transitions/s=1715.40
2026-09-10 19:09:37,440 | INFO | 
========== PERIODIC VALIDATION ==========
stage=joint | epoch=5 | step=432 | users=1457/1457
NDCG  | @5 0.091787 | @10 0.093355
Recall| @5 0.094715 | @10 0.099520
Hit   | @5 0.094715 | @10 0.099520
================================
2026-09-10 19:09:37,440 | INFO | PERIODIC VALIDATION SEQUENCE_LENGTH {"basis": "filtered_full_sequence", "long": {"evaluated_users": 219, "history_length_max": 119, "history_length_mean": 20.98173515981735, "history_length_min": 11, "hit@10": 0.0502283105022831, "hit@5": 0.0365296803652968, "ndcg@10": 0.03764379475157677, "ndcg@5": 0.03315917583170281, "recall@10": 0.0502283105022831, "recall@5": 0.0365296803652968, "total_users": 219}, "long_rule": "length > threshold", "short": {"evaluated_users": 1238, "history_length_max": 10, "history_length_mean": 5.27221324717286, "history_length_min": 3, "hit@10": 0.10823909531502424, "hit@5": 0.1050080775444265, "ndcg@10": 0.10321057134843546, "ndcg@5": 0.10215846375861486, "recall@10": 0.10823909531502424, "recall@5": 0.1050080775444265, "total_users": 1238}, "short_rule": "length <= threshold", "threshold": 10}
2026-09-10 19:09:37,741 | INFO | 
========== PERIODIC TEST ==========
stage=joint | epoch=5 | step=432 | users=1457/1457
NDCG  | @5 0.107772 | @10 0.108676
Recall| @5 0.114619 | @10 0.117364
Hit   | @5 0.114619 | @10 0.117364
================================
2026-09-10 19:09:37,741 | INFO | PERIODIC TEST SEQUENCE_LENGTH {"basis": "filtered_full_sequence", "long": {"evaluated_users": 219, "history_length_max": 119, "history_length_mean": 20.98173515981735, "history_length_min": 11, "hit@10": 0.045662100456621, "hit@5": 0.045662100456621, "ndcg@10": 0.03492562700628976, "ndcg@5": 0.03492562700628976, "recall@10": 0.045662100456621, "recall@5": 0.045662100456621, "total_users": 219}, "long_rule": "length > threshold", "short": {"evaluated_users": 1238, "history_length_max": 10, "history_length_mean": 5.27221324717286, "history_length_min": 3, "hit@10": 0.13004846526655897, "hit@5": 0.12681744749596122, "ndcg@10": 0.12172211381399309, "ndcg@5": 0.12065834638481726, "recall@10": 0.13004846526655897, "recall@5": 0.12681744749596122, "total_users": 1238}, "short_rule": "length <= threshold", "threshold": 10}
2026-09-10 19:09:37,741 | INFO | VALID_STEP step=432 stage=joint epoch=5 ndcg@10=0.093355 recall@10=0.099520 improved=False
2026-09-10 19:09:37,741 | INFO | LEARNING_RATE step=432 stage=joint lr=5e-05
2026-09-10 19:09:37,742 | INFO | stage=joint epoch=5 loss=3.984282 steps=54 transitions/s=1802.47
2026-09-10 19:09:41,908 | INFO | 
========== PERIODIC VALIDATION ==========
stage=joint | epoch=6 | step=486 | users=1457/1457
NDCG  | @5 0.092053 | @10 0.093386
Recall| @5 0.095402 | @10 0.099520
Hit   | @5 0.095402 | @10 0.099520
================================
2026-09-10 19:09:41,908 | INFO | PERIODIC VALIDATION SEQUENCE_LENGTH {"basis": "filtered_full_sequence", "long": {"evaluated_users": 219, "history_length_max": 119, "history_length_mean": 20.98173515981735, "history_length_min": 11, "hit@10": 0.0502283105022831, "hit@5": 0.0365296803652968, "ndcg@10": 0.03764379475157677, "ndcg@5": 0.03315917583170281, "recall@10": 0.0502283105022831, "recall@5": 0.0365296803652968, "total_users": 219}, "long_rule": "length > threshold", "short": {"evaluated_users": 1238, "history_length_max": 10, "history_length_mean": 5.27221324717286, "history_length_min": 3, "hit@10": 0.10823909531502424, "hit@5": 0.10581583198707593, "ndcg@10": 0.10324698532359561, "ndcg@5": 0.10247094583230996, "recall@10": 0.10823909531502424, "recall@5": 0.10581583198707593, "total_users": 1238}, "short_rule": "length <= threshold", "threshold": 10}
2026-09-10 19:09:42,208 | INFO | 
========== PERIODIC TEST ==========
stage=joint | epoch=6 | step=486 | users=1457/1457
NDCG  | @5 0.108055 | @10 0.109367
Recall| @5 0.114619 | @10 0.118737
Hit   | @5 0.114619 | @10 0.118737
================================
2026-09-10 19:09:42,208 | INFO | PERIODIC TEST SEQUENCE_LENGTH {"basis": "filtered_full_sequence", "long": {"evaluated_users": 219, "history_length_max": 119, "history_length_mean": 20.98173515981735, "history_length_min": 11, "hit@10": 0.0502283105022831, "hit@5": 0.045662100456621, "ndcg@10": 0.03630019319653625, "ndcg@5": 0.03492562700628976, "recall@10": 0.0502283105022831, "recall@5": 0.045662100456621, "total_users": 219}, "long_rule": "length > threshold", "short": {"evaluated_users": 1238, "history_length_max": 10, "history_length_mean": 5.27221324717286, "history_length_min": 3, "hit@10": 0.1308562197092084, "hit@5": 0.12681744749596122, "ndcg@10": 0.12229197247334561, "ndcg@5": 0.12099186334545328, "recall@10": 0.1308562197092084, "recall@5": 0.12681744749596122, "total_users": 1238}, "short_rule": "length <= threshold", "threshold": 10}
2026-09-10 19:09:42,209 | INFO | VALID_STEP step=486 stage=joint epoch=6 ndcg@10=0.093386 recall@10=0.099520 improved=False
2026-09-10 19:09:42,209 | INFO | LEARNING_RATE step=486 stage=joint lr=2.5e-05
2026-09-10 19:09:42,209 | INFO | stage=joint epoch=6 loss=3.973878 steps=54 transitions/s=1775.74
2026-09-10 19:09:46,420 | INFO | 
========== PERIODIC VALIDATION ==========
stage=joint | epoch=7 | step=540 | users=1457/1457
NDCG  | @5 0.092053 | @10 0.093371
Recall| @5 0.095402 | @10 0.099520
Hit   | @5 0.095402 | @10 0.099520
================================
2026-09-10 19:09:46,420 | INFO | PERIODIC VALIDATION SEQUENCE_LENGTH {"basis": "filtered_full_sequence", "long": {"evaluated_users": 219, "history_length_max": 119, "history_length_mean": 20.98173515981735, "history_length_min": 11, "hit@10": 0.0502283105022831, "hit@5": 0.0365296803652968, "ndcg@10": 0.03764379475157677, "ndcg@5": 0.03315917583170281, "recall@10": 0.0502283105022831, "recall@5": 0.0365296803652968, "total_users": 219}, "long_rule": "length > threshold", "short": {"evaluated_users": 1238, "history_length_max": 10, "history_length_mean": 5.27221324717286, "history_length_min": 3, "hit@10": 0.10823909531502424, "hit@5": 0.10581583198707593, "ndcg@10": 0.1032285088665886, "ndcg@5": 0.10247094583230996, "recall@10": 0.10823909531502424, "recall@5": 0.10581583198707593, "total_users": 1238}, "short_rule": "length <= threshold", "threshold": 10}
2026-09-10 19:09:46,724 | INFO | 
========== PERIODIC TEST ==========
stage=joint | epoch=7 | step=540 | users=1457/1457
NDCG  | @5 0.107724 | @10 0.108859
Recall| @5 0.114619 | @10 0.118051
Hit   | @5 0.114619 | @10 0.118051
================================
2026-09-10 19:09:46,725 | INFO | PERIODIC TEST SEQUENCE_LENGTH {"basis": "filtered_full_sequence", "long": {"evaluated_users": 219, "history_length_max": 119, "history_length_mean": 20.98173515981735, "history_length_min": 11, "hit@10": 0.0502283105022831, "hit@5": 0.045662100456621, "ndcg@10": 0.03636610589572231, "ndcg@5": 0.03492562700628976, "recall@10": 0.0502283105022831, "recall@5": 0.045662100456621, "total_users": 219}, "long_rule": "length > threshold", "short": {"evaluated_users": 1238, "history_length_max": 10, "history_length_mean": 5.27221324717286, "history_length_min": 3, "hit@10": 0.13004846526655897, "hit@5": 0.12681744749596122, "ndcg@10": 0.12168339912200127, "ndcg@5": 0.1206023500666213, "recall@10": 0.13004846526655897, "recall@5": 0.12681744749596122, "total_users": 1238}, "short_rule": "length <= threshold", "threshold": 10}
2026-09-10 19:09:46,725 | INFO | VALID_STEP step=540 stage=joint epoch=7 ndcg@10=0.093371 recall@10=0.099520 improved=False
2026-09-10 19:09:46,725 | INFO | LEARNING_RATE step=540 stage=joint lr=2.5e-05
2026-09-10 19:09:46,726 | INFO | stage=joint epoch=7 loss=3.964295 steps=54 transitions/s=1781.29
2026-09-10 19:09:47,024 | INFO | 
========== FINAL CURRENT VALIDATION ==========
stage=final | epoch=0 | step=540 | users=1457/1457
NDCG  | @5 0.092053 | @10 0.093371
Recall| @5 0.095402 | @10 0.099520
Hit   | @5 0.095402 | @10 0.099520
================================
2026-09-10 19:09:47,024 | INFO | FINAL CURRENT VALIDATION SEQUENCE_LENGTH {"basis": "filtered_full_sequence", "long": {"evaluated_users": 219, "history_length_max": 119, "history_length_mean": 20.98173515981735, "history_length_min": 11, "hit@10": 0.0502283105022831, "hit@5": 0.0365296803652968, "ndcg@10": 0.03764379475157677, "ndcg@5": 0.03315917583170281, "recall@10": 0.0502283105022831, "recall@5": 0.0365296803652968, "total_users": 219}, "long_rule": "length > threshold", "short": {"evaluated_users": 1238, "history_length_max": 10, "history_length_mean": 5.27221324717286, "history_length_min": 3, "hit@10": 0.10823909531502424, "hit@5": 0.10581583198707593, "ndcg@10": 0.1032285088665886, "ndcg@5": 0.10247094583230996, "recall@10": 0.10823909531502424, "recall@5": 0.10581583198707593, "total_users": 1238}, "short_rule": "length <= threshold", "threshold": 10}
2026-09-10 19:09:47,024 | INFO | VALID_STEP step=540 stage=final epoch=0 ndcg@10=0.093371 recall@10=0.099520 improved=False
2026-09-10 19:09:47,026 | INFO | RESTORE_BEST step=324 stage=joint ndcg@10=0.093844
2026-09-10 19:09:47,640 | INFO | 
========== BEST CHECKPOINT VALIDATION ==========
stage=joint | epoch=0 | step=324 | users=1457/1457
NDCG  | @5 0.092516 | @10 0.093844
Recall| @5 0.096088 | @10 0.100206
Hit   | @5 0.096088 | @10 0.100206
================================
2026-09-10 19:09:47,641 | INFO | BEST CHECKPOINT VALIDATION SEQUENCE_LENGTH {"basis": "filtered_full_sequence", "long": {"evaluated_users": 219, "history_length_max": 119, "history_length_mean": 20.98173515981735, "history_length_min": 11, "hit@10": 0.0502283105022831, "hit@5": 0.0365296803652968, "ndcg@10": 0.0375778820523907, "ndcg@5": 0.03315917583170281, "recall@10": 0.0502283105022831, "recall@5": 0.0365296803652968, "total_users": 219}, "long_rule": "length > threshold", "short": {"evaluated_users": 1238, "history_length_max": 10, "history_length_mean": 5.27221324717286, "history_length_min": 3, "hit@10": 0.10904684975767366, "hit@5": 0.10662358642972536, "ndcg@10": 0.10379764225132526, "ndcg@5": 0.10301598097319066, "recall@10": 0.10904684975767366, "recall@5": 0.10662358642972536, "total_users": 1238}, "short_rule": "length <= threshold", "threshold": 10}
2026-09-10 19:09:47,641 | INFO | 
========== FINAL FULL TEST ==========
stage=joint | epoch=0 | step=324 | users=1457/1457
NDCG  | @5 0.107258 | @10 0.108389
Recall| @5 0.113246 | @10 0.116678
Hit   | @5 0.113246 | @10 0.116678
================================
2026-09-10 19:09:47,641 | INFO | FINAL FULL TEST SEQUENCE_LENGTH {"basis": "filtered_full_sequence", "long": {"evaluated_users": 219, "history_length_max": 119, "history_length_mean": 20.98173515981735, "history_length_min": 11, "hit@10": 0.045662100456621, "hit@5": 0.045662100456621, "ndcg@10": 0.03492562700628976, "ndcg@5": 0.03492562700628976, "recall@10": 0.045662100456621, "recall@5": 0.045662100456621, "total_users": 219}, "long_rule": "length > threshold", "short": {"evaluated_users": 1238, "history_length_max": 10, "history_length_mean": 5.27221324717286, "history_length_min": 3, "hit@10": 0.12924071082390953, "hit@5": 0.12520193861066237, "ndcg@10": 0.1213850037155895, "ndcg@5": 0.12005397972618939, "recall@10": 0.12924071082390953, "recall@5": 0.12520193861066237, "total_users": 1238}, "short_rule": "length <= threshold", "threshold": 10}
2026-09-10 19:09:47,641 | INFO | VALID_BEST {"evaluated_users": 1457, "hit@10": 0.10020590253946465, "hit@5": 0.09608785175017158, "long_agent_weight": 1.0, "long_preference_state_cosine": 0.0, "long_short_state_cosine": 0.0, "ndcg@10": 0.09384422639337564, "ndcg@5": 0.09251588472537824, "preference_change_probability": 0.0, "preference_current_entropy": 5.89461797000118e-06, "preference_next_entropy": 5.89461797000118e-06, "preference_ranking_weight": 0.0, "recall@10": 0.10020590253946465, "recall@5": 0.09608785175017158, "scores_per_second": 19605176.35173264, "sequence_length": {"basis": "filtered_full_sequence", "long": {"evaluated_users": 219, "history_length_max": 119, "history_length_mean": 20.98173515981735, "history_length_min": 11, "hit@10": 0.0502283105022831, "hit@5": 0.0365296803652968, "ndcg@10": 0.0375778820523907, "ndcg@5": 0.03315917583170281, "recall@10": 0.0502283105022831, "recall@5": 0.0365296803652968, "total_users": 219}, "long_rule": "length > threshold", "short": {"evaluated_users": 1238, "history_length_max": 10, "history_length_mean": 5.27221324717286, "history_length_min": 3, "hit@10": 0.10904684975767366, "hit@5": 0.10662358642972536, "ndcg@10": 0.10379764225132526, "ndcg@5": 0.10301598097319066, "recall@10": 0.10904684975767366, "recall@5": 0.10662358642972536, "total_users": 1238}, "short_rule": "length <= threshold", "threshold": 10}, "short_agent_weight": 0.0, "short_preference_state_cosine": 0.0, "total_users": 1457, "users_per_second": 4793.441650790376}
2026-09-10 19:09:47,642 | INFO | TEST_FINAL {"evaluated_users": 1457, "hit@10": 0.11667810569663692, "hit@5": 0.11324639670555937, "long_agent_weight": 1.0, "long_preference_state_cosine": 0.0, "long_short_state_cosine": 0.0, "ndcg@10": 0.10838939395765777, "ndcg@5": 0.10725843472765502, "preference_change_probability": 0.0, "preference_current_entropy": 5.89461797000118e-06, "preference_next_entropy": 5.89461797000118e-06, "preference_ranking_weight": 0.0, "recall@10": 0.11667810569663692, "recall@5": 0.11324639670555937, "scores_per_second": 19369163.901408028, "sequence_length": {"basis": "filtered_full_sequence", "long": {"evaluated_users": 219, "history_length_max": 119, "history_length_mean": 20.98173515981735, "history_length_min": 11, "hit@10": 0.045662100456621, "hit@5": 0.045662100456621, "ndcg@10": 0.03492562700628976, "ndcg@5": 0.03492562700628976, "recall@10": 0.045662100456621, "recall@5": 0.045662100456621, "total_users": 219}, "long_rule": "length > threshold", "short": {"evaluated_users": 1238, "history_length_max": 10, "history_length_mean": 5.27221324717286, "history_length_min": 3, "hit@10": 0.12924071082390953, "hit@5": 0.12520193861066237, "ndcg@10": 0.1213850037155895, "ndcg@5": 0.12005397972618939, "recall@10": 0.12924071082390953, "recall@5": 0.12520193861066237, "total_users": 1238}, "short_rule": "length <= threshold", "threshold": 10}, "short_agent_weight": 0.0, "short_preference_state_cosine": 0.0, "total_users": 1457, "users_per_second": 4735.736895209787}
2026-09-10 19:09:47,642 | INFO | TARGET_RESULT metric=recall@10 target=>0.150000 actual=0.116678 achieved=False
2026-09-10 19:09:47,859 | INFO | FINAL_LENGTH_SCORES dataset=amazon-all-beauty group=short split=valid threshold=10 users=1238/1238 scores={"hit@10": 0.10904684975767366, "hit@5": 0.10662358642972536, "ndcg@10": 0.10379764225132526, "ndcg@5": 0.10301598097319066, "recall@10": 0.10904684975767366, "recall@5": 0.10662358642972536}
2026-09-10 19:09:47,859 | INFO | FINAL_LENGTH_SCORES dataset=amazon-all-beauty group=short split=test threshold=10 users=1238/1238 scores={"hit@10": 0.12924071082390953, "hit@5": 0.12520193861066237, "ndcg@10": 0.1213850037155895, "ndcg@5": 0.12005397972618939, "recall@10": 0.12924071082390953, "recall@5": 0.12520193861066237}
2026-09-10 19:09:47,859 | INFO | short_scores=/workspace/P78123011/MediaTek_2026_project/ver4/outputs_mamba_rl/amazons_long_short_L1_S0_P0_G1/Full_Beauty/rl_20260910_190900_r1_320995/short_scores.json
2026-09-10 19:09:47,859 | INFO | FINAL_LENGTH_SCORES dataset=amazon-all-beauty group=long split=valid threshold=10 users=219/219 scores={"hit@10": 0.0502283105022831, "hit@5": 0.0365296803652968, "ndcg@10": 0.0375778820523907, "ndcg@5": 0.03315917583170281, "recall@10": 0.0502283105022831, "recall@5": 0.0365296803652968}
2026-09-10 19:09:47,859 | INFO | FINAL_LENGTH_SCORES dataset=amazon-all-beauty group=long split=test threshold=10 users=219/219 scores={"hit@10": 0.045662100456621, "hit@5": 0.045662100456621, "ndcg@10": 0.03492562700628976, "ndcg@5": 0.03492562700628976, "recall@10": 0.045662100456621, "recall@5": 0.045662100456621}
2026-09-10 19:09:47,859 | INFO | long_scores=/workspace/P78123011/MediaTek_2026_project/ver4/outputs_mamba_rl/amazons_long_short_L1_S0_P0_G1/Full_Beauty/rl_20260910_190900_r1_320995/long_scores.json
2026-09-10 19:09:47,859 | INFO | scores=/workspace/P78123011/MediaTek_2026_project/ver4/outputs_mamba_rl/amazons_long_short_L1_S0_P0_G1/Full_Beauty/rl_20260910_190900_r1_320995/Full_Beauty_scores.json
2026-09-10 19:09:47,860 | INFO | outputs=/workspace/P78123011/MediaTek_2026_project/ver4/outputs_mamba_rl/amazons_long_short_L1_S0_P0_G1/Full_Beauty/rl_20260910_190900_r1_320995
