2026-08-28 04:11:06,253 | INFO | run_id=20260828_041106 dataset=amazon-all-beauty device=cuda
2026-08-28 04:11:06,253 | INFO | EXPERIMENT_NOTE amazons_full subset=Beauty; common architecture; periodic validation/test
2026-08-28 04:11:06,253 | INFO | EXPERIMENT_CONFIG {"batch_size": 128, "cache_dir": "/workspace/P78123011/cache", "candidates": 64, "coordinator_epochs": 2, "coordinator_lr": 0.0002, "data_path": null, "dataset": "amazon-all-beauty", "device": "cuda", "dim": 128, "early_stopping_patience": 6, "entropy_coef": 0.01, "eval_batch_size": 64, "experiment_note": "amazons_full subset=Beauty; common architecture; periodic validation/test", "full_catalog_supervised": false, "generate_reasons": false, "item_vector_artifact": null, "joint_lr": 5e-05, "lora_alpha": 16.0, "lora_dropout": 0.05, "lora_rank": 8, "lr_patience": 2, "mamba_encode_batch_size": 32, "mamba_max_tokens": 16, "max_events": null, "max_history": 100, "max_transitions": 500000, "min_rating": 4.0, "min_user_events": 5, "monitor_metric": "ndcg@10", "output_dir": "/workspace/P78123011/MediaTek_2026_project/outputs_mamba_rl", "output_run_dir": "/workspace/P78123011/MediaTek_2026_project/outputs_mamba_rl/amazons_full/Beauty/rl_20260828_041105", "periodic_test_user_limit": 0, "popularity_alpha": -0.25, "reason_count": 20, "reason_max_new_tokens": 40, "refresh_data_cache": false, "resume_checkpoint": null, "rl_epochs": 20, "save_model_weights": false, "score_file": "/workspace/P78123011/MediaTek_2026_project/outputs_mamba_rl/amazons_full/Beauty/rl_20260828_041105/Beauty_scores.json", "seed": 25252, "short_window": 10, "skip_mamba": false, "specialist_epochs": 3, "specialist_lr": 0.0002, "specialization_coef": 0.01, "supervised_coef": 0.1, "target_recall_at_10": 0.15, "transition_beta": 4.0, "use_graph_embeddings": true, "validate_every_steps": 250, "validation_user_limit": 0}
2026-08-28 04:11:06,257 | INFO | INTERACTION_CACHE hit path=/workspace/P78123011/cache/mamba_multi_agent_data/amazon-all-beauty_15905f803144.pkl
2026-08-28 04:11:06,257 | INFO | users=1620 items=6982 train_interactions=11744
2026-08-28 04:11:06,416 | INFO | CATALOG_PRIORS popularity_alpha=-0.250000 transition_beta=4.000000 source=train_histories_only enabled=True
2026-08-28 04:11:06,450 | INFO | ITEM_VECTOR_ARTIFACT path=/workspace/P78123011/cache/mamba_multi_agent/amazon-all-beauty_6982_051814cd0dc3_tok16.pt fingerprint=051814cd0dc3
2026-08-28 04:11:06,462 | INFO | GRAPH_EMBEDDINGS enabled=True source=train_histories_only
2026-08-28 04:11:06,476 | INFO | agent_parameters={'long': 8321, 'short': 8321, 'coordinator': 7185, 'shared_projection': 327680, 'graph': 1101056}
2026-08-28 04:11:06,508 | INFO | training_transitions=10124
2026-08-28 04:11:06,508 | INFO | schedule specialist_epochs=3 coordinator_epochs=2 rl_epochs=20 validate_every_steps=250 validation_users=0 periodic_test_users=0 monitor=ndcg@10 early_stopping_patience=6
2026-08-28 04:11:12,971 | INFO | stage=specialists epoch=1 loss=7.875370 steps=80 transitions/s=1682.82
2026-08-28 04:11:18,586 | INFO | stage=specialists epoch=2 loss=7.450699 steps=80 transitions/s=1803.74
2026-08-28 04:11:24,245 | INFO | stage=specialists epoch=3 loss=7.188227 steps=80 transitions/s=1789.93
2026-08-28 04:11:24,962 | INFO | 
========== PERIODIC VALIDATION ==========
stage=coordinator | epoch=1 | step=250 | users=1620/1620
NDCG  | @5 0.089177 | @10 0.091634
Recall| @5 0.101235 | @10 0.108642
Hit   | @5 0.101235 | @10 0.108642
================================
2026-08-28 04:11:25,394 | INFO | 
========== PERIODIC TEST ==========
stage=coordinator | epoch=1 | step=250 | users=1620/1620
NDCG  | @5 0.111197 | @10 0.114574
Recall| @5 0.121605 | @10 0.132099
Hit   | @5 0.121605 | @10 0.132099
================================
2026-08-28 04:11:25,394 | INFO | VALID_STEP step=250 stage=coordinator epoch=1 ndcg@10=0.091634 recall@10=0.108642 improved=True
2026-08-28 04:11:25,397 | INFO | BEST_MODEL_IN_MEMORY step=250 stage=coordinator ndcg@10=0.091634
2026-08-28 04:11:25,398 | INFO | LEARNING_RATE step=250 stage=coordinator lr=0.0002
2026-08-28 04:11:27,323 | INFO | stage=coordinator epoch=1 loss=3.082252 steps=80 transitions/s=4586.20
2026-08-28 04:11:29,525 | INFO | stage=coordinator epoch=2 loss=3.071977 steps=80 transitions/s=4602.54
2026-08-28 04:11:35,434 | INFO | stage=joint epoch=1 loss=0.107020 steps=80 transitions/s=1714.05
2026-08-28 04:11:37,325 | INFO | 
========== PERIODIC VALIDATION ==========
stage=joint | epoch=2 | step=500 | users=1620/1620
NDCG  | @5 0.090213 | @10 0.093789
Recall| @5 0.101852 | @10 0.112963
Hit   | @5 0.101852 | @10 0.112963
================================
2026-08-28 04:11:37,727 | INFO | 
========== PERIODIC TEST ==========
stage=joint | epoch=2 | step=500 | users=1620/1620
NDCG  | @5 0.111122 | @10 0.115370
Recall| @5 0.122222 | @10 0.135185
Hit   | @5 0.122222 | @10 0.135185
================================
2026-08-28 04:11:37,727 | INFO | VALID_STEP step=500 stage=joint epoch=2 ndcg@10=0.093789 recall@10=0.112963 improved=True
2026-08-28 04:11:37,729 | INFO | BEST_MODEL_IN_MEMORY step=500 stage=joint ndcg@10=0.093789
2026-08-28 04:11:37,729 | INFO | LEARNING_RATE step=500 stage=joint lr=5e-05
2026-08-28 04:11:42,113 | INFO | stage=joint epoch=2 loss=0.133843 steps=80 transitions/s=1723.80
2026-08-28 04:11:48,085 | INFO | stage=joint epoch=3 loss=0.136943 steps=80 transitions/s=1695.83
2026-08-28 04:11:53,958 | INFO | stage=joint epoch=4 loss=0.114646 steps=80 transitions/s=1724.38
2026-08-28 04:11:56,621 | INFO | 
========== PERIODIC VALIDATION ==========
stage=joint | epoch=5 | step=750 | users=1620/1620
NDCG  | @5 0.090573 | @10 0.094765
Recall| @5 0.103704 | @10 0.116667
Hit   | @5 0.103704 | @10 0.116667
================================
2026-08-28 04:11:57,024 | INFO | 
========== PERIODIC TEST ==========
stage=joint | epoch=5 | step=750 | users=1620/1620
NDCG  | @5 0.114683 | @10 0.118536
Recall| @5 0.126543 | @10 0.138272
Hit   | @5 0.126543 | @10 0.138272
================================
2026-08-28 04:11:57,024 | INFO | VALID_STEP step=750 stage=joint epoch=5 ndcg@10=0.094765 recall@10=0.116667 improved=True
2026-08-28 04:11:57,026 | INFO | BEST_MODEL_IN_MEMORY step=750 stage=joint ndcg@10=0.094765
2026-08-28 04:11:57,026 | INFO | LEARNING_RATE step=750 stage=joint lr=5e-05
2026-08-28 04:12:00,724 | INFO | stage=joint epoch=5 loss=0.129737 steps=80 transitions/s=1698.54
2026-08-28 04:12:06,673 | INFO | stage=joint epoch=6 loss=0.118923 steps=80 transitions/s=1702.64
2026-08-28 04:12:12,556 | INFO | stage=joint epoch=7 loss=0.116551 steps=80 transitions/s=1721.46
2026-08-28 04:12:15,986 | INFO | 
========== PERIODIC VALIDATION ==========
stage=joint | epoch=8 | step=1000 | users=1620/1620
NDCG  | @5 0.091394 | @10 0.095572
Recall| @5 0.104938 | @10 0.117901
Hit   | @5 0.104938 | @10 0.117901
================================
2026-08-28 04:12:16,392 | INFO | 
========== PERIODIC TEST ==========
stage=joint | epoch=8 | step=1000 | users=1620/1620
NDCG  | @5 0.115518 | @10 0.119715
Recall| @5 0.129012 | @10 0.141975
Hit   | @5 0.129012 | @10 0.141975
================================
2026-08-28 04:12:16,393 | INFO | VALID_STEP step=1000 stage=joint epoch=8 ndcg@10=0.095572 recall@10=0.117901 improved=True
2026-08-28 04:12:16,394 | INFO | BEST_MODEL_IN_MEMORY step=1000 stage=joint ndcg@10=0.095572
2026-08-28 04:12:16,394 | INFO | LEARNING_RATE step=1000 stage=joint lr=5e-05
2026-08-28 04:12:19,376 | INFO | stage=joint epoch=8 loss=0.124072 steps=80 transitions/s=1685.20
2026-08-28 04:12:25,290 | INFO | stage=joint epoch=9 loss=0.103353 steps=80 transitions/s=1712.74
2026-08-28 04:12:31,165 | INFO | stage=joint epoch=10 loss=0.092124 steps=80 transitions/s=1724.00
2026-08-28 04:12:35,372 | INFO | 
========== PERIODIC VALIDATION ==========
stage=joint | epoch=11 | step=1250 | users=1620/1620
NDCG  | @5 0.091516 | @10 0.096225
Recall| @5 0.105556 | @10 0.120370
Hit   | @5 0.105556 | @10 0.120370
================================
2026-08-28 04:12:35,775 | INFO | 
========== PERIODIC TEST ==========
stage=joint | epoch=11 | step=1250 | users=1620/1620
NDCG  | @5 0.114357 | @10 0.119182
Recall| @5 0.127160 | @10 0.141975
Hit   | @5 0.127160 | @10 0.141975
================================
2026-08-28 04:12:35,775 | INFO | VALID_STEP step=1250 stage=joint epoch=11 ndcg@10=0.096225 recall@10=0.120370 improved=True
2026-08-28 04:12:35,776 | INFO | BEST_MODEL_IN_MEMORY step=1250 stage=joint ndcg@10=0.096225
2026-08-28 04:12:35,776 | INFO | LEARNING_RATE step=1250 stage=joint lr=5e-05
2026-08-28 04:12:37,958 | INFO | stage=joint epoch=11 loss=0.106902 steps=80 transitions/s=1690.24
2026-08-28 04:12:43,877 | INFO | stage=joint epoch=12 loss=0.105586 steps=80 transitions/s=1711.19
2026-08-28 04:12:49,734 | INFO | stage=joint epoch=13 loss=0.084305 steps=80 transitions/s=1729.20
2026-08-28 04:12:54,557 | INFO | 
========== PERIODIC VALIDATION ==========
stage=joint | epoch=14 | step=1500 | users=1620/1620
NDCG  | @5 0.089848 | @10 0.095044
Recall| @5 0.103704 | @10 0.119753
Hit   | @5 0.103704 | @10 0.119753
================================
2026-08-28 04:12:54,958 | INFO | 
========== PERIODIC TEST ==========
stage=joint | epoch=14 | step=1500 | users=1620/1620
NDCG  | @5 0.115178 | @10 0.118865
Recall| @5 0.130864 | @10 0.142593
Hit   | @5 0.130864 | @10 0.142593
================================
2026-08-28 04:12:54,958 | INFO | VALID_STEP step=1500 stage=joint epoch=14 ndcg@10=0.095044 recall@10=0.119753 improved=False
2026-08-28 04:12:54,959 | INFO | LEARNING_RATE step=1500 stage=joint lr=5e-05
2026-08-28 04:12:56,405 | INFO | stage=joint epoch=14 loss=0.088985 steps=80 transitions/s=1725.67
2026-08-28 04:13:02,266 | INFO | stage=joint epoch=15 loss=0.084311 steps=80 transitions/s=1727.99
2026-08-28 04:13:08,262 | INFO | stage=joint epoch=16 loss=0.069033 steps=80 transitions/s=1689.03
2026-08-28 04:13:13,856 | INFO | 
========== PERIODIC VALIDATION ==========
stage=joint | epoch=17 | step=1750 | users=1620/1620
NDCG  | @5 0.088056 | @10 0.094316
Recall| @5 0.100617 | @10 0.120370
Hit   | @5 0.100617 | @10 0.120370
================================
2026-08-28 04:13:14,256 | INFO | 
========== PERIODIC TEST ==========
stage=joint | epoch=17 | step=1750 | users=1620/1620
NDCG  | @5 0.113488 | @10 0.117460
Recall| @5 0.129012 | @10 0.141358
Hit   | @5 0.129012 | @10 0.141358
================================
2026-08-28 04:13:14,256 | INFO | VALID_STEP step=1750 stage=joint epoch=17 ndcg@10=0.094316 recall@10=0.120370 improved=False
2026-08-28 04:13:14,256 | INFO | LEARNING_RATE step=1750 stage=joint lr=5e-05
2026-08-28 04:13:14,967 | INFO | stage=joint epoch=17 loss=0.073345 steps=80 transitions/s=1714.40
2026-08-28 04:13:20,807 | INFO | stage=joint epoch=18 loss=0.071630 steps=80 transitions/s=1734.30
