2026-09-23 17:23:34,856 | INFO | run_id=20260923_172334 dataset=amazon:Baby_Products device=cuda:0
2026-09-23 17:23:34,856 | INFO | CUDA_SCOPE requested_physical=1 visible_count=1 main_logical=cuda:0 graph_logical=cuda:0
2026-09-23 17:23:34,856 | INFO | MODEL recommender=MultiAgentMambaRecommender semantic_encoder=MambaTextEncoder semantic_model_id=state-spaces/mamba-130m-hf graph_backbone=LightGCN adaptation=multi_lora
2026-09-23 17:23:34,856 | INFO | ABLATION USE_LONG=1 USE_SHORT=0 USE_PREFERENCE=0 USE_GCN=1
2026-09-23 17:23:34,856 | INFO | AGENT_HISTORY mode=full_history effective_max_history=100
2026-09-23 17:23:34,856 | INFO | EXPERIMENT_NOTE preliminary single full-history Mamba+LoRA+LightGCN; no coordinator or short/preference agents; no saved weights
2026-09-23 17:23:34,856 | INFO | EXPERIMENT_CONFIG {"agent_diversity_coef": 0.02, "batch_size": 128, "cache_dir": "/workspace/P78123011/cache", "candidates": 192, "coordinator_epochs": 0, "coordinator_lr": 0.0001, "data_path": null, "dataset": "amazon:Baby_Products", "device": "cuda:0", "dim": 128, "early_stopping_patience": 6, "enable_lora": 1, "eval_batch_size": 64, "eval_length_basis": "untruncated_train_history", "eval_length_threshold": null, "experiment_note": "preliminary single full-history Mamba+LoRA+LightGCN; no coordinator or short/preference agents; no saved weights", "full_catalog_supervised": false, "future_decay": 0.5, "future_horizon": 3, "generate_reasons": false, "graph_device": "cuda:0", "hard_negative_fraction": 0.75, "hard_negative_pool_multiplier": 12, "hard_negative_warmup_epochs": 2, "history_influence_negatives": 64, "history_influence_output": "/workspace/P78123011/MediaTek_2026_project/preliminary/outputs/training/amazon_Baby_Products/history_item_influence.csv", "history_influence_user_limit": 2000, "item_prompt_prefix": "Preference-aware product representation: ", "item_vector_artifact": null, "joint_epochs": 3, "joint_lr": 5e-05, "lora_alpha": 32.0, "lora_dropout": 0.05, "lora_rank": 16, "lr_patience": 2, "mamba_encode_batch_size": 32, "mamba_max_tokens": 32, "mamba_model_id": "state-spaces/mamba-130m-hf", "max_events": null, "max_history": 100, "max_transitions": 1500000, "min_rating": 4.0, "monitor_metric": "ndcg@10", "output_dir": "/workspace/P78123011/MediaTek_2026_project/ver4/outputs_mamba_rl/amazons_lora", "output_run_dir": "/workspace/P78123011/MediaTek_2026_project/preliminary/outputs/training/amazon_Baby_Products/single_mamba_lora_lightgcn_20260923_172333", "periodic_test_user_limit": 0, "popularity_alpha": 0.3, "preference_balance_coef": 0.01, "preference_coef": 0.2, "preference_contrastive_coef": 0.05, "preference_count": 32, "preference_hidden": 128, "preference_score_weight": 0.2, "preference_separation_coef": 0.01, "preference_sharpness_coef": 0.05, "preference_temperature": 0.2, "preference_transition_coef": 0.1, "reason_count": 20, "reason_max_new_tokens": 40, "refresh_data_cache": false, "resume_checkpoint": null, "save_model_weights": false, "score_file": "/workspace/P78123011/MediaTek_2026_project/preliminary/outputs/training/amazon_Baby_Products/single_mamba_lora_lightgcn_20260923_172333/amazon_Baby_Products_scores.json", "seed": 25252, "short_window": 10, "skip_mamba": false, "specialist_epochs": 0, "specialist_lr": 0.0001, "target_recall_at_10": 0.15, "transition_beta": 0.5, "use_graph_embeddings": true, "use_in_batch_negatives": true, "use_long": 1, "use_preference": 0, "use_short": 0, "validate_every_steps": 2147483647, "validation_user_limit": 0}
2026-09-23 17:23:35,229 | INFO | INTERACTION_CACHE hit path=/workspace/P78123011/cache/mamba_multi_agent_data/amazon_Baby_Products_e6e228b87df8.pkl
2026-09-23 17:23:35,234 | INFO | users=184834 items=77324 train_interactions=1121805
2026-09-23 17:23:46,595 | INFO | CATALOG_PRIORS popularity_alpha=0.300000 transition_beta=0.500000 source=train_histories_only enabled=True
2026-09-23 17:23:47,407 | INFO | ITEM_VECTOR_ARTIFACT path=/workspace/P78123011/cache/mamba_multi_agent/amazon_Baby_Products_77324_1b6c35e33122_prompt_tok32.pt fingerprint=1b6c35e33122
2026-09-23 17:23:47,407 | INFO | SEMANTIC_BACKBONE model_id=state-spaces/mamba-130m-hf hidden_size=768 frozen=True usage=shared_cached_item_vectors
2026-09-23 17:23:48,004 | INFO | GRAPH_EMBEDDINGS enabled=True source=train_histories_only main_device=cuda:0 graph_device=cuda:0
2026-09-23 17:23:48,586 | INFO | ADAPTATION_MODE mode=multi_lora enable_lora=1
2026-09-23 17:23:48,586 | INFO | ADAPTER_ROUTES {'long': ('candidate_lora', 'delta_lora', 'gate_lora', 'output_lora')}
2026-09-23 17:23:48,587 | INFO | agent_parameters={'long': 16513, 'short': 16513, 'preference': 78786, 'coordinator': 0, 'shared_projection': 98304, 'graph': 33556224}
2026-09-23 17:23:48,587 | INFO | PREDICTION_PATH graph_only=False active_agents=1 coordinator=False
2026-09-23 17:23:50,771 | INFO | training_transitions=936971
2026-09-23 17:23:50,771 | INFO | schedule specialist_epochs=0 coordinator_epochs=0 joint_ranking_epochs=3 validate_every_steps=2147483647 validation_users=0 periodic_test_users=0 monitor=ndcg@10 early_stopping_patience=6
2026-09-23 17:23:50,771 | INFO | SKIP_STAGE stage=specialists epochs=0 use_coordinator=False
2026-09-23 17:23:50,772 | INFO | SKIP_STAGE stage=coordinator epochs=0 use_coordinator=False
2026-09-23 17:23:51,622 | INFO | TRAINING_BRANCHES stage=joint long=True short=False preference=False gcn=True preference_auxiliary=False preference_contrastive=False diversity_pairs=0 trainable_parameters=33671041
2026-09-24 01:50:46,535 | INFO | 
========== PERIODIC VALIDATION ==========
stage=joint | epoch=1 | step=7321 | users=184584/184584
NDCG  | @5 0.020978 | @10 0.024891
Recall| @5 0.028935 | @10 0.041114
Hit   | @5 0.028935 | @10 0.041114
================================
2026-09-24 03:51:33,907 | INFO | 
========== PERIODIC TEST ==========
stage=joint | epoch=1 | step=7321 | users=184584/184584
NDCG  | @5 0.022182 | @10 0.025883
Recall| @5 0.030068 | @10 0.041596
Hit   | @5 0.030068 | @10 0.041596
================================
2026-09-24 03:51:33,908 | INFO | VALID_STEP step=7321 stage=joint epoch=1 ndcg@10=0.024891 recall@10=0.041114 improved=True
2026-09-24 03:51:33,991 | INFO | BEST_MODEL_IN_MEMORY step=7321 stage=joint ndcg@10=0.024891
2026-09-24 03:51:33,991 | INFO | LEARNING_RATE step=7321 stage=joint lr=5e-05
2026-09-24 03:51:33,991 | INFO | stage=joint epoch=1 loss=4.991177 steps=7321 transitions/s=40.47
2026-09-24 12:16:55,941 | INFO | 
========== PERIODIC VALIDATION ==========
stage=joint | epoch=2 | step=14642 | users=184584/184584
NDCG  | @5 0.027308 | @10 0.031767
Recall| @5 0.036650 | @10 0.050508
Hit   | @5 0.036650 | @10 0.050508
================================
2026-09-24 14:17:48,988 | INFO | 
========== PERIODIC TEST ==========
stage=joint | epoch=2 | step=14642 | users=184584/184584
NDCG  | @5 0.028733 | @10 0.032961
Recall| @5 0.037804 | @10 0.050969
Hit   | @5 0.037804 | @10 0.050969
================================
2026-09-24 14:17:48,988 | INFO | VALID_STEP step=14642 stage=joint epoch=2 ndcg@10=0.031767 recall@10=0.050508 improved=True
2026-09-24 14:17:49,086 | INFO | BEST_MODEL_IN_MEMORY step=14642 stage=joint ndcg@10=0.031767
2026-09-24 14:17:49,086 | INFO | LEARNING_RATE step=14642 stage=joint lr=5e-05
2026-09-24 14:17:49,086 | INFO | stage=joint epoch=2 loss=5.052989 steps=7321 transitions/s=40.64
