2026-10-05 15:23:45,700 | INFO | run_id=20261005_152345 dataset=amazon-sports-and-outdoors device=cuda:0
2026-10-05 15:23:45,700 | INFO | MODEL recommender=MultiAgentMambaRecommender semantic_encoder=MambaTextEncoder semantic_model_id=state-spaces/mamba-130m-hf graph_backbone=LightGCN adaptation=multi_lora
2026-10-05 15:23:45,700 | INFO | ABLATION USE_SHORT=1 USE_PREFERENCE=1 USE_GCN=1 USE_COORDINATOR=1
2026-10-05 15:23:45,700 | INFO | AGENT_HISTORY mode=full_history effective_max_history=100 short=4 preference=100
2026-10-05 15:23:45,700 | INFO | EXPERIMENT_NOTE amazons_long_short subset=Sports_and_Outdoors; short filtered-full-sequence <= 10; long > 10; same model and full catalog
2026-10-05 15:23:45,700 | INFO | EXPERIMENT_CONFIG {"agent_diversity_coef": 0.02, "batch_size": 128, "cache_dir": "/workspace/P78123011/cache", "candidates": 256, "data_path": null, "dataset": "amazon-sports-and-outdoors", "device": "cuda:0", "dim": 128, "early_stopping_patience": 6, "enable_lora": 1, "eval_batch_size": 64, "eval_length_basis": "filtered_full_sequence", "eval_length_threshold": 10, "experiment_note": "amazons_long_short subset=Sports_and_Outdoors; short filtered-full-sequence <= 10; long > 10; same model and full catalog", "full_catalog_supervised": false, "future_decay": 0.5, "future_horizon": 3, "generate_reasons": false, "graph_device": "cuda:0", "hard_negative_fraction": 0.75, "hard_negative_pool_multiplier": 12, "hard_negative_warmup_epochs": 2, "history_influence_negatives": 64, "history_influence_output": null, "history_influence_user_limit": 0, "item_prompt_prefix": "Preference-aware product representation: ", "item_vector_artifact": null, "joint_epochs": 0, "joint_lr": 5e-05, "lora_alpha": 32.0, "lora_dropout": 0.05, "lora_rank": 16, "lr_patience": 2, "mamba_encode_batch_size": 32, "mamba_max_tokens": 32, "mamba_model_id": "state-spaces/mamba-130m-hf", "max_events": null, "max_history": 100, "max_transitions": 1000000, "min_rating": 4.0, "monitor_metric": "ndcg@10", "output_dir": "/workspace/P78123011/MediaTek_2026_project/ver5/outputs_mamba_rl/amazons_lora", "output_run_dir": "/workspace/P78123011/MediaTek_2026_project/ver5/outputs_mamba_rl/amazons_long_short_S1_P1_G1_C1_SW4_P64/Sports_and_Outdoors/rl_20261005_152344_r1_2868212", "periodic_test_user_limit": 0, "popularity_alpha": 0.35, "preference_balance_coef": 0.01, "preference_coef": 0.2, "preference_contrastive_coef": 0.05, "preference_count": 64, "preference_score_weight": 0.2, "preference_separation_coef": 0.01, "preference_sharpness_coef": 0.05, "preference_temperature": 0.2, "preference_transition_coef": 0.1, "reason_count": 20, "reason_max_new_tokens": 40, "refresh_data_cache": false, "resume_checkpoint": null, "reverse_history_input": false, "rl_coef": 0.1, "rl_topk": 10, "save_model_weights": false, "score_file": "/workspace/P78123011/MediaTek_2026_project/ver5/outputs_mamba_rl/amazons_long_short_S1_P1_G1_C1_SW4_P64/Sports_and_Outdoors/rl_20261005_152344_r1_2868212/Sports_and_Outdoors_scores.json", "seed": 25252, "short_window": 4, "skip_mamba": false, "specialist_epochs": 4, "specialist_lr": 0.0001, "target_recall_at_10": 0.15, "transition_beta": 0.5, "use_coordinator": true, "use_graph_embeddings": true, "use_in_batch_negatives": true, "use_preference": 1, "use_short": 1, "validate_every_steps": 8000, "validation_user_limit": 0}
2026-10-05 15:23:46,766 | INFO | INTERACTION_CACHE hit path=/workspace/P78123011/cache/mamba_multi_agent_data/amazon-sports-and-outdoors_fcc157f72b81.pkl
2026-10-05 15:23:46,766 | INFO | HISTORY_INPUT_ORDER chronological
2026-10-05 15:23:46,773 | INFO | LENGTH_SPLIT preprocessing=original_one_pass_user_item_min_5 basis=filtered_full_sequence short<=10 long>10
2026-10-05 15:23:46,783 | INFO | users=631803 items=401572 train_interactions=3678023
2026-10-05 15:23:59,592 | INFO | CATALOG_PRIORS popularity_alpha=0.350000 transition_beta=0.500000 source=train_histories_only enabled=True
2026-10-05 15:24:02,015 | INFO | ITEM_VECTOR_ARTIFACT path=/workspace/P78123011/cache/mamba_multi_agent/amazon-sports-and-outdoors_401572_909fc18038f4_prompt_tok32.pt fingerprint=909fc18038f4
2026-10-05 15:24:02,015 | INFO | SEMANTIC_BACKBONE model_id=state-spaces/mamba-130m-hf hidden_size=768 frozen=True usage=shared_cached_item_vectors
2026-10-05 15:24:03,325 | INFO | GRAPH_EMBEDDINGS enabled=True source=train_histories_only main_device=cuda:0 graph_device=cuda:0
2026-10-05 15:24:04,243 | INFO | ADAPTATION_MODE mode=multi_lora enable_lora=1
2026-10-05 15:24:04,243 | INFO | ADAPTER_ROUTES {'short': ('candidate_lora', 'delta_lora', 'gate_lora', 'output_lora'), 'preference': ('transition_encoder.candidate_lora', 'transition_encoder.delta_lora', 'transition_encoder.gate_lora', 'transition_encoder.output_lora', 'state_lora'), 'coordinator': ('state_lora', 'mix_lora', 'score_lora')}
2026-10-05 15:24:04,243 | INFO | agent_parameters={'short': 16513, 'preference': 37250, 'coordinator': 14373, 'shared_projection': 98304, 'graph': 132272000}
2026-10-05 15:24:04,243 | INFO | PREDICTION_PATH graph_only=False active_agents=2 coordinator=True
2026-10-05 15:24:08,412 | INFO | training_transitions=1000000
2026-10-05 15:24:08,412 | INFO | schedule mode=single_stage_dl specialist_dl_epochs=4 joint_dl_rl_epochs=0 effective_rl_coef=0.0000 effective_rl_topk=0 validate_every_steps=8000 validation_users=0 periodic_test_users=0 monitor=ndcg@10 early_stopping_patience=6
2026-10-05 15:24:09,404 | INFO | TRAINING_BRANCHES stage=all_dl short=True preference=True gcn=True preference_auxiliary=True preference_contrastive=True diversity_pairs=1 policy_gradient=False trainable_parameters=132438440
2026-10-05 15:52:57,534 | INFO | 
========== PERIODIC VALIDATION ==========
stage=all_dl | epoch=1 | step=7813 | users=625563/625563
NDCG  | @5 0.023070 | @10 0.026108
Recall| @5 0.029936 | @10 0.039387
Hit   | @5 0.029936 | @10 0.039387
================================
2026-10-05 15:52:57,534 | INFO | PERIODIC VALIDATION SEQUENCE_LENGTH {"basis": "filtered_full_sequence", "long": {"evaluated_users": 97306, "history_length_max": 767, "history_length_mean": 18.187100487123097, "history_length_min": 11, "hit@10": 0.03550654635890901, "hit@5": 0.026390972807432224, "ndcg@10": 0.02290398523513738, "ndcg@5": 0.019993090677157783, "recall@10": 0.03550654635890901, "recall@5": 0.026390972807432224, "total_users": 97306}, "long_rule": "length > threshold", "short": {"evaluated_users": 528257, "history_length_max": 10, "history_length_mean": 5.959404229380775, "history_length_min": 3, "hit@10": 0.040101692925981106, "hit@5": 0.030589277567547615, "ndcg@10": 0.02669852235453597, "ndcg@5": 0.023636665635292754, "recall@10": 0.040101692925981106, "recall@5": 0.030589277567547615, "total_users": 528257}, "short_rule": "length <= threshold", "threshold": 10}
2026-10-05 15:55:58,141 | INFO | 
========== PERIODIC TEST ==========
stage=all_dl | epoch=1 | step=7813 | users=625563/625563
NDCG  | @5 0.026026 | @10 0.028885
Recall| @5 0.032758 | @10 0.041649
Hit   | @5 0.032758 | @10 0.041649
================================
2026-10-05 15:55:58,141 | INFO | PERIODIC TEST SEQUENCE_LENGTH {"basis": "filtered_full_sequence", "long": {"evaluated_users": 97306, "history_length_max": 767, "history_length_mean": 18.187100487123097, "history_length_min": 11, "hit@10": 0.0402339013010503, "hit@5": 0.03133414177954083, "ndcg@10": 0.02787602792941388, "ndcg@5": 0.025007544188479783, "recall@10": 0.0402339013010503, "recall@5": 0.03133414177954083, "total_users": 97306}, "long_rule": "length > threshold", "short": {"evaluated_users": 528257, "history_length_max": 10, "history_length_mean": 5.959404229380775, "history_length_min": 3, "hit@10": 0.04190952509857891, "hit@5": 0.03301991265615032, "ndcg@10": 0.02907116001262835, "ndcg@5": 0.026213116072721854, "recall@10": 0.04190952509857891, "recall@5": 0.03301991265615032, "total_users": 528257}, "short_rule": "length <= threshold", "threshold": 10}
2026-10-05 15:55:58,141 | INFO | VALID_STEP step=7813 stage=all_dl epoch=1 ndcg@10=0.026108 recall@10=0.039387 improved=True
2026-10-05 15:55:58,423 | INFO | BEST_MODEL_IN_MEMORY step=7813 stage=all_dl ndcg@10=0.026108
2026-10-05 15:55:58,423 | INFO | LEARNING_RATE step=7813 stage=all_dl lr=0.0001
2026-10-05 15:55:58,423 | INFO | stage=all_dl epoch=1 loss=5.530496 steps=7813 transitions/s=647.77
2026-10-05 16:24:50,757 | INFO | 
========== PERIODIC VALIDATION ==========
stage=all_dl | epoch=2 | step=15626 | users=625563/625563
NDCG  | @5 0.025315 | @10 0.028374
Recall| @5 0.032072 | @10 0.041588
Hit   | @5 0.032072 | @10 0.041588
================================
2026-10-05 16:24:50,757 | INFO | PERIODIC VALIDATION SEQUENCE_LENGTH {"basis": "filtered_full_sequence", "long": {"evaluated_users": 97306, "history_length_max": 767, "history_length_mean": 18.187100487123097, "history_length_min": 11, "hit@10": 0.03862043450558034, "hit@5": 0.02888824943991121, "ndcg@10": 0.025847024220443524, "ndcg@5": 0.02272154225929627, "recall@10": 0.03862043450558034, "recall@5": 0.02888824943991121, "total_users": 97306}, "long_rule": "length > threshold", "short": {"evaluated_users": 528257, "history_length_max": 10, "history_length_mean": 5.959404229380775, "history_length_min": 3, "hit@10": 0.04213479423841047, "hit@5": 0.03265834622163076, "ndcg@10": 0.028839376791892173, "ndcg@5": 0.025792914178391232, "recall@10": 0.04213479423841047, "recall@5": 0.03265834622163076, "total_users": 528257}, "short_rule": "length <= threshold", "threshold": 10}
2026-10-05 16:27:51,227 | INFO | 
========== PERIODIC TEST ==========
stage=all_dl | epoch=2 | step=15626 | users=625563/625563
NDCG  | @5 0.032481 | @10 0.035204
Recall| @5 0.039309 | @10 0.047778
Hit   | @5 0.039309 | @10 0.047778
================================
2026-10-05 16:27:51,227 | INFO | PERIODIC TEST SEQUENCE_LENGTH {"basis": "filtered_full_sequence", "long": {"evaluated_users": 97306, "history_length_max": 767, "history_length_mean": 18.187100487123097, "history_length_min": 11, "hit@10": 0.04775656177419686, "hit@5": 0.03940147575689063, "ndcg@10": 0.03562784931991113, "ndcg@5": 0.032934549218849495, "recall@10": 0.04775656177419686, "recall@5": 0.03940147575689063, "total_users": 97306}, "long_rule": "length > threshold", "short": {"evaluated_users": 528257, "history_length_max": 10, "history_length_mean": 5.959404229380775, "history_length_min": 3, "hit@10": 0.04778166687805367, "hit@5": 0.039291481229780205, "ndcg@10": 0.0351260981661044, "ndcg@5": 0.03239723519350451, "recall@10": 0.04778166687805367, "recall@5": 0.039291481229780205, "total_users": 528257}, "short_rule": "length <= threshold", "threshold": 10}
2026-10-05 16:27:51,228 | INFO | VALID_STEP step=15626 stage=all_dl epoch=2 ndcg@10=0.028374 recall@10=0.041588 improved=True
2026-10-05 16:27:51,539 | INFO | BEST_MODEL_IN_MEMORY step=15626 stage=all_dl ndcg@10=0.028374
2026-10-05 16:27:51,540 | INFO | LEARNING_RATE step=15626 stage=all_dl lr=0.0001
2026-10-05 16:27:51,540 | INFO | stage=all_dl epoch=2 loss=5.200937 steps=7813 transitions/s=646.10
2026-10-05 16:56:41,841 | INFO | 
========== PERIODIC VALIDATION ==========
stage=all_dl | epoch=3 | step=23439 | users=625563/625563
NDCG  | @5 0.022788 | @10 0.025489
Recall| @5 0.028627 | @10 0.037008
Hit   | @5 0.028627 | @10 0.037008
================================
2026-10-05 16:56:41,841 | INFO | PERIODIC VALIDATION SEQUENCE_LENGTH {"basis": "filtered_full_sequence", "long": {"evaluated_users": 97306, "history_length_max": 767, "history_length_mean": 18.187100487123097, "history_length_min": 11, "hit@10": 0.03459190594619037, "hit@5": 0.026514295110270692, "ndcg@10": 0.02361257521863107, "ndcg@5": 0.021013004508807213, "recall@10": 0.03459190594619037, "recall@5": 0.026514295110270692, "total_users": 97306}, "long_rule": "length > threshold", "short": {"evaluated_users": 528257, "history_length_max": 10, "history_length_mean": 5.959404229380775, "history_length_min": 3, "hit@10": 0.03745336076947395, "hit@5": 0.029016179624690254, "ndcg@10": 0.02583460420243538, "ndcg@5": 0.023115460577184412, "recall@10": 0.03745336076947395, "recall@5": 0.029016179624690254, "total_users": 528257}, "short_rule": "length <= threshold", "threshold": 10}
2026-10-05 16:59:42,158 | INFO | 
========== PERIODIC TEST ==========
stage=all_dl | epoch=3 | step=23439 | users=625563/625563
NDCG  | @5 0.029852 | @10 0.032247
Recall| @5 0.035659 | @10 0.043099
Hit   | @5 0.035659 | @10 0.043099
================================
2026-10-05 16:59:42,158 | INFO | PERIODIC TEST SEQUENCE_LENGTH {"basis": "filtered_full_sequence", "long": {"evaluated_users": 97306, "history_length_max": 767, "history_length_mean": 18.187100487123097, "history_length_min": 11, "hit@10": 0.04430353729471975, "hit@5": 0.03705835200295973, "ndcg@10": 0.033553493499591296, "ndcg@5": 0.031223020940202847, "recall@10": 0.04430353729471975, "recall@5": 0.03705835200295973, "total_users": 97306}, "long_rule": "length > threshold", "short": {"evaluated_users": 528257, "history_length_max": 10, "history_length_mean": 5.959404229380775, "history_length_min": 3, "hit@10": 0.042876857287267374, "hit@5": 0.035401329277226806, "ndcg@10": 0.032006895451669674, "ndcg@5": 0.029599868380498225, "recall@10": 0.042876857287267374, "recall@5": 0.035401329277226806, "total_users": 528257}, "short_rule": "length <= threshold", "threshold": 10}
2026-10-05 16:59:42,159 | INFO | VALID_STEP step=23439 stage=all_dl epoch=3 ndcg@10=0.025489 recall@10=0.037008 improved=False
2026-10-05 16:59:42,159 | INFO | LEARNING_RATE step=23439 stage=all_dl lr=0.0001
2026-10-05 16:59:42,159 | INFO | stage=all_dl epoch=3 loss=4.571257 steps=7813 transitions/s=647.05
2026-10-05 17:28:34,293 | INFO | 
========== PERIODIC VALIDATION ==========
stage=all_dl | epoch=4 | step=31252 | users=625563/625563
NDCG  | @5 0.021617 | @10 0.023971
Recall| @5 0.026779 | @10 0.034113
Hit   | @5 0.026779 | @10 0.034113
================================
2026-10-05 17:28:34,293 | INFO | PERIODIC VALIDATION SEQUENCE_LENGTH {"basis": "filtered_full_sequence", "long": {"evaluated_users": 97306, "history_length_max": 767, "history_length_mean": 18.187100487123097, "history_length_min": 11, "hit@10": 0.032495426797936405, "hit@5": 0.025126919203337924, "ndcg@10": 0.022624462291848602, "ndcg@5": 0.020253527914639757, "recall@10": 0.032495426797936405, "recall@5": 0.025126919203337924, "total_users": 97306}, "long_rule": "length > threshold", "short": {"evaluated_users": 528257, "history_length_max": 10, "history_length_mean": 5.959404229380775, "history_length_min": 3, "hit@10": 0.03441128087275701, "hit@5": 0.027083408265295112, "ndcg@10": 0.024218511799779085, "ndcg@5": 0.021868047616964724, "recall@10": 0.03441128087275701, "recall@5": 0.027083408265295112, "total_users": 528257}, "short_rule": "length <= threshold", "threshold": 10}
2026-10-05 17:31:34,214 | INFO | 
========== PERIODIC TEST ==========
stage=all_dl | epoch=4 | step=31252 | users=625563/625563
NDCG  | @5 0.028354 | @10 0.030541
Recall| @5 0.033503 | @10 0.040290
Hit   | @5 0.033503 | @10 0.040290
================================
2026-10-05 17:31:34,214 | INFO | PERIODIC TEST SEQUENCE_LENGTH {"basis": "filtered_full_sequence", "long": {"evaluated_users": 97306, "history_length_max": 767, "history_length_mean": 18.187100487123097, "history_length_min": 11, "hit@10": 0.042063182126487575, "hit@5": 0.03520851746038271, "ndcg@10": 0.032301284778753804, "ndcg@5": 0.030094271716465545, "recall@10": 0.042063182126487575, "recall@5": 0.03520851746038271, "total_users": 97306}, "long_rule": "length > threshold", "short": {"evaluated_users": 528257, "history_length_max": 10, "history_length_mean": 5.959404229380775, "history_length_min": 3, "hit@10": 0.03996350261331132, "hit@5": 0.033188391256528546, "ndcg@10": 0.03021623004248826, "ndcg@5": 0.028033030903019753, "recall@10": 0.03996350261331132, "recall@5": 0.033188391256528546, "total_users": 528257}, "short_rule": "length <= threshold", "threshold": 10}
2026-10-05 17:31:34,215 | INFO | VALID_STEP step=31252 stage=all_dl epoch=4 ndcg@10=0.023971 recall@10=0.034113 improved=False
2026-10-05 17:31:34,215 | INFO | LEARNING_RATE step=31252 stage=all_dl lr=0.0001
2026-10-05 17:31:34,215 | INFO | stage=all_dl epoch=4 loss=4.050933 steps=7813 transitions/s=645.88
2026-10-05 17:34:33,275 | INFO | 
========== FINAL CURRENT VALIDATION ==========
stage=final | epoch=0 | step=31252 | users=625563/625563
NDCG  | @5 0.021617 | @10 0.023971
Recall| @5 0.026779 | @10 0.034113
Hit   | @5 0.026779 | @10 0.034113
================================
2026-10-05 17:34:33,276 | INFO | FINAL CURRENT VALIDATION SEQUENCE_LENGTH {"basis": "filtered_full_sequence", "long": {"evaluated_users": 97306, "history_length_max": 767, "history_length_mean": 18.187100487123097, "history_length_min": 11, "hit@10": 0.032495426797936405, "hit@5": 0.025126919203337924, "ndcg@10": 0.022624462291848602, "ndcg@5": 0.020253527914639757, "recall@10": 0.032495426797936405, "recall@5": 0.025126919203337924, "total_users": 97306}, "long_rule": "length > threshold", "short": {"evaluated_users": 528257, "history_length_max": 10, "history_length_mean": 5.959404229380775, "history_length_min": 3, "hit@10": 0.03441128087275701, "hit@5": 0.027083408265295112, "ndcg@10": 0.024218505299959062, "ndcg@5": 0.021868047616964724, "recall@10": 0.03441128087275701, "recall@5": 0.027083408265295112, "total_users": 528257}, "short_rule": "length <= threshold", "threshold": 10}
2026-10-05 17:34:33,276 | INFO | VALID_STEP step=31252 stage=final epoch=0 ndcg@10=0.023971 recall@10=0.034113 improved=False
2026-10-05 17:34:33,317 | INFO | RESTORE_BEST step=15626 stage=all_dl ndcg@10=0.028374
2026-10-05 17:40:32,147 | INFO | 
========== BEST CHECKPOINT VALIDATION ==========
stage=all_dl | epoch=0 | step=15626 | users=625563/625563
NDCG  | @5 0.025315 | @10 0.028373
Recall| @5 0.032072 | @10 0.041588
Hit   | @5 0.032072 | @10 0.041588
================================
2026-10-05 17:40:32,147 | INFO | BEST CHECKPOINT VALIDATION SEQUENCE_LENGTH {"basis": "filtered_full_sequence", "long": {"evaluated_users": 97306, "history_length_max": 767, "history_length_mean": 18.187100487123097, "history_length_min": 11, "hit@10": 0.03862043450558034, "hit@5": 0.02888824943991121, "ndcg@10": 0.025847024220443524, "ndcg@5": 0.02272154225929627, "recall@10": 0.03862043450558034, "recall@5": 0.02888824943991121, "total_users": 97306}, "long_rule": "length > threshold", "short": {"evaluated_users": 528257, "history_length_max": 10, "history_length_mean": 5.959404229380775, "history_length_min": 3, "hit@10": 0.04213479423841047, "hit@5": 0.03265834622163076, "ndcg@10": 0.028838650809789618, "ndcg@5": 0.025792215521778204, "recall@10": 0.04213479423841047, "recall@5": 0.03265834622163076, "total_users": 528257}, "short_rule": "length <= threshold", "threshold": 10}
2026-10-05 17:40:32,147 | INFO | 
========== FINAL FULL TEST ==========
stage=all_dl | epoch=0 | step=15626 | users=625563/625563
NDCG  | @5 0.032481 | @10 0.035204
Recall| @5 0.039309 | @10 0.047778
Hit   | @5 0.039309 | @10 0.047778
================================
2026-10-05 17:40:32,147 | INFO | FINAL FULL TEST SEQUENCE_LENGTH {"basis": "filtered_full_sequence", "long": {"evaluated_users": 97306, "history_length_max": 767, "history_length_mean": 18.187100487123097, "history_length_min": 11, "hit@10": 0.04775656177419686, "hit@5": 0.03940147575689063, "ndcg@10": 0.035627614248550946, "ndcg@5": 0.032934549218849495, "recall@10": 0.04775656177419686, "recall@5": 0.03940147575689063, "total_users": 97306}, "long_rule": "length > threshold", "short": {"evaluated_users": 528257, "history_length_max": 10, "history_length_mean": 5.959404229380775, "history_length_min": 3, "hit@10": 0.04778166687805367, "hit@5": 0.039291481229780205, "ndcg@10": 0.03512614814187466, "ndcg@5": 0.03239723519350451, "recall@10": 0.04778166687805367, "recall@5": 0.039291481229780205, "total_users": 528257}, "short_rule": "length <= threshold", "threshold": 10}
2026-10-05 17:40:32,147 | INFO | VALID_BEST {"evaluated_users": 625563, "hit@10": 0.041588137405824836, "hit@5": 0.032071909623810874, "ndcg@10": 0.028373305006688155, "ndcg@5": 0.02531457389161741, "preference_agent_weight": 2.7797941474598787e-05, "preference_change_probability": 0.051280507714939444, "preference_current_entropy": 4.0386328769458535, "preference_next_entropy": 4.145375999401302, "preference_ranking_weight": 2.7797941474598787e-05, "recall@10": 0.041588137405824836, "recall@5": 0.032071909623810874, "scores_per_second": 1408868509.589786, "sequence_length": {"basis": "filtered_full_sequence", "long": {"evaluated_users": 97306, "history_length_max": 767, "history_length_mean": 18.187100487123097, "history_length_min": 11, "hit@10": 0.03862043450558034, "hit@5": 0.02888824943991121, "ndcg@10": 0.025847024220443524, "ndcg@5": 0.02272154225929627, "recall@10": 0.03862043450558034, "recall@5": 0.02888824943991121, "total_users": 97306}, "long_rule": "length > threshold", "short": {"evaluated_users": 528257, "history_length_max": 10, "history_length_mean": 5.959404229380775, "history_length_min": 3, "hit@10": 0.04213479423841047, "hit@5": 0.03265834622163076, "ndcg@10": 0.028838650809789618, "ndcg@5": 0.025792215521778204, "recall@10": 0.04213479423841047, "recall@5": 0.03265834622163076, "total_users": 528257}, "short_rule": "length <= threshold", "threshold": 10}, "short_agent_weight": 0.9999722045090035, "short_preference_state_cosine": 0.6781854020888218, "total_users": 625563, "users_per_second": 3508.3833274974004}
2026-10-05 17:40:32,148 | INFO | TEST_FINAL {"evaluated_users": 625563, "hit@10": 0.0477777617921776, "hit@5": 0.039308590821388094, "ndcg@10": 0.03520415105024832, "ndcg@5": 0.03248081405505905, "preference_agent_weight": 3.219217657936682e-05, "preference_change_probability": 0.04724418238191662, "preference_current_entropy": 4.038248353402786, "preference_next_entropy": 4.14511566730689, "preference_ranking_weight": 3.219217657936682e-05, "recall@10": 0.0477777617921776, "recall@5": 0.039308590821388094, "scores_per_second": 1398624604.7815158, "sequence_length": {"basis": "filtered_full_sequence", "long": {"evaluated_users": 97306, "history_length_max": 767, "history_length_mean": 18.187100487123097, "history_length_min": 11, "hit@10": 0.04775656177419686, "hit@5": 0.03940147575689063, "ndcg@10": 0.035627614248550946, "ndcg@5": 0.032934549218849495, "recall@10": 0.04775656177419686, "recall@5": 0.03940147575689063, "total_users": 97306}, "long_rule": "length > threshold", "short": {"evaluated_users": 528257, "history_length_max": 10, "history_length_mean": 5.959404229380775, "history_length_min": 3, "hit@10": 0.04778166687805367, "hit@5": 0.039291481229780205, "ndcg@10": 0.03512614814187466, "ndcg@5": 0.03239723519350451, "recall@10": 0.04778166687805367, "recall@5": 0.039291481229780205, "total_users": 528257}, "short_rule": "length <= threshold", "threshold": 10}, "short_agent_weight": 0.9999678107435188, "short_preference_state_cosine": 0.6669941755955981, "total_users": 625563, "users_per_second": 3482.8738178496405}
2026-10-05 17:40:32,148 | INFO | TARGET_RESULT metric=recall@10 target=>0.150000 actual=0.047778 achieved=False
2026-10-05 17:40:32,410 | INFO | FINAL_LENGTH_SCORES dataset=amazon-sports-and-outdoors group=short split=valid threshold=10 users=528257/528257 scores={"hit@10": 0.04213479423841047, "hit@5": 0.03265834622163076, "ndcg@10": 0.028838650809789618, "ndcg@5": 0.025792215521778204, "recall@10": 0.04213479423841047, "recall@5": 0.03265834622163076}
2026-10-05 17:40:32,410 | INFO | FINAL_LENGTH_SCORES dataset=amazon-sports-and-outdoors group=short split=test threshold=10 users=528257/528257 scores={"hit@10": 0.04778166687805367, "hit@5": 0.039291481229780205, "ndcg@10": 0.03512614814187466, "ndcg@5": 0.03239723519350451, "recall@10": 0.04778166687805367, "recall@5": 0.039291481229780205}
2026-10-05 17:40:32,410 | INFO | short_scores=/workspace/P78123011/MediaTek_2026_project/ver5/outputs_mamba_rl/amazons_long_short_S1_P1_G1_C1_SW4_P64/Sports_and_Outdoors/rl_20261005_152344_r1_2868212/short_scores.json
2026-10-05 17:40:32,410 | INFO | FINAL_LENGTH_SCORES dataset=amazon-sports-and-outdoors group=long split=valid threshold=10 users=97306/97306 scores={"hit@10": 0.03862043450558034, "hit@5": 0.02888824943991121, "ndcg@10": 0.025847024220443524, "ndcg@5": 0.02272154225929627, "recall@10": 0.03862043450558034, "recall@5": 0.02888824943991121}
2026-10-05 17:40:32,410 | INFO | FINAL_LENGTH_SCORES dataset=amazon-sports-and-outdoors group=long split=test threshold=10 users=97306/97306 scores={"hit@10": 0.04775656177419686, "hit@5": 0.03940147575689063, "ndcg@10": 0.035627614248550946, "ndcg@5": 0.032934549218849495, "recall@10": 0.04775656177419686, "recall@5": 0.03940147575689063}
2026-10-05 17:40:32,410 | INFO | long_scores=/workspace/P78123011/MediaTek_2026_project/ver5/outputs_mamba_rl/amazons_long_short_S1_P1_G1_C1_SW4_P64/Sports_and_Outdoors/rl_20261005_152344_r1_2868212/long_scores.json
2026-10-05 17:40:32,411 | INFO | scores=/workspace/P78123011/MediaTek_2026_project/ver5/outputs_mamba_rl/amazons_long_short_S1_P1_G1_C1_SW4_P64/Sports_and_Outdoors/rl_20261005_152344_r1_2868212/Sports_and_Outdoors_scores.json
2026-10-05 17:40:32,411 | INFO | outputs=/workspace/P78123011/MediaTek_2026_project/ver5/outputs_mamba_rl/amazons_long_short_S1_P1_G1_C1_SW4_P64/Sports_and_Outdoors/rl_20261005_152344_r1_2868212
