2026-09-09 08:22:37,153 | INFO | run_id=20260909_082237 dataset=amazon-toys-and-games device=cuda:0
2026-09-09 08:22:37,153 | INFO | MODEL recommender=MultiAgentMambaRecommender semantic_encoder=MambaTextEncoder semantic_model_id=state-spaces/mamba-130m-hf graph_backbone=LightGCN adaptation=multi_lora
2026-09-09 08:22:37,153 | INFO | EXPERIMENT_NOTE amazons_lora subset=Toys_and_Games; common preprocessing; common architecture; periodic validation/test
2026-09-09 08:22:37,153 | INFO | EXPERIMENT_CONFIG {"agent_diversity_coef": 0.02, "batch_size": 128, "cache_dir": "/workspace/P78123011/cache", "candidates": 192, "coordinator_epochs": 3, "coordinator_lr": 0.0001, "data_path": null, "dataset": "amazon-toys-and-games", "device": "cuda:0", "dim": 128, "early_stopping_patience": 6, "enable_lora": 1, "eval_batch_size": 64, "experiment_note": "amazons_lora subset=Toys_and_Games; common preprocessing; common architecture; periodic validation/test", "full_catalog_supervised": false, "future_decay": 0.5, "future_horizon": 3, "generate_reasons": false, "graph_device": "cuda:0", "hard_negative_fraction": 0.75, "hard_negative_pool_multiplier": 12, "hard_negative_warmup_epochs": 2, "item_prompt_prefix": "Preference-aware product representation: ", "item_vector_artifact": null, "joint_epochs": 7, "joint_lr": 5e-05, "lora_alpha": 32.0, "lora_dropout": 0.05, "lora_rank": 16, "lr_patience": 2, "mamba_encode_batch_size": 32, "mamba_max_tokens": 32, "mamba_model_id": "state-spaces/mamba-130m-hf", "max_events": null, "max_history": 100, "max_transitions": 1500000, "min_rating": 4.0, "monitor_metric": "ndcg@10", "output_dir": "/workspace/P78123011/MediaTek_2026_project/ver4/outputs_mamba_rl/amazons_lora", "output_run_dir": "/workspace/P78123011/MediaTek_2026_project/ver4/outputs_mamba_rl/amazons_lora/Toys_and_Games/rl_20260909_082236", "periodic_test_user_limit": 0, "popularity_alpha": 0.3, "preference_balance_coef": 0.01, "preference_coef": 0.2, "preference_contrastive_coef": 0.05, "preference_count": 32, "preference_hidden": 128, "preference_score_weight": 0.2, "preference_separation_coef": 0.01, "preference_sharpness_coef": 0.05, "preference_temperature": 0.2, "preference_transition_coef": 0.1, "reason_count": 20, "reason_max_new_tokens": 40, "refresh_data_cache": false, "resume_checkpoint": null, "save_model_weights": false, "score_file": "/workspace/P78123011/MediaTek_2026_project/ver4/outputs_mamba_rl/amazons_lora/Toys_and_Games/rl_20260909_082236/Toys_and_Games_scores.json", "seed": 25252, "short_window": 10, "skip_mamba": false, "specialist_epochs": 3, "specialist_lr": 0.0001, "target_recall_at_10": 0.15, "transition_beta": 0.5, "use_graph_embeddings": true, "use_in_batch_negatives": true, "validate_every_steps": 6000, "validation_user_limit": 0}
2026-09-09 08:22:38,046 | INFO | INTERACTION_CACHE hit path=/workspace/P78123011/cache/mamba_multi_agent_data/amazon-toys-and-games_2cc47abc910b.pkl
2026-09-09 08:22:38,055 | INFO | users=568262 items=333160 train_interactions=3734374
2026-09-09 08:22:50,569 | INFO | CATALOG_PRIORS popularity_alpha=0.300000 transition_beta=0.500000 source=train_histories_only enabled=True
2026-09-09 08:29:30,879 | INFO | ITEM_VECTOR_ARTIFACT path=/workspace/P78123011/cache/mamba_multi_agent/amazon-toys-and-games_333160_4d0b5392ebd5_prompt_tok32.pt fingerprint=4d0b5392ebd5
2026-09-09 08:29:30,879 | INFO | SEMANTIC_BACKBONE model_id=state-spaces/mamba-130m-hf hidden_size=768 frozen=True usage=shared_cached_item_vectors
2026-09-09 08:29:32,111 | INFO | GRAPH_EMBEDDINGS enabled=True source=train_histories_only main_device=cuda:0 graph_device=cuda:0
2026-09-09 08:29:32,965 | INFO | ADAPTATION_MODE mode=multi_lora enable_lora=1
2026-09-09 08:29:32,965 | INFO | ADAPTER_ROUTES {'long': ('candidate_lora', 'delta_lora', 'gate_lora', 'output_lora'), 'short': ('candidate_lora', 'delta_lora', 'gate_lora', 'output_lora'), 'preference': ('transition_lora', 'state_lora'), 'coordinator': ('state_lora', 'mix_lora', 'score_lora')}
2026-09-09 08:29:32,965 | INFO | agent_parameters={'long': 16513, 'short': 16513, 'preference': 78786, 'coordinator': 14373, 'shared_projection': 98304, 'graph': 115382016}
2026-09-09 08:29:37,836 | INFO | training_transitions=1500000
2026-09-09 08:29:37,836 | INFO | schedule specialist_epochs=3 coordinator_epochs=3 joint_ranking_epochs=7 validate_every_steps=6000 validation_users=0 periodic_test_users=0 monitor=ndcg@10 early_stopping_patience=6
2026-09-09 08:53:08,955 | INFO | 
========== PERIODIC VALIDATION ==========
stage=specialists | epoch=1 | step=6000 | users=564666/564666
NDCG  | @5 0.029066 | @10 0.032526
Recall| @5 0.037978 | @10 0.048719
Hit   | @5 0.037978 | @10 0.048719
================================
2026-09-09 08:56:13,422 | INFO | 
========== PERIODIC TEST ==========
stage=specialists | epoch=1 | step=6000 | users=564666/564666
NDCG  | @5 0.027337 | @10 0.030471
Recall| @5 0.035203 | @10 0.044935
Hit   | @5 0.035203 | @10 0.044935
================================
2026-09-09 08:56:13,422 | INFO | VALID_STEP step=6000 stage=specialists epoch=1 ndcg@10=0.032526 recall@10=0.048719 improved=True
2026-09-09 08:56:13,665 | INFO | BEST_MODEL_IN_MEMORY step=6000 stage=specialists ndcg@10=0.032526
2026-09-09 09:15:28,533 | INFO | stage=specialists epoch=1 loss=14.728681 steps=11719 transitions/s=631.70
2026-09-09 09:38:49,601 | INFO | 
========== PERIODIC VALIDATION ==========
stage=specialists | epoch=2 | step=17719 | users=564666/564666
NDCG  | @5 0.037004 | @10 0.041314
Recall| @5 0.048105 | @10 0.061463
Hit   | @5 0.048105 | @10 0.061463
================================
2026-09-09 09:41:54,436 | INFO | 
========== PERIODIC TEST ==========
stage=specialists | epoch=2 | step=17719 | users=564666/564666
NDCG  | @5 0.037079 | @10 0.040709
Recall| @5 0.046640 | @10 0.057919
Hit   | @5 0.046640 | @10 0.057919
================================
2026-09-09 09:41:54,436 | INFO | VALID_STEP step=17719 stage=specialists epoch=2 ndcg@10=0.041314 recall@10=0.061463 improved=True
2026-09-09 09:41:54,697 | INFO | BEST_MODEL_IN_MEMORY step=17719 stage=specialists ndcg@10=0.041314
2026-09-09 10:01:08,504 | INFO | stage=specialists epoch=2 loss=13.744266 steps=11719 transitions/s=634.40
2026-09-09 10:24:30,551 | INFO | 
========== PERIODIC VALIDATION ==========
stage=specialists | epoch=3 | step=29438 | users=564666/564666
NDCG  | @5 0.035022 | @10 0.039119
Recall| @5 0.045560 | @10 0.058265
Hit   | @5 0.045560 | @10 0.058265
================================
2026-09-09 10:27:34,800 | INFO | 
========== PERIODIC TEST ==========
stage=specialists | epoch=3 | step=29438 | users=564666/564666
NDCG  | @5 0.034455 | @10 0.037840
Recall| @5 0.042893 | @10 0.053398
Hit   | @5 0.042893 | @10 0.053398
================================
2026-09-09 10:27:34,801 | INFO | VALID_STEP step=29438 stage=specialists epoch=3 ndcg@10=0.039119 recall@10=0.058265 improved=False
2026-09-09 10:46:46,705 | INFO | stage=specialists epoch=3 loss=11.968000 steps=11719 transitions/s=634.39
2026-09-09 10:59:08,107 | INFO | 
========== PERIODIC VALIDATION ==========
stage=coordinator | epoch=1 | step=41157 | users=564666/564666
NDCG  | @5 0.034474 | @10 0.038414
Recall| @5 0.044563 | @10 0.056777
Hit   | @5 0.044563 | @10 0.056777
================================
2026-09-09 11:02:23,041 | INFO | 
========== PERIODIC TEST ==========
stage=coordinator | epoch=1 | step=41157 | users=564666/564666
NDCG  | @5 0.033932 | @10 0.037126
Recall| @5 0.042129 | @10 0.052050
Hit   | @5 0.042129 | @10 0.052050
================================
2026-09-09 11:02:23,041 | INFO | VALID_STEP step=41157 stage=coordinator epoch=1 ndcg@10=0.038414 recall@10=0.056777 improved=False
2026-09-09 11:02:23,041 | INFO | LEARNING_RATE step=41157 stage=coordinator lr=0.0001
2026-09-09 11:10:57,176 | INFO | stage=coordinator epoch=1 loss=3.030379 steps=11719 transitions/s=1422.01
2026-09-09 11:23:18,426 | INFO | 
========== PERIODIC VALIDATION ==========
stage=coordinator | epoch=2 | step=52876 | users=564666/564666
NDCG  | @5 0.034134 | @10 0.038039
Recall| @5 0.044185 | @10 0.056304
Hit   | @5 0.044185 | @10 0.056304
================================
2026-09-09 11:26:33,591 | INFO | 
========== PERIODIC TEST ==========
stage=coordinator | epoch=2 | step=52876 | users=564666/564666
NDCG  | @5 0.033556 | @10 0.036723
Recall| @5 0.041598 | @10 0.051420
Hit   | @5 0.041598 | @10 0.051420
================================
2026-09-09 11:26:33,591 | INFO | VALID_STEP step=52876 stage=coordinator epoch=2 ndcg@10=0.038039 recall@10=0.056304 improved=False
2026-09-09 11:26:33,591 | INFO | LEARNING_RATE step=52876 stage=coordinator lr=0.0001
2026-09-09 11:35:08,316 | INFO | stage=coordinator epoch=2 loss=3.131180 steps=11719 transitions/s=1422.72
2026-09-09 11:47:29,865 | INFO | 
========== PERIODIC VALIDATION ==========
stage=coordinator | epoch=3 | step=64595 | users=564666/564666
NDCG  | @5 0.033860 | @10 0.037773
Recall| @5 0.043844 | @10 0.056005
Hit   | @5 0.043844 | @10 0.056005
================================
2026-09-09 11:50:45,292 | INFO | 
========== PERIODIC TEST ==========
stage=coordinator | epoch=3 | step=64595 | users=564666/564666
NDCG  | @5 0.033338 | @10 0.036454
Recall| @5 0.041322 | @10 0.050984
Hit   | @5 0.041322 | @10 0.050984
================================
2026-09-09 11:50:45,292 | INFO | VALID_STEP step=64595 stage=coordinator epoch=3 ndcg@10=0.037773 recall@10=0.056005 improved=False
2026-09-09 11:50:45,292 | INFO | LEARNING_RATE step=64595 stage=coordinator lr=0.0001
2026-09-09 11:59:20,857 | INFO | stage=coordinator epoch=3 loss=3.121055 steps=11719 transitions/s=1420.14
2026-09-09 12:22:55,607 | INFO | 
========== PERIODIC VALIDATION ==========
stage=joint | epoch=1 | step=76314 | users=564666/564666
NDCG  | @5 0.032980 | @10 0.036708
Recall| @5 0.042476 | @10 0.054028
Hit   | @5 0.042476 | @10 0.054028
================================
2026-09-09 12:26:00,548 | INFO | 
========== PERIODIC TEST ==========
stage=joint | epoch=1 | step=76314 | users=564666/564666
NDCG  | @5 0.032601 | @10 0.035548
Recall| @5 0.040144 | @10 0.049298
Hit   | @5 0.040144 | @10 0.049298
================================
2026-09-09 12:26:00,548 | INFO | VALID_STEP step=76314 stage=joint epoch=1 ndcg@10=0.036708 recall@10=0.054028 improved=False
2026-09-09 12:26:00,548 | INFO | LEARNING_RATE step=76314 stage=joint lr=5e-05
2026-09-09 12:45:22,141 | INFO | stage=joint epoch=1 loss=3.551438 steps=11719 transitions/s=628.57
2026-09-09 13:08:55,801 | INFO | 
========== PERIODIC VALIDATION ==========
stage=joint | epoch=2 | step=88033 | users=564666/564666
NDCG  | @5 0.031802 | @10 0.035388
Recall| @5 0.040945 | @10 0.052063
Hit   | @5 0.040945 | @10 0.052063
================================
2026-09-09 13:12:00,450 | INFO | 
========== PERIODIC TEST ==========
stage=joint | epoch=2 | step=88033 | users=564666/564666
NDCG  | @5 0.031653 | @10 0.034455
Recall| @5 0.038683 | @10 0.047375
Hit   | @5 0.038683 | @10 0.047375
================================
2026-09-09 13:12:00,450 | INFO | VALID_STEP step=88033 stage=joint epoch=2 ndcg@10=0.035388 recall@10=0.052063 improved=False
2026-09-09 13:12:00,451 | INFO | LEARNING_RATE step=88033 stage=joint lr=5e-05
2026-09-09 13:31:24,001 | INFO | stage=joint epoch=2 loss=3.541554 steps=11719 transitions/s=628.60
2026-09-09 13:54:56,803 | INFO | 
========== PERIODIC VALIDATION ==========
stage=joint | epoch=3 | step=99752 | users=564666/564666
NDCG  | @5 0.030731 | @10 0.034154
Recall| @5 0.039370 | @10 0.049989
Hit   | @5 0.039370 | @10 0.049989
================================
2026-09-09 13:58:02,061 | INFO | 
========== PERIODIC TEST ==========
stage=joint | epoch=3 | step=99752 | users=564666/564666
NDCG  | @5 0.030703 | @10 0.033347
Recall| @5 0.037314 | @10 0.045508
Hit   | @5 0.037314 | @10 0.045508
================================
2026-09-09 13:58:02,061 | INFO | VALID_STEP step=99752 stage=joint epoch=3 ndcg@10=0.034154 recall@10=0.049989 improved=False
2026-09-09 13:58:02,061 | INFO | LEARNING_RATE step=99752 stage=joint lr=5e-05
2026-09-09 14:17:26,080 | INFO | stage=joint epoch=3 loss=3.454733 steps=11719 transitions/s=628.75
2026-09-09 14:40:59,922 | INFO | 
========== PERIODIC VALIDATION ==========
stage=joint | epoch=4 | step=111471 | users=564666/564666
NDCG  | @5 0.029960 | @10 0.033299
Recall| @5 0.038325 | @10 0.048682
Hit   | @5 0.038325 | @10 0.048682
================================
2026-09-09 14:44:04,527 | INFO | 
========== PERIODIC TEST ==========
stage=joint | epoch=4 | step=111471 | users=564666/564666
NDCG  | @5 0.030132 | @10 0.032721
Recall| @5 0.036567 | @10 0.044600
Hit   | @5 0.036567 | @10 0.044600
================================
2026-09-09 14:44:04,527 | INFO | VALID_STEP step=111471 stage=joint epoch=4 ndcg@10=0.033299 recall@10=0.048682 improved=False
2026-09-09 14:44:04,528 | INFO | LEARNING_RATE step=111471 stage=joint lr=2.5e-05
2026-09-09 15:03:28,331 | INFO | stage=joint epoch=4 loss=3.378237 steps=11719 transitions/s=628.46
2026-09-09 15:27:09,658 | INFO | 
========== PERIODIC VALIDATION ==========
stage=joint | epoch=5 | step=123190 | users=564666/564666
NDCG  | @5 0.029758 | @10 0.033024
Recall| @5 0.037966 | @10 0.048117
Hit   | @5 0.037966 | @10 0.048117
================================
2026-09-09 15:30:14,625 | INFO | 
========== PERIODIC TEST ==========
stage=joint | epoch=5 | step=123190 | users=564666/564666
NDCG  | @5 0.029918 | @10 0.032397
Recall| @5 0.036200 | @10 0.043902
Hit   | @5 0.036200 | @10 0.043902
================================
2026-09-09 15:30:14,625 | INFO | VALID_STEP step=123190 stage=joint epoch=5 ndcg@10=0.033024 recall@10=0.048117 improved=False
2026-09-09 15:30:14,625 | INFO | LEARNING_RATE step=123190 stage=joint lr=2.5e-05
2026-09-09 15:49:38,622 | INFO | stage=joint epoch=5 loss=3.255284 steps=11719 transitions/s=626.20
2026-09-09 16:13:13,303 | INFO | 
========== PERIODIC VALIDATION ==========
stage=joint | epoch=6 | step=134909 | users=564666/564666
NDCG  | @5 0.029376 | @10 0.032549
Recall| @5 0.037410 | @10 0.047265
Hit   | @5 0.037410 | @10 0.047265
================================
2026-09-09 16:16:18,682 | INFO | 
========== PERIODIC TEST ==========
stage=joint | epoch=6 | step=134909 | users=564666/564666
NDCG  | @5 0.029644 | @10 0.032025
Recall| @5 0.035688 | @10 0.043080
Hit   | @5 0.035688 | @10 0.043080
================================
2026-09-09 16:16:18,682 | INFO | VALID_STEP step=134909 stage=joint epoch=6 ndcg@10=0.032549 recall@10=0.047265 improved=False
2026-09-09 16:16:18,682 | INFO | LEARNING_RATE step=134909 stage=joint lr=2.5e-05
2026-09-09 16:16:18,682 | INFO | EARLY_STOP step=134909 checks_without_improvement=6 best_step=17719 best_ndcg@10=0.041314
2026-09-09 16:16:18,682 | INFO | stage=joint epoch=6 loss=3.182416 steps=6000 transitions/s=627.80
2026-09-09 16:19:23,578 | INFO | 
========== FINAL CURRENT VALIDATION ==========
stage=final | epoch=0 | step=134909 | users=564666/564666
NDCG  | @5 0.029376 | @10 0.032549
Recall| @5 0.037410 | @10 0.047265
Hit   | @5 0.037410 | @10 0.047265
================================
2026-09-09 16:19:23,578 | INFO | VALID_STEP step=134909 stage=final epoch=0 ndcg@10=0.032549 recall@10=0.047265 improved=False
2026-09-09 16:19:23,614 | INFO | RESTORE_BEST step=17719 stage=specialists ndcg@10=0.041314
2026-09-09 16:25:33,274 | INFO | 
========== BEST CHECKPOINT VALIDATION ==========
stage=specialists | epoch=0 | step=17719 | users=564666/564666
NDCG  | @5 0.037004 | @10 0.041314
Recall| @5 0.048105 | @10 0.061463
Hit   | @5 0.048105 | @10 0.061463
================================
2026-09-09 16:25:33,274 | INFO | 
========== FINAL FULL TEST ==========
stage=specialists | epoch=0 | step=17719 | users=564666/564666
NDCG  | @5 0.037080 | @10 0.040710
Recall| @5 0.046640 | @10 0.057919
Hit   | @5 0.046640 | @10 0.057919
================================
2026-09-09 16:25:33,275 | INFO | VALID_BEST {"evaluated_users": 564666, "hit@10": 0.06146288248274201, "hit@5": 0.04810454321669801, "long_agent_weight": 0.5, "long_preference_state_cosine": 0.47450693346965106, "long_short_state_cosine": 0.9841650217520409, "ndcg@10": 0.04131448076253501, "ndcg@5": 0.0370040341510242, "preference_change_probability": 0.0700791864444154, "preference_current_entropy": 3.1899955952370984, "preference_next_entropy": 3.3737133829358723, "preference_ranking_weight": 0.199951171875, "recall@10": 0.06146288248274201, "recall@5": 0.04810454321669801, "scores_per_second": 1020665572.3469597, "short_agent_weight": 0.5, "short_preference_state_cosine": 0.48127503083357054, "total_users": 564666, "users_per_second": 3063.589783728418}
2026-09-09 16:25:33,275 | INFO | TEST_FINAL {"evaluated_users": 564666, "hit@10": 0.057919194709793044, "hit@5": 0.04663996061388502, "long_agent_weight": 0.5, "long_preference_state_cosine": 0.4767948979731146, "long_short_state_cosine": 0.9803524085768923, "ndcg@10": 0.040709726198689275, "ndcg@5": 0.03707969923480154, "preference_change_probability": 0.07045580311369215, "preference_current_entropy": 3.1957780013192654, "preference_next_entropy": 3.3772127694827545, "preference_ranking_weight": 0.199951171875, "recall@10": 0.057919194709793044, "recall@5": 0.04663996061388502, "scores_per_second": 1016414812.6399239, "short_agent_weight": 0.5, "short_preference_state_cosine": 0.4857021998950075, "total_users": 564666, "users_per_second": 3050.8308699721574}
2026-09-09 16:25:33,275 | INFO | TARGET_RESULT metric=recall@10 target=>0.150000 actual=0.057919 achieved=False
2026-09-09 16:25:33,591 | INFO | scores=/workspace/P78123011/MediaTek_2026_project/ver4/outputs_mamba_rl/amazons_lora/Toys_and_Games/rl_20260909_082236/Toys_and_Games_scores.json
2026-09-09 16:25:33,591 | INFO | outputs=/workspace/P78123011/MediaTek_2026_project/ver4/outputs_mamba_rl/amazons_lora/Toys_and_Games/rl_20260909_082236
