2026-08-27 20:19:41,494 | INFO | run_id=20260827_201941 dataset=amazon-sports-and-outdoors device=cuda
2026-08-27 20:19:41,494 | INFO | EXPERIMENT_NOTE amazons_full subset=Sports; common architecture; periodic validation/test
2026-08-27 20:19:41,494 | INFO | EXPERIMENT_CONFIG {"batch_size": 128, "cache_dir": "/workspace/P78123011/cache", "candidates": 64, "coordinator_epochs": 2, "coordinator_lr": 0.0002, "data_path": null, "dataset": "amazon-sports-and-outdoors", "device": "cuda", "dim": 128, "early_stopping_patience": 12, "entropy_coef": 0.01, "eval_batch_size": 64, "experiment_note": "amazons_full subset=Sports; common architecture; periodic validation/test", "full_catalog_supervised": false, "generate_reasons": false, "item_vector_artifact": null, "joint_lr": 5e-05, "lora_alpha": 16.0, "lora_dropout": 0.05, "lora_rank": 8, "lr_patience": 3, "mamba_encode_batch_size": 32, "mamba_max_tokens": 16, "max_events": null, "max_history": 100, "max_transitions": 500000, "min_rating": 4.0, "min_user_events": 5, "monitor_metric": "ndcg@10", "output_dir": "/workspace/P78123011/MediaTek_2026_project/outputs_mamba_rl", "output_run_dir": "/workspace/P78123011/MediaTek_2026_project/outputs_mamba_rl/amazons_full/Sports/rl_20260827_201940", "periodic_test_user_limit": 10000, "popularity_alpha": -0.25, "reason_count": 20, "reason_max_new_tokens": 40, "refresh_data_cache": false, "resume_checkpoint": null, "rl_epochs": 20, "score_file": "/workspace/P78123011/MediaTek_2026_project/outputs_mamba_rl/amazons_full/Sports/rl_20260827_201940/Sports_scores.json", "seed": 25252, "short_window": 10, "skip_mamba": false, "specialist_epochs": 3, "specialist_lr": 0.0002, "specialization_coef": 0.01, "supervised_coef": 0.1, "target_recall_at_10": 0.15, "transition_beta": 4.0, "validate_every_steps": 1000, "validation_user_limit": 20000}
2026-08-27 20:19:42,869 | INFO | INTERACTION_CACHE hit path=/workspace/P78123011/cache/mamba_multi_agent_data/amazon-sports-and-outdoors_2f2f890dc509.pkl
2026-08-27 20:19:42,879 | INFO | users=632081 items=868148 train_interactions=4253294
2026-08-27 20:19:57,342 | INFO | CATALOG_PRIORS popularity_alpha=-0.250000 transition_beta=4.000000 source=train_histories_only enabled=True
2026-08-27 21:37:11,491 | INFO | ITEM_VECTOR_ARTIFACT path=/workspace/P78123011/cache/mamba_multi_agent/amazon-sports-and-outdoors_868148_6f09f78a5697_tok16.pt fingerprint=6f09f78a5697
2026-08-27 21:37:12,669 | INFO | agent_parameters={'long': 8321, 'short': 8321, 'coordinator': 7185, 'shared_projection': 327680}
2026-08-27 21:37:15,297 | INFO | training_transitions=500000
2026-08-27 21:37:15,297 | INFO | schedule specialist_epochs=3 coordinator_epochs=2 rl_epochs=20 validate_every_steps=1000 validation_users=20000 periodic_test_users=10000 monitor=ndcg@10 early_stopping_patience=12
2026-08-27 21:38:26,384 | INFO | 
========== PERIODIC VALIDATION ==========
stage=specialists | epoch=1 | step=1000 | users=20000/632081
NDCG  | @5 0.014824 | @10 0.015638
Recall| @5 0.017500 | @10 0.020050
Hit   | @5 0.017500 | @10 0.020050
================================
2026-08-27 21:38:30,203 | INFO | 
========== PERIODIC TEST ==========
stage=specialists | epoch=1 | step=1000 | users=10000/632081
NDCG  | @5 0.018659 | @10 0.019639
Recall| @5 0.021200 | @10 0.024200
Hit   | @5 0.021200 | @10 0.024200
================================
2026-08-27 21:38:30,203 | INFO | VALID_STEP step=1000 stage=specialists epoch=1 ndcg@10=0.015638 recall@10=0.020050 improved=True
2026-08-27 21:38:30,205 | INFO | BEST_CHECKPOINT step=1000 stage=specialists ndcg@10=0.015638 path=/workspace/P78123011/MediaTek_2026_project/outputs_mamba_rl/amazons_full/Sports/rl_20260827_201940/best_validation.pt
2026-08-27 21:39:40,638 | INFO | 
========== PERIODIC VALIDATION ==========
stage=specialists | epoch=1 | step=2000 | users=20000/632081
NDCG  | @5 0.014613 | @10 0.015468
Recall| @5 0.017200 | @10 0.019850
Hit   | @5 0.017200 | @10 0.019850
================================
2026-08-27 21:39:44,349 | INFO | 
========== PERIODIC TEST ==========
stage=specialists | epoch=1 | step=2000 | users=10000/632081
NDCG  | @5 0.018481 | @10 0.019451
Recall| @5 0.021300 | @10 0.024300
Hit   | @5 0.021300 | @10 0.024300
================================
2026-08-27 21:39:44,350 | INFO | VALID_STEP step=2000 stage=specialists epoch=1 ndcg@10=0.015468 recall@10=0.019850 improved=False
2026-08-27 21:40:54,528 | INFO | 
========== PERIODIC VALIDATION ==========
stage=specialists | epoch=1 | step=3000 | users=20000/632081
NDCG  | @5 0.014727 | @10 0.015593
Recall| @5 0.017150 | @10 0.019850
Hit   | @5 0.017150 | @10 0.019850
================================
2026-08-27 21:40:58,241 | INFO | 
========== PERIODIC TEST ==========
stage=specialists | epoch=1 | step=3000 | users=10000/632081
NDCG  | @5 0.018583 | @10 0.019539
Recall| @5 0.021400 | @10 0.024300
Hit   | @5 0.021400 | @10 0.024300
================================
2026-08-27 21:40:58,241 | INFO | VALID_STEP step=3000 stage=specialists epoch=1 ndcg@10=0.015593 recall@10=0.019850 improved=False
2026-08-27 21:41:54,860 | INFO | stage=specialists epoch=1 loss=7.286484 steps=3907 transitions/s=2031.53
2026-08-27 21:42:08,173 | INFO | 
========== PERIODIC VALIDATION ==========
stage=specialists | epoch=2 | step=4000 | users=20000/632081
NDCG  | @5 0.014885 | @10 0.015674
Recall| @5 0.017600 | @10 0.020050
Hit   | @5 0.017600 | @10 0.020050
================================
2026-08-27 21:42:11,880 | INFO | 
========== PERIODIC TEST ==========
stage=specialists | epoch=2 | step=4000 | users=10000/632081
NDCG  | @5 0.018556 | @10 0.019244
Recall| @5 0.022100 | @10 0.024200
Hit   | @5 0.022100 | @10 0.024200
================================
2026-08-27 21:42:11,880 | INFO | VALID_STEP step=4000 stage=specialists epoch=2 ndcg@10=0.015674 recall@10=0.020050 improved=True
2026-08-27 21:42:11,883 | INFO | BEST_CHECKPOINT step=4000 stage=specialists ndcg@10=0.015674 path=/workspace/P78123011/MediaTek_2026_project/outputs_mamba_rl/amazons_full/Sports/rl_20260827_201940/best_validation.pt
2026-08-27 21:43:22,409 | INFO | 
========== PERIODIC VALIDATION ==========
stage=specialists | epoch=2 | step=5000 | users=20000/632081
NDCG  | @5 0.014942 | @10 0.015641
Recall| @5 0.017650 | @10 0.019800
Hit   | @5 0.017650 | @10 0.019800
================================
2026-08-27 21:43:26,111 | INFO | 
========== PERIODIC TEST ==========
stage=specialists | epoch=2 | step=5000 | users=10000/632081
NDCG  | @5 0.019009 | @10 0.019758
Recall| @5 0.022200 | @10 0.024500
Hit   | @5 0.022200 | @10 0.024500
================================
2026-08-27 21:43:26,111 | INFO | VALID_STEP step=5000 stage=specialists epoch=2 ndcg@10=0.015641 recall@10=0.019800 improved=False
2026-08-27 21:44:36,451 | INFO | 
========== PERIODIC VALIDATION ==========
stage=specialists | epoch=2 | step=6000 | users=20000/632081
NDCG  | @5 0.015116 | @10 0.015878
Recall| @5 0.017850 | @10 0.020200
Hit   | @5 0.017850 | @10 0.020200
================================
2026-08-27 21:44:40,155 | INFO | 
========== PERIODIC TEST ==========
stage=specialists | epoch=2 | step=6000 | users=10000/632081
NDCG  | @5 0.019193 | @10 0.019978
Recall| @5 0.022600 | @10 0.025000
Hit   | @5 0.022600 | @10 0.025000
================================
2026-08-27 21:44:40,155 | INFO | VALID_STEP step=6000 stage=specialists epoch=2 ndcg@10=0.015878 recall@10=0.020200 improved=True
2026-08-27 21:44:40,157 | INFO | BEST_CHECKPOINT step=6000 stage=specialists ndcg@10=0.015878 path=/workspace/P78123011/MediaTek_2026_project/outputs_mamba_rl/amazons_full/Sports/rl_20260827_201940/best_validation.pt
2026-08-27 21:45:49,892 | INFO | 
========== PERIODIC VALIDATION ==========
stage=specialists | epoch=2 | step=7000 | users=20000/632081
NDCG  | @5 0.015211 | @10 0.015929
Recall| @5 0.017950 | @10 0.020150
Hit   | @5 0.017950 | @10 0.020150
================================
2026-08-27 21:45:53,593 | INFO | 
========== PERIODIC TEST ==========
stage=specialists | epoch=2 | step=7000 | users=10000/632081
NDCG  | @5 0.019988 | @10 0.020607
Recall| @5 0.023200 | @10 0.025100
Hit   | @5 0.023200 | @10 0.025100
================================
2026-08-27 21:45:53,593 | INFO | VALID_STEP step=7000 stage=specialists epoch=2 ndcg@10=0.015929 recall@10=0.020150 improved=True
2026-08-27 21:45:53,596 | INFO | BEST_CHECKPOINT step=7000 stage=specialists ndcg@10=0.015929 path=/workspace/P78123011/MediaTek_2026_project/outputs_mamba_rl/amazons_full/Sports/rl_20260827_201940/best_validation.pt
2026-08-27 21:46:44,206 | INFO | stage=specialists epoch=2 loss=6.672611 steps=3907 transitions/s=2036.29
2026-08-27 21:47:03,612 | INFO | 
========== PERIODIC VALIDATION ==========
stage=specialists | epoch=3 | step=8000 | users=20000/632081
NDCG  | @5 0.015323 | @10 0.016015
Recall| @5 0.018050 | @10 0.020150
Hit   | @5 0.018050 | @10 0.020150
================================
2026-08-27 21:47:07,311 | INFO | 
========== PERIODIC TEST ==========
stage=specialists | epoch=3 | step=8000 | users=10000/632081
NDCG  | @5 0.019690 | @10 0.020455
Recall| @5 0.022800 | @10 0.025200
Hit   | @5 0.022800 | @10 0.025200
================================
2026-08-27 21:47:07,311 | INFO | VALID_STEP step=8000 stage=specialists epoch=3 ndcg@10=0.016015 recall@10=0.020150 improved=True
2026-08-27 21:47:07,313 | INFO | BEST_CHECKPOINT step=8000 stage=specialists ndcg@10=0.016015 path=/workspace/P78123011/MediaTek_2026_project/outputs_mamba_rl/amazons_full/Sports/rl_20260827_201940/best_validation.pt
