2026-10-05 03:12:47,889 | INFO | run_id=20261005_031247 dataset=amazon:Baby_Products device=cuda:0
2026-10-05 03:12:47,890 | INFO | MODEL recommender=MultiAgentMambaRecommender semantic_encoder=MambaTextEncoder semantic_model_id=state-spaces/mamba-130m-hf graph_backbone=LightGCN adaptation=multi_lora
2026-10-05 03:12:47,890 | INFO | ABLATION USE_SHORT=1 USE_PREFERENCE=1 USE_GCN=1 USE_COORDINATOR=1
2026-10-05 03:12:47,890 | INFO | AGENT_HISTORY mode=full_history effective_max_history=100 short=4 preference=100
2026-10-05 03:12:47,890 | INFO | EXPERIMENT_NOTE amazons_long_short subset=Baby_Products; short filtered-full-sequence <= 10; long > 10; same model and full catalog
2026-10-05 03:12:47,890 | INFO | EXPERIMENT_CONFIG {"agent_diversity_coef": 0.02, "batch_size": 128, "cache_dir": "/workspace/P78123011/cache", "candidates": 192, "data_path": null, "dataset": "amazon:Baby_Products", "device": "cuda:0", "dim": 128, "early_stopping_patience": 6, "enable_lora": 1, "eval_batch_size": 64, "eval_length_basis": "filtered_full_sequence", "eval_length_threshold": 10, "experiment_note": "amazons_long_short subset=Baby_Products; short filtered-full-sequence <= 10; long > 10; same model and full catalog", "full_catalog_supervised": false, "future_decay": 0.5, "future_horizon": 3, "generate_reasons": false, "graph_device": "cuda:0", "hard_negative_fraction": 0.75, "hard_negative_pool_multiplier": 12, "hard_negative_warmup_epochs": 2, "history_influence_negatives": 64, "history_influence_output": null, "history_influence_user_limit": 0, "item_prompt_prefix": "Preference-aware product representation: ", "item_vector_artifact": null, "joint_epochs": 0, "joint_lr": 5e-05, "lora_alpha": 32.0, "lora_dropout": 0.05, "lora_rank": 16, "lr_patience": 2, "mamba_encode_batch_size": 32, "mamba_max_tokens": 32, "mamba_model_id": "state-spaces/mamba-130m-hf", "max_events": null, "max_history": 100, "max_transitions": 1500000, "min_rating": 4.0, "monitor_metric": "ndcg@10", "output_dir": "/workspace/P78123011/MediaTek_2026_project/ver5/outputs_mamba_rl/amazons_lora", "output_run_dir": "/workspace/P78123011/MediaTek_2026_project/ver5/outputs_mamba_rl/amazons_long_short_S1_P1_G1_C1_SW4_P8/Baby_Products/rl_20261005_031247_r1_2848917", "periodic_test_user_limit": 0, "popularity_alpha": 0.3, "preference_balance_coef": 0.01, "preference_coef": 0.2, "preference_contrastive_coef": 0.05, "preference_count": 8, "preference_score_weight": 0.2, "preference_separation_coef": 0.01, "preference_sharpness_coef": 0.05, "preference_temperature": 0.2, "preference_transition_coef": 0.1, "reason_count": 20, "reason_max_new_tokens": 40, "refresh_data_cache": false, "resume_checkpoint": null, "reverse_history_input": false, "rl_coef": 0.1, "rl_topk": 10, "save_model_weights": false, "score_file": "/workspace/P78123011/MediaTek_2026_project/ver5/outputs_mamba_rl/amazons_long_short_S1_P1_G1_C1_SW4_P8/Baby_Products/rl_20261005_031247_r1_2848917/Baby_Products_scores.json", "seed": 25252, "short_window": 4, "skip_mamba": false, "specialist_epochs": 4, "specialist_lr": 0.0001, "target_recall_at_10": 0.15, "transition_beta": 0.5, "use_coordinator": true, "use_graph_embeddings": true, "use_in_batch_negatives": true, "use_preference": 1, "use_short": 1, "validate_every_steps": 6000, "validation_user_limit": 0}
2026-10-05 03:12:48,755 | INFO | INTERACTION_CACHE hit path=/workspace/P78123011/cache/mamba_multi_agent_data/amazon_Baby_Products_e6e228b87df8.pkl
2026-10-05 03:12:48,755 | INFO | HISTORY_INPUT_ORDER chronological
2026-10-05 03:12:48,756 | INFO | LENGTH_SPLIT preprocessing=original_one_pass_user_item_min_5 basis=filtered_full_sequence short<=10 long>10
2026-10-05 03:12:48,758 | INFO | users=184834 items=77324 train_interactions=1121805
2026-10-05 03:12:52,651 | INFO | CATALOG_PRIORS popularity_alpha=0.300000 transition_beta=0.500000 source=train_histories_only enabled=True
2026-10-05 03:12:54,015 | INFO | ITEM_VECTOR_ARTIFACT path=/workspace/P78123011/cache/mamba_multi_agent/amazon_Baby_Products_77324_1b6c35e33122_prompt_tok32.pt fingerprint=1b6c35e33122
2026-10-05 03:12:54,015 | INFO | SEMANTIC_BACKBONE model_id=state-spaces/mamba-130m-hf hidden_size=768 frozen=True usage=shared_cached_item_vectors
2026-10-05 03:12:54,388 | INFO | GRAPH_EMBEDDINGS enabled=True source=train_histories_only main_device=cuda:0 graph_device=cuda:0
2026-10-05 03:12:54,687 | INFO | ADAPTATION_MODE mode=multi_lora enable_lora=1
2026-10-05 03:12:54,687 | INFO | ADAPTER_ROUTES {'short': ('candidate_lora', 'delta_lora', 'gate_lora', 'output_lora'), 'preference': ('transition_encoder.candidate_lora', 'transition_encoder.delta_lora', 'transition_encoder.gate_lora', 'transition_encoder.output_lora', 'state_lora'), 'coordinator': ('state_lora', 'mix_lora', 'score_lora')}
2026-10-05 03:12:54,688 | INFO | agent_parameters={'short': 16513, 'preference': 22802, 'coordinator': 14373, 'shared_projection': 98304, 'graph': 33556224}
2026-10-05 03:12:54,688 | INFO | PREDICTION_PATH graph_only=False active_agents=2 coordinator=True
2026-10-05 03:12:56,215 | INFO | training_transitions=936971
2026-10-05 03:12:56,215 | INFO | schedule mode=single_stage_dl specialist_dl_epochs=4 joint_dl_rl_epochs=0 effective_rl_coef=0.0000 effective_rl_topk=0 validate_every_steps=6000 validation_users=0 periodic_test_users=0 monitor=ndcg@10 early_stopping_patience=6
2026-10-05 03:12:56,733 | INFO | TRAINING_BRANCHES stage=all_dl short=True preference=True gcn=True preference_auxiliary=True preference_contrastive=True diversity_pairs=1 policy_gradient=False trainable_parameters=33708216
2026-10-05 03:26:11,806 | INFO | 
========== PERIODIC VALIDATION ==========
stage=all_dl | epoch=1 | step=6000 | users=184584/184584
NDCG  | @5 0.028006 | @10 0.032421
Recall| @5 0.037045 | @10 0.050806
Hit   | @5 0.037045 | @10 0.050806
================================
2026-10-05 03:26:11,807 | INFO | PERIODIC VALIDATION SEQUENCE_LENGTH {"basis": "filtered_full_sequence", "long": {"evaluated_users": 29587, "history_length_max": 507, "history_length_mean": 17.607935917801736, "history_length_min": 11, "hit@10": 0.05035995538581134, "hit@5": 0.035826545442255046, "ndcg@10": 0.03160657076670384, "ndcg@5": 0.026942603290915173, "recall@10": 0.05035995538581134, "recall@5": 0.035826545442255046, "total_users": 29587}, "long_rule": "length > threshold", "short": {"evaluated_users": 154997, "history_length_max": 10, "history_length_mean": 6.255211391188216, "history_length_min": 3, "hit@10": 0.05089130757369498, "hit@5": 0.03727814086724259, "ndcg@10": 0.03257609524013083, "ndcg@5": 0.0282088881040405, "recall@10": 0.05089130757369498, "recall@5": 0.03727814086724259, "total_users": 154997}, "short_rule": "length <= threshold", "threshold": 10}
2026-10-05 03:26:58,627 | INFO | 
========== PERIODIC TEST ==========
stage=all_dl | epoch=1 | step=6000 | users=184584/184584
NDCG  | @5 0.032163 | @10 0.036371
Recall| @5 0.041472 | @10 0.054582
Hit   | @5 0.041472 | @10 0.054582
================================
2026-10-05 03:26:58,627 | INFO | PERIODIC TEST SEQUENCE_LENGTH {"basis": "filtered_full_sequence", "long": {"evaluated_users": 29587, "history_length_max": 507, "history_length_mean": 17.607935917801736, "history_length_min": 11, "hit@10": 0.054618582485551084, "hit@5": 0.04143711765302329, "ndcg@10": 0.0367586060840384, "ndcg@5": 0.032551514671534616, "recall@10": 0.054618582485551084, "recall@5": 0.04143711765302329, "total_users": 29587}, "long_rule": "length > threshold", "short": {"evaluated_users": 154997, "history_length_max": 10, "history_length_mean": 6.255211391188216, "history_length_min": 3, "hit@10": 0.05457524984354536, "hit@5": 0.041478222159138566, "ndcg@10": 0.03629696387330341, "ndcg@5": 0.03208850948821611, "recall@10": 0.05457524984354536, "recall@5": 0.041478222159138566, "total_users": 154997}, "short_rule": "length <= threshold", "threshold": 10}
2026-10-05 03:26:58,628 | INFO | VALID_STEP step=6000 stage=all_dl epoch=1 ndcg@10=0.032421 recall@10=0.050806 improved=True
2026-10-05 03:26:58,693 | INFO | BEST_MODEL_IN_MEMORY step=6000 stage=all_dl ndcg@10=0.032421
2026-10-05 03:26:58,693 | INFO | LEARNING_RATE step=6000 stage=all_dl lr=0.0001
2026-10-05 03:29:42,738 | INFO | stage=all_dl epoch=1 loss=5.308775 steps=7321 transitions/s=1028.39
2026-10-05 03:42:56,918 | INFO | 
========== PERIODIC VALIDATION ==========
stage=all_dl | epoch=2 | step=13321 | users=184584/184584
NDCG  | @5 0.030609 | @10 0.034612
Recall| @5 0.039294 | @10 0.051770
Hit   | @5 0.039294 | @10 0.051770
================================
2026-10-05 03:42:56,918 | INFO | PERIODIC VALIDATION SEQUENCE_LENGTH {"basis": "filtered_full_sequence", "long": {"evaluated_users": 29587, "history_length_max": 507, "history_length_mean": 17.607935917801736, "history_length_min": 11, "hit@10": 0.05232027579680265, "hit@5": 0.038936019197620575, "ndcg@10": 0.03447421838168315, "ndcg@5": 0.03016558321916041, "recall@10": 0.05232027579680265, "recall@5": 0.038936019197620575, "total_users": 29587}, "long_rule": "length > threshold", "short": {"evaluated_users": 154997, "history_length_max": 10, "history_length_mean": 6.255211391188216, "history_length_min": 3, "hit@10": 0.05166551610676336, "hit@5": 0.03936205216875165, "ndcg@10": 0.03463836146067809, "ndcg@5": 0.03069407090889161, "recall@10": 0.05166551610676336, "recall@5": 0.03936205216875165, "total_users": 154997}, "short_rule": "length <= threshold", "threshold": 10}
2026-10-05 03:43:43,706 | INFO | 
========== PERIODIC TEST ==========
stage=all_dl | epoch=2 | step=13321 | users=184584/184584
NDCG  | @5 0.037177 | @10 0.040851
Recall| @5 0.045692 | @10 0.057091
Hit   | @5 0.045692 | @10 0.057091
================================
2026-10-05 03:43:43,706 | INFO | PERIODIC TEST SEQUENCE_LENGTH {"basis": "filtered_full_sequence", "long": {"evaluated_users": 29587, "history_length_max": 507, "history_length_mean": 17.607935917801736, "history_length_min": 11, "hit@10": 0.05972217527968365, "hit@5": 0.04792645418596005, "ndcg@10": 0.043205672670704645, "ndcg@5": 0.03939573591314437, "recall@10": 0.05972217527968365, "recall@5": 0.04792645418596005, "total_users": 29587}, "long_rule": "length > threshold", "short": {"evaluated_users": 154997, "history_length_max": 10, "history_length_mean": 6.255211391188216, "history_length_min": 3, "hit@10": 0.05658819202952315, "hit@5": 0.045265392233398066, "ndcg@10": 0.04040126572165791, "ndcg@5": 0.03675322000582924, "recall@10": 0.05658819202952315, "recall@5": 0.045265392233398066, "total_users": 154997}, "short_rule": "length <= threshold", "threshold": 10}
2026-10-05 03:43:43,706 | INFO | VALID_STEP step=13321 stage=all_dl epoch=2 ndcg@10=0.034612 recall@10=0.051770 improved=True
2026-10-05 03:43:43,792 | INFO | BEST_MODEL_IN_MEMORY step=13321 stage=all_dl ndcg@10=0.034612
2026-10-05 03:43:43,792 | INFO | LEARNING_RATE step=13321 stage=all_dl lr=0.0001
2026-10-05 03:46:27,315 | INFO | stage=all_dl epoch=2 loss=5.210704 steps=7321 transitions/s=1030.36
2026-10-05 03:59:42,584 | INFO | 
========== PERIODIC VALIDATION ==========
stage=all_dl | epoch=3 | step=20642 | users=184584/184584
NDCG  | @5 0.026223 | @10 0.029502
Recall| @5 0.033215 | @10 0.043406
Hit   | @5 0.033215 | @10 0.043406
================================
2026-10-05 03:59:42,584 | INFO | PERIODIC VALIDATION SEQUENCE_LENGTH {"basis": "filtered_full_sequence", "long": {"evaluated_users": 29587, "history_length_max": 507, "history_length_mean": 17.607935917801736, "history_length_min": 11, "hit@10": 0.04485077905837023, "hit@5": 0.03315645384797377, "ndcg@10": 0.029532360034961305, "ndcg@5": 0.025762813380257824, "recall@10": 0.04485077905837023, "recall@5": 0.03315645384797377, "total_users": 29587}, "long_rule": "length > threshold", "short": {"evaluated_users": 154997, "history_length_max": 10, "history_length_mean": 6.255211391188216, "history_length_min": 3, "hit@10": 0.043129867029684445, "hit@5": 0.03322644954418472, "ndcg@10": 0.029495998538487247, "ndcg@5": 0.02631069570864621, "recall@10": 0.043129867029684445, "recall@5": 0.03322644954418472, "total_users": 154997}, "short_rule": "length <= threshold", "threshold": 10}
2026-10-05 04:00:29,390 | INFO | 
========== PERIODIC TEST ==========
stage=all_dl | epoch=3 | step=20642 | users=184584/184584
NDCG  | @5 0.032645 | @10 0.035607
Recall| @5 0.039120 | @10 0.048330
Hit   | @5 0.039120 | @10 0.048330
================================
2026-10-05 04:00:29,390 | INFO | PERIODIC TEST SEQUENCE_LENGTH {"basis": "filtered_full_sequence", "long": {"evaluated_users": 29587, "history_length_max": 507, "history_length_mean": 17.607935917801736, "history_length_min": 11, "hit@10": 0.05100212931354987, "hit@5": 0.041504714908574714, "ndcg@10": 0.03831110706906546, "ndcg@5": 0.03524686837346845, "recall@10": 0.05100212931354987, "recall@5": 0.041504714908574714, "total_users": 29587}, "long_rule": "length > threshold", "short": {"evaluated_users": 154997, "history_length_max": 10, "history_length_mean": 6.255211391188216, "history_length_min": 3, "hit@10": 0.04782028039252373, "hit@5": 0.03866526448899011, "ndcg@10": 0.035090935438262305, "ndcg@5": 0.03214892745028497, "recall@10": 0.04782028039252373, "recall@5": 0.03866526448899011, "total_users": 154997}, "short_rule": "length <= threshold", "threshold": 10}
2026-10-05 04:00:29,390 | INFO | VALID_STEP step=20642 stage=all_dl epoch=3 ndcg@10=0.029502 recall@10=0.043406 improved=False
2026-10-05 04:00:29,390 | INFO | LEARNING_RATE step=20642 stage=all_dl lr=0.0001
2026-10-05 04:03:13,080 | INFO | stage=all_dl epoch=3 loss=4.889442 steps=7321 transitions/s=1028.96
2026-10-05 04:16:27,347 | INFO | 
========== PERIODIC VALIDATION ==========
stage=all_dl | epoch=4 | step=27963 | users=184584/184584
NDCG  | @5 0.024125 | @10 0.027039
Recall| @5 0.030409 | @10 0.039467
Hit   | @5 0.030409 | @10 0.039467
================================
2026-10-05 04:16:27,347 | INFO | PERIODIC VALIDATION SEQUENCE_LENGTH {"basis": "filtered_full_sequence", "long": {"evaluated_users": 29587, "history_length_max": 507, "history_length_mean": 17.607935917801736, "history_length_min": 11, "hit@10": 0.04116672863081759, "hit@5": 0.03136512657586102, "ndcg@10": 0.027455924324318808, "ndcg@5": 0.024328528927852793, "recall@10": 0.04116672863081759, "recall@5": 0.03136512657586102, "total_users": 29587}, "long_rule": "length > threshold", "short": {"evaluated_users": 154997, "history_length_max": 10, "history_length_mean": 6.255211391188216, "history_length_min": 3, "hit@10": 0.03914269308438228, "hit@5": 0.030226391478544747, "ndcg@10": 0.02695944377640138, "ndcg@5": 0.024086607557436756, "recall@10": 0.03914269308438228, "recall@5": 0.030226391478544747, "total_users": 154997}, "short_rule": "length <= threshold", "threshold": 10}
2026-10-05 04:17:14,159 | INFO | 
========== PERIODIC TEST ==========
stage=all_dl | epoch=4 | step=27963 | users=184584/184584
NDCG  | @5 0.030504 | @10 0.033039
Recall| @5 0.036038 | @10 0.043926
Hit   | @5 0.036038 | @10 0.043926
================================
2026-10-05 04:17:14,159 | INFO | PERIODIC TEST SEQUENCE_LENGTH {"basis": "filtered_full_sequence", "long": {"evaluated_users": 29587, "history_length_max": 507, "history_length_mean": 17.607935917801736, "history_length_min": 11, "hit@10": 0.04643931456382871, "hit@5": 0.03890222056984487, "ndcg@10": 0.03574260107931737, "ndcg@5": 0.03331754742777244, "recall@10": 0.04643931456382871, "recall@5": 0.03890222056984487, "total_users": 29587}, "long_rule": "length > threshold", "short": {"evaluated_users": 154997, "history_length_max": 10, "history_length_mean": 6.255211391188216, "history_length_min": 3, "hit@10": 0.043446002180687365, "hit@5": 0.03549100950340974, "ndcg@10": 0.032523408965211734, "ndcg@5": 0.02996636435145078, "recall@10": 0.043446002180687365, "recall@5": 0.03549100950340974, "total_users": 154997}, "short_rule": "length <= threshold", "threshold": 10}
2026-10-05 04:17:14,160 | INFO | VALID_STEP step=27963 stage=all_dl epoch=4 ndcg@10=0.027039 recall@10=0.039467 improved=False
2026-10-05 04:17:14,160 | INFO | LEARNING_RATE step=27963 stage=all_dl lr=0.0001
2026-10-05 04:19:57,925 | INFO | stage=all_dl epoch=4 loss=4.602269 steps=7321 transitions/s=1029.80
2026-10-05 04:20:44,791 | INFO | 
========== FINAL CURRENT VALIDATION ==========
stage=final | epoch=0 | step=29284 | users=184584/184584
NDCG  | @5 0.024517 | @10 0.027437
Recall| @5 0.030837 | @10 0.039944
Hit   | @5 0.030837 | @10 0.039944
================================
2026-10-05 04:20:44,791 | INFO | FINAL CURRENT VALIDATION SEQUENCE_LENGTH {"basis": "filtered_full_sequence", "long": {"evaluated_users": 29587, "history_length_max": 507, "history_length_mean": 17.607935917801736, "history_length_min": 11, "hit@10": 0.041470916280799, "hit@5": 0.03065535539257106, "ndcg@10": 0.027483537835995255, "ndcg@5": 0.024019664877816784, "recall@10": 0.041470916280799, "recall@5": 0.03065535539257106, "total_users": 29587}, "long_rule": "length > threshold", "short": {"evaluated_users": 154997, "history_length_max": 10, "history_length_mean": 6.255211391188216, "history_length_min": 3, "hit@10": 0.0396523803686523, "hit@5": 0.03087156525610173, "ndcg@10": 0.02742773946934459, "ndcg@5": 0.02461147852175442, "recall@10": 0.0396523803686523, "recall@5": 0.03087156525610173, "total_users": 154997}, "short_rule": "length <= threshold", "threshold": 10}
2026-10-05 04:20:44,791 | INFO | VALID_STEP step=29284 stage=final epoch=0 ndcg@10=0.027437 recall@10=0.039944 improved=False
2026-10-05 04:20:44,833 | INFO | RESTORE_BEST step=13321 stage=all_dl ndcg@10=0.034612
2026-10-05 04:22:18,334 | INFO | 
========== BEST CHECKPOINT VALIDATION ==========
stage=all_dl | epoch=0 | step=13321 | users=184584/184584
NDCG  | @5 0.030609 | @10 0.034612
Recall| @5 0.039294 | @10 0.051770
Hit   | @5 0.039294 | @10 0.051770
================================
2026-10-05 04:22:18,334 | INFO | BEST CHECKPOINT VALIDATION SEQUENCE_LENGTH {"basis": "filtered_full_sequence", "long": {"evaluated_users": 29587, "history_length_max": 507, "history_length_mean": 17.607935917801736, "history_length_min": 11, "hit@10": 0.05232027579680265, "hit@5": 0.038936019197620575, "ndcg@10": 0.03447421838168315, "ndcg@5": 0.03016558321916041, "recall@10": 0.05232027579680265, "recall@5": 0.038936019197620575, "total_users": 29587}, "long_rule": "length > threshold", "short": {"evaluated_users": 154997, "history_length_max": 10, "history_length_mean": 6.255211391188216, "history_length_min": 3, "hit@10": 0.05166551610676336, "hit@5": 0.03936205216875165, "ndcg@10": 0.03463836146067809, "ndcg@5": 0.03069407090889161, "recall@10": 0.05166551610676336, "recall@5": 0.03936205216875165, "total_users": 154997}, "short_rule": "length <= threshold", "threshold": 10}
2026-10-05 04:22:18,334 | INFO | 
========== FINAL FULL TEST ==========
stage=all_dl | epoch=0 | step=13321 | users=184584/184584
NDCG  | @5 0.037175 | @10 0.040851
Recall| @5 0.045687 | @10 0.057091
Hit   | @5 0.045687 | @10 0.057091
================================
2026-10-05 04:22:18,334 | INFO | FINAL FULL TEST SEQUENCE_LENGTH {"basis": "filtered_full_sequence", "long": {"evaluated_users": 29587, "history_length_max": 507, "history_length_mean": 17.607935917801736, "history_length_min": 11, "hit@10": 0.05972217527968365, "hit@5": 0.04789265555818434, "ndcg@10": 0.04320463689079704, "ndcg@5": 0.03938266081910865, "recall@10": 0.05972217527968365, "recall@5": 0.04789265555818434, "total_users": 29587}, "long_rule": "length > threshold", "short": {"evaluated_users": 154997, "history_length_max": 10, "history_length_mean": 6.255211391188216, "history_length_min": 3, "hit@10": 0.05658819202952315, "hit@5": 0.045265392233398066, "ndcg@10": 0.04040126572165791, "ndcg@5": 0.03675322000582924, "recall@10": 0.05658819202952315, "recall@5": 0.045265392233398066, "total_users": 154997}, "short_rule": "length <= threshold", "threshold": 10}
2026-10-05 04:22:18,334 | INFO | VALID_BEST {"evaluated_users": 184584, "hit@10": 0.05177046764616652, "hit@5": 0.03929376327308976, "ndcg@10": 0.034612051120599216, "ndcg@5": 0.030609359487543095, "preference_agent_weight": 3.566354467766011e-06, "preference_change_probability": 0.049204109683590874, "preference_current_entropy": 0.6330169075947819, "preference_next_entropy": 0.7573326593701274, "preference_ranking_weight": 3.566354467766011e-06, "recall@10": 0.05177046764616652, "recall@5": 0.03929376327308976, "scores_per_second": 307438347.0252601, "sequence_length": {"basis": "filtered_full_sequence", "long": {"evaluated_users": 29587, "history_length_max": 507, "history_length_mean": 17.607935917801736, "history_length_min": 11, "hit@10": 0.05232027579680265, "hit@5": 0.038936019197620575, "ndcg@10": 0.03447421838168315, "ndcg@5": 0.03016558321916041, "recall@10": 0.05232027579680265, "recall@5": 0.038936019197620575, "total_users": 29587}, "long_rule": "length > threshold", "short": {"evaluated_users": 154997, "history_length_max": 10, "history_length_mean": 6.255211391188216, "history_length_min": 3, "hit@10": 0.05166551610676336, "hit@5": 0.03936205216875165, "ndcg@10": 0.03463836146067809, "ndcg@5": 0.03069407090889161, "recall@10": 0.05166551610676336, "recall@5": 0.03936205216875165, "total_users": 154997}, "short_rule": "length <= threshold", "threshold": 10}, "short_agent_weight": 0.9999964375187567, "short_preference_state_cosine": 0.1933831677027426, "total_users": 184584, "users_per_second": 3975.9757258452755}
2026-10-05 04:22:18,335 | INFO | TEST_FINAL {"evaluated_users": 184584, "hit@10": 0.05709053872491657, "hit@5": 0.04568651670784033, "ndcg@10": 0.04085061867825801, "ndcg@5": 0.0371746934591272, "preference_agent_weight": 2.969209360062416e-06, "preference_change_probability": 0.057784830408423256, "preference_current_entropy": 0.6726669971269071, "preference_next_entropy": 0.7895577155334227, "preference_ranking_weight": 2.969209360062416e-06, "recall@10": 0.05709053872491657, "recall@5": 0.04568651670784033, "scores_per_second": 304576559.7264952, "sequence_length": {"basis": "filtered_full_sequence", "long": {"evaluated_users": 29587, "history_length_max": 507, "history_length_mean": 17.607935917801736, "history_length_min": 11, "hit@10": 0.05972217527968365, "hit@5": 0.04789265555818434, "ndcg@10": 0.04320463689079704, "ndcg@5": 0.03938266081910865, "recall@10": 0.05972217527968365, "recall@5": 0.04789265555818434, "total_users": 29587}, "long_rule": "length > threshold", "short": {"evaluated_users": 154997, "history_length_max": 10, "history_length_mean": 6.255211391188216, "history_length_min": 3, "hit@10": 0.05658819202952315, "hit@5": 0.045265392233398066, "ndcg@10": 0.04040126572165791, "ndcg@5": 0.03675322000582924, "recall@10": 0.05658819202952315, "recall@5": 0.045265392233398066, "total_users": 154997}, "short_rule": "length <= threshold", "threshold": 10}, "short_agent_weight": 0.9999970364765915, "short_preference_state_cosine": 0.19617647316481365, "total_users": 184584, "users_per_second": 3938.9653888378148}
2026-10-05 04:22:18,335 | INFO | TARGET_RESULT metric=recall@10 target=>0.150000 actual=0.057091 achieved=False
2026-10-05 04:22:18,777 | INFO | FINAL_LENGTH_SCORES dataset=amazon:Baby_Products group=short split=valid threshold=10 users=154997/154997 scores={"hit@10": 0.05166551610676336, "hit@5": 0.03936205216875165, "ndcg@10": 0.03463836146067809, "ndcg@5": 0.03069407090889161, "recall@10": 0.05166551610676336, "recall@5": 0.03936205216875165}
2026-10-05 04:22:18,777 | INFO | FINAL_LENGTH_SCORES dataset=amazon:Baby_Products group=short split=test threshold=10 users=154997/154997 scores={"hit@10": 0.05658819202952315, "hit@5": 0.045265392233398066, "ndcg@10": 0.04040126572165791, "ndcg@5": 0.03675322000582924, "recall@10": 0.05658819202952315, "recall@5": 0.045265392233398066}
2026-10-05 04:22:18,778 | INFO | short_scores=/workspace/P78123011/MediaTek_2026_project/ver5/outputs_mamba_rl/amazons_long_short_S1_P1_G1_C1_SW4_P8/Baby_Products/rl_20261005_031247_r1_2848917/short_scores.json
2026-10-05 04:22:18,778 | INFO | FINAL_LENGTH_SCORES dataset=amazon:Baby_Products group=long split=valid threshold=10 users=29587/29587 scores={"hit@10": 0.05232027579680265, "hit@5": 0.038936019197620575, "ndcg@10": 0.03447421838168315, "ndcg@5": 0.03016558321916041, "recall@10": 0.05232027579680265, "recall@5": 0.038936019197620575}
2026-10-05 04:22:18,778 | INFO | FINAL_LENGTH_SCORES dataset=amazon:Baby_Products group=long split=test threshold=10 users=29587/29587 scores={"hit@10": 0.05972217527968365, "hit@5": 0.04789265555818434, "ndcg@10": 0.04320463689079704, "ndcg@5": 0.03938266081910865, "recall@10": 0.05972217527968365, "recall@5": 0.04789265555818434}
2026-10-05 04:22:18,778 | INFO | long_scores=/workspace/P78123011/MediaTek_2026_project/ver5/outputs_mamba_rl/amazons_long_short_S1_P1_G1_C1_SW4_P8/Baby_Products/rl_20261005_031247_r1_2848917/long_scores.json
2026-10-05 04:22:18,778 | INFO | scores=/workspace/P78123011/MediaTek_2026_project/ver5/outputs_mamba_rl/amazons_long_short_S1_P1_G1_C1_SW4_P8/Baby_Products/rl_20261005_031247_r1_2848917/Baby_Products_scores.json
2026-10-05 04:22:18,778 | INFO | outputs=/workspace/P78123011/MediaTek_2026_project/ver5/outputs_mamba_rl/amazons_long_short_S1_P1_G1_C1_SW4_P8/Baby_Products/rl_20261005_031247_r1_2848917
