2026-10-04 20:17:21,097 | INFO | run_id=20261004_201721 dataset=amazon:Baby_Products device=cuda:0
2026-10-04 20:17:21,097 | INFO | MODEL recommender=MultiAgentMambaRecommender semantic_encoder=MambaTextEncoder semantic_model_id=state-spaces/mamba-130m-hf graph_backbone=LightGCN adaptation=multi_lora
2026-10-04 20:17:21,097 | INFO | ABLATION USE_SHORT=1 USE_PREFERENCE=1 USE_GCN=1 USE_COORDINATOR=1
2026-10-04 20:17:21,097 | INFO | AGENT_HISTORY mode=full_history effective_max_history=100 short=4 preference=100
2026-10-04 20:17:21,097 | INFO | EXPERIMENT_NOTE amazons_long_short subset=Baby_Products; short filtered-full-sequence <= 10; long > 10; same model and full catalog
2026-10-04 20:17:21,097 | INFO | EXPERIMENT_CONFIG {"agent_diversity_coef": 0.02, "batch_size": 128, "cache_dir": "/workspace/P78123011/cache", "candidates": 192, "data_path": null, "dataset": "amazon:Baby_Products", "device": "cuda:0", "dim": 128, "early_stopping_patience": 6, "enable_lora": 1, "eval_batch_size": 64, "eval_length_basis": "filtered_full_sequence", "eval_length_threshold": 10, "experiment_note": "amazons_long_short subset=Baby_Products; short filtered-full-sequence <= 10; long > 10; same model and full catalog", "full_catalog_supervised": false, "future_decay": 0.5, "future_horizon": 3, "generate_reasons": false, "graph_device": "cuda:0", "hard_negative_fraction": 0.75, "hard_negative_pool_multiplier": 12, "hard_negative_warmup_epochs": 2, "history_influence_negatives": 64, "history_influence_output": null, "history_influence_user_limit": 0, "item_prompt_prefix": "Preference-aware product representation: ", "item_vector_artifact": null, "joint_epochs": 0, "joint_lr": 5e-05, "lora_alpha": 32.0, "lora_dropout": 0.05, "lora_rank": 16, "lr_patience": 2, "mamba_encode_batch_size": 32, "mamba_max_tokens": 32, "mamba_model_id": "state-spaces/mamba-130m-hf", "max_events": null, "max_history": 100, "max_transitions": 1500000, "min_rating": 4.0, "monitor_metric": "ndcg@10", "output_dir": "/workspace/P78123011/MediaTek_2026_project/ver5/outputs_mamba_rl/amazons_lora", "output_run_dir": "/workspace/P78123011/MediaTek_2026_project/ver5/outputs_mamba_rl/amazons_long_short_S1_P1_G1_C1_SW4_P2/Baby_Products/rl_20261004_201720_r1_2813882", "periodic_test_user_limit": 0, "popularity_alpha": 0.3, "preference_balance_coef": 0.01, "preference_coef": 0.2, "preference_contrastive_coef": 0.05, "preference_count": 2, "preference_score_weight": 0.2, "preference_separation_coef": 0.01, "preference_sharpness_coef": 0.05, "preference_temperature": 0.2, "preference_transition_coef": 0.1, "reason_count": 20, "reason_max_new_tokens": 40, "refresh_data_cache": false, "resume_checkpoint": null, "reverse_history_input": false, "rl_coef": 0.1, "rl_topk": 10, "save_model_weights": false, "score_file": "/workspace/P78123011/MediaTek_2026_project/ver5/outputs_mamba_rl/amazons_long_short_S1_P1_G1_C1_SW4_P2/Baby_Products/rl_20261004_201720_r1_2813882/Baby_Products_scores.json", "seed": 25252, "short_window": 4, "skip_mamba": false, "specialist_epochs": 4, "specialist_lr": 0.0001, "target_recall_at_10": 0.15, "transition_beta": 0.5, "use_coordinator": true, "use_graph_embeddings": true, "use_in_batch_negatives": true, "use_preference": 1, "use_short": 1, "validate_every_steps": 6000, "validation_user_limit": 0}
2026-10-04 20:17:21,361 | INFO | INTERACTION_CACHE hit path=/workspace/P78123011/cache/mamba_multi_agent_data/amazon_Baby_Products_e6e228b87df8.pkl
2026-10-04 20:17:21,361 | INFO | HISTORY_INPUT_ORDER chronological
2026-10-04 20:17:21,361 | INFO | LENGTH_SPLIT preprocessing=original_one_pass_user_item_min_5 basis=filtered_full_sequence short<=10 long>10
2026-10-04 20:17:21,364 | INFO | users=184834 items=77324 train_interactions=1121805
2026-10-04 20:17:25,283 | INFO | CATALOG_PRIORS popularity_alpha=0.300000 transition_beta=0.500000 source=train_histories_only enabled=True
2026-10-04 20:17:25,860 | INFO | ITEM_VECTOR_ARTIFACT path=/workspace/P78123011/cache/mamba_multi_agent/amazon_Baby_Products_77324_1b6c35e33122_prompt_tok32.pt fingerprint=1b6c35e33122
2026-10-04 20:17:25,860 | INFO | SEMANTIC_BACKBONE model_id=state-spaces/mamba-130m-hf hidden_size=768 frozen=True usage=shared_cached_item_vectors
2026-10-04 20:17:26,236 | INFO | GRAPH_EMBEDDINGS enabled=True source=train_histories_only main_device=cuda:0 graph_device=cuda:0
2026-10-04 20:17:26,536 | INFO | ADAPTATION_MODE mode=multi_lora enable_lora=1
2026-10-04 20:17:26,536 | INFO | ADAPTER_ROUTES {'short': ('candidate_lora', 'delta_lora', 'gate_lora', 'output_lora'), 'preference': ('transition_encoder.candidate_lora', 'transition_encoder.delta_lora', 'transition_encoder.gate_lora', 'transition_encoder.output_lora', 'state_lora'), 'coordinator': ('state_lora', 'mix_lora', 'score_lora')}
2026-10-04 20:17:26,536 | INFO | agent_parameters={'short': 16513, 'preference': 21254, 'coordinator': 14373, 'shared_projection': 98304, 'graph': 33556224}
2026-10-04 20:17:26,536 | INFO | PREDICTION_PATH graph_only=False active_agents=2 coordinator=True
2026-10-04 20:17:28,101 | INFO | training_transitions=936971
2026-10-04 20:17:28,101 | INFO | schedule mode=single_stage_dl specialist_dl_epochs=4 joint_dl_rl_epochs=0 effective_rl_coef=0.0000 effective_rl_topk=0 validate_every_steps=6000 validation_users=0 periodic_test_users=0 monitor=ndcg@10 early_stopping_patience=6
2026-10-04 20:17:28,630 | INFO | TRAINING_BRANCHES stage=all_dl short=True preference=True gcn=True preference_auxiliary=True preference_contrastive=True diversity_pairs=1 policy_gradient=False trainable_parameters=33706668
2026-10-04 20:30:47,486 | INFO | 
========== PERIODIC VALIDATION ==========
stage=all_dl | epoch=1 | step=6000 | users=184584/184584
NDCG  | @5 0.028142 | @10 0.032630
Recall| @5 0.037322 | @10 0.051272
Hit   | @5 0.037322 | @10 0.051272
================================
2026-10-04 20:30:47,486 | INFO | PERIODIC VALIDATION SEQUENCE_LENGTH {"basis": "filtered_full_sequence", "long": {"evaluated_users": 29587, "history_length_max": 507, "history_length_mean": 17.607935917801736, "history_length_min": 11, "hit@10": 0.05073174029134417, "hit@5": 0.03667151113664785, "ndcg@10": 0.03197170950901488, "ndcg@5": 0.027451848141379045, "recall@10": 0.05073174029134417, "recall@5": 0.03667151113664785, "total_users": 29587}, "long_rule": "length > threshold", "short": {"evaluated_users": 154997, "history_length_max": 10, "history_length_mean": 6.255211391188216, "history_length_min": 3, "hit@10": 0.05137518790686271, "hit@5": 0.037445886049407406, "ndcg@10": 0.032755937500300626, "ndcg@5": 0.028274031087894846, "recall@10": 0.05137518790686271, "recall@5": 0.037445886049407406, "total_users": 154997}, "short_rule": "length <= threshold", "threshold": 10}
2026-10-04 20:31:34,473 | INFO | 
========== PERIODIC TEST ==========
stage=all_dl | epoch=1 | step=6000 | users=184584/184584
NDCG  | @5 0.032061 | @10 0.036225
Recall| @5 0.041206 | @10 0.054181
Hit   | @5 0.041206 | @10 0.054181
================================
2026-10-04 20:31:34,474 | INFO | PERIODIC TEST SEQUENCE_LENGTH {"basis": "filtered_full_sequence", "long": {"evaluated_users": 29587, "history_length_max": 507, "history_length_mean": 17.607935917801736, "history_length_min": 11, "hit@10": 0.054517186602223947, "hit@5": 0.041403319025247576, "ndcg@10": 0.0368556671481557, "ndcg@5": 0.03266399934540443, "recall@10": 0.054517186602223947, "recall@5": 0.041403319025247576, "total_users": 29587}, "long_rule": "length > threshold", "short": {"evaluated_users": 154997, "history_length_max": 10, "history_length_mean": 6.255211391188216, "history_length_min": 3, "hit@10": 0.0541171764614799, "hit@5": 0.04116853874591121, "ndcg@10": 0.03610467486492638, "ndcg@5": 0.031946392120996044, "recall@10": 0.0541171764614799, "recall@5": 0.04116853874591121, "total_users": 154997}, "short_rule": "length <= threshold", "threshold": 10}
2026-10-04 20:31:34,474 | INFO | VALID_STEP step=6000 stage=all_dl epoch=1 ndcg@10=0.032630 recall@10=0.051272 improved=True
2026-10-04 20:31:34,540 | INFO | BEST_MODEL_IN_MEMORY step=6000 stage=all_dl ndcg@10=0.032630
2026-10-04 20:31:34,540 | INFO | LEARNING_RATE step=6000 stage=all_dl lr=0.0001
2026-10-04 20:34:18,704 | INFO | stage=all_dl epoch=1 loss=5.260243 steps=7321 transitions/s=1024.27
2026-10-04 20:47:35,045 | INFO | 
========== PERIODIC VALIDATION ==========
stage=all_dl | epoch=2 | step=13321 | users=184584/184584
NDCG  | @5 0.030688 | @10 0.034645
Recall| @5 0.039651 | @10 0.051944
Hit   | @5 0.039651 | @10 0.051944
================================
2026-10-04 20:47:35,045 | INFO | PERIODIC VALIDATION SEQUENCE_LENGTH {"basis": "filtered_full_sequence", "long": {"evaluated_users": 29587, "history_length_max": 507, "history_length_mean": 17.607935917801736, "history_length_min": 11, "hit@10": 0.051948490891269815, "hit@5": 0.03920640821982627, "ndcg@10": 0.03412775584245246, "ndcg@5": 0.030027693310008693, "recall@10": 0.051948490891269815, "recall@5": 0.03920640821982627, "total_users": 29587}, "long_rule": "length > threshold", "short": {"evaluated_users": 154997, "history_length_max": 10, "history_length_mean": 6.255211391188216, "history_length_min": 3, "hit@10": 0.05194294083111286, "hit@5": 0.0397362529597347, "ndcg@10": 0.034743843411653874, "ndcg@5": 0.030814156037795398, "recall@10": 0.05194294083111286, "recall@5": 0.0397362529597347, "total_users": 154997}, "short_rule": "length <= threshold", "threshold": 10}
2026-10-04 20:48:22,011 | INFO | 
========== PERIODIC TEST ==========
stage=all_dl | epoch=2 | step=13321 | users=184584/184584
NDCG  | @5 0.037337 | @10 0.041030
Recall| @5 0.045892 | @10 0.057367
Hit   | @5 0.045892 | @10 0.057367
================================
2026-10-04 20:48:22,011 | INFO | PERIODIC TEST SEQUENCE_LENGTH {"basis": "filtered_full_sequence", "long": {"evaluated_users": 29587, "history_length_max": 507, "history_length_mean": 17.607935917801736, "history_length_min": 11, "hit@10": 0.059485584885253656, "hit@5": 0.04772366241930578, "ndcg@10": 0.043563805635776505, "ndcg@5": 0.03977621610758014, "recall@10": 0.059485584885253656, "recall@5": 0.04772366241930578, "total_users": 29587}, "long_rule": "length > threshold", "short": {"evaluated_users": 154997, "history_length_max": 10, "history_length_mean": 6.255211391188216, "history_length_min": 3, "hit@10": 0.056962392820506205, "hit@5": 0.04554281695774757, "ndcg@10": 0.04054615403693213, "ndcg@5": 0.03687138125776395, "recall@10": 0.056962392820506205, "recall@5": 0.04554281695774757, "total_users": 154997}, "short_rule": "length <= threshold", "threshold": 10}
2026-10-04 20:48:22,011 | INFO | VALID_STEP step=13321 stage=all_dl epoch=2 ndcg@10=0.034645 recall@10=0.051944 improved=True
2026-10-04 20:48:22,086 | INFO | BEST_MODEL_IN_MEMORY step=13321 stage=all_dl ndcg@10=0.034645
2026-10-04 20:48:22,086 | INFO | LEARNING_RATE step=13321 stage=all_dl lr=0.0001
2026-10-04 20:51:06,169 | INFO | stage=all_dl epoch=2 loss=5.167778 steps=7321 transitions/s=1027.59
2026-10-04 21:04:24,512 | INFO | 
========== PERIODIC VALIDATION ==========
stage=all_dl | epoch=3 | step=20642 | users=184584/184584
NDCG  | @5 0.026449 | @10 0.029686
Recall| @5 0.033681 | @10 0.043736
Hit   | @5 0.033681 | @10 0.043736
================================
2026-10-04 21:04:24,512 | INFO | PERIODIC VALIDATION SEQUENCE_LENGTH {"basis": "filtered_full_sequence", "long": {"evaluated_users": 29587, "history_length_max": 507, "history_length_mean": 17.607935917801736, "history_length_min": 11, "hit@10": 0.04512116808057593, "hit@5": 0.0343394058201237, "ndcg@10": 0.02999528588448916, "ndcg@5": 0.026518257138842857, "recall@10": 0.04512116808057593, "recall@5": 0.0343394058201237, "total_users": 29587}, "long_rule": "length > threshold", "short": {"evaluated_users": 154997, "history_length_max": 10, "history_length_mean": 6.255211391188216, "history_length_min": 3, "hit@10": 0.04347180913178965, "hit@5": 0.033555488170738786, "ndcg@10": 0.029627106178467387, "ndcg@5": 0.026435326806447137, "recall@10": 0.04347180913178965, "recall@5": 0.033555488170738786, "total_users": 154997}, "short_rule": "length <= threshold", "threshold": 10}
2026-10-04 21:05:11,578 | INFO | 
========== PERIODIC TEST ==========
stage=all_dl | epoch=3 | step=20642 | users=184584/184584
NDCG  | @5 0.032746 | @10 0.035748
Recall| @5 0.039212 | @10 0.048547
Hit   | @5 0.039212 | @10 0.048547
================================
2026-10-04 21:05:11,578 | INFO | PERIODIC TEST SEQUENCE_LENGTH {"basis": "filtered_full_sequence", "long": {"evaluated_users": 29587, "history_length_max": 507, "history_length_mean": 17.607935917801736, "history_length_min": 11, "hit@10": 0.051948490891269815, "hit@5": 0.04194409706965897, "ndcg@10": 0.03854283261466293, "ndcg@5": 0.03530793984947819, "recall@10": 0.051948490891269815, "recall@5": 0.04194409706965897, "total_users": 29587}, "long_rule": "length > threshold", "short": {"evaluated_users": 154997, "history_length_max": 10, "history_length_mean": 6.255211391188216, "history_length_min": 3, "hit@10": 0.047897701245830565, "hit@5": 0.03869107144009239, "ndcg@10": 0.03521470854446667, "ndcg@5": 0.032256947400252575, "recall@10": 0.047897701245830565, "recall@5": 0.03869107144009239, "total_users": 154997}, "short_rule": "length <= threshold", "threshold": 10}
2026-10-04 21:05:11,578 | INFO | VALID_STEP step=20642 stage=all_dl epoch=3 ndcg@10=0.029686 recall@10=0.043736 improved=False
2026-10-04 21:05:11,578 | INFO | LEARNING_RATE step=20642 stage=all_dl lr=0.0001
2026-10-04 21:07:55,732 | INFO | stage=all_dl epoch=3 loss=4.867600 steps=7321 transitions/s=1025.38
2026-10-04 21:21:13,150 | INFO | 
========== PERIODIC VALIDATION ==========
stage=all_dl | epoch=4 | step=27963 | users=184584/184584
NDCG  | @5 0.024191 | @10 0.027170
Recall| @5 0.030474 | @10 0.039760
Hit   | @5 0.030474 | @10 0.039760
================================
2026-10-04 21:21:13,150 | INFO | PERIODIC VALIDATION SEQUENCE_LENGTH {"basis": "filtered_full_sequence", "long": {"evaluated_users": 29587, "history_length_max": 507, "history_length_mean": 17.607935917801736, "history_length_min": 11, "hit@10": 0.0417413053030047, "hit@5": 0.030891945787001048, "ndcg@10": 0.027466158937768072, "ndcg@5": 0.023985777183531513, "recall@10": 0.0417413053030047, "recall@5": 0.030891945787001048, "total_users": 29587}, "long_rule": "length > threshold", "short": {"evaluated_users": 154997, "history_length_max": 10, "history_length_mean": 6.255211391188216, "history_length_min": 3, "hit@10": 0.03938140738207836, "hit@5": 0.030394136660709562, "ndcg@10": 0.027113594559312112, "ndcg@5": 0.024230432701742185, "recall@10": 0.03938140738207836, "recall@5": 0.030394136660709562, "total_users": 154997}, "short_rule": "length <= threshold", "threshold": 10}
2026-10-04 21:22:00,073 | INFO | 
========== PERIODIC TEST ==========
stage=all_dl | epoch=4 | step=27963 | users=184584/184584
NDCG  | @5 0.030671 | @10 0.033291
Recall| @5 0.036173 | @10 0.044321
Hit   | @5 0.036173 | @10 0.044321
================================
2026-10-04 21:22:00,073 | INFO | PERIODIC TEST SEQUENCE_LENGTH {"basis": "filtered_full_sequence", "long": {"evaluated_users": 29587, "history_length_max": 507, "history_length_mean": 17.607935917801736, "history_length_min": 11, "hit@10": 0.04748707202487579, "hit@5": 0.03951059586980769, "ndcg@10": 0.03619376734315715, "ndcg@5": 0.03363927109302831, "recall@10": 0.04748707202487579, "recall@5": 0.03951059586980769, "total_users": 29587}, "long_rule": "length > threshold", "short": {"evaluated_users": 154997, "history_length_max": 10, "history_length_mean": 6.255211391188216, "history_length_min": 3, "hit@10": 0.0437169751672613, "hit@5": 0.035536171667838734, "ndcg@10": 0.03273650687320273, "ndcg@5": 0.030104514218536237, "recall@10": 0.0437169751672613, "recall@5": 0.035536171667838734, "total_users": 154997}, "short_rule": "length <= threshold", "threshold": 10}
2026-10-04 21:22:00,073 | INFO | VALID_STEP step=27963 stage=all_dl epoch=4 ndcg@10=0.027170 recall@10=0.039760 improved=False
2026-10-04 21:22:00,073 | INFO | LEARNING_RATE step=27963 stage=all_dl lr=0.0001
2026-10-04 21:24:45,012 | INFO | stage=all_dl epoch=4 loss=4.596539 steps=7321 transitions/s=1025.17
2026-10-04 21:25:32,420 | INFO | 
========== FINAL CURRENT VALIDATION ==========
stage=final | epoch=0 | step=29284 | users=184584/184584
NDCG  | @5 0.024557 | @10 0.027494
Recall| @5 0.030804 | @10 0.039917
Hit   | @5 0.030804 | @10 0.039917
================================
2026-10-04 21:25:32,420 | INFO | FINAL CURRENT VALIDATION SEQUENCE_LENGTH {"basis": "filtered_full_sequence", "long": {"evaluated_users": 29587, "history_length_max": 507, "history_length_mean": 17.607935917801736, "history_length_min": 11, "hit@10": 0.041234325886369015, "hit@5": 0.03065535539257106, "ndcg@10": 0.02722726024064135, "ndcg@5": 0.023811737681809424, "recall@10": 0.041234325886369015, "recall@5": 0.03065535539257106, "total_users": 29587}, "long_rule": "length > threshold", "short": {"evaluated_users": 154997, "history_length_max": 10, "history_length_mean": 6.255211391188216, "history_length_min": 3, "hit@10": 0.03966528384420344, "hit@5": 0.030832854829448312, "ndcg@10": 0.027545122312166683, "ndcg@5": 0.024699607903672555, "recall@10": 0.03966528384420344, "recall@5": 0.030832854829448312, "total_users": 154997}, "short_rule": "length <= threshold", "threshold": 10}
2026-10-04 21:25:32,420 | INFO | VALID_STEP step=29284 stage=final epoch=0 ndcg@10=0.027494 recall@10=0.039917 improved=False
2026-10-04 21:25:32,462 | INFO | RESTORE_BEST step=13321 stage=all_dl ndcg@10=0.034645
2026-10-04 21:27:06,624 | INFO | 
========== BEST CHECKPOINT VALIDATION ==========
stage=all_dl | epoch=0 | step=13321 | users=184584/184584
NDCG  | @5 0.030688 | @10 0.034644
Recall| @5 0.039651 | @10 0.051938
Hit   | @5 0.039651 | @10 0.051938
================================
2026-10-04 21:27:06,624 | INFO | BEST CHECKPOINT VALIDATION SEQUENCE_LENGTH {"basis": "filtered_full_sequence", "long": {"evaluated_users": 29587, "history_length_max": 507, "history_length_mean": 17.607935917801736, "history_length_min": 11, "hit@10": 0.051948490891269815, "hit@5": 0.03920640821982627, "ndcg@10": 0.03412775584245246, "ndcg@5": 0.030027693310008693, "recall@10": 0.051948490891269815, "recall@5": 0.03920640821982627, "total_users": 29587}, "long_rule": "length > threshold", "short": {"evaluated_users": 154997, "history_length_max": 10, "history_length_mean": 6.255211391188216, "history_length_min": 3, "hit@10": 0.05193648909333729, "hit@5": 0.0397362529597347, "ndcg@10": 0.034742093723790425, "ndcg@5": 0.030814156037795398, "recall@10": 0.05193648909333729, "recall@5": 0.0397362529597347, "total_users": 154997}, "short_rule": "length <= threshold", "threshold": 10}
2026-10-04 21:27:06,624 | INFO | 
========== FINAL FULL TEST ==========
stage=all_dl | epoch=0 | step=13321 | users=184584/184584
NDCG  | @5 0.037337 | @10 0.041030
Recall| @5 0.045892 | @10 0.057367
Hit   | @5 0.045892 | @10 0.057367
================================
2026-10-04 21:27:06,624 | INFO | FINAL FULL TEST SEQUENCE_LENGTH {"basis": "filtered_full_sequence", "long": {"evaluated_users": 29587, "history_length_max": 507, "history_length_mean": 17.607935917801736, "history_length_min": 11, "hit@10": 0.059485584885253656, "hit@5": 0.04772366241930578, "ndcg@10": 0.043563805635776505, "ndcg@5": 0.03977621610758014, "recall@10": 0.059485584885253656, "recall@5": 0.04772366241930578, "total_users": 29587}, "long_rule": "length > threshold", "short": {"evaluated_users": 154997, "history_length_max": 10, "history_length_mean": 6.255211391188216, "history_length_min": 3, "hit@10": 0.056962392820506205, "hit@5": 0.04554281695774757, "ndcg@10": 0.04054615403693213, "ndcg@5": 0.03687138125776395, "recall@10": 0.056962392820506205, "recall@5": 0.04554281695774757, "total_users": 154997}, "short_rule": "length <= threshold", "threshold": 10}
2026-10-04 21:27:06,624 | INFO | VALID_BEST {"evaluated_users": 184584, "hit@10": 0.051938412863520134, "hit@5": 0.03965132405842327, "ndcg@10": 0.034643621602871585, "ndcg@5": 0.030688093790076247, "preference_agent_weight": 7.732021103542554e-07, "preference_change_probability": 0.003180137940430235, "preference_current_entropy": 0.10952300367977717, "preference_next_entropy": 0.13853116018837844, "preference_ranking_weight": 7.732021103542554e-07, "recall@10": 0.051938412863520134, "recall@5": 0.03965132405842327, "scores_per_second": 304530112.2953955, "sequence_length": {"basis": "filtered_full_sequence", "long": {"evaluated_users": 29587, "history_length_max": 507, "history_length_mean": 17.607935917801736, "history_length_min": 11, "hit@10": 0.051948490891269815, "hit@5": 0.03920640821982627, "ndcg@10": 0.03412775584245246, "ndcg@5": 0.030027693310008693, "recall@10": 0.051948490891269815, "recall@5": 0.03920640821982627, "total_users": 29587}, "long_rule": "length > threshold", "short": {"evaluated_users": 154997, "history_length_max": 10, "history_length_mean": 6.255211391188216, "history_length_min": 3, "hit@10": 0.05193648909333729, "hit@5": 0.0397362529597347, "ndcg@10": 0.034742093723790425, "ndcg@5": 0.030814156037795398, "recall@10": 0.05193648909333729, "recall@5": 0.0397362529597347, "total_users": 154997}, "short_rule": "length <= threshold", "threshold": 10}, "short_agent_weight": 0.9999992301434838, "short_preference_state_cosine": 0.1615616091915469, "total_users": 184584, "users_per_second": 3938.364703008063}
2026-10-04 21:27:06,624 | INFO | TEST_FINAL {"evaluated_users": 184584, "hit@10": 0.057366835695401554, "hit@5": 0.04589238503878993, "ndcg@10": 0.041029854057825665, "ndcg@5": 0.03733699766408249, "preference_agent_weight": 6.297163725572627e-07, "preference_change_probability": 0.0033778777767497674, "preference_current_entropy": 0.11950486837940563, "preference_next_entropy": 0.14774327295471198, "preference_ranking_weight": 6.297163725572627e-07, "recall@10": 0.057366835695401554, "recall@5": 0.04589238503878993, "scores_per_second": 303148187.90825075, "sequence_length": {"basis": "filtered_full_sequence", "long": {"evaluated_users": 29587, "history_length_max": 507, "history_length_mean": 17.607935917801736, "history_length_min": 11, "hit@10": 0.059485584885253656, "hit@5": 0.04772366241930578, "ndcg@10": 0.043563805635776505, "ndcg@5": 0.03977621610758014, "recall@10": 0.059485584885253656, "recall@5": 0.04772366241930578, "total_users": 29587}, "long_rule": "length > threshold", "short": {"evaluated_users": 154997, "history_length_max": 10, "history_length_mean": 6.255211391188216, "history_length_min": 3, "hit@10": 0.056962392820506205, "hit@5": 0.04554281695774757, "ndcg@10": 0.04054615403693213, "ndcg@5": 0.03687138125776395, "recall@10": 0.056962392820506205, "recall@5": 0.04554281695774757, "total_users": 154997}, "short_rule": "length <= threshold", "threshold": 10}, "short_agent_weight": 0.9999993737753586, "short_preference_state_cosine": 0.16350775803077858, "total_users": 184584, "users_per_second": 3920.4928341556406}
2026-10-04 21:27:06,624 | INFO | TARGET_RESULT metric=recall@10 target=>0.150000 actual=0.057367 achieved=False
2026-10-04 21:27:07,069 | INFO | FINAL_LENGTH_SCORES dataset=amazon:Baby_Products group=short split=valid threshold=10 users=154997/154997 scores={"hit@10": 0.05193648909333729, "hit@5": 0.0397362529597347, "ndcg@10": 0.034742093723790425, "ndcg@5": 0.030814156037795398, "recall@10": 0.05193648909333729, "recall@5": 0.0397362529597347}
2026-10-04 21:27:07,069 | INFO | FINAL_LENGTH_SCORES dataset=amazon:Baby_Products group=short split=test threshold=10 users=154997/154997 scores={"hit@10": 0.056962392820506205, "hit@5": 0.04554281695774757, "ndcg@10": 0.04054615403693213, "ndcg@5": 0.03687138125776395, "recall@10": 0.056962392820506205, "recall@5": 0.04554281695774757}
2026-10-04 21:27:07,069 | INFO | short_scores=/workspace/P78123011/MediaTek_2026_project/ver5/outputs_mamba_rl/amazons_long_short_S1_P1_G1_C1_SW4_P2/Baby_Products/rl_20261004_201720_r1_2813882/short_scores.json
2026-10-04 21:27:07,069 | INFO | FINAL_LENGTH_SCORES dataset=amazon:Baby_Products group=long split=valid threshold=10 users=29587/29587 scores={"hit@10": 0.051948490891269815, "hit@5": 0.03920640821982627, "ndcg@10": 0.03412775584245246, "ndcg@5": 0.030027693310008693, "recall@10": 0.051948490891269815, "recall@5": 0.03920640821982627}
2026-10-04 21:27:07,069 | INFO | FINAL_LENGTH_SCORES dataset=amazon:Baby_Products group=long split=test threshold=10 users=29587/29587 scores={"hit@10": 0.059485584885253656, "hit@5": 0.04772366241930578, "ndcg@10": 0.043563805635776505, "ndcg@5": 0.03977621610758014, "recall@10": 0.059485584885253656, "recall@5": 0.04772366241930578}
2026-10-04 21:27:07,069 | INFO | long_scores=/workspace/P78123011/MediaTek_2026_project/ver5/outputs_mamba_rl/amazons_long_short_S1_P1_G1_C1_SW4_P2/Baby_Products/rl_20261004_201720_r1_2813882/long_scores.json
2026-10-04 21:27:07,069 | INFO | scores=/workspace/P78123011/MediaTek_2026_project/ver5/outputs_mamba_rl/amazons_long_short_S1_P1_G1_C1_SW4_P2/Baby_Products/rl_20261004_201720_r1_2813882/Baby_Products_scores.json
2026-10-04 21:27:07,070 | INFO | outputs=/workspace/P78123011/MediaTek_2026_project/ver5/outputs_mamba_rl/amazons_long_short_S1_P1_G1_C1_SW4_P2/Baby_Products/rl_20261004_201720_r1_2813882
