2026-09-10 18:54:19,927 | INFO | run_id=20260910_185419 dataset=amazon-all-beauty device=cuda:0
2026-09-10 18:54:19,927 | INFO | MODEL recommender=MultiAgentMambaRecommender semantic_encoder=MambaTextEncoder semantic_model_id=state-spaces/mamba-130m-hf graph_backbone=LightGCN adaptation=multi_lora
2026-09-10 18:54:19,927 | INFO | ABLATION USE_LONG=1 USE_SHORT=1 USE_PREFERENCE=1 USE_GCN=1
2026-09-10 18:54:19,927 | INFO | AGENT_HISTORY mode=full_history effective_max_history=100
2026-09-10 18:54:19,927 | INFO | EXPERIMENT_NOTE amazons_long_short subset=Full_Beauty; short filtered-full-sequence <= 10; long > 10; same model and full catalog
2026-09-10 18:54:19,927 | INFO | EXPERIMENT_CONFIG {"agent_diversity_coef": 0.02, "batch_size": 128, "cache_dir": "/workspace/P78123011/cache", "candidates": 64, "coordinator_epochs": 3, "coordinator_lr": 0.0001, "data_path": null, "dataset": "amazon-all-beauty", "device": "cuda:0", "dim": 128, "early_stopping_patience": 6, "enable_lora": 1, "eval_batch_size": 64, "eval_length_basis": "filtered_full_sequence", "eval_length_threshold": 10, "experiment_note": "amazons_long_short subset=Full_Beauty; short filtered-full-sequence <= 10; long > 10; same model and full catalog", "full_catalog_supervised": false, "future_decay": 0.5, "future_horizon": 3, "generate_reasons": false, "graph_device": "cuda:0", "hard_negative_fraction": 0.75, "hard_negative_pool_multiplier": 12, "hard_negative_warmup_epochs": 2, "item_prompt_prefix": "Preference-aware product representation: ", "item_vector_artifact": null, "joint_epochs": 7, "joint_lr": 5e-05, "lora_alpha": 32.0, "lora_dropout": 0.05, "lora_rank": 16, "lr_patience": 2, "mamba_encode_batch_size": 32, "mamba_max_tokens": 32, "mamba_model_id": "state-spaces/mamba-130m-hf", "max_events": null, "max_history": 100, "max_transitions": 500000, "min_rating": 4.0, "monitor_metric": "ndcg@10", "output_dir": "/workspace/P78123011/MediaTek_2026_project/ver4/outputs_mamba_rl/amazons_lora", "output_run_dir": "/workspace/P78123011/MediaTek_2026_project/ver4/outputs_mamba_rl/amazons_long_short_L1_S1_P1_G1/Full_Beauty/rl_20260910_185419_r1_312334", "periodic_test_user_limit": 0, "popularity_alpha": -0.25, "preference_balance_coef": 0.01, "preference_coef": 0.2, "preference_contrastive_coef": 0.05, "preference_count": 32, "preference_hidden": 128, "preference_score_weight": 0.2, "preference_separation_coef": 0.01, "preference_sharpness_coef": 0.05, "preference_temperature": 0.2, "preference_transition_coef": 0.1, "reason_count": 20, "reason_max_new_tokens": 40, "refresh_data_cache": false, "resume_checkpoint": null, "save_model_weights": false, "score_file": "/workspace/P78123011/MediaTek_2026_project/ver4/outputs_mamba_rl/amazons_long_short_L1_S1_P1_G1/Full_Beauty/rl_20260910_185419_r1_312334/Full_Beauty_scores.json", "seed": 25252, "short_window": 10, "skip_mamba": false, "specialist_epochs": 3, "specialist_lr": 0.0001, "target_recall_at_10": 0.15, "transition_beta": 4.0, "use_graph_embeddings": true, "use_in_batch_negatives": true, "use_long": 1, "use_preference": 1, "use_short": 1, "validate_every_steps": 250, "validation_user_limit": 0}
2026-09-10 18:54:19,930 | INFO | INTERACTION_CACHE hit path=/workspace/P78123011/cache/mamba_multi_agent_data/amazon-all-beauty_90e3e920169a.pkl
2026-09-10 18:54:19,930 | INFO | LENGTH_SPLIT preprocessing=original_one_pass_user_item_min_5 basis=filtered_full_sequence short<=10 long>10
2026-09-10 18:54:19,930 | INFO | users=1603 items=4090 train_interactions=8445
2026-09-10 18:54:20,069 | INFO | CATALOG_PRIORS popularity_alpha=-0.250000 transition_beta=4.000000 source=train_histories_only enabled=True
2026-09-10 18:54:20,083 | INFO | ITEM_VECTOR_ARTIFACT path=/workspace/P78123011/cache/mamba_multi_agent/amazon-all-beauty_4090_47e41e57cc9e_prompt_tok32.pt fingerprint=47e41e57cc9e
2026-09-10 18:54:20,083 | INFO | SEMANTIC_BACKBONE model_id=state-spaces/mamba-130m-hf hidden_size=768 frozen=True usage=shared_cached_item_vectors
2026-09-10 18:54:20,087 | INFO | GRAPH_EMBEDDINGS enabled=True source=train_histories_only main_device=cuda:0 graph_device=cuda:0
2026-09-10 18:54:20,110 | INFO | ADAPTATION_MODE mode=multi_lora enable_lora=1
2026-09-10 18:54:20,110 | INFO | ADAPTER_ROUTES {'long': ('candidate_lora', 'delta_lora', 'gate_lora', 'output_lora'), 'short': ('candidate_lora', 'delta_lora', 'gate_lora', 'output_lora'), 'preference': ('transition_lora', 'state_lora'), 'coordinator': ('state_lora', 'mix_lora', 'score_lora')}
2026-09-10 18:54:20,110 | INFO | agent_parameters={'long': 16513, 'short': 16513, 'preference': 78786, 'coordinator': 14373, 'shared_projection': 98304, 'graph': 728704}
2026-09-10 18:54:20,115 | INFO | training_transitions=6842
2026-09-10 18:54:20,115 | INFO | schedule specialist_epochs=3 coordinator_epochs=3 joint_ranking_epochs=7 validate_every_steps=250 validation_users=0 periodic_test_users=0 monitor=ndcg@10 early_stopping_patience=6
2026-09-10 18:54:25,934 | INFO | 
========== PERIODIC VALIDATION ==========
stage=specialists | epoch=1 | step=54 | users=1457/1457
NDCG  | @5 0.095023 | @10 0.095963
Recall| @5 0.101579 | @10 0.104324
Hit   | @5 0.101579 | @10 0.104324
================================
2026-09-10 18:54:25,934 | INFO | PERIODIC VALIDATION SEQUENCE_LENGTH {"basis": "filtered_full_sequence", "long": {"evaluated_users": 219, "history_length_max": 119, "history_length_mean": 20.98173515981735, "history_length_min": 11, "hit@10": 0.0547945205479452, "hit@5": 0.0410958904109589, "ndcg@10": 0.04066773347303378, "ndcg@5": 0.03604013361056792, "recall@10": 0.0547945205479452, "recall@5": 0.0410958904109589, "total_users": 219}, "long_rule": "length > threshold", "short": {"evaluated_users": 1238, "history_length_max": 10, "history_length_mean": 5.27221324717286, "history_length_min": 3, "hit@10": 0.11308562197092084, "hit@5": 0.1122778675282714, "ndcg@10": 0.1057446713810731, "ndcg@5": 0.1054569434431829, "recall@10": 0.11308562197092084, "recall@5": 0.1122778675282714, "total_users": 1238}, "short_rule": "length <= threshold", "threshold": 10}
2026-09-10 18:54:26,305 | INFO | 
========== PERIODIC TEST ==========
stage=specialists | epoch=1 | step=54 | users=1457/1457
NDCG  | @5 0.108098 | @10 0.109690
Recall| @5 0.115305 | @10 0.120110
Hit   | @5 0.115305 | @10 0.120110
================================
2026-09-10 18:54:26,305 | INFO | PERIODIC TEST SEQUENCE_LENGTH {"basis": "filtered_full_sequence", "long": {"evaluated_users": 219, "history_length_max": 119, "history_length_mean": 20.98173515981735, "history_length_min": 11, "hit@10": 0.0639269406392694, "hit@5": 0.0593607305936073, "ndcg@10": 0.04259761637896906, "ndcg@5": 0.041223050188722576, "recall@10": 0.0639269406392694, "recall@5": 0.0593607305936073, "total_users": 219}, "long_rule": "length > threshold", "short": {"evaluated_users": 1238, "history_length_max": 10, "history_length_mean": 5.27221324717286, "history_length_min": 3, "hit@10": 0.13004846526655897, "hit@5": 0.12520193861066237, "ndcg@10": 0.1215580349139502, "ndcg@5": 0.11992762314730471, "recall@10": 0.13004846526655897, "recall@5": 0.12520193861066237, "total_users": 1238}, "short_rule": "length <= threshold", "threshold": 10}
2026-09-10 18:54:26,305 | INFO | VALID_STEP step=54 stage=specialists epoch=1 ndcg@10=0.095963 recall@10=0.104324 improved=True
2026-09-10 18:54:26,308 | INFO | BEST_MODEL_IN_MEMORY step=54 stage=specialists ndcg@10=0.095963
2026-09-10 18:54:26,308 | INFO | stage=specialists epoch=1 loss=12.447954 steps=54 transitions/s=1383.50
2026-09-10 18:54:31,317 | INFO | 
========== PERIODIC VALIDATION ==========
stage=specialists | epoch=2 | step=108 | users=1457/1457
NDCG  | @5 0.095358 | @10 0.096017
Recall| @5 0.100892 | @10 0.102951
Hit   | @5 0.100892 | @10 0.102951
================================
2026-09-10 18:54:31,317 | INFO | PERIODIC VALIDATION SEQUENCE_LENGTH {"basis": "filtered_full_sequence", "long": {"evaluated_users": 219, "history_length_max": 119, "history_length_mean": 20.98173515981735, "history_length_min": 11, "hit@10": 0.0547945205479452, "hit@5": 0.045662100456621, "ndcg@10": 0.03906778006824786, "ndcg@5": 0.03612133251835786, "recall@10": 0.0547945205479452, "recall@5": 0.045662100456621, "total_users": 219}, "long_rule": "length > threshold", "short": {"evaluated_users": 1238, "history_length_max": 10, "history_length_mean": 5.27221324717286, "history_length_min": 3, "hit@10": 0.11147011308562198, "hit@5": 0.11066235864297254, "ndcg@10": 0.10609170613191761, "ndcg@5": 0.10583688797619407, "recall@10": 0.11147011308562198, "recall@5": 0.11066235864297254, "total_users": 1238}, "short_rule": "length <= threshold", "threshold": 10}
2026-09-10 18:54:31,690 | INFO | 
========== PERIODIC TEST ==========
stage=specialists | epoch=2 | step=108 | users=1457/1457
NDCG  | @5 0.108393 | @10 0.109913
Recall| @5 0.115992 | @10 0.120796
Hit   | @5 0.115992 | @10 0.120796
================================
2026-09-10 18:54:31,690 | INFO | PERIODIC TEST SEQUENCE_LENGTH {"basis": "filtered_full_sequence", "long": {"evaluated_users": 219, "history_length_max": 119, "history_length_mean": 20.98173515981735, "history_length_min": 11, "hit@10": 0.0593607305936073, "hit@5": 0.0547945205479452, "ndcg@10": 0.040776529727915935, "ndcg@5": 0.03945659901413562, "recall@10": 0.0593607305936073, "recall@5": 0.0547945205479452, "total_users": 219}, "long_rule": "length > threshold", "short": {"evaluated_users": 1238, "history_length_max": 10, "history_length_mean": 5.27221324717286, "history_length_min": 3, "hit@10": 0.13166397415185785, "hit@5": 0.12681744749596122, "ndcg@10": 0.12214283859250426, "ndcg@5": 0.12058798612412856, "recall@10": 0.13166397415185785, "recall@5": 0.12681744749596122, "total_users": 1238}, "short_rule": "length <= threshold", "threshold": 10}
2026-09-10 18:54:31,691 | INFO | VALID_STEP step=108 stage=specialists epoch=2 ndcg@10=0.096017 recall@10=0.102951 improved=True
2026-09-10 18:54:31,693 | INFO | BEST_MODEL_IN_MEMORY step=108 stage=specialists ndcg@10=0.096017
2026-09-10 18:54:31,694 | INFO | stage=specialists epoch=2 loss=12.439850 steps=54 transitions/s=1476.69
2026-09-10 18:54:36,750 | INFO | 
========== PERIODIC VALIDATION ==========
stage=specialists | epoch=3 | step=162 | users=1457/1457
NDCG  | @5 0.094239 | @10 0.095584
Recall| @5 0.099520 | @10 0.103638
Hit   | @5 0.099520 | @10 0.103638
================================
2026-09-10 18:54:36,750 | INFO | PERIODIC VALIDATION SEQUENCE_LENGTH {"basis": "filtered_full_sequence", "long": {"evaluated_users": 219, "history_length_max": 119, "history_length_mean": 20.98173515981735, "history_length_min": 11, "hit@10": 0.0547945205479452, "hit@5": 0.045662100456621, "ndcg@10": 0.03906778006824786, "ndcg@5": 0.03612133251835786, "recall@10": 0.0547945205479452, "recall@5": 0.045662100456621, "total_users": 219}, "long_rule": "length > threshold", "short": {"evaluated_users": 1238, "history_length_max": 10, "history_length_mean": 5.27221324717286, "history_length_min": 3, "hit@10": 0.1122778675282714, "hit@5": 0.10904684975767366, "ndcg@10": 0.10558126973061456, "ndcg@5": 0.10451949722209758, "recall@10": 0.1122778675282714, "recall@5": 0.10904684975767366, "total_users": 1238}, "short_rule": "length <= threshold", "threshold": 10}
2026-09-10 18:54:37,131 | INFO | 
========== PERIODIC TEST ==========
stage=specialists | epoch=3 | step=162 | users=1457/1457
NDCG  | @5 0.109152 | @10 0.110898
Recall| @5 0.118051 | @10 0.123542
Hit   | @5 0.118051 | @10 0.123542
================================
2026-09-10 18:54:37,132 | INFO | PERIODIC TEST SEQUENCE_LENGTH {"basis": "filtered_full_sequence", "long": {"evaluated_users": 219, "history_length_max": 119, "history_length_mean": 20.98173515981735, "history_length_min": 11, "hit@10": 0.0593607305936073, "hit@5": 0.0547945205479452, "ndcg@10": 0.03992447670628818, "ndcg@5": 0.03860454599250788, "recall@10": 0.0593607305936073, "recall@5": 0.0547945205479452, "total_users": 219}, "long_rule": "length > threshold", "short": {"evaluated_users": 1238, "history_length_max": 10, "history_length_mean": 5.27221324717286, "history_length_min": 3, "hit@10": 0.13489499192245558, "hit@5": 0.12924071082390953, "ndcg@10": 0.12345295929696924, "ndcg@5": 0.12163162883351482, "recall@10": 0.13489499192245558, "recall@5": 0.12924071082390953, "total_users": 1238}, "short_rule": "length <= threshold", "threshold": 10}
2026-09-10 18:54:37,132 | INFO | VALID_STEP step=162 stage=specialists epoch=3 ndcg@10=0.095584 recall@10=0.103638 improved=False
2026-09-10 18:54:37,132 | INFO | stage=specialists epoch=3 loss=12.353267 steps=54 transitions/s=1461.47
2026-09-10 18:54:39,705 | INFO | 
========== PERIODIC VALIDATION ==========
stage=coordinator | epoch=1 | step=216 | users=1457/1457
NDCG  | @5 0.093973 | @10 0.095563
Recall| @5 0.098833 | @10 0.103638
Hit   | @5 0.098833 | @10 0.103638
================================
2026-09-10 18:54:39,705 | INFO | PERIODIC VALIDATION SEQUENCE_LENGTH {"basis": "filtered_full_sequence", "long": {"evaluated_users": 219, "history_length_max": 119, "history_length_mean": 20.98173515981735, "history_length_min": 11, "hit@10": 0.0547945205479452, "hit@5": 0.045662100456621, "ndcg@10": 0.03906778006824786, "ndcg@5": 0.03612133251835786, "recall@10": 0.0547945205479452, "recall@5": 0.045662100456621, "total_users": 219}, "long_rule": "length > threshold", "short": {"evaluated_users": 1238, "history_length_max": 10, "history_length_mean": 5.27221324717286, "history_length_min": 3, "hit@10": 0.1122778675282714, "hit@5": 0.10823909531502424, "ndcg@10": 0.10555651559480964, "ndcg@5": 0.10420701514840248, "recall@10": 0.1122778675282714, "recall@5": 0.10823909531502424, "total_users": 1238}, "short_rule": "length <= threshold", "threshold": 10}
2026-09-10 18:54:40,105 | INFO | 
========== PERIODIC TEST ==========
stage=coordinator | epoch=1 | step=216 | users=1457/1457
NDCG  | @5 0.109152 | @10 0.110898
Recall| @5 0.118051 | @10 0.123542
Hit   | @5 0.118051 | @10 0.123542
================================
2026-09-10 18:54:40,105 | INFO | PERIODIC TEST SEQUENCE_LENGTH {"basis": "filtered_full_sequence", "long": {"evaluated_users": 219, "history_length_max": 119, "history_length_mean": 20.98173515981735, "history_length_min": 11, "hit@10": 0.0593607305936073, "hit@5": 0.0547945205479452, "ndcg@10": 0.03992447670628818, "ndcg@5": 0.03860454599250788, "recall@10": 0.0593607305936073, "recall@5": 0.0547945205479452, "total_users": 219}, "long_rule": "length > threshold", "short": {"evaluated_users": 1238, "history_length_max": 10, "history_length_mean": 5.27221324717286, "history_length_min": 3, "hit@10": 0.13489499192245558, "hit@5": 0.12924071082390953, "ndcg@10": 0.12345295929696924, "ndcg@5": 0.12163162883351482, "recall@10": 0.13489499192245558, "recall@5": 0.12924071082390953, "total_users": 1238}, "short_rule": "length <= threshold", "threshold": 10}
2026-09-10 18:54:40,108 | INFO | VALID_STEP step=216 stage=coordinator epoch=1 ndcg@10=0.095563 recall@10=0.103638 improved=False
2026-09-10 18:54:40,108 | INFO | LEARNING_RATE step=216 stage=coordinator lr=0.0001
2026-09-10 18:54:40,108 | INFO | stage=coordinator epoch=1 loss=3.837169 steps=54 transitions/s=3273.64
2026-09-10 18:54:42,607 | INFO | 
========== PERIODIC VALIDATION ==========
stage=coordinator | epoch=2 | step=270 | users=1457/1457
NDCG  | @5 0.094003 | @10 0.095593
Recall| @5 0.098833 | @10 0.103638
Hit   | @5 0.098833 | @10 0.103638
================================
2026-09-10 18:54:42,608 | INFO | PERIODIC VALIDATION SEQUENCE_LENGTH {"basis": "filtered_full_sequence", "long": {"evaluated_users": 219, "history_length_max": 119, "history_length_mean": 20.98173515981735, "history_length_min": 11, "hit@10": 0.0547945205479452, "hit@5": 0.045662100456621, "ndcg@10": 0.03926788851956682, "ndcg@5": 0.03632144096967682, "recall@10": 0.0547945205479452, "recall@5": 0.045662100456621, "total_users": 219}, "long_rule": "length > threshold", "short": {"evaluated_users": 1238, "history_length_max": 10, "history_length_mean": 5.27221324717286, "history_length_min": 3, "hit@10": 0.1122778675282714, "hit@5": 0.10823909531502424, "ndcg@10": 0.10555651559480964, "ndcg@5": 0.10420701514840248, "recall@10": 0.1122778675282714, "recall@5": 0.10823909531502424, "total_users": 1238}, "short_rule": "length <= threshold", "threshold": 10}
2026-09-10 18:54:43,003 | INFO | 
========== PERIODIC TEST ==========
stage=coordinator | epoch=2 | step=270 | users=1457/1457
NDCG  | @5 0.109152 | @10 0.110898
Recall| @5 0.118051 | @10 0.123542
Hit   | @5 0.118051 | @10 0.123542
================================
2026-09-10 18:54:43,003 | INFO | PERIODIC TEST SEQUENCE_LENGTH {"basis": "filtered_full_sequence", "long": {"evaluated_users": 219, "history_length_max": 119, "history_length_mean": 20.98173515981735, "history_length_min": 11, "hit@10": 0.0593607305936073, "hit@5": 0.0547945205479452, "ndcg@10": 0.03992447670628818, "ndcg@5": 0.03860454599250788, "recall@10": 0.0593607305936073, "recall@5": 0.0547945205479452, "total_users": 219}, "long_rule": "length > threshold", "short": {"evaluated_users": 1238, "history_length_max": 10, "history_length_mean": 5.27221324717286, "history_length_min": 3, "hit@10": 0.13489499192245558, "hit@5": 0.12924071082390953, "ndcg@10": 0.12345295929696924, "ndcg@5": 0.12163162883351482, "recall@10": 0.13489499192245558, "recall@5": 0.12924071082390953, "total_users": 1238}, "short_rule": "length <= threshold", "threshold": 10}
2026-09-10 18:54:43,004 | INFO | VALID_STEP step=270 stage=coordinator epoch=2 ndcg@10=0.095593 recall@10=0.103638 improved=False
2026-09-10 18:54:43,004 | INFO | LEARNING_RATE step=270 stage=coordinator lr=0.0001
2026-09-10 18:54:43,004 | INFO | stage=coordinator epoch=2 loss=3.927087 steps=54 transitions/s=3259.17
2026-09-10 18:54:45,491 | INFO | 
========== PERIODIC VALIDATION ==========
stage=coordinator | epoch=3 | step=324 | users=1457/1457
NDCG  | @5 0.094003 | @10 0.095394
Recall| @5 0.098833 | @10 0.102951
Hit   | @5 0.098833 | @10 0.102951
================================
2026-09-10 18:54:45,491 | INFO | PERIODIC VALIDATION SEQUENCE_LENGTH {"basis": "filtered_full_sequence", "long": {"evaluated_users": 219, "history_length_max": 119, "history_length_mean": 20.98173515981735, "history_length_min": 11, "hit@10": 0.0502283105022831, "hit@5": 0.045662100456621, "ndcg@10": 0.03794795780578652, "ndcg@5": 0.03632144096967682, "recall@10": 0.0502283105022831, "recall@5": 0.045662100456621, "total_users": 219}, "long_rule": "length > threshold", "short": {"evaluated_users": 1238, "history_length_max": 10, "history_length_mean": 5.27221324717286, "history_length_min": 3, "hit@10": 0.1122778675282714, "hit@5": 0.10823909531502424, "ndcg@10": 0.10555651559480964, "ndcg@5": 0.10420701514840248, "recall@10": 0.1122778675282714, "recall@5": 0.10823909531502424, "total_users": 1238}, "short_rule": "length <= threshold", "threshold": 10}
2026-09-10 18:54:45,888 | INFO | 
========== PERIODIC TEST ==========
stage=coordinator | epoch=3 | step=324 | users=1457/1457
NDCG  | @5 0.109152 | @10 0.110898
Recall| @5 0.118051 | @10 0.123542
Hit   | @5 0.118051 | @10 0.123542
================================
2026-09-10 18:54:45,888 | INFO | PERIODIC TEST SEQUENCE_LENGTH {"basis": "filtered_full_sequence", "long": {"evaluated_users": 219, "history_length_max": 119, "history_length_mean": 20.98173515981735, "history_length_min": 11, "hit@10": 0.0593607305936073, "hit@5": 0.0547945205479452, "ndcg@10": 0.03992447670628818, "ndcg@5": 0.03860454599250788, "recall@10": 0.0593607305936073, "recall@5": 0.0547945205479452, "total_users": 219}, "long_rule": "length > threshold", "short": {"evaluated_users": 1238, "history_length_max": 10, "history_length_mean": 5.27221324717286, "history_length_min": 3, "hit@10": 0.13489499192245558, "hit@5": 0.12924071082390953, "ndcg@10": 0.12345295929696924, "ndcg@5": 0.12163162883351482, "recall@10": 0.13489499192245558, "recall@5": 0.12924071082390953, "total_users": 1238}, "short_rule": "length <= threshold", "threshold": 10}
2026-09-10 18:54:45,888 | INFO | VALID_STEP step=324 stage=coordinator epoch=3 ndcg@10=0.095394 recall@10=0.102951 improved=False
2026-09-10 18:54:45,888 | INFO | LEARNING_RATE step=324 stage=coordinator lr=0.0001
2026-09-10 18:54:45,889 | INFO | stage=coordinator epoch=3 loss=3.926482 steps=54 transitions/s=3279.99
2026-09-10 18:54:50,876 | INFO | 
========== PERIODIC VALIDATION ==========
stage=joint | epoch=1 | step=378 | users=1457/1457
NDCG  | @5 0.094406 | @10 0.095978
Recall| @5 0.099520 | @10 0.104324
Hit   | @5 0.099520 | @10 0.104324
================================
2026-09-10 18:54:50,876 | INFO | PERIODIC VALIDATION SEQUENCE_LENGTH {"basis": "filtered_full_sequence", "long": {"evaluated_users": 219, "history_length_max": 119, "history_length_mean": 20.98173515981735, "history_length_min": 11, "hit@10": 0.0547945205479452, "hit@5": 0.045662100456621, "ndcg@10": 0.03926788851956682, "ndcg@5": 0.03632144096967682, "recall@10": 0.0547945205479452, "recall@5": 0.045662100456621, "total_users": 219}, "long_rule": "length > threshold", "short": {"evaluated_users": 1238, "history_length_max": 10, "history_length_mean": 5.27221324717286, "history_length_min": 3, "hit@10": 0.11308562197092084, "hit@5": 0.10904684975767366, "ndcg@10": 0.10600950313401161, "ndcg@5": 0.1046812526304159, "recall@10": 0.11308562197092084, "recall@5": 0.10904684975767366, "total_users": 1238}, "short_rule": "length <= threshold", "threshold": 10}
2026-09-10 18:54:51,247 | INFO | 
========== PERIODIC TEST ==========
stage=joint | epoch=1 | step=378 | users=1457/1457
NDCG  | @5 0.109259 | @10 0.111252
Recall| @5 0.118051 | @10 0.124228
Hit   | @5 0.118051 | @10 0.124228
================================
2026-09-10 18:54:51,247 | INFO | PERIODIC TEST SEQUENCE_LENGTH {"basis": "filtered_full_sequence", "long": {"evaluated_users": 219, "history_length_max": 119, "history_length_mean": 20.98173515981735, "history_length_min": 11, "hit@10": 0.0593607305936073, "hit@5": 0.0547945205479452, "ndcg@10": 0.03992447670628818, "ndcg@5": 0.03860454599250788, "recall@10": 0.0593607305936073, "recall@5": 0.0547945205479452, "total_users": 219}, "long_rule": "length > threshold", "short": {"evaluated_users": 1238, "history_length_max": 10, "history_length_mean": 5.27221324717286, "history_length_min": 3, "hit@10": 0.13570274636510501, "hit@5": 0.12924071082390953, "ndcg@10": 0.12386981729954849, "ndcg@5": 0.1217579854123995, "recall@10": 0.13570274636510501, "recall@5": 0.12924071082390953, "total_users": 1238}, "short_rule": "length <= threshold", "threshold": 10}
2026-09-10 18:54:51,248 | INFO | VALID_STEP step=378 stage=joint epoch=1 ndcg@10=0.095978 recall@10=0.104324 improved=False
2026-09-10 18:54:51,248 | INFO | LEARNING_RATE step=378 stage=joint lr=5e-05
2026-09-10 18:54:51,248 | INFO | stage=joint epoch=1 loss=4.304446 steps=54 transitions/s=1483.69
2026-09-10 18:54:56,193 | INFO | 
========== PERIODIC VALIDATION ==========
stage=joint | epoch=2 | step=432 | users=1457/1457
NDCG  | @5 0.094629 | @10 0.096213
Recall| @5 0.099520 | @10 0.104324
Hit   | @5 0.099520 | @10 0.104324
================================
2026-09-10 18:54:56,193 | INFO | PERIODIC VALIDATION SEQUENCE_LENGTH {"basis": "filtered_full_sequence", "long": {"evaluated_users": 219, "history_length_max": 119, "history_length_mean": 20.98173515981735, "history_length_min": 11, "hit@10": 0.0547945205479452, "hit@5": 0.045662100456621, "ndcg@10": 0.040848693965474824, "ndcg@5": 0.03800669323647382, "recall@10": 0.0547945205479452, "recall@5": 0.045662100456621, "total_users": 219}, "long_rule": "length > threshold", "short": {"evaluated_users": 1238, "history_length_max": 10, "history_length_mean": 5.27221324717286, "history_length_min": 3, "hit@10": 0.11308562197092084, "hit@5": 0.10904684975767366, "ndcg@10": 0.10600701408674461, "ndcg@5": 0.10464585380098226, "recall@10": 0.11308562197092084, "recall@5": 0.10904684975767366, "total_users": 1238}, "short_rule": "length <= threshold", "threshold": 10}
2026-09-10 18:54:56,565 | INFO | 
========== PERIODIC TEST ==========
stage=joint | epoch=2 | step=432 | users=1457/1457
NDCG  | @5 0.109427 | @10 0.112225
Recall| @5 0.118051 | @10 0.126973
Hit   | @5 0.118051 | @10 0.126973
================================
2026-09-10 18:54:56,565 | INFO | PERIODIC TEST SEQUENCE_LENGTH {"basis": "filtered_full_sequence", "long": {"evaluated_users": 219, "history_length_max": 119, "history_length_mean": 20.98173515981735, "history_length_min": 11, "hit@10": 0.0593607305936073, "hit@5": 0.0547945205479452, "ndcg@10": 0.03992447670628818, "ndcg@5": 0.03860454599250788, "recall@10": 0.0593607305936073, "recall@5": 0.0547945205479452, "total_users": 219}, "long_rule": "length > threshold", "short": {"evaluated_users": 1238, "history_length_max": 10, "history_length_mean": 5.27221324717286, "history_length_min": 3, "hit@10": 0.13893376413570274, "hit@5": 0.12924071082390953, "ndcg@10": 0.1250143117281149, "ndcg@5": 0.12195513965015142, "recall@10": 0.13893376413570274, "recall@5": 0.12924071082390953, "total_users": 1238}, "short_rule": "length <= threshold", "threshold": 10}
2026-09-10 18:54:56,566 | INFO | VALID_STEP step=432 stage=joint epoch=2 ndcg@10=0.096213 recall@10=0.104324 improved=True
2026-09-10 18:54:56,567 | INFO | BEST_MODEL_IN_MEMORY step=432 stage=joint ndcg@10=0.096213
2026-09-10 18:54:56,567 | INFO | LEARNING_RATE step=432 stage=joint lr=5e-05
2026-09-10 18:54:56,567 | INFO | stage=joint epoch=2 loss=4.339459 steps=54 transitions/s=1497.04
2026-09-10 18:55:01,581 | INFO | 
========== PERIODIC VALIDATION ==========
stage=joint | epoch=3 | step=486 | users=1457/1457
NDCG  | @5 0.094364 | @10 0.096576
Recall| @5 0.098833 | @10 0.105697
Hit   | @5 0.098833 | @10 0.105697
================================
2026-09-10 18:55:01,581 | INFO | PERIODIC VALIDATION SEQUENCE_LENGTH {"basis": "filtered_full_sequence", "long": {"evaluated_users": 219, "history_length_max": 119, "history_length_mean": 20.98173515981735, "history_length_min": 11, "hit@10": 0.0593607305936073, "hit@5": 0.045662100456621, "ndcg@10": 0.0424253994571617, "ndcg@5": 0.03800669323647382, "recall@10": 0.0593607305936073, "recall@5": 0.045662100456621, "total_users": 219}, "long_rule": "length > threshold", "short": {"evaluated_users": 1238, "history_length_max": 10, "history_length_mean": 5.27221324717286, "history_length_min": 3, "hit@10": 0.11389337641357028, "hit@5": 0.10823909531502424, "ndcg@10": 0.1061547021907416, "ndcg@5": 0.10433337172728714, "recall@10": 0.11389337641357028, "recall@5": 0.10823909531502424, "total_users": 1238}, "short_rule": "length <= threshold", "threshold": 10}
2026-09-10 18:55:01,952 | INFO | 
========== PERIODIC TEST ==========
stage=joint | epoch=3 | step=486 | users=1457/1457
NDCG  | @5 0.110199 | @10 0.112826
Recall| @5 0.118737 | @10 0.126973
Hit   | @5 0.118737 | @10 0.126973
================================
2026-09-10 18:55:01,952 | INFO | PERIODIC TEST SEQUENCE_LENGTH {"basis": "filtered_full_sequence", "long": {"evaluated_users": 219, "history_length_max": 119, "history_length_mean": 20.98173515981735, "history_length_min": 11, "hit@10": 0.0593607305936073, "hit@5": 0.0547945205479452, "ndcg@10": 0.04160972897308518, "ndcg@5": 0.04028979825930487, "recall@10": 0.0593607305936073, "recall@5": 0.0547945205479452, "total_users": 219}, "long_rule": "length > threshold", "short": {"evaluated_users": 1238, "history_length_max": 10, "history_length_mean": 5.27221324717286, "history_length_min": 3, "hit@10": 0.13893376413570274, "hit@5": 0.13004846526655897, "ndcg@10": 0.12542432831750708, "ndcg@5": 0.12256573985504893, "recall@10": 0.13893376413570274, "recall@5": 0.13004846526655897, "total_users": 1238}, "short_rule": "length <= threshold", "threshold": 10}
2026-09-10 18:55:01,953 | INFO | VALID_STEP step=486 stage=joint epoch=3 ndcg@10=0.096576 recall@10=0.105697 improved=True
2026-09-10 18:55:01,955 | INFO | BEST_MODEL_IN_MEMORY step=486 stage=joint ndcg@10=0.096576
2026-09-10 18:55:01,955 | INFO | LEARNING_RATE step=486 stage=joint lr=5e-05
2026-09-10 18:55:01,955 | INFO | stage=joint epoch=3 loss=4.324430 steps=54 transitions/s=1475.08
2026-09-10 18:55:06,963 | INFO | 
========== PERIODIC VALIDATION ==========
stage=joint | epoch=4 | step=540 | users=1457/1457
NDCG  | @5 0.094364 | @10 0.096784
Recall| @5 0.098833 | @10 0.106383
Hit   | @5 0.098833 | @10 0.106383
================================
2026-09-10 18:55:06,963 | INFO | PERIODIC VALIDATION SEQUENCE_LENGTH {"basis": "filtered_full_sequence", "long": {"evaluated_users": 219, "history_length_max": 119, "history_length_mean": 20.98173515981735, "history_length_min": 11, "hit@10": 0.0639269406392694, "hit@5": 0.045662100456621, "ndcg@10": 0.043849776991831006, "ndcg@5": 0.03800669323647382, "recall@10": 0.0639269406392694, "recall@5": 0.045662100456621, "total_users": 219}, "long_rule": "length > threshold", "short": {"evaluated_users": 1238, "history_length_max": 10, "history_length_mean": 5.27221324717286, "history_length_min": 3, "hit@10": 0.11389337641357028, "hit@5": 0.10823909531502424, "ndcg@10": 0.10614793886361949, "ndcg@5": 0.10433337172728714, "recall@10": 0.11389337641357028, "recall@5": 0.10823909531502424, "total_users": 1238}, "short_rule": "length <= threshold", "threshold": 10}
2026-09-10 18:55:07,335 | INFO | 
========== PERIODIC TEST ==========
stage=joint | epoch=4 | step=540 | users=1457/1457
NDCG  | @5 0.109933 | @10 0.113261
Recall| @5 0.118051 | @10 0.128346
Hit   | @5 0.118051 | @10 0.128346
================================
2026-09-10 18:55:07,335 | INFO | PERIODIC TEST SEQUENCE_LENGTH {"basis": "filtered_full_sequence", "long": {"evaluated_users": 219, "history_length_max": 119, "history_length_mean": 20.98173515981735, "history_length_min": 11, "hit@10": 0.0639269406392694, "hit@5": 0.0547945205479452, "ndcg@10": 0.042984295163331666, "ndcg@5": 0.04028979825930487, "recall@10": 0.0639269406392694, "recall@5": 0.0547945205479452, "total_users": 219}, "long_rule": "length > threshold", "short": {"evaluated_users": 1238, "history_length_max": 10, "history_length_mean": 5.27221324717286, "history_length_min": 3, "hit@10": 0.13974151857835218, "hit@5": 0.12924071082390953, "ndcg@10": 0.12569334017209854, "ndcg@5": 0.1222532577813538, "recall@10": 0.13974151857835218, "recall@5": 0.12924071082390953, "total_users": 1238}, "short_rule": "length <= threshold", "threshold": 10}
2026-09-10 18:55:07,335 | INFO | VALID_STEP step=540 stage=joint epoch=4 ndcg@10=0.096784 recall@10=0.106383 improved=True
2026-09-10 18:55:07,337 | INFO | BEST_MODEL_IN_MEMORY step=540 stage=joint ndcg@10=0.096784
2026-09-10 18:55:07,337 | INFO | LEARNING_RATE step=540 stage=joint lr=5e-05
2026-09-10 18:55:07,337 | INFO | stage=joint epoch=4 loss=4.310576 steps=54 transitions/s=1477.09
2026-09-10 18:55:12,369 | INFO | 
========== PERIODIC VALIDATION ==========
stage=joint | epoch=5 | step=594 | users=1457/1457
NDCG  | @5 0.094274 | @10 0.097191
Recall| @5 0.098833 | @10 0.107756
Hit   | @5 0.098833 | @10 0.107756
================================
2026-09-10 18:55:12,369 | INFO | PERIODIC VALIDATION SEQUENCE_LENGTH {"basis": "filtered_full_sequence", "long": {"evaluated_users": 219, "history_length_max": 119, "history_length_mean": 20.98173515981735, "history_length_min": 11, "hit@10": 0.0639269406392694, "hit@5": 0.045662100456621, "ndcg@10": 0.04415636311416039, "ndcg@5": 0.03800669323647382, "recall@10": 0.0639269406392694, "recall@5": 0.045662100456621, "total_users": 219}, "long_rule": "length > threshold", "short": {"evaluated_users": 1238, "history_length_max": 10, "history_length_mean": 5.27221324717286, "history_length_min": 3, "hit@10": 0.11550888529886914, "hit@5": 0.10823909531502424, "ndcg@10": 0.10657301273722593, "ndcg@5": 0.10422761263716482, "recall@10": 0.11550888529886914, "recall@5": 0.10823909531502424, "total_users": 1238}, "short_rule": "length <= threshold", "threshold": 10}
2026-09-10 18:55:12,741 | INFO | 
========== PERIODIC TEST ==========
stage=joint | epoch=5 | step=594 | users=1457/1457
NDCG  | @5 0.110958 | @10 0.114350
Recall| @5 0.120110 | @10 0.130405
Hit   | @5 0.120110 | @10 0.130405
================================
2026-09-10 18:55:12,741 | INFO | PERIODIC TEST SEQUENCE_LENGTH {"basis": "filtered_full_sequence", "long": {"evaluated_users": 219, "history_length_max": 119, "history_length_mean": 20.98173515981735, "history_length_min": 11, "hit@10": 0.0639269406392694, "hit@5": 0.0547945205479452, "ndcg@10": 0.04313179898830588, "ndcg@5": 0.04028979825930487, "recall@10": 0.0639269406392694, "recall@5": 0.0547945205479452, "total_users": 219}, "long_rule": "length > threshold", "short": {"evaluated_users": 1238, "history_length_max": 10, "history_length_mean": 5.27221324717286, "history_length_min": 3, "hit@10": 0.1421647819063005, "hit@5": 0.13166397415185785, "ndcg@10": 0.1269489296981739, "ndcg@5": 0.12345865589905836, "recall@10": 0.1421647819063005, "recall@5": 0.13166397415185785, "total_users": 1238}, "short_rule": "length <= threshold", "threshold": 10}
2026-09-10 18:55:12,742 | INFO | VALID_STEP step=594 stage=joint epoch=5 ndcg@10=0.097191 recall@10=0.107756 improved=True
2026-09-10 18:55:12,743 | INFO | BEST_MODEL_IN_MEMORY step=594 stage=joint ndcg@10=0.097191
2026-09-10 18:55:12,744 | INFO | LEARNING_RATE step=594 stage=joint lr=5e-05
2026-09-10 18:55:12,744 | INFO | stage=joint epoch=5 loss=4.295796 steps=54 transitions/s=1468.91
2026-09-10 18:55:17,759 | INFO | 
========== PERIODIC VALIDATION ==========
stage=joint | epoch=6 | step=648 | users=1457/1457
NDCG  | @5 0.094462 | @10 0.097549
Recall| @5 0.099520 | @10 0.109128
Hit   | @5 0.099520 | @10 0.109128
================================
2026-09-10 18:55:17,759 | INFO | PERIODIC VALIDATION SEQUENCE_LENGTH {"basis": "filtered_full_sequence", "long": {"evaluated_users": 219, "history_length_max": 119, "history_length_mean": 20.98173515981735, "history_length_min": 11, "hit@10": 0.0684931506849315, "hit@5": 0.0502283105022831, "ndcg@10": 0.045884280167044406, "ndcg@5": 0.039773144411060765, "recall@10": 0.0684931506849315, "recall@5": 0.0502283105022831, "total_users": 219}, "long_rule": "length > threshold", "short": {"evaluated_users": 1238, "history_length_max": 10, "history_length_mean": 5.27221324717286, "history_length_min": 3, "hit@10": 0.11631663974151858, "hit@5": 0.10823909531502424, "ndcg@10": 0.10668894300751332, "ndcg@5": 0.1041362174895352, "recall@10": 0.11631663974151858, "recall@5": 0.10823909531502424, "total_users": 1238}, "short_rule": "length <= threshold", "threshold": 10}
2026-09-10 18:55:18,129 | INFO | 
========== PERIODIC TEST ==========
stage=joint | epoch=6 | step=648 | users=1457/1457
NDCG  | @5 0.112055 | @10 0.115087
Recall| @5 0.122169 | @10 0.131778
Hit   | @5 0.122169 | @10 0.131778
================================
2026-09-10 18:55:18,129 | INFO | PERIODIC TEST SEQUENCE_LENGTH {"basis": "filtered_full_sequence", "long": {"evaluated_users": 219, "history_length_max": 119, "history_length_mean": 20.98173515981735, "history_length_min": 11, "hit@10": 0.0684931506849315, "hit@5": 0.0547945205479452, "ndcg@10": 0.04445172970208619, "ndcg@5": 0.04028979825930487, "recall@10": 0.0684931506849315, "recall@5": 0.0547945205479452, "total_users": 219}, "long_rule": "length > threshold", "short": {"evaluated_users": 1238, "history_length_max": 10, "history_length_mean": 5.27221324717286, "history_length_min": 3, "hit@10": 0.1429725363489499, "hit@5": 0.13408723747980614, "ndcg@10": 0.12758185848709963, "ndcg@5": 0.12475021656954201, "recall@10": 0.1429725363489499, "recall@5": 0.13408723747980614, "total_users": 1238}, "short_rule": "length <= threshold", "threshold": 10}
2026-09-10 18:55:18,130 | INFO | VALID_STEP step=648 stage=joint epoch=6 ndcg@10=0.097549 recall@10=0.109128 improved=True
2026-09-10 18:55:18,131 | INFO | BEST_MODEL_IN_MEMORY step=648 stage=joint ndcg@10=0.097549
2026-09-10 18:55:18,131 | INFO | LEARNING_RATE step=648 stage=joint lr=5e-05
2026-09-10 18:55:18,132 | INFO | stage=joint epoch=6 loss=4.282969 steps=54 transitions/s=1473.84
2026-09-10 18:55:23,135 | INFO | 
========== PERIODIC VALIDATION ==========
stage=joint | epoch=7 | step=702 | users=1457/1457
NDCG  | @5 0.094757 | @10 0.097501
Recall| @5 0.100206 | @10 0.108442
Hit   | @5 0.100206 | @10 0.108442
================================
2026-09-10 18:55:23,138 | INFO | PERIODIC VALIDATION SEQUENCE_LENGTH {"basis": "filtered_full_sequence", "long": {"evaluated_users": 219, "history_length_max": 119, "history_length_mean": 20.98173515981735, "history_length_min": 11, "hit@10": 0.0684931506849315, "hit@5": 0.0547945205479452, "ndcg@10": 0.04641036090351775, "ndcg@5": 0.04173970403696667, "recall@10": 0.0684931506849315, "recall@5": 0.0547945205479452, "total_users": 219}, "long_rule": "length > threshold", "short": {"evaluated_users": 1238, "history_length_max": 10, "history_length_mean": 5.27221324717286, "history_length_min": 3, "hit@10": 0.11550888529886914, "hit@5": 0.10823909531502424, "ndcg@10": 0.10653862561561893, "ndcg@5": 0.1041362174895352, "recall@10": 0.11550888529886914, "recall@5": 0.10823909531502424, "total_users": 1238}, "short_rule": "length <= threshold", "threshold": 10}
2026-09-10 18:55:23,509 | INFO | 
========== PERIODIC TEST ==========
stage=joint | epoch=7 | step=702 | users=1457/1457
NDCG  | @5 0.111759 | @10 0.115728
Recall| @5 0.121482 | @10 0.133837
Hit   | @5 0.121482 | @10 0.133837
================================
2026-09-10 18:55:23,510 | INFO | PERIODIC TEST SEQUENCE_LENGTH {"basis": "filtered_full_sequence", "long": {"evaluated_users": 219, "history_length_max": 119, "history_length_mean": 20.98173515981735, "history_length_min": 11, "hit@10": 0.0684931506849315, "hit@5": 0.0547945205479452, "ndcg@10": 0.04465386900352658, "ndcg@5": 0.04028979825930487, "recall@10": 0.0684931506849315, "recall@5": 0.0547945205479452, "total_users": 219}, "long_rule": "length > threshold", "short": {"evaluated_users": 1238, "history_length_max": 10, "history_length_mean": 5.27221324717286, "history_length_min": 3, "hit@10": 0.14539579967689822, "hit@5": 0.1332794830371567, "ndcg@10": 0.12830059331419127, "ndcg@5": 0.12440233566641327, "recall@10": 0.14539579967689822, "recall@5": 0.1332794830371567, "total_users": 1238}, "short_rule": "length <= threshold", "threshold": 10}
2026-09-10 18:55:23,510 | INFO | VALID_STEP step=702 stage=joint epoch=7 ndcg@10=0.097501 recall@10=0.108442 improved=False
2026-09-10 18:55:23,510 | INFO | LEARNING_RATE step=702 stage=joint lr=5e-05
2026-09-10 18:55:23,511 | INFO | stage=joint epoch=7 loss=4.268286 steps=54 transitions/s=1478.02
2026-09-10 18:55:23,884 | INFO | 
========== FINAL CURRENT VALIDATION ==========
stage=final | epoch=0 | step=702 | users=1457/1457
NDCG  | @5 0.094757 | @10 0.097501
Recall| @5 0.100206 | @10 0.108442
Hit   | @5 0.100206 | @10 0.108442
================================
2026-09-10 18:55:23,884 | INFO | FINAL CURRENT VALIDATION SEQUENCE_LENGTH {"basis": "filtered_full_sequence", "long": {"evaluated_users": 219, "history_length_max": 119, "history_length_mean": 20.98173515981735, "history_length_min": 11, "hit@10": 0.0684931506849315, "hit@5": 0.0547945205479452, "ndcg@10": 0.04641036090351775, "ndcg@5": 0.04173970403696667, "recall@10": 0.0684931506849315, "recall@5": 0.0547945205479452, "total_users": 219}, "long_rule": "length > threshold", "short": {"evaluated_users": 1238, "history_length_max": 10, "history_length_mean": 5.27221324717286, "history_length_min": 3, "hit@10": 0.11550888529886914, "hit@5": 0.10823909531502424, "ndcg@10": 0.10653862561561893, "ndcg@5": 0.1041362174895352, "recall@10": 0.11550888529886914, "recall@5": 0.10823909531502424, "total_users": 1238}, "short_rule": "length <= threshold", "threshold": 10}
2026-09-10 18:55:23,884 | INFO | VALID_STEP step=702 stage=final epoch=0 ndcg@10=0.097501 recall@10=0.108442 improved=False
2026-09-10 18:55:23,885 | INFO | RESTORE_BEST step=648 stage=joint ndcg@10=0.097549
2026-09-10 18:55:24,632 | INFO | 
========== BEST CHECKPOINT VALIDATION ==========
stage=joint | epoch=0 | step=648 | users=1457/1457
NDCG  | @5 0.094462 | @10 0.097549
Recall| @5 0.099520 | @10 0.109128
Hit   | @5 0.099520 | @10 0.109128
================================
2026-09-10 18:55:24,632 | INFO | BEST CHECKPOINT VALIDATION SEQUENCE_LENGTH {"basis": "filtered_full_sequence", "long": {"evaluated_users": 219, "history_length_max": 119, "history_length_mean": 20.98173515981735, "history_length_min": 11, "hit@10": 0.0684931506849315, "hit@5": 0.0502283105022831, "ndcg@10": 0.045884280167044406, "ndcg@5": 0.039773144411060765, "recall@10": 0.0684931506849315, "recall@5": 0.0502283105022831, "total_users": 219}, "long_rule": "length > threshold", "short": {"evaluated_users": 1238, "history_length_max": 10, "history_length_mean": 5.27221324717286, "history_length_min": 3, "hit@10": 0.11631663974151858, "hit@5": 0.10823909531502424, "ndcg@10": 0.10668894300751332, "ndcg@5": 0.1041362174895352, "recall@10": 0.11631663974151858, "recall@5": 0.10823909531502424, "total_users": 1238}, "short_rule": "length <= threshold", "threshold": 10}
2026-09-10 18:55:24,632 | INFO | 
========== FINAL FULL TEST ==========
stage=joint | epoch=0 | step=648 | users=1457/1457
NDCG  | @5 0.112055 | @10 0.115087
Recall| @5 0.122169 | @10 0.131778
Hit   | @5 0.122169 | @10 0.131778
================================
2026-09-10 18:55:24,632 | INFO | FINAL FULL TEST SEQUENCE_LENGTH {"basis": "filtered_full_sequence", "long": {"evaluated_users": 219, "history_length_max": 119, "history_length_mean": 20.98173515981735, "history_length_min": 11, "hit@10": 0.0684931506849315, "hit@5": 0.0547945205479452, "ndcg@10": 0.04445172970208619, "ndcg@5": 0.04028979825930487, "recall@10": 0.0684931506849315, "recall@5": 0.0547945205479452, "total_users": 219}, "long_rule": "length > threshold", "short": {"evaluated_users": 1238, "history_length_max": 10, "history_length_mean": 5.27221324717286, "history_length_min": 3, "hit@10": 0.1429725363489499, "hit@5": 0.13408723747980614, "ndcg@10": 0.12758185848709963, "ndcg@5": 0.12475021656954201, "recall@10": 0.1429725363489499, "recall@5": 0.13408723747980614, "total_users": 1238}, "short_rule": "length <= threshold", "threshold": 10}
2026-09-10 18:55:24,632 | INFO | VALID_BEST {"evaluated_users": 1457, "hit@10": 0.1091283459162663, "hit@5": 0.09951956074124914, "long_agent_weight": 0.4893923401423489, "long_preference_state_cosine": 0.09214498167096873, "long_short_state_cosine": 0.9914155513682263, "ndcg@10": 0.0975494636766045, "ndcg@5": 0.09446187778622137, "preference_change_probability": 0.020228452034494037, "preference_current_entropy": 3.3510693908146822, "preference_next_entropy": 3.396992638246933, "preference_ranking_weight": 0.2039794921875, "recall@10": 0.1091283459162663, "recall@5": 0.09951956074124914, "scores_per_second": 16191684.494838158, "sequence_length": {"basis": "filtered_full_sequence", "long": {"evaluated_users": 219, "history_length_max": 119, "history_length_mean": 20.98173515981735, "history_length_min": 11, "hit@10": 0.0684931506849315, "hit@5": 0.0502283105022831, "ndcg@10": 0.045884280167044406, "ndcg@5": 0.039773144411060765, "recall@10": 0.0684931506849315, "recall@5": 0.0502283105022831, "total_users": 219}, "long_rule": "length > threshold", "short": {"evaluated_users": 1238, "history_length_max": 10, "history_length_mean": 5.27221324717286, "history_length_min": 3, "hit@10": 0.11631663974151858, "hit@5": 0.10823909531502424, "ndcg@10": 0.10668894300751332, "ndcg@5": 0.1041362174895352, "recall@10": 0.11631663974151858, "recall@5": 0.10823909531502424, "total_users": 1238}, "short_rule": "length <= threshold", "threshold": 10}, "short_agent_weight": 0.5106076624758373, "short_preference_state_cosine": 0.09547195568752355, "total_users": 1457, "users_per_second": 3958.8470647526055}
2026-09-10 18:55:24,632 | INFO | TEST_FINAL {"evaluated_users": 1457, "hit@10": 0.13177762525737818, "hit@5": 0.12216884008236102, "long_agent_weight": 0.4968369535656931, "long_preference_state_cosine": 0.011415056746220375, "long_short_state_cosine": 0.9863280778726488, "ndcg@10": 0.11508666413568354, "ndcg@5": 0.1120550670113233, "preference_change_probability": 0.02060145978331975, "preference_current_entropy": 3.356481066450487, "preference_next_entropy": 3.3914684015508376, "preference_ranking_weight": 0.2039794921875, "recall@10": 0.13177762525737818, "recall@5": 0.12216884008236102, "scores_per_second": 15821277.444308413, "sequence_length": {"basis": "filtered_full_sequence", "long": {"evaluated_users": 219, "history_length_max": 119, "history_length_mean": 20.98173515981735, "history_length_min": 11, "hit@10": 0.0684931506849315, "hit@5": 0.0547945205479452, "ndcg@10": 0.04445172970208619, "ndcg@5": 0.04028979825930487, "recall@10": 0.0684931506849315, "recall@5": 0.0547945205479452, "total_users": 219}, "long_rule": "length > threshold", "short": {"evaluated_users": 1238, "history_length_max": 10, "history_length_mean": 5.27221324717286, "history_length_min": 3, "hit@10": 0.1429725363489499, "hit@5": 0.13408723747980614, "ndcg@10": 0.12758185848709963, "ndcg@5": 0.12475021656954201, "recall@10": 0.1429725363489499, "recall@5": 0.13408723747980614, "total_users": 1238}, "short_rule": "length <= threshold", "threshold": 10}, "short_agent_weight": 0.5031630516706793, "short_preference_state_cosine": 0.021178398442415643, "total_users": 1457, "users_per_second": 3868.2829937184383}
2026-09-10 18:55:24,632 | INFO | TARGET_RESULT metric=recall@10 target=>0.150000 actual=0.131778 achieved=False
2026-09-10 18:55:24,912 | INFO | FINAL_LENGTH_SCORES dataset=amazon-all-beauty group=short split=valid threshold=10 users=1238/1238 scores={"hit@10": 0.11631663974151858, "hit@5": 0.10823909531502424, "ndcg@10": 0.10668894300751332, "ndcg@5": 0.1041362174895352, "recall@10": 0.11631663974151858, "recall@5": 0.10823909531502424}
2026-09-10 18:55:24,912 | INFO | FINAL_LENGTH_SCORES dataset=amazon-all-beauty group=short split=test threshold=10 users=1238/1238 scores={"hit@10": 0.1429725363489499, "hit@5": 0.13408723747980614, "ndcg@10": 0.12758185848709963, "ndcg@5": 0.12475021656954201, "recall@10": 0.1429725363489499, "recall@5": 0.13408723747980614}
2026-09-10 18:55:24,912 | INFO | short_scores=/workspace/P78123011/MediaTek_2026_project/ver4/outputs_mamba_rl/amazons_long_short_L1_S1_P1_G1/Full_Beauty/rl_20260910_185419_r1_312334/short_scores.json
2026-09-10 18:55:24,912 | INFO | FINAL_LENGTH_SCORES dataset=amazon-all-beauty group=long split=valid threshold=10 users=219/219 scores={"hit@10": 0.0684931506849315, "hit@5": 0.0502283105022831, "ndcg@10": 0.045884280167044406, "ndcg@5": 0.039773144411060765, "recall@10": 0.0684931506849315, "recall@5": 0.0502283105022831}
2026-09-10 18:55:24,912 | INFO | FINAL_LENGTH_SCORES dataset=amazon-all-beauty group=long split=test threshold=10 users=219/219 scores={"hit@10": 0.0684931506849315, "hit@5": 0.0547945205479452, "ndcg@10": 0.04445172970208619, "ndcg@5": 0.04028979825930487, "recall@10": 0.0684931506849315, "recall@5": 0.0547945205479452}
2026-09-10 18:55:24,912 | INFO | long_scores=/workspace/P78123011/MediaTek_2026_project/ver4/outputs_mamba_rl/amazons_long_short_L1_S1_P1_G1/Full_Beauty/rl_20260910_185419_r1_312334/long_scores.json
2026-09-10 18:55:24,912 | INFO | scores=/workspace/P78123011/MediaTek_2026_project/ver4/outputs_mamba_rl/amazons_long_short_L1_S1_P1_G1/Full_Beauty/rl_20260910_185419_r1_312334/Full_Beauty_scores.json
2026-09-10 18:55:24,913 | INFO | outputs=/workspace/P78123011/MediaTek_2026_project/ver4/outputs_mamba_rl/amazons_long_short_L1_S1_P1_G1/Full_Beauty/rl_20260910_185419_r1_312334
