2026-08-28 13:30:28,226 | INFO | run_id=20260828_133028 dataset=amazon-games device=cuda:0
2026-08-28 13:30:28,226 | INFO | EXPERIMENT_NOTE amazons_full subset=Games; common architecture; periodic validation/test
2026-08-28 13:30:28,227 | INFO | EXPERIMENT_CONFIG {"batch_size": 128, "cache_dir": "/workspace/P78123011/cache", "candidates": 128, "coordinator_epochs": 2, "coordinator_lr": 0.0001, "data_path": null, "dataset": "amazon-games", "device": "cuda:0", "dim": 128, "early_stopping_patience": 6, "entropy_coef": 0.005, "eval_batch_size": 64, "experiment_note": "amazons_full subset=Games; common architecture; periodic validation/test", "full_catalog_supervised": false, "generate_reasons": false, "graph_device": "cuda:1", "item_vector_artifact": null, "joint_lr": 2e-05, "lora_alpha": 16.0, "lora_dropout": 0.05, "lora_rank": 8, "lr_patience": 2, "mamba_encode_batch_size": 32, "mamba_max_tokens": 16, "max_events": null, "max_history": 100, "max_transitions": 1000000, "min_rating": 4.0, "min_user_events": 5, "monitor_metric": "ndcg@10", "output_dir": "/workspace/P78123011/MediaTek_2026_project/outputs_mamba_rl", "output_run_dir": "/workspace/P78123011/MediaTek_2026_project/outputs_mamba_rl/amazons_full/Games/rl_20260828_133027", "periodic_test_user_limit": 0, "popularity_alpha": 0.2, "reason_count": 20, "reason_max_new_tokens": 40, "refresh_data_cache": false, "resume_checkpoint": null, "rl_epochs": 15, "save_model_weights": false, "score_file": "/workspace/P78123011/MediaTek_2026_project/outputs_mamba_rl/amazons_full/Games/rl_20260828_133027/Games_scores.json", "seed": 25252, "short_window": 10, "skip_mamba": false, "specialist_epochs": 3, "specialist_lr": 5e-05, "specialization_coef": 0.005, "supervised_coef": 0.4, "target_recall_at_10": 0.15, "transition_beta": 0.5, "use_graph_embeddings": true, "validate_every_steps": 4000, "validation_user_limit": 0}
2026-08-28 13:30:31,464 | INFO | INTERACTION_CACHE hit path=/workspace/P78123011/cache/mamba_multi_agent_data/amazon-games_5b08b9673ddc.pkl
2026-08-28 13:30:31,473 | INFO | users=567775 items=585299 train_interactions=4056957
2026-08-28 13:30:45,558 | INFO | CATALOG_PRIORS popularity_alpha=0.200000 transition_beta=0.500000 source=train_histories_only enabled=True
2026-08-28 13:31:19,202 | INFO | ITEM_VECTOR_ARTIFACT path=/workspace/P78123011/cache/mamba_multi_agent/amazon-games_585299_efd5a8e49339_tok16.pt fingerprint=efd5a8e49339
2026-08-28 13:31:21,105 | INFO | GRAPH_EMBEDDINGS enabled=True source=train_histories_only main_device=cuda:0 graph_device=cuda:1
2026-08-28 13:31:22,397 | INFO | agent_parameters={'long': 8321, 'short': 8321, 'coordinator': 7185, 'shared_projection': 327680, 'graph': 147593472}
2026-08-28 13:31:26,549 | INFO | training_transitions=1000000
2026-08-28 13:31:26,549 | INFO | schedule specialist_epochs=3 coordinator_epochs=2 rl_epochs=15 validate_every_steps=4000 validation_users=0 periodic_test_users=0 monitor=ndcg@10 early_stopping_patience=6
2026-08-28 13:47:38,674 | INFO | 
========== PERIODIC VALIDATION ==========
stage=specialists | epoch=1 | step=4000 | users=567775/567775
NDCG  | @5 0.015333 | @10 0.016885
Recall| @5 0.019823 | @10 0.024619
Hit   | @5 0.019823 | @10 0.024619
================================
2026-08-28 13:50:48,153 | INFO | 
========== PERIODIC TEST ==========
stage=specialists | epoch=1 | step=4000 | users=567775/567775
NDCG  | @5 0.014288 | @10 0.015673
Recall| @5 0.018315 | @10 0.022601
Hit   | @5 0.018315 | @10 0.022601
================================
2026-08-28 13:50:48,154 | INFO | VALID_STEP step=4000 stage=specialists epoch=1 ndcg@10=0.016885 recall@10=0.024619 improved=True
2026-08-28 13:50:48,448 | INFO | BEST_MODEL_IN_MEMORY step=4000 stage=specialists ndcg@10=0.016885
2026-08-28 14:03:11,243 | INFO | stage=specialists epoch=1 loss=7.825043 steps=7813 transitions/s=655.90
2026-08-28 14:06:57,133 | INFO | 
========== PERIODIC VALIDATION ==========
stage=specialists | epoch=2 | step=8000 | users=567775/567775
NDCG  | @5 0.016527 | @10 0.018194
Recall| @5 0.021366 | @10 0.026532
Hit   | @5 0.021366 | @10 0.026532
================================
2026-08-28 14:10:06,605 | INFO | 
========== PERIODIC TEST ==========
stage=specialists | epoch=2 | step=8000 | users=567775/567775
NDCG  | @5 0.015509 | @10 0.016988
Recall| @5 0.019786 | @10 0.024367
Hit   | @5 0.019786 | @10 0.024367
================================
2026-08-28 14:10:06,605 | INFO | VALID_STEP step=8000 stage=specialists epoch=2 ndcg@10=0.018194 recall@10=0.026532 improved=True
2026-08-28 14:10:06,922 | INFO | BEST_MODEL_IN_MEMORY step=8000 stage=specialists ndcg@10=0.018194
2026-08-28 14:26:19,092 | INFO | 
========== PERIODIC VALIDATION ==========
stage=specialists | epoch=2 | step=12000 | users=567775/567775
NDCG  | @5 0.017179 | @10 0.018902
Recall| @5 0.022232 | @10 0.027578
Hit   | @5 0.022232 | @10 0.027578
================================
2026-08-28 14:29:28,584 | INFO | 
========== PERIODIC TEST ==========
stage=specialists | epoch=2 | step=12000 | users=567775/567775
NDCG  | @5 0.016135 | @10 0.017691
Recall| @5 0.020540 | @10 0.025360
Hit   | @5 0.020540 | @10 0.025360
================================
2026-08-28 14:29:28,585 | INFO | VALID_STEP step=12000 stage=specialists epoch=2 ndcg@10=0.018902 recall@10=0.027578 improved=True
2026-08-28 14:29:28,890 | INFO | BEST_MODEL_IN_MEMORY step=12000 stage=specialists ndcg@10=0.018902
2026-08-28 14:41:15,900 | INFO | stage=specialists epoch=2 loss=6.834682 steps=7813 transitions/s=655.08
2026-08-28 14:45:37,632 | INFO | 
========== PERIODIC VALIDATION ==========
stage=specialists | epoch=3 | step=16000 | users=567775/567775
NDCG  | @5 0.018296 | @10 0.020111
Recall| @5 0.023571 | @10 0.029191
Hit   | @5 0.023571 | @10 0.029191
================================
2026-08-28 14:48:47,046 | INFO | 
========== PERIODIC TEST ==========
stage=specialists | epoch=3 | step=16000 | users=567775/567775
NDCG  | @5 0.017366 | @10 0.019004
Recall| @5 0.022088 | @10 0.027164
Hit   | @5 0.022088 | @10 0.027164
================================
2026-08-28 14:48:47,046 | INFO | VALID_STEP step=16000 stage=specialists epoch=3 ndcg@10=0.020111 recall@10=0.029191 improved=True
2026-08-28 14:48:47,353 | INFO | BEST_MODEL_IN_MEMORY step=16000 stage=specialists ndcg@10=0.020111
2026-08-28 15:04:55,726 | INFO | 
========== PERIODIC VALIDATION ==========
stage=specialists | epoch=3 | step=20000 | users=567775/567775
NDCG  | @5 0.018241 | @10 0.020113
Recall| @5 0.023608 | @10 0.029410
Hit   | @5 0.023608 | @10 0.029410
================================
2026-08-28 15:08:05,281 | INFO | 
========== PERIODIC TEST ==========
stage=specialists | epoch=3 | step=20000 | users=567775/567775
NDCG  | @5 0.017348 | @10 0.019043
Recall| @5 0.022056 | @10 0.027300
Hit   | @5 0.022056 | @10 0.027300
================================
2026-08-28 15:08:05,281 | INFO | VALID_STEP step=20000 stage=specialists epoch=3 ndcg@10=0.020113 recall@10=0.029410 improved=True
2026-08-28 15:08:05,602 | INFO | BEST_MODEL_IN_MEMORY step=20000 stage=specialists ndcg@10=0.020113
2026-08-28 15:19:15,839 | INFO | stage=specialists epoch=3 loss=5.997036 steps=7813 transitions/s=656.82
2026-08-28 15:23:17,845 | INFO | 
========== PERIODIC VALIDATION ==========
stage=coordinator | epoch=1 | step=24000 | users=567775/567775
NDCG  | @5 0.020421 | @10 0.022470
Recall| @5 0.026380 | @10 0.032740
Hit   | @5 0.026380 | @10 0.032740
================================
2026-08-28 15:26:36,405 | INFO | 
========== PERIODIC TEST ==========
stage=coordinator | epoch=1 | step=24000 | users=567775/567775
NDCG  | @5 0.019562 | @10 0.021387
Recall| @5 0.024828 | @10 0.030480
Hit   | @5 0.024828 | @10 0.030480
================================
2026-08-28 15:26:36,406 | INFO | VALID_STEP step=24000 stage=coordinator epoch=1 ndcg@10=0.022470 recall@10=0.032740 improved=True
2026-08-28 15:26:36,714 | INFO | BEST_MODEL_IN_MEMORY step=24000 stage=coordinator ndcg@10=0.022470
2026-08-28 15:26:36,714 | INFO | LEARNING_RATE step=24000 stage=coordinator lr=0.0001
2026-08-28 15:35:05,369 | INFO | 
========== PERIODIC VALIDATION ==========
stage=coordinator | epoch=1 | step=28000 | users=567775/567775
NDCG  | @5 0.021543 | @10 0.023678
Recall| @5 0.027617 | @10 0.034235
Hit   | @5 0.027617 | @10 0.034235
================================
2026-08-28 15:38:24,683 | INFO | 
========== PERIODIC TEST ==========
stage=coordinator | epoch=1 | step=28000 | users=567775/567775
NDCG  | @5 0.020963 | @10 0.022902
Recall| @5 0.026377 | @10 0.032379
Hit   | @5 0.026377 | @10 0.032379
================================
2026-08-28 15:38:24,683 | INFO | VALID_STEP step=28000 stage=coordinator epoch=1 ndcg@10=0.023678 recall@10=0.034235 improved=True
2026-08-28 15:38:24,995 | INFO | BEST_MODEL_IN_MEMORY step=28000 stage=coordinator ndcg@10=0.023678
2026-08-28 15:38:24,995 | INFO | LEARNING_RATE step=28000 stage=coordinator lr=0.0001
2026-08-28 15:42:37,245 | INFO | stage=coordinator epoch=1 loss=2.211018 steps=7813 transitions/s=1650.77
