2026-08-27 20:16:37,866 | INFO | run_id=20260827_201637 dataset=amazon-all-beauty device=cuda
2026-08-27 20:16:37,866 | INFO | EXPERIMENT_NOTE amazons_full subset=Beauty; common architecture; periodic validation/test
2026-08-27 20:16:37,866 | INFO | EXPERIMENT_CONFIG {"batch_size": 128, "cache_dir": "/workspace/P78123011/cache", "candidates": 64, "coordinator_epochs": 2, "coordinator_lr": 0.0002, "data_path": null, "dataset": "amazon-all-beauty", "device": "cuda", "dim": 128, "early_stopping_patience": 12, "entropy_coef": 0.01, "eval_batch_size": 64, "experiment_note": "amazons_full subset=Beauty; common architecture; periodic validation/test", "full_catalog_supervised": false, "generate_reasons": false, "item_vector_artifact": null, "joint_lr": 5e-05, "lora_alpha": 16.0, "lora_dropout": 0.05, "lora_rank": 8, "lr_patience": 3, "mamba_encode_batch_size": 32, "mamba_max_tokens": 16, "max_events": null, "max_history": 100, "max_transitions": 500000, "min_rating": 4.0, "min_user_events": 5, "monitor_metric": "ndcg@10", "output_dir": "/workspace/P78123011/MediaTek_2026_project/outputs_mamba_rl", "output_run_dir": "/workspace/P78123011/MediaTek_2026_project/outputs_mamba_rl/amazons_full/Beauty/rl_20260827_201637", "periodic_test_user_limit": 0, "popularity_alpha": -0.25, "reason_count": 20, "reason_max_new_tokens": 40, "refresh_data_cache": false, "resume_checkpoint": null, "rl_epochs": 20, "score_file": "/workspace/P78123011/MediaTek_2026_project/outputs_mamba_rl/amazons_full/Beauty/rl_20260827_201637/Beauty_scores.json", "seed": 25252, "short_window": 10, "skip_mamba": false, "specialist_epochs": 3, "specialist_lr": 0.0002, "specialization_coef": 0.01, "supervised_coef": 0.1, "target_recall_at_10": 0.15, "transition_beta": 4.0, "validate_every_steps": 250, "validation_user_limit": 0}
2026-08-27 20:16:37,896 | INFO | INTERACTION_CACHE hit path=/workspace/P78123011/cache/mamba_multi_agent_data/amazon-all-beauty_15905f803144.pkl
2026-08-27 20:16:37,896 | INFO | users=1620 items=6982 train_interactions=11744
2026-08-27 20:16:38,053 | INFO | CATALOG_PRIORS popularity_alpha=-0.250000 transition_beta=4.000000 source=train_histories_only enabled=True
2026-08-27 20:17:19,037 | INFO | ITEM_VECTOR_ARTIFACT path=/workspace/P78123011/cache/mamba_multi_agent/amazon-all-beauty_6982_051814cd0dc3_tok16.pt fingerprint=051814cd0dc3
2026-08-27 20:17:19,048 | INFO | agent_parameters={'long': 8321, 'short': 8321, 'coordinator': 7185, 'shared_projection': 327680}
2026-08-27 20:17:19,052 | INFO | training_transitions=10124
2026-08-27 20:17:19,052 | INFO | schedule specialist_epochs=3 coordinator_epochs=2 rl_epochs=20 validate_every_steps=250 validation_users=0 periodic_test_users=0 monitor=ndcg@10 early_stopping_patience=12
2026-08-27 20:17:24,470 | INFO | stage=specialists epoch=1 loss=8.054699 steps=80 transitions/s=1869.18
2026-08-27 20:17:29,954 | INFO | stage=specialists epoch=2 loss=7.896446 steps=80 transitions/s=1847.10
2026-08-27 20:17:35,270 | INFO | stage=specialists epoch=3 loss=7.840441 steps=80 transitions/s=1905.17
2026-08-27 20:17:35,985 | INFO | 
========== PERIODIC VALIDATION ==========
stage=coordinator | epoch=1 | step=250 | users=1620/1620
NDCG  | @5 0.087764 | @10 0.094444
Recall| @5 0.096296 | @10 0.117284
Hit   | @5 0.096296 | @10 0.117284
================================
2026-08-27 20:17:36,422 | INFO | 
========== PERIODIC TEST ==========
stage=coordinator | epoch=1 | step=250 | users=1620/1620
NDCG  | @5 0.109268 | @10 0.112997
Recall| @5 0.119136 | @10 0.130864
Hit   | @5 0.119136 | @10 0.130864
================================
2026-08-27 20:17:36,422 | INFO | VALID_STEP step=250 stage=coordinator epoch=1 ndcg@10=0.094444 recall@10=0.117284 improved=True
2026-08-27 20:17:36,425 | INFO | BEST_CHECKPOINT step=250 stage=coordinator ndcg@10=0.094444 path=/workspace/P78123011/MediaTek_2026_project/outputs_mamba_rl/amazons_full/Beauty/rl_20260827_201637/best_validation.pt
2026-08-27 20:17:36,425 | INFO | LEARNING_RATE step=250 stage=coordinator lr=0.0002
2026-08-27 20:17:38,375 | INFO | stage=coordinator epoch=1 loss=3.824296 steps=80 transitions/s=4542.01
2026-08-27 20:17:40,590 | INFO | stage=coordinator epoch=2 loss=3.809546 steps=80 transitions/s=4574.20
2026-08-27 20:17:46,230 | INFO | stage=joint epoch=1 loss=0.176274 steps=80 transitions/s=1795.96
2026-08-27 20:17:48,033 | INFO | 
========== PERIODIC VALIDATION ==========
stage=joint | epoch=2 | step=500 | users=1620/1620
NDCG  | @5 0.091637 | @10 0.097231
Recall| @5 0.104938 | @10 0.122222
Hit   | @5 0.104938 | @10 0.122222
================================
2026-08-27 20:17:48,437 | INFO | 
========== PERIODIC TEST ==========
stage=joint | epoch=2 | step=500 | users=1620/1620
NDCG  | @5 0.113558 | @10 0.117490
Recall| @5 0.128395 | @10 0.140741
Hit   | @5 0.128395 | @10 0.140741
================================
2026-08-27 20:17:48,437 | INFO | VALID_STEP step=500 stage=joint epoch=2 ndcg@10=0.097231 recall@10=0.122222 improved=True
2026-08-27 20:17:48,440 | INFO | BEST_CHECKPOINT step=500 stage=joint ndcg@10=0.097231 path=/workspace/P78123011/MediaTek_2026_project/outputs_mamba_rl/amazons_full/Beauty/rl_20260827_201637/best_validation.pt
2026-08-27 20:17:48,440 | INFO | LEARNING_RATE step=500 stage=joint lr=5e-05
2026-08-27 20:17:52,653 | INFO | stage=joint epoch=2 loss=0.240896 steps=80 transitions/s=1802.78
2026-08-27 20:17:58,181 | INFO | stage=joint epoch=3 loss=0.234998 steps=80 transitions/s=1832.43
2026-08-27 20:18:03,830 | INFO | stage=joint epoch=4 loss=0.242932 steps=80 transitions/s=1792.80
2026-08-27 20:18:06,359 | INFO | 
========== PERIODIC VALIDATION ==========
stage=joint | epoch=5 | step=750 | users=1620/1620
NDCG  | @5 0.093385 | @10 0.098306
Recall| @5 0.106173 | @10 0.121605
Hit   | @5 0.106173 | @10 0.121605
================================
2026-08-27 20:18:06,763 | INFO | 
========== PERIODIC TEST ==========
stage=joint | epoch=5 | step=750 | users=1620/1620
NDCG  | @5 0.114693 | @10 0.119742
Recall| @5 0.127778 | @10 0.143210
Hit   | @5 0.127778 | @10 0.143210
================================
2026-08-27 20:18:06,763 | INFO | VALID_STEP step=750 stage=joint epoch=5 ndcg@10=0.098306 recall@10=0.121605 improved=True
2026-08-27 20:18:06,766 | INFO | BEST_CHECKPOINT step=750 stage=joint ndcg@10=0.098306 path=/workspace/P78123011/MediaTek_2026_project/outputs_mamba_rl/amazons_full/Beauty/rl_20260827_201637/best_validation.pt
2026-08-27 20:18:06,766 | INFO | LEARNING_RATE step=750 stage=joint lr=5e-05
2026-08-27 20:18:10,241 | INFO | stage=joint epoch=5 loss=0.247334 steps=80 transitions/s=1807.55
2026-08-27 20:18:15,869 | INFO | stage=joint epoch=6 loss=0.229524 steps=80 transitions/s=1799.78
2026-08-27 20:18:21,453 | INFO | stage=joint epoch=7 loss=0.238073 steps=80 transitions/s=1813.75
2026-08-27 20:18:24,690 | INFO | 
========== PERIODIC VALIDATION ==========
stage=joint | epoch=8 | step=1000 | users=1620/1620
NDCG  | @5 0.093531 | @10 0.099235
Recall| @5 0.106173 | @10 0.124074
Hit   | @5 0.106173 | @10 0.124074
================================
2026-08-27 20:18:25,093 | INFO | 
========== PERIODIC TEST ==========
stage=joint | epoch=8 | step=1000 | users=1620/1620
NDCG  | @5 0.115725 | @10 0.121086
Recall| @5 0.130247 | @10 0.146914
Hit   | @5 0.130247 | @10 0.146914
================================
2026-08-27 20:18:25,094 | INFO | VALID_STEP step=1000 stage=joint epoch=8 ndcg@10=0.099235 recall@10=0.124074 improved=True
2026-08-27 20:18:25,096 | INFO | BEST_CHECKPOINT step=1000 stage=joint ndcg@10=0.099235 path=/workspace/P78123011/MediaTek_2026_project/outputs_mamba_rl/amazons_full/Beauty/rl_20260827_201637/best_validation.pt
2026-08-27 20:18:25,096 | INFO | LEARNING_RATE step=1000 stage=joint lr=5e-05
2026-08-27 20:18:27,905 | INFO | stage=joint epoch=8 loss=0.232859 steps=80 transitions/s=1792.67
2026-08-27 20:18:33,507 | INFO | stage=joint epoch=9 loss=0.238271 steps=80 transitions/s=1808.11
2026-08-27 20:18:39,088 | INFO | stage=joint epoch=10 loss=0.238256 steps=80 transitions/s=1814.75
2026-08-27 20:18:43,015 | INFO | 
========== PERIODIC VALIDATION ==========
stage=joint | epoch=11 | step=1250 | users=1620/1620
NDCG  | @5 0.093671 | @10 0.099371
Recall| @5 0.106173 | @10 0.124074
Hit   | @5 0.106173 | @10 0.124074
================================
2026-08-27 20:18:43,415 | INFO | 
========== PERIODIC TEST ==========
stage=joint | epoch=11 | step=1250 | users=1620/1620
NDCG  | @5 0.116547 | @10 0.122397
Recall| @5 0.128395 | @10 0.146296
Hit   | @5 0.128395 | @10 0.146296
================================
2026-08-27 20:18:43,415 | INFO | VALID_STEP step=1250 stage=joint epoch=11 ndcg@10=0.099371 recall@10=0.124074 improved=True
2026-08-27 20:18:43,417 | INFO | BEST_CHECKPOINT step=1250 stage=joint ndcg@10=0.099371 path=/workspace/P78123011/MediaTek_2026_project/outputs_mamba_rl/amazons_full/Beauty/rl_20260827_201637/best_validation.pt
2026-08-27 20:18:43,417 | INFO | LEARNING_RATE step=1250 stage=joint lr=5e-05
2026-08-27 20:18:45,499 | INFO | stage=joint epoch=11 loss=0.226305 steps=80 transitions/s=1804.64
2026-08-27 20:18:51,269 | INFO | stage=joint epoch=12 loss=0.237550 steps=80 transitions/s=1755.23
2026-08-27 20:18:56,881 | INFO | stage=joint epoch=13 loss=0.234740 steps=80 transitions/s=1804.66
2026-08-27 20:19:01,488 | INFO | 
========== PERIODIC VALIDATION ==========
stage=joint | epoch=14 | step=1500 | users=1620/1620
NDCG  | @5 0.094376 | @10 0.099301
Recall| @5 0.107407 | @10 0.122840
Hit   | @5 0.107407 | @10 0.122840
================================
2026-08-27 20:19:01,890 | INFO | 
========== PERIODIC TEST ==========
stage=joint | epoch=14 | step=1500 | users=1620/1620
NDCG  | @5 0.118279 | @10 0.122504
Recall| @5 0.133333 | @10 0.146296
Hit   | @5 0.133333 | @10 0.146296
================================
2026-08-27 20:19:01,890 | INFO | VALID_STEP step=1500 stage=joint epoch=14 ndcg@10=0.099301 recall@10=0.122840 improved=False
2026-08-27 20:19:01,890 | INFO | LEARNING_RATE step=1500 stage=joint lr=5e-05
2026-08-27 20:19:03,278 | INFO | stage=joint epoch=14 loss=0.219995 steps=80 transitions/s=1810.32
2026-08-27 20:19:08,815 | INFO | stage=joint epoch=15 loss=0.230380 steps=80 transitions/s=1829.10
2026-08-27 20:19:14,437 | INFO | stage=joint epoch=16 loss=0.240001 steps=80 transitions/s=1801.53
2026-08-27 20:19:19,781 | INFO | 
========== PERIODIC VALIDATION ==========
stage=joint | epoch=17 | step=1750 | users=1620/1620
NDCG  | @5 0.095651 | @10 0.099389
Recall| @5 0.110494 | @10 0.122222
Hit   | @5 0.110494 | @10 0.122222
================================
2026-08-27 20:19:20,183 | INFO | 
========== PERIODIC TEST ==========
stage=joint | epoch=17 | step=1750 | users=1620/1620
NDCG  | @5 0.118064 | @10 0.123226
Recall| @5 0.132099 | @10 0.148148
Hit   | @5 0.132099 | @10 0.148148
================================
2026-08-27 20:19:20,183 | INFO | VALID_STEP step=1750 stage=joint epoch=17 ndcg@10=0.099389 recall@10=0.122222 improved=True
2026-08-27 20:19:20,185 | INFO | BEST_CHECKPOINT step=1750 stage=joint ndcg@10=0.099389 path=/workspace/P78123011/MediaTek_2026_project/outputs_mamba_rl/amazons_full/Beauty/rl_20260827_201637/best_validation.pt
2026-08-27 20:19:20,185 | INFO | LEARNING_RATE step=1750 stage=joint lr=5e-05
2026-08-27 20:19:20,898 | INFO | stage=joint epoch=17 loss=0.219224 steps=80 transitions/s=1789.15
2026-08-27 20:19:26,488 | INFO | stage=joint epoch=18 loss=0.239776 steps=80 transitions/s=1811.84
2026-08-27 20:19:32,218 | INFO | stage=joint epoch=19 loss=0.217820 steps=80 transitions/s=1767.69
2026-08-27 20:19:38,236 | INFO | 
========== PERIODIC VALIDATION ==========
stage=joint | epoch=20 | step=2000 | users=1620/1620
NDCG  | @5 0.094499 | @10 0.100637
Recall| @5 0.106173 | @10 0.125309
Hit   | @5 0.106173 | @10 0.125309
================================
2026-08-27 20:19:38,640 | INFO | 
========== PERIODIC TEST ==========
stage=joint | epoch=20 | step=2000 | users=1620/1620
NDCG  | @5 0.116435 | @10 0.121332
Recall| @5 0.131481 | @10 0.146296
Hit   | @5 0.131481 | @10 0.146296
================================
2026-08-27 20:19:38,640 | INFO | VALID_STEP step=2000 stage=joint epoch=20 ndcg@10=0.100637 recall@10=0.125309 improved=True
2026-08-27 20:19:38,642 | INFO | BEST_CHECKPOINT step=2000 stage=joint ndcg@10=0.100637 path=/workspace/P78123011/MediaTek_2026_project/outputs_mamba_rl/amazons_full/Beauty/rl_20260827_201637/best_validation.pt
2026-08-27 20:19:38,642 | INFO | LEARNING_RATE step=2000 stage=joint lr=5e-05
2026-08-27 20:19:38,642 | INFO | stage=joint epoch=20 loss=0.244110 steps=80 transitions/s=1802.16
2026-08-27 20:19:39,048 | INFO | 
========== FINAL CURRENT VALIDATION ==========
stage=final | epoch=0 | step=2000 | users=1620/1620
NDCG  | @5 0.094499 | @10 0.100637
Recall| @5 0.106173 | @10 0.125309
Hit   | @5 0.106173 | @10 0.125309
================================
2026-08-27 20:19:39,048 | INFO | VALID_STEP step=2000 stage=final epoch=0 ndcg@10=0.100637 recall@10=0.125309 improved=False
2026-08-27 20:19:39,049 | INFO | RESTORE_BEST step=2000 stage=joint ndcg@10=0.100637
2026-08-27 20:19:39,869 | INFO | 
========== BEST CHECKPOINT VALIDATION ==========
stage=joint | epoch=0 | step=2000 | users=1620/1620
NDCG  | @5 0.094499 | @10 0.100637
Recall| @5 0.106173 | @10 0.125309
Hit   | @5 0.106173 | @10 0.125309
================================
2026-08-27 20:19:39,870 | INFO | 
========== FINAL FULL TEST ==========
stage=joint | epoch=0 | step=2000 | users=1620/1620
NDCG  | @5 0.116435 | @10 0.121332
Recall| @5 0.131481 | @10 0.146296
Hit   | @5 0.131481 | @10 0.146296
================================
2026-08-27 20:19:39,870 | INFO | VALID_BEST {"evaluated_users": 1620, "hit@10": 0.12530864197530864, "hit@5": 0.10617283950617284, "ndcg@10": 0.10063673140090189, "ndcg@5": 0.09449858076778458, "recall@10": 0.12530864197530864, "recall@5": 0.10617283950617284, "scores_per_second": 28011101.124565836, "total_users": 1620, "users_per_second": 4011.902194867636}
2026-08-27 20:19:39,870 | INFO | TEST_FINAL {"evaluated_users": 1620, "hit@10": 0.14629629629629629, "hit@5": 0.13148148148148148, "ndcg@10": 0.12133150873360811, "ndcg@5": 0.11643522941035989, "recall@10": 0.14629629629629629, "recall@5": 0.13148148148148148, "scores_per_second": 27201365.615812726, "total_users": 1620, "users_per_second": 3895.92747290357}
2026-08-27 20:19:39,870 | INFO | TARGET_RESULT metric=recall@10 target=>0.150000 actual=0.146296 achieved=False
2026-08-27 20:19:40,092 | INFO | scores=/workspace/P78123011/MediaTek_2026_project/outputs_mamba_rl/amazons_full/Beauty/rl_20260827_201637/Beauty_scores.json
2026-08-27 20:19:40,092 | INFO | outputs=/workspace/P78123011/MediaTek_2026_project/outputs_mamba_rl/amazons_full/Beauty/rl_20260827_201637
