2026-10-05 06:39:05,755 | INFO | run_id=20261005_063905 dataset=amazon-toys-and-games device=cuda:0
2026-10-05 06:39:05,755 | INFO | MODEL recommender=MultiAgentMambaRecommender semantic_encoder=MambaTextEncoder semantic_model_id=state-spaces/mamba-130m-hf graph_backbone=LightGCN adaptation=multi_lora
2026-10-05 06:39:05,755 | INFO | ABLATION USE_SHORT=1 USE_PREFERENCE=1 USE_GCN=1 USE_COORDINATOR=1
2026-10-05 06:39:05,755 | INFO | AGENT_HISTORY mode=full_history effective_max_history=100 short=4 preference=100
2026-10-05 06:39:05,755 | INFO | EXPERIMENT_NOTE amazons_long_short subset=Toys_and_Games; short filtered-full-sequence <= 10; long > 10; same model and full catalog
2026-10-05 06:39:05,755 | INFO | EXPERIMENT_CONFIG {"agent_diversity_coef": 0.02, "batch_size": 128, "cache_dir": "/workspace/P78123011/cache", "candidates": 192, "data_path": null, "dataset": "amazon-toys-and-games", "device": "cuda:0", "dim": 128, "early_stopping_patience": 6, "enable_lora": 1, "eval_batch_size": 64, "eval_length_basis": "filtered_full_sequence", "eval_length_threshold": 10, "experiment_note": "amazons_long_short subset=Toys_and_Games; short filtered-full-sequence <= 10; long > 10; same model and full catalog", "full_catalog_supervised": false, "future_decay": 0.5, "future_horizon": 3, "generate_reasons": false, "graph_device": "cuda:0", "hard_negative_fraction": 0.75, "hard_negative_pool_multiplier": 12, "hard_negative_warmup_epochs": 2, "history_influence_negatives": 64, "history_influence_output": null, "history_influence_user_limit": 0, "item_prompt_prefix": "Preference-aware product representation: ", "item_vector_artifact": null, "joint_epochs": 0, "joint_lr": 5e-05, "lora_alpha": 32.0, "lora_dropout": 0.05, "lora_rank": 16, "lr_patience": 2, "mamba_encode_batch_size": 32, "mamba_max_tokens": 32, "mamba_model_id": "state-spaces/mamba-130m-hf", "max_events": null, "max_history": 100, "max_transitions": 1500000, "min_rating": 4.0, "monitor_metric": "ndcg@10", "output_dir": "/workspace/P78123011/MediaTek_2026_project/ver5/outputs_mamba_rl/amazons_lora", "output_run_dir": "/workspace/P78123011/MediaTek_2026_project/ver5/outputs_mamba_rl/amazons_long_short_S1_P1_G1_C1_SW4_P16/Toys_and_Games/rl_20261005_063905_r1_2849397", "periodic_test_user_limit": 0, "popularity_alpha": 0.3, "preference_balance_coef": 0.01, "preference_coef": 0.2, "preference_contrastive_coef": 0.05, "preference_count": 16, "preference_score_weight": 0.2, "preference_separation_coef": 0.01, "preference_sharpness_coef": 0.05, "preference_temperature": 0.2, "preference_transition_coef": 0.1, "reason_count": 20, "reason_max_new_tokens": 40, "refresh_data_cache": false, "resume_checkpoint": null, "reverse_history_input": false, "rl_coef": 0.1, "rl_topk": 10, "save_model_weights": false, "score_file": "/workspace/P78123011/MediaTek_2026_project/ver5/outputs_mamba_rl/amazons_long_short_S1_P1_G1_C1_SW4_P16/Toys_and_Games/rl_20261005_063905_r1_2849397/Toys_and_Games_scores.json", "seed": 25252, "short_window": 4, "skip_mamba": false, "specialist_epochs": 4, "specialist_lr": 0.0001, "target_recall_at_10": 0.15, "transition_beta": 0.5, "use_coordinator": true, "use_graph_embeddings": true, "use_in_batch_negatives": true, "use_preference": 1, "use_short": 1, "validate_every_steps": 6000, "validation_user_limit": 0}
2026-10-05 06:39:06,675 | INFO | INTERACTION_CACHE hit path=/workspace/P78123011/cache/mamba_multi_agent_data/amazon-toys-and-games_2cc47abc910b.pkl
2026-10-05 06:39:06,675 | INFO | HISTORY_INPUT_ORDER chronological
2026-10-05 06:39:06,675 | INFO | LENGTH_SPLIT preprocessing=original_one_pass_user_item_min_5 basis=filtered_full_sequence short<=10 long>10
2026-10-05 06:39:06,684 | INFO | users=568262 items=333160 train_interactions=3734374
2026-10-05 06:39:20,095 | INFO | CATALOG_PRIORS popularity_alpha=0.300000 transition_beta=0.500000 source=train_histories_only enabled=True
2026-10-05 06:39:22,193 | INFO | ITEM_VECTOR_ARTIFACT path=/workspace/P78123011/cache/mamba_multi_agent/amazon-toys-and-games_333160_4d0b5392ebd5_prompt_tok32.pt fingerprint=4d0b5392ebd5
2026-10-05 06:39:22,193 | INFO | SEMANTIC_BACKBONE model_id=state-spaces/mamba-130m-hf hidden_size=768 frozen=True usage=shared_cached_item_vectors
2026-10-05 06:39:23,457 | INFO | GRAPH_EMBEDDINGS enabled=True source=train_histories_only main_device=cuda:0 graph_device=cuda:0
2026-10-05 06:39:24,254 | INFO | ADAPTATION_MODE mode=multi_lora enable_lora=1
2026-10-05 06:39:24,254 | INFO | ADAPTER_ROUTES {'short': ('candidate_lora', 'delta_lora', 'gate_lora', 'output_lora'), 'preference': ('transition_encoder.candidate_lora', 'transition_encoder.delta_lora', 'transition_encoder.gate_lora', 'transition_encoder.output_lora', 'state_lora'), 'coordinator': ('state_lora', 'mix_lora', 'score_lora')}
2026-10-05 06:39:24,254 | INFO | agent_parameters={'short': 16513, 'preference': 24866, 'coordinator': 14373, 'shared_projection': 98304, 'graph': 115382016}
2026-10-05 06:39:24,254 | INFO | PREDICTION_PATH graph_only=False active_agents=2 coordinator=True
2026-10-05 06:39:28,893 | INFO | training_transitions=1500000
2026-10-05 06:39:28,893 | INFO | schedule mode=single_stage_dl specialist_dl_epochs=4 joint_dl_rl_epochs=0 effective_rl_coef=0.0000 effective_rl_topk=0 validate_every_steps=6000 validation_users=0 periodic_test_users=0 monitor=ndcg@10 early_stopping_patience=6
2026-10-05 06:39:30,561 | INFO | TRAINING_BRANCHES stage=all_dl short=True preference=True gcn=True preference_auxiliary=True preference_contrastive=True diversity_pairs=1 policy_gradient=False trainable_parameters=115536072
2026-10-05 07:03:04,561 | INFO | 
========== PERIODIC VALIDATION ==========
stage=all_dl | epoch=1 | step=6000 | users=564666/564666
NDCG  | @5 0.033461 | @10 0.037273
Recall| @5 0.043546 | @10 0.055365
Hit   | @5 0.043546 | @10 0.055365
================================
2026-10-05 07:03:04,561 | INFO | PERIODIC VALIDATION SEQUENCE_LENGTH {"basis": "filtered_full_sequence", "long": {"evaluated_users": 103913, "history_length_max": 2855, "history_length_mean": 19.26873442206461, "history_length_min": 11, "hit@10": 0.04985901667741283, "hit@5": 0.03862846804538412, "ndcg@10": 0.033163350908675476, "ndcg@5": 0.02955162313324493, "recall@10": 0.04985901667741283, "recall@5": 0.03862846804538412, "total_users": 103913}, "long_rule": "length > threshold", "short": {"evaluated_users": 460753, "history_length_max": 10, "history_length_mean": 6.196810438564698, "history_length_min": 3, "hit@10": 0.056607336251744425, "hit@5": 0.044655162310391905, "ndcg@10": 0.03819923100779357, "ndcg@5": 0.03434323165348694, "recall@10": 0.056607336251744425, "recall@5": 0.044655162310391905, "total_users": 460753}, "short_rule": "length <= threshold", "threshold": 10}
2026-10-05 07:05:48,963 | INFO | 
========== PERIODIC TEST ==========
stage=all_dl | epoch=1 | step=6000 | users=564666/564666
NDCG  | @5 0.034134 | @10 0.037554
Recall| @5 0.043151 | @10 0.053773
Hit   | @5 0.043151 | @10 0.053773
================================
2026-10-05 07:05:48,964 | INFO | PERIODIC TEST SEQUENCE_LENGTH {"basis": "filtered_full_sequence", "long": {"evaluated_users": 103913, "history_length_max": 2855, "history_length_mean": 19.26873442206461, "history_length_min": 11, "hit@10": 0.05060964460654586, "hit@5": 0.0402355816885279, "ndcg@10": 0.03521511301837486, "ndcg@5": 0.03187969801241651, "recall@10": 0.05060964460654586, "recall@5": 0.0402355816885279, "total_users": 103913}, "long_rule": "length > threshold", "short": {"evaluated_users": 460753, "history_length_max": 10, "history_length_mean": 6.196810438564698, "history_length_min": 3, "hit@10": 0.05448689427958147, "hit@5": 0.0438087218097332, "ndcg@10": 0.03808168587208806, "ndcg@5": 0.03464274086997538, "recall@10": 0.05448689427958147, "recall@5": 0.0438087218097332, "total_users": 460753}, "short_rule": "length <= threshold", "threshold": 10}
2026-10-05 07:05:48,964 | INFO | VALID_STEP step=6000 stage=all_dl epoch=1 ndcg@10=0.037273 recall@10=0.055365 improved=True
2026-10-05 07:05:49,180 | INFO | BEST_MODEL_IN_MEMORY step=6000 stage=all_dl ndcg@10=0.037273
2026-10-05 07:05:49,181 | INFO | LEARNING_RATE step=6000 stage=all_dl lr=0.0001
2026-10-05 07:25:35,739 | INFO | stage=all_dl epoch=1 loss=5.161875 steps=11719 transitions/s=616.97
2026-10-05 07:49:10,999 | INFO | 
========== PERIODIC VALIDATION ==========
stage=all_dl | epoch=2 | step=17719 | users=564666/564666
NDCG  | @5 0.037298 | @10 0.041701
Recall| @5 0.048406 | @10 0.062061
Hit   | @5 0.048406 | @10 0.062061
================================
2026-10-05 07:49:10,999 | INFO | PERIODIC VALIDATION SEQUENCE_LENGTH {"basis": "filtered_full_sequence", "long": {"evaluated_users": 103913, "history_length_max": 2855, "history_length_mean": 19.26873442206461, "history_length_min": 11, "hit@10": 0.056556927429676745, "hit@5": 0.04278579196058241, "ndcg@10": 0.03733597883455836, "ndcg@5": 0.03288964096823062, "recall@10": 0.056556927429676745, "recall@5": 0.04278579196058241, "total_users": 103913}, "long_rule": "length > threshold", "short": {"evaluated_users": 460753, "history_length_max": 10, "history_length_mean": 6.196810438564698, "history_length_min": 3, "hit@10": 0.06330289764798058, "hit@5": 0.04967303522711735, "ndcg@10": 0.0426858296064208, "ndcg@5": 0.03829184601962401, "recall@10": 0.06330289764798058, "recall@5": 0.04967303522711735, "total_users": 460753}, "short_rule": "length <= threshold", "threshold": 10}
2026-10-05 07:51:55,806 | INFO | 
========== PERIODIC TEST ==========
stage=all_dl | epoch=2 | step=17719 | users=564666/564666
NDCG  | @5 0.040823 | @10 0.044504
Recall| @5 0.050474 | @10 0.061879
Hit   | @5 0.050474 | @10 0.061879
================================
2026-10-05 07:51:55,807 | INFO | PERIODIC TEST SEQUENCE_LENGTH {"basis": "filtered_full_sequence", "long": {"evaluated_users": 103913, "history_length_max": 2855, "history_length_mean": 19.26873442206461, "history_length_min": 11, "hit@10": 0.0601657155505086, "hit@5": 0.04955106675776852, "ndcg@10": 0.043651660862663054, "ndcg@5": 0.04021649238408383, "recall@10": 0.0601657155505086, "recall@5": 0.04955106675776852, "total_users": 103913}, "long_rule": "length > threshold", "short": {"evaluated_users": 460753, "history_length_max": 10, "history_length_mean": 6.196810438564698, "history_length_min": 3, "hit@10": 0.062265465444609154, "hit@5": 0.0506822527471335, "ndcg@10": 0.044696418187738285, "ndcg@5": 0.04095984071381186, "recall@10": 0.062265465444609154, "recall@5": 0.0506822527471335, "total_users": 460753}, "short_rule": "length <= threshold", "threshold": 10}
2026-10-05 07:51:55,807 | INFO | VALID_STEP step=17719 stage=all_dl epoch=2 ndcg@10=0.041701 recall@10=0.062061 improved=True
2026-10-05 07:51:56,051 | INFO | BEST_MODEL_IN_MEMORY step=17719 stage=all_dl ndcg@10=0.041701
2026-10-05 07:51:56,051 | INFO | LEARNING_RATE step=17719 stage=all_dl lr=0.0001
2026-10-05 08:11:41,705 | INFO | stage=all_dl epoch=2 loss=4.762841 steps=11719 transitions/s=617.01
2026-10-05 08:35:18,736 | INFO | 
========== PERIODIC VALIDATION ==========
stage=all_dl | epoch=3 | step=29438 | users=564666/564666
NDCG  | @5 0.034408 | @10 0.038247
Recall| @5 0.044338 | @10 0.056239
Hit   | @5 0.044338 | @10 0.056239
================================
2026-10-05 08:35:18,736 | INFO | PERIODIC VALIDATION SEQUENCE_LENGTH {"basis": "filtered_full_sequence", "long": {"evaluated_users": 103913, "history_length_max": 2855, "history_length_mean": 19.26873442206461, "history_length_min": 11, "hit@10": 0.050792489871334674, "hit@5": 0.03931173192959495, "ndcg@10": 0.034235120536682304, "ndcg@5": 0.03053432281780897, "recall@10": 0.050792489871334674, "recall@5": 0.03931173192959495, "total_users": 103913}, "long_rule": "length > threshold", "short": {"evaluated_users": 460753, "history_length_max": 10, "history_length_mean": 6.196810438564698, "history_length_min": 3, "hit@10": 0.057466798913951726, "hit@5": 0.04547121776743722, "ndcg@10": 0.03915165596640546, "ndcg@5": 0.03528212137787445, "recall@10": 0.057466798913951726, "recall@5": 0.04547121776743722, "total_users": 460753}, "short_rule": "length <= threshold", "threshold": 10}
2026-10-05 08:38:03,168 | INFO | 
========== PERIODIC TEST ==========
stage=all_dl | epoch=3 | step=29438 | users=564666/564666
NDCG  | @5 0.037437 | @10 0.040692
Recall| @5 0.045903 | @10 0.056001
Hit   | @5 0.045903 | @10 0.056001
================================
2026-10-05 08:38:03,168 | INFO | PERIODIC TEST SEQUENCE_LENGTH {"basis": "filtered_full_sequence", "long": {"evaluated_users": 103913, "history_length_max": 2855, "history_length_mean": 19.26873442206461, "history_length_min": 11, "hit@10": 0.05507491844138847, "hit@5": 0.04533600223263692, "ndcg@10": 0.040331900664017824, "ndcg@5": 0.037191726981972796, "recall@10": 0.05507491844138847, "recall@5": 0.04533600223263692, "total_users": 103913}, "long_rule": "length > threshold", "short": {"evaluated_users": 460753, "history_length_max": 10, "history_length_mean": 6.196810438564698, "history_length_min": 3, "hit@10": 0.056210160324512266, "hit@5": 0.04603117071402682, "ndcg@10": 0.040773013540013704, "ndcg@5": 0.037491729312944214, "recall@10": 0.056210160324512266, "recall@5": 0.04603117071402682, "total_users": 460753}, "short_rule": "length <= threshold", "threshold": 10}
2026-10-05 08:38:03,169 | INFO | VALID_STEP step=29438 stage=all_dl epoch=3 ndcg@10=0.038247 recall@10=0.056239 improved=False
2026-10-05 08:38:03,169 | INFO | LEARNING_RATE step=29438 stage=all_dl lr=0.0001
2026-10-05 08:57:48,871 | INFO | stage=all_dl epoch=3 loss=4.282936 steps=11719 transitions/s=616.55
2026-10-05 09:21:24,982 | INFO | 
========== PERIODIC VALIDATION ==========
stage=all_dl | epoch=4 | step=41157 | users=564666/564666
NDCG  | @5 0.032333 | @10 0.035949
Recall| @5 0.041557 | @10 0.052775
Hit   | @5 0.041557 | @10 0.052775
================================
2026-10-05 09:21:24,983 | INFO | PERIODIC VALIDATION SEQUENCE_LENGTH {"basis": "filtered_full_sequence", "long": {"evaluated_users": 103913, "history_length_max": 2855, "history_length_mean": 19.26873442206461, "history_length_min": 11, "hit@10": 0.0476456266299693, "hit@5": 0.03715608249208473, "ndcg@10": 0.03219552411955634, "ndcg@5": 0.0288305917030355, "recall@10": 0.0476456266299693, "recall@5": 0.03715608249208473, "total_users": 103913}, "long_rule": "length > threshold", "short": {"evaluated_users": 460753, "history_length_max": 10, "history_length_mean": 6.196810438564698, "history_length_min": 3, "hit@10": 0.05393128205350806, "hit@5": 0.042549912860035635, "ndcg@10": 0.036795412540050434, "ndcg@5": 0.033122630785842565, "recall@10": 0.05393128205350806, "recall@5": 0.042549912860035635, "total_users": 460753}, "short_rule": "length <= threshold", "threshold": 10}
2026-10-05 09:24:10,251 | INFO | 
========== PERIODIC TEST ==========
stage=all_dl | epoch=4 | step=41157 | users=564666/564666
NDCG  | @5 0.035842 | @10 0.038890
Recall| @5 0.043458 | @10 0.052904
Hit   | @5 0.043458 | @10 0.052904
================================
2026-10-05 09:24:10,251 | INFO | PERIODIC TEST SEQUENCE_LENGTH {"basis": "filtered_full_sequence", "long": {"evaluated_users": 103913, "history_length_max": 2855, "history_length_mean": 19.26873442206461, "history_length_min": 11, "hit@10": 0.0522456285546563, "hit@5": 0.04318997623011558, "ndcg@10": 0.03882597252333508, "ndcg@5": 0.0359094634770116, "recall@10": 0.0522456285546563, "recall@5": 0.04318997623011558, "total_users": 103913}, "long_rule": "length > threshold", "short": {"evaluated_users": 460753, "history_length_max": 10, "history_length_mean": 6.196810438564698, "history_length_min": 3, "hit@10": 0.05305228614897787, "hit@5": 0.0435178935351479, "ndcg@10": 0.03890485873876744, "ndcg@5": 0.03582724284348427, "recall@10": 0.05305228614897787, "recall@5": 0.0435178935351479, "total_users": 460753}, "short_rule": "length <= threshold", "threshold": 10}
2026-10-05 09:24:10,251 | INFO | VALID_STEP step=41157 stage=all_dl epoch=4 ndcg@10=0.035949 recall@10=0.052775 improved=False
2026-10-05 09:24:10,251 | INFO | LEARNING_RATE step=41157 stage=all_dl lr=0.0001
2026-10-05 09:43:56,532 | INFO | stage=all_dl epoch=4 loss=4.063885 steps=11719 transitions/s=616.76
2026-10-05 09:46:42,006 | INFO | 
========== FINAL CURRENT VALIDATION ==========
stage=final | epoch=0 | step=46876 | users=564666/564666
NDCG  | @5 0.032728 | @10 0.036330
Recall| @5 0.042085 | @10 0.053262
Hit   | @5 0.042085 | @10 0.053262
================================
2026-10-05 09:46:42,006 | INFO | FINAL CURRENT VALIDATION SEQUENCE_LENGTH {"basis": "filtered_full_sequence", "long": {"evaluated_users": 103913, "history_length_max": 2855, "history_length_mean": 19.26873442206461, "history_length_min": 11, "hit@10": 0.04781884845976923, "hit@5": 0.0371753293620625, "ndcg@10": 0.032230908936945614, "ndcg@5": 0.028791291352211965, "recall@10": 0.04781884845976923, "recall@5": 0.0371753293620625, "total_users": 103913}, "long_rule": "length > threshold", "short": {"evaluated_users": 460753, "history_length_max": 10, "history_length_mean": 6.196810438564698, "history_length_min": 3, "hit@10": 0.05448906463983957, "hit@5": 0.043192339496433016, "ndcg@10": 0.03725463114120914, "ndcg@5": 0.03361526403635509, "recall@10": 0.05448906463983957, "recall@5": 0.043192339496433016, "total_users": 460753}, "short_rule": "length <= threshold", "threshold": 10}
2026-10-05 09:46:42,006 | INFO | VALID_STEP step=46876 stage=final epoch=0 ndcg@10=0.036330 recall@10=0.053262 improved=False
2026-10-05 09:46:42,042 | INFO | RESTORE_BEST step=17719 stage=all_dl ndcg@10=0.041701
2026-10-05 09:52:12,191 | INFO | 
========== BEST CHECKPOINT VALIDATION ==========
stage=all_dl | epoch=0 | step=17719 | users=564666/564666
NDCG  | @5 0.037299 | @10 0.041702
Recall| @5 0.048407 | @10 0.062061
Hit   | @5 0.048407 | @10 0.062061
================================
2026-10-05 09:52:12,191 | INFO | BEST CHECKPOINT VALIDATION SEQUENCE_LENGTH {"basis": "filtered_full_sequence", "long": {"evaluated_users": 103913, "history_length_max": 2855, "history_length_mean": 19.26873442206461, "history_length_min": 11, "hit@10": 0.056556927429676745, "hit@5": 0.04278579196058241, "ndcg@10": 0.037339530558081195, "ndcg@5": 0.032893192691753455, "recall@10": 0.056556927429676745, "recall@5": 0.04278579196058241, "total_users": 103913}, "long_rule": "length > threshold", "short": {"evaluated_users": 460753, "history_length_max": 10, "history_length_mean": 6.196810438564698, "history_length_min": 3, "hit@10": 0.06330289764798058, "hit@5": 0.04967520558737545, "ndcg@10": 0.04268589611845681, "ndcg@5": 0.03829268562958257, "recall@10": 0.06330289764798058, "recall@5": 0.04967520558737545, "total_users": 460753}, "short_rule": "length <= threshold", "threshold": 10}
2026-10-05 09:52:12,191 | INFO | 
========== FINAL FULL TEST ==========
stage=all_dl | epoch=0 | step=17719 | users=564666/564666
NDCG  | @5 0.040823 | @10 0.044504
Recall| @5 0.050474 | @10 0.061879
Hit   | @5 0.050474 | @10 0.061879
================================
2026-10-05 09:52:12,191 | INFO | FINAL FULL TEST SEQUENCE_LENGTH {"basis": "filtered_full_sequence", "long": {"evaluated_users": 103913, "history_length_max": 2855, "history_length_mean": 19.26873442206461, "history_length_min": 11, "hit@10": 0.0601657155505086, "hit@5": 0.04955106675776852, "ndcg@10": 0.04365040086869145, "ndcg@5": 0.040215232390112224, "recall@10": 0.0601657155505086, "recall@5": 0.04955106675776852, "total_users": 103913}, "long_rule": "length > threshold", "short": {"evaluated_users": 460753, "history_length_max": 10, "history_length_mean": 6.196810438564698, "history_length_min": 3, "hit@10": 0.062265465444609154, "hit@5": 0.0506822527471335, "ndcg@10": 0.044696449516630606, "ndcg@5": 0.04095984071381186, "recall@10": 0.062265465444609154, "recall@5": 0.0506822527471335, "total_users": 460753}, "short_rule": "length <= threshold", "threshold": 10}
2026-10-05 09:52:12,191 | INFO | VALID_BEST {"evaluated_users": 564666, "hit@10": 0.06206146642439956, "hit@5": 0.04840737710434133, "ndcg@10": 0.04170202818582827, "ndcg@5": 0.03729904067940752, "preference_agent_weight": 6.79362772228022e-06, "preference_change_probability": 0.08910517003436891, "preference_current_entropy": 1.9245810947593252, "preference_next_entropy": 2.1560499200046284, "preference_ranking_weight": 6.79362772228022e-06, "recall@10": 0.06206146642439956, "recall@5": 0.04840737710434133, "scores_per_second": 1146220539.9273105, "sequence_length": {"basis": "filtered_full_sequence", "long": {"evaluated_users": 103913, "history_length_max": 2855, "history_length_mean": 19.26873442206461, "history_length_min": 11, "hit@10": 0.056556927429676745, "hit@5": 0.04278579196058241, "ndcg@10": 0.037339530558081195, "ndcg@5": 0.032893192691753455, "recall@10": 0.056556927429676745, "recall@5": 0.04278579196058241, "total_users": 103913}, "long_rule": "length > threshold", "short": {"evaluated_users": 460753, "history_length_max": 10, "history_length_mean": 6.196810438564698, "history_length_min": 3, "hit@10": 0.06330289764798058, "hit@5": 0.04967520558737545, "ndcg@10": 0.04268589611845681, "ndcg@5": 0.03829268562958257, "recall@10": 0.06330289764798058, "recall@5": 0.04967520558737545, "total_users": 460753}, "short_rule": "length <= threshold", "threshold": 10}, "short_agent_weight": 0.9999932133415471, "short_preference_state_cosine": 0.2927215110760244, "total_users": 564666, "users_per_second": 3440.450654122075}
2026-10-05 09:52:12,191 | INFO | TEST_FINAL {"evaluated_users": 564666, "hit@10": 0.06187905770845066, "hit@5": 0.05047408556562641, "ndcg@10": 0.044503949928197895, "ndcg@5": 0.04082281367123005, "preference_agent_weight": 1.0673842870105872e-05, "preference_change_probability": 0.08940608390649779, "preference_current_entropy": 1.9733111373319245, "preference_next_entropy": 2.1820648103157665, "preference_ranking_weight": 1.0673842870105872e-05, "recall@10": 0.06187905770845066, "recall@5": 0.05047408556562641, "scores_per_second": 1138789787.1449907, "sequence_length": {"basis": "filtered_full_sequence", "long": {"evaluated_users": 103913, "history_length_max": 2855, "history_length_mean": 19.26873442206461, "history_length_min": 11, "hit@10": 0.0601657155505086, "hit@5": 0.04955106675776852, "ndcg@10": 0.04365040086869145, "ndcg@5": 0.040215232390112224, "recall@10": 0.0601657155505086, "recall@5": 0.04955106675776852, "total_users": 103913}, "long_rule": "length > threshold", "short": {"evaluated_users": 460753, "history_length_max": 10, "history_length_mean": 6.196810438564698, "history_length_min": 3, "hit@10": 0.062265465444609154, "hit@5": 0.0506822527471335, "ndcg@10": 0.044696449516630606, "ndcg@5": 0.04095984071381186, "recall@10": 0.062265465444609154, "recall@5": 0.0506822527471335, "total_users": 460753}, "short_rule": "length <= threshold", "threshold": 10}, "short_agent_weight": 0.9999893331210362, "short_preference_state_cosine": 0.30048058419101387, "total_users": 564666, "users_per_second": 3418.146797769812}
2026-10-05 09:52:12,191 | INFO | TARGET_RESULT metric=recall@10 target=>0.150000 actual=0.061879 achieved=False
2026-10-05 09:52:12,487 | INFO | FINAL_LENGTH_SCORES dataset=amazon-toys-and-games group=short split=valid threshold=10 users=460753/460753 scores={"hit@10": 0.06330289764798058, "hit@5": 0.04967520558737545, "ndcg@10": 0.04268589611845681, "ndcg@5": 0.03829268562958257, "recall@10": 0.06330289764798058, "recall@5": 0.04967520558737545}
2026-10-05 09:52:12,487 | INFO | FINAL_LENGTH_SCORES dataset=amazon-toys-and-games group=short split=test threshold=10 users=460753/460753 scores={"hit@10": 0.062265465444609154, "hit@5": 0.0506822527471335, "ndcg@10": 0.044696449516630606, "ndcg@5": 0.04095984071381186, "recall@10": 0.062265465444609154, "recall@5": 0.0506822527471335}
2026-10-05 09:52:12,487 | INFO | short_scores=/workspace/P78123011/MediaTek_2026_project/ver5/outputs_mamba_rl/amazons_long_short_S1_P1_G1_C1_SW4_P16/Toys_and_Games/rl_20261005_063905_r1_2849397/short_scores.json
2026-10-05 09:52:12,487 | INFO | FINAL_LENGTH_SCORES dataset=amazon-toys-and-games group=long split=valid threshold=10 users=103913/103913 scores={"hit@10": 0.056556927429676745, "hit@5": 0.04278579196058241, "ndcg@10": 0.037339530558081195, "ndcg@5": 0.032893192691753455, "recall@10": 0.056556927429676745, "recall@5": 0.04278579196058241}
2026-10-05 09:52:12,487 | INFO | FINAL_LENGTH_SCORES dataset=amazon-toys-and-games group=long split=test threshold=10 users=103913/103913 scores={"hit@10": 0.0601657155505086, "hit@5": 0.04955106675776852, "ndcg@10": 0.04365040086869145, "ndcg@5": 0.040215232390112224, "recall@10": 0.0601657155505086, "recall@5": 0.04955106675776852}
2026-10-05 09:52:12,488 | INFO | long_scores=/workspace/P78123011/MediaTek_2026_project/ver5/outputs_mamba_rl/amazons_long_short_S1_P1_G1_C1_SW4_P16/Toys_and_Games/rl_20261005_063905_r1_2849397/long_scores.json
2026-10-05 09:52:12,488 | INFO | scores=/workspace/P78123011/MediaTek_2026_project/ver5/outputs_mamba_rl/amazons_long_short_S1_P1_G1_C1_SW4_P16/Toys_and_Games/rl_20261005_063905_r1_2849397/Toys_and_Games_scores.json
2026-10-05 09:52:12,488 | INFO | outputs=/workspace/P78123011/MediaTek_2026_project/ver5/outputs_mamba_rl/amazons_long_short_S1_P1_G1_C1_SW4_P16/Toys_and_Games/rl_20261005_063905_r1_2849397
