2026-10-02 21:38:43,896 | INFO | run_id=20261002_213843 dataset=amazon-all-beauty device=cuda:0
2026-10-02 21:38:43,896 | INFO | MODEL recommender=LightGCN semantic_encoder=none semantic_model_id=none graph_backbone=LightGCN adaptation=multi_lora
2026-10-02 21:38:43,896 | INFO | ABLATION USE_SHORT=0 USE_PREFERENCE=0 USE_GCN=1 USE_COORDINATOR=0
2026-10-02 21:38:43,896 | INFO | AGENT_HISTORY mode=none effective_max_history=0 short=0 preference=0
2026-10-02 21:38:43,896 | INFO | EXPERIMENT_NOTE amazons_long_short subset=Full_Beauty; short filtered-full-sequence <= 10; long > 10; same model and full catalog
2026-10-02 21:38:43,896 | INFO | EXPERIMENT_CONFIG {"agent_diversity_coef": 0.02, "batch_size": 128, "cache_dir": "/workspace/P78123011/cache", "candidates": 64, "data_path": null, "dataset": "amazon-all-beauty", "device": "cuda:0", "dim": 128, "early_stopping_patience": 6, "enable_lora": 1, "eval_batch_size": 64, "eval_length_basis": "filtered_full_sequence", "eval_length_threshold": 10, "experiment_note": "amazons_long_short subset=Full_Beauty; short filtered-full-sequence <= 10; long > 10; same model and full catalog", "full_catalog_supervised": false, "future_decay": 0.5, "future_horizon": 3, "generate_reasons": false, "graph_device": "cuda:0", "hard_negative_fraction": 0.75, "hard_negative_pool_multiplier": 12, "hard_negative_warmup_epochs": 2, "history_influence_negatives": 64, "history_influence_output": null, "history_influence_user_limit": 0, "item_prompt_prefix": "Preference-aware product representation: ", "item_vector_artifact": null, "joint_epochs": 5, "joint_lr": 5e-05, "lora_alpha": 32.0, "lora_dropout": 0.05, "lora_rank": 16, "lr_patience": 2, "mamba_encode_batch_size": 32, "mamba_max_tokens": 32, "mamba_model_id": "state-spaces/mamba-130m-hf", "max_events": null, "max_history": 100, "max_transitions": 500000, "min_rating": 4.0, "monitor_metric": "ndcg@10", "output_dir": "/workspace/P78123011/MediaTek_2026_project/ver5/outputs_mamba_rl/amazons_lora", "output_run_dir": "/workspace/P78123011/MediaTek_2026_project/ver5/outputs_mamba_rl/amazons_long_short_S0_P0_G1_C0_SW4/Full_Beauty/rl_20261002_213842_r1_787836", "periodic_test_user_limit": 0, "popularity_alpha": 0.0, "preference_balance_coef": 0.01, "preference_coef": 0.2, "preference_contrastive_coef": 0.05, "preference_count": 32, "preference_score_weight": 0.2, "preference_separation_coef": 0.01, "preference_sharpness_coef": 0.05, "preference_temperature": 0.2, "preference_transition_coef": 0.1, "reason_count": 20, "reason_max_new_tokens": 40, "refresh_data_cache": false, "resume_checkpoint": null, "reverse_history_input": false, "rl_coef": 0.1, "rl_topk": 10, "save_model_weights": false, "score_file": "/workspace/P78123011/MediaTek_2026_project/ver5/outputs_mamba_rl/amazons_long_short_S0_P0_G1_C0_SW4/Full_Beauty/rl_20261002_213842_r1_787836/Full_Beauty_scores.json", "seed": 25252, "short_window": 4, "skip_mamba": false, "specialist_epochs": 3, "specialist_lr": 0.0001, "target_recall_at_10": 0.15, "transition_beta": 0.0, "use_coordinator": false, "use_graph_embeddings": true, "use_in_batch_negatives": true, "use_preference": 0, "use_short": 0, "validate_every_steps": 250, "validation_user_limit": 0}
2026-10-02 21:38:43,900 | INFO | INTERACTION_CACHE hit path=/workspace/P78123011/cache/mamba_multi_agent_data/amazon-all-beauty_90e3e920169a.pkl
2026-10-02 21:38:43,900 | INFO | HISTORY_INPUT_ORDER chronological
2026-10-02 21:38:43,901 | INFO | LENGTH_SPLIT preprocessing=original_one_pass_user_item_min_5 basis=filtered_full_sequence short<=10 long>10
2026-10-02 21:38:43,901 | INFO | users=1603 items=4090 train_interactions=8445
2026-10-02 21:38:43,901 | INFO | CATALOG_PRIORS popularity_alpha=0.000000 transition_beta=0.000000 source=train_histories_only enabled=False
2026-10-02 21:38:43,914 | INFO | LIGHTGCN_ONLY: semantic encoder disabled; user/item graph dot-product scoring
2026-10-02 21:38:43,914 | INFO | ITEM_VECTOR_ARTIFACT path=/workspace/P78123011/cache/mamba_multi_agent/amazon-all-beauty_4090_47e41e57cc9e_prompt_tok32.pt fingerprint=47e41e57cc9e
2026-10-02 21:38:43,914 | INFO | SEMANTIC_BACKBONE model_id=none hidden_size=1 frozen=True usage=shared_cached_item_vectors
2026-10-02 21:38:43,922 | INFO | GRAPH_EMBEDDINGS enabled=True source=train_histories_only main_device=cuda:0 graph_device=cuda:0
2026-10-02 21:38:44,192 | INFO | ADAPTATION_MODE mode=graph_only enable_lora=1
2026-10-02 21:38:44,192 | INFO | ADAPTER_ROUTES {}
2026-10-02 21:38:44,192 | INFO | agent_parameters={'short': 16513, 'preference': 28994, 'coordinator': 0, 'shared_projection': 128, 'graph': 728704}
2026-10-02 21:38:44,192 | INFO | PREDICTION_PATH graph_only=True active_agents=0 coordinator=False
2026-10-02 21:38:44,203 | INFO | training_transitions=6842
2026-10-02 21:38:44,203 | INFO | schedule specialist_dl_epochs=3 joint_dl_rl_epochs=5 rl_coef=0.1000 rl_topk=10 validate_every_steps=250 validation_users=0 periodic_test_users=0 monitor=ndcg@10 early_stopping_patience=6
2026-10-02 21:38:45,050 | INFO | TRAINING_BRANCHES stage=specialists short=False preference=False gcn=True preference_auxiliary=False preference_contrastive=False diversity_pairs=0 policy_gradient=False trainable_parameters=728704
2026-10-02 21:39:31,115 | INFO | 
========== PERIODIC VALIDATION ==========
stage=specialists | epoch=1 | step=54 | users=1457/1457
NDCG  | @5 0.078676 | @10 0.079550
Recall| @5 0.078929 | @10 0.081675
Hit   | @5 0.078929 | @10 0.081675
================================
2026-10-02 21:39:31,116 | INFO | PERIODIC VALIDATION SEQUENCE_LENGTH {"basis": "filtered_full_sequence", "long": {"evaluated_users": 219, "history_length_max": 119, "history_length_mean": 20.98173515981735, "history_length_min": 11, "hit@10": 0.0045662100456621, "hit@5": 0.0045662100456621, "ndcg@10": 0.0045662100456621, "ndcg@5": 0.0045662100456621, "recall@10": 0.0045662100456621, "recall@5": 0.0045662100456621, "total_users": 219}, "long_rule": "length > threshold", "short": {"evaluated_users": 1238, "history_length_max": 10, "history_length_mean": 5.27221324717286, "history_length_min": 3, "hit@10": 0.09531502423263329, "hit@5": 0.09208400646203554, "ndcg@10": 0.0928147510571835, "ndcg@5": 0.09178588833083316, "recall@10": 0.09531502423263329, "recall@5": 0.09208400646203554, "total_users": 1238}, "short_rule": "length <= threshold", "threshold": 10}
2026-10-02 21:39:38,896 | INFO | 
========== PERIODIC TEST ==========
stage=specialists | epoch=1 | step=54 | users=1457/1457
NDCG  | @5 0.079616 | @10 0.079822
Recall| @5 0.079616 | @10 0.080302
Hit   | @5 0.079616 | @10 0.080302
================================
2026-10-02 21:39:38,896 | INFO | PERIODIC TEST SEQUENCE_LENGTH {"basis": "filtered_full_sequence", "long": {"evaluated_users": 219, "history_length_max": 119, "history_length_mean": 20.98173515981735, "history_length_min": 11, "hit@10": 0.0045662100456621, "hit@5": 0.0045662100456621, "ndcg@10": 0.0045662100456621, "ndcg@5": 0.0045662100456621, "recall@10": 0.0045662100456621, "recall@5": 0.0045662100456621, "total_users": 219}, "long_rule": "length > threshold", "short": {"evaluated_users": 1238, "history_length_max": 10, "history_length_mean": 5.27221324717286, "history_length_min": 3, "hit@10": 0.09369951534733441, "hit@5": 0.09289176090468497, "ndcg@10": 0.0931349192210533, "ndcg@5": 0.09289176090468497, "recall@10": 0.09369951534733441, "recall@5": 0.09289176090468497, "total_users": 1238}, "short_rule": "length <= threshold", "threshold": 10}
2026-10-02 21:39:38,897 | INFO | VALID_STEP step=54 stage=specialists epoch=1 ndcg@10=0.079550 recall@10=0.081675 improved=True
2026-10-02 21:39:38,900 | INFO | BEST_MODEL_IN_MEMORY step=54 stage=specialists ndcg@10=0.079550
2026-10-02 21:39:38,901 | INFO | stage=specialists epoch=1 loss=4.155868 sampled_ndcg_reward=0.000000 steps=54 transitions/s=178.89
2026-10-02 21:40:23,849 | INFO | 
========== PERIODIC VALIDATION ==========
stage=specialists | epoch=2 | step=108 | users=1457/1457
NDCG  | @5 0.080356 | @10 0.080585
Recall| @5 0.081675 | @10 0.082361
Hit   | @5 0.081675 | @10 0.082361
================================
2026-10-02 21:40:23,850 | INFO | PERIODIC VALIDATION SEQUENCE_LENGTH {"basis": "filtered_full_sequence", "long": {"evaluated_users": 219, "history_length_max": 119, "history_length_mean": 20.98173515981735, "history_length_min": 11, "hit@10": 0.0091324200913242, "hit@5": 0.0091324200913242, "ndcg@10": 0.006532769671568005, "ndcg@5": 0.006532769671568005, "recall@10": 0.0091324200913242, "recall@5": 0.0091324200913242, "total_users": 219}, "long_rule": "length > threshold", "short": {"evaluated_users": 1238, "history_length_max": 10, "history_length_mean": 5.27221324717286, "history_length_min": 3, "hit@10": 0.09531502423263329, "hit@5": 0.09450726978998385, "ndcg@10": 0.0936850126395079, "ndcg@5": 0.09341576115862477, "recall@10": 0.09531502423263329, "recall@5": 0.09450726978998385, "total_users": 1238}, "short_rule": "length <= threshold", "threshold": 10}
2026-10-02 21:40:31,667 | INFO | 
========== PERIODIC TEST ==========
stage=specialists | epoch=2 | step=108 | users=1457/1457
NDCG  | @5 0.080472 | @10 0.080887
Recall| @5 0.081675 | @10 0.083047
Hit   | @5 0.081675 | @10 0.083047
================================
2026-10-02 21:40:31,667 | INFO | PERIODIC TEST SEQUENCE_LENGTH {"basis": "filtered_full_sequence", "long": {"evaluated_users": 219, "history_length_max": 119, "history_length_mean": 20.98173515981735, "history_length_min": 11, "hit@10": 0.0136986301369863, "hit@5": 0.0091324200913242, "ndcg@10": 0.007852700385348315, "ndcg@5": 0.006532769671568005, "recall@10": 0.0136986301369863, "recall@5": 0.0091324200913242, "total_users": 219}, "long_rule": "length > threshold", "short": {"evaluated_users": 1238, "history_length_max": 10, "history_length_mean": 5.27221324717286, "history_length_min": 3, "hit@10": 0.09531502423263329, "hit@5": 0.09450726978998385, "ndcg@10": 0.09380694203723237, "ndcg@5": 0.09355212388150884, "recall@10": 0.09531502423263329, "recall@5": 0.09450726978998385, "total_users": 1238}, "short_rule": "length <= threshold", "threshold": 10}
2026-10-02 21:40:31,669 | INFO | VALID_STEP step=108 stage=specialists epoch=2 ndcg@10=0.080585 recall@10=0.082361 improved=True
2026-10-02 21:40:31,674 | INFO | BEST_MODEL_IN_MEMORY step=108 stage=specialists ndcg@10=0.080585
2026-10-02 21:40:31,675 | INFO | stage=specialists epoch=2 loss=4.155507 sampled_ndcg_reward=0.000000 steps=54 transitions/s=184.35
2026-10-02 21:41:17,151 | INFO | 
========== PERIODIC VALIDATION ==========
stage=specialists | epoch=3 | step=162 | users=1457/1457
NDCG  | @5 0.082042 | @10 0.082674
Recall| @5 0.083734 | @10 0.085793
Hit   | @5 0.083734 | @10 0.085793
================================
2026-10-02 21:41:17,151 | INFO | PERIODIC VALIDATION SEQUENCE_LENGTH {"basis": "filtered_full_sequence", "long": {"evaluated_users": 219, "history_length_max": 119, "history_length_mean": 20.98173515981735, "history_length_min": 11, "hit@10": 0.0091324200913242, "hit@5": 0.0091324200913242, "ndcg@10": 0.0091324200913242, "ndcg@5": 0.0091324200913242, "recall@10": 0.0091324200913242, "recall@5": 0.0091324200913242, "total_users": 219}, "long_rule": "length > threshold", "short": {"evaluated_users": 1238, "history_length_max": 10, "history_length_mean": 5.27221324717286, "history_length_min": 3, "hit@10": 0.09935379644588045, "hit@5": 0.09693053311793215, "ndcg@10": 0.09568300460541304, "ndcg@5": 0.09493987489629403, "recall@10": 0.09935379644588045, "recall@5": 0.09693053311793215, "total_users": 1238}, "short_rule": "length <= threshold", "threshold": 10}
2026-10-02 21:41:25,060 | INFO | 
========== PERIODIC TEST ==========
stage=specialists | epoch=3 | step=162 | users=1457/1457
NDCG  | @5 0.081374 | @10 0.082258
Recall| @5 0.082361 | @10 0.085106
Hit   | @5 0.082361 | @10 0.085106
================================
2026-10-02 21:41:25,060 | INFO | PERIODIC TEST SEQUENCE_LENGTH {"basis": "filtered_full_sequence", "long": {"evaluated_users": 219, "history_length_max": 119, "history_length_mean": 20.98173515981735, "history_length_min": 11, "hit@10": 0.0136986301369863, "hit@5": 0.0091324200913242, "ndcg@10": 0.010572898980756753, "ndcg@5": 0.0091324200913242, "recall@10": 0.0136986301369863, "recall@5": 0.0091324200913242, "total_users": 219}, "long_rule": "length > threshold", "short": {"evaluated_users": 1238, "history_length_max": 10, "history_length_mean": 5.27221324717286, "history_length_min": 3, "hit@10": 0.09773828756058159, "hit@5": 0.09531502423263329, "ndcg@10": 0.0949388597505675, "ndcg@5": 0.09415315534058549, "recall@10": 0.09773828756058159, "recall@5": 0.09531502423263329, "total_users": 1238}, "short_rule": "length <= threshold", "threshold": 10}
2026-10-02 21:41:25,061 | INFO | VALID_STEP step=162 stage=specialists epoch=3 ndcg@10=0.082674 recall@10=0.085793 improved=True
2026-10-02 21:41:25,066 | INFO | BEST_MODEL_IN_MEMORY step=162 stage=specialists ndcg@10=0.082674
2026-10-02 21:41:25,067 | INFO | stage=specialists epoch=3 loss=4.154273 sampled_ndcg_reward=0.000000 steps=54 transitions/s=182.75
2026-10-02 21:41:25,070 | INFO | TRAINING_BRANCHES stage=joint short=False preference=False gcn=True preference_auxiliary=False preference_contrastive=False diversity_pairs=0 policy_gradient=True trainable_parameters=728704
2026-10-02 21:42:10,463 | INFO | 
========== PERIODIC VALIDATION ==========
stage=joint | epoch=1 | step=216 | users=1457/1457
NDCG  | @5 0.083012 | @10 0.083445
Recall| @5 0.084420 | @10 0.085793
Hit   | @5 0.084420 | @10 0.085793
================================
2026-10-02 21:42:10,464 | INFO | PERIODIC VALIDATION SEQUENCE_LENGTH {"basis": "filtered_full_sequence", "long": {"evaluated_users": 219, "history_length_max": 119, "history_length_mean": 20.98173515981735, "history_length_min": 11, "hit@10": 0.0091324200913242, "hit@5": 0.0091324200913242, "ndcg@10": 0.0091324200913242, "ndcg@5": 0.0091324200913242, "recall@10": 0.0091324200913242, "recall@5": 0.0091324200913242, "total_users": 219}, "long_rule": "length > threshold", "short": {"evaluated_users": 1238, "history_length_max": 10, "history_length_mean": 5.27221324717286, "history_length_min": 3, "hit@10": 0.09935379644588045, "hit@5": 0.09773828756058159, "ndcg@10": 0.09659078261102652, "ndcg@5": 0.09608114629957946, "recall@10": 0.09935379644588045, "recall@5": 0.09773828756058159, "total_users": 1238}, "short_rule": "length <= threshold", "threshold": 10}
2026-10-02 21:42:18,206 | INFO | 
========== PERIODIC TEST ==========
stage=joint | epoch=1 | step=216 | users=1457/1457
NDCG  | @5 0.082013 | @10 0.083141
Recall| @5 0.083047 | @10 0.086479
Hit   | @5 0.083047 | @10 0.086479
================================
2026-10-02 21:42:18,206 | INFO | PERIODIC TEST SEQUENCE_LENGTH {"basis": "filtered_full_sequence", "long": {"evaluated_users": 219, "history_length_max": 119, "history_length_mean": 20.98173515981735, "history_length_min": 11, "hit@10": 0.0228310502283105, "hit@5": 0.0091324200913242, "ndcg@10": 0.013387944060435794, "ndcg@5": 0.0091324200913242, "recall@10": 0.0228310502283105, "recall@5": 0.0091324200913242, "total_users": 219}, "long_rule": "length > threshold", "short": {"evaluated_users": 1238, "history_length_max": 10, "history_length_mean": 5.27221324717286, "history_length_min": 3, "hit@10": 0.09773828756058159, "hit@5": 0.09612277867528271, "ndcg@10": 0.09548036934081927, "ndcg@5": 0.09490491346503896, "recall@10": 0.09773828756058159, "recall@5": 0.09612277867528271, "total_users": 1238}, "short_rule": "length <= threshold", "threshold": 10}
2026-10-02 21:42:18,207 | INFO | VALID_STEP step=216 stage=joint epoch=1 ndcg@10=0.083445 recall@10=0.085793 improved=True
2026-10-02 21:42:18,211 | INFO | BEST_MODEL_IN_MEMORY step=216 stage=joint ndcg@10=0.083445
2026-10-02 21:42:18,211 | INFO | LEARNING_RATE step=216 stage=joint lr=5e-05
2026-10-02 21:42:18,211 | INFO | stage=joint epoch=1 loss=1.583638 sampled_ndcg_reward=0.082388 steps=54 transitions/s=181.89
2026-10-02 21:43:03,342 | INFO | 
========== PERIODIC VALIDATION ==========
stage=joint | epoch=2 | step=270 | users=1457/1457
NDCG  | @5 0.083505 | @10 0.083721
Recall| @5 0.085106 | @10 0.085793
Hit   | @5 0.085106 | @10 0.085793
================================
2026-10-02 21:43:03,342 | INFO | PERIODIC VALIDATION SEQUENCE_LENGTH {"basis": "filtered_full_sequence", "long": {"evaluated_users": 219, "history_length_max": 119, "history_length_mean": 20.98173515981735, "history_length_min": 11, "hit@10": 0.0091324200913242, "hit@5": 0.0091324200913242, "ndcg@10": 0.0091324200913242, "ndcg@5": 0.0091324200913242, "recall@10": 0.0091324200913242, "recall@5": 0.0091324200913242, "total_users": 219}, "long_rule": "length > threshold", "short": {"evaluated_users": 1238, "history_length_max": 10, "history_length_mean": 5.27221324717286, "history_length_min": 3, "hit@10": 0.09935379644588045, "hit@5": 0.09854604200323101, "ndcg@10": 0.09691596102743875, "ndcg@5": 0.09666114287171522, "recall@10": 0.09935379644588045, "recall@5": 0.09854604200323101, "total_users": 1238}, "short_rule": "length <= threshold", "threshold": 10}
2026-10-02 21:43:11,165 | INFO | 
========== PERIODIC TEST ==========
stage=joint | epoch=2 | step=270 | users=1457/1457
NDCG  | @5 0.082403 | @10 0.083264
Recall| @5 0.083734 | @10 0.086479
Hit   | @5 0.083734 | @10 0.086479
================================
2026-10-02 21:43:11,166 | INFO | PERIODIC TEST SEQUENCE_LENGTH {"basis": "filtered_full_sequence", "long": {"evaluated_users": 219, "history_length_max": 119, "history_length_mean": 20.98173515981735, "history_length_min": 11, "hit@10": 0.0228310502283105, "hit@5": 0.0091324200913242, "ndcg@10": 0.013333308583969614, "ndcg@5": 0.0091324200913242, "recall@10": 0.0228310502283105, "recall@5": 0.0091324200913242, "total_users": 219}, "long_rule": "length > threshold", "short": {"evaluated_users": 1238, "history_length_max": 10, "history_length_mean": 5.27221324717286, "history_length_min": 3, "hit@10": 0.09773828756058159, "hit@5": 0.09693053311793215, "ndcg@10": 0.0956340384854428, "ndcg@5": 0.09536478700455965, "recall@10": 0.09773828756058159, "recall@5": 0.09693053311793215, "total_users": 1238}, "short_rule": "length <= threshold", "threshold": 10}
2026-10-02 21:43:11,167 | INFO | VALID_STEP step=270 stage=joint epoch=2 ndcg@10=0.083721 recall@10=0.085793 improved=True
2026-10-02 21:43:11,170 | INFO | BEST_MODEL_IN_MEMORY step=270 stage=joint ndcg@10=0.083721
2026-10-02 21:43:11,170 | INFO | LEARNING_RATE step=270 stage=joint lr=5e-05
2026-10-02 21:43:11,171 | INFO | stage=joint epoch=2 loss=1.521916 sampled_ndcg_reward=0.082392 steps=54 transitions/s=183.27
2026-10-02 21:43:57,531 | INFO | 
========== PERIODIC VALIDATION ==========
stage=joint | epoch=3 | step=324 | users=1457/1457
NDCG  | @5 0.083535 | @10 0.084138
Recall| @5 0.085106 | @10 0.087165
Hit   | @5 0.085106 | @10 0.087165
================================
2026-10-02 21:43:57,531 | INFO | PERIODIC VALIDATION SEQUENCE_LENGTH {"basis": "filtered_full_sequence", "long": {"evaluated_users": 219, "history_length_max": 119, "history_length_mean": 20.98173515981735, "history_length_min": 11, "hit@10": 0.0136986301369863, "hit@5": 0.0091324200913242, "ndcg@10": 0.01045235080510451, "ndcg@5": 0.0091324200913242, "recall@10": 0.0136986301369863, "recall@5": 0.0091324200913242, "total_users": 219}, "long_rule": "length > threshold", "short": {"evaluated_users": 1238, "history_length_max": 10, "history_length_mean": 5.27221324717286, "history_length_min": 3, "hit@10": 0.10016155088852989, "hit@5": 0.09854604200323101, "ndcg@10": 0.09717319341518915, "ndcg@5": 0.09669654170114886, "recall@10": 0.10016155088852989, "recall@5": 0.09854604200323101, "total_users": 1238}, "short_rule": "length <= threshold", "threshold": 10}
2026-10-02 21:44:05,445 | INFO | 
========== PERIODIC TEST ==========
stage=joint | epoch=3 | step=324 | users=1457/1457
NDCG  | @5 0.082836 | @10 0.083725
Recall| @5 0.084420 | @10 0.087165
Hit   | @5 0.084420 | @10 0.087165
================================
2026-10-02 21:44:05,445 | INFO | PERIODIC TEST SEQUENCE_LENGTH {"basis": "filtered_full_sequence", "long": {"evaluated_users": 219, "history_length_max": 119, "history_length_mean": 20.98173515981735, "history_length_min": 11, "hit@10": 0.0228310502283105, "hit@5": 0.0136986301369863, "ndcg@10": 0.014378074018808503, "ndcg@5": 0.01141552511415525, "recall@10": 0.0228310502283105, "recall@5": 0.0136986301369863, "total_users": 219}, "long_rule": "length > threshold", "short": {"evaluated_users": 1238, "history_length_max": 10, "history_length_mean": 5.27221324717286, "history_length_min": 3, "hit@10": 0.09854604200323101, "hit@5": 0.09693053311793215, "ndcg@10": 0.09599176743024411, "ndcg@5": 0.09547054609468199, "recall@10": 0.09854604200323101, "recall@5": 0.09693053311793215, "total_users": 1238}, "short_rule": "length <= threshold", "threshold": 10}
2026-10-02 21:44:05,446 | INFO | VALID_STEP step=324 stage=joint epoch=3 ndcg@10=0.084138 recall@10=0.087165 improved=True
2026-10-02 21:44:05,449 | INFO | BEST_MODEL_IN_MEMORY step=324 stage=joint ndcg@10=0.084138
2026-10-02 21:44:05,449 | INFO | LEARNING_RATE step=324 stage=joint lr=5e-05
2026-10-02 21:44:05,450 | INFO | stage=joint epoch=3 loss=1.464122 sampled_ndcg_reward=0.080921 steps=54 transitions/s=178.35
2026-10-02 21:44:51,356 | INFO | 
========== PERIODIC VALIDATION ==========
stage=joint | epoch=4 | step=378 | users=1457/1457
NDCG  | @5 0.083866 | @10 0.084524
Recall| @5 0.085106 | @10 0.087165
Hit   | @5 0.085106 | @10 0.087165
================================
2026-10-02 21:44:51,356 | INFO | PERIODIC VALIDATION SEQUENCE_LENGTH {"basis": "filtered_full_sequence", "long": {"evaluated_users": 219, "history_length_max": 119, "history_length_mean": 20.98173515981735, "history_length_min": 11, "hit@10": 0.0136986301369863, "hit@5": 0.0091324200913242, "ndcg@10": 0.01075893692743389, "ndcg@5": 0.0091324200913242, "recall@10": 0.0136986301369863, "recall@5": 0.0091324200913242, "total_users": 219}, "long_rule": "length > threshold", "short": {"evaluated_users": 1238, "history_length_max": 10, "history_length_mean": 5.27221324717286, "history_length_min": 3, "hit@10": 0.10016155088852989, "hit@5": 0.09854604200323101, "ndcg@10": 0.09757237161271749, "ndcg@5": 0.09708605497998085, "recall@10": 0.10016155088852989, "recall@5": 0.09854604200323101, "total_users": 1238}, "short_rule": "length <= threshold", "threshold": 10}
2026-10-02 21:44:59,366 | INFO | 
========== PERIODIC TEST ==========
stage=joint | epoch=4 | step=378 | users=1457/1457
NDCG  | @5 0.082836 | @10 0.084348
Recall| @5 0.084420 | @10 0.089224
Hit   | @5 0.084420 | @10 0.089224
================================
2026-10-02 21:44:59,367 | INFO | PERIODIC TEST SEQUENCE_LENGTH {"basis": "filtered_full_sequence", "long": {"evaluated_users": 219, "history_length_max": 119, "history_length_mean": 20.98173515981735, "history_length_min": 11, "hit@10": 0.0228310502283105, "hit@5": 0.0136986301369863, "ndcg@10": 0.01445966514459665, "ndcg@5": 0.01141552511415525, "recall@10": 0.0228310502283105, "recall@5": 0.0136986301369863, "total_users": 219}, "long_rule": "length > threshold", "short": {"evaluated_users": 1238, "history_length_max": 10, "history_length_mean": 5.27221324717286, "history_length_min": 3, "hit@10": 0.10096930533117932, "hit@5": 0.09693053311793215, "ndcg@10": 0.09671157746065272, "ndcg@5": 0.09547054609468199, "recall@10": 0.10096930533117932, "recall@5": 0.09693053311793215, "total_users": 1238}, "short_rule": "length <= threshold", "threshold": 10}
2026-10-02 21:44:59,368 | INFO | VALID_STEP step=378 stage=joint epoch=4 ndcg@10=0.084524 recall@10=0.087165 improved=True
2026-10-02 21:44:59,370 | INFO | BEST_MODEL_IN_MEMORY step=378 stage=joint ndcg@10=0.084524
2026-10-02 21:44:59,370 | INFO | LEARNING_RATE step=378 stage=joint lr=5e-05
2026-10-02 21:44:59,371 | INFO | stage=joint epoch=4 loss=1.428053 sampled_ndcg_reward=0.080656 steps=54 transitions/s=179.73
2026-10-02 21:45:45,324 | INFO | 
========== PERIODIC VALIDATION ==========
stage=joint | epoch=5 | step=432 | users=1457/1457
NDCG  | @5 0.083926 | @10 0.085029
Recall| @5 0.085106 | @10 0.088538
Hit   | @5 0.085106 | @10 0.088538
================================
2026-10-02 21:45:45,324 | INFO | PERIODIC VALIDATION SEQUENCE_LENGTH {"basis": "filtered_full_sequence", "long": {"evaluated_users": 219, "history_length_max": 119, "history_length_mean": 20.98173515981735, "history_length_min": 11, "hit@10": 0.0136986301369863, "hit@5": 0.0091324200913242, "ndcg@10": 0.01075893692743389, "ndcg@5": 0.0091324200913242, "recall@10": 0.0136986301369863, "recall@5": 0.0091324200913242, "total_users": 219}, "long_rule": "length > threshold", "short": {"evaluated_users": 1238, "history_length_max": 10, "history_length_mean": 5.27221324717286, "history_length_min": 3, "hit@10": 0.10177705977382875, "hit@5": 0.09854604200323101, "ndcg@10": 0.09816680151001285, "ndcg@5": 0.09715641524066954, "recall@10": 0.10177705977382875, "recall@5": 0.09854604200323101, "total_users": 1238}, "short_rule": "length <= threshold", "threshold": 10}
2026-10-02 21:45:53,054 | INFO | 
========== PERIODIC TEST ==========
stage=joint | epoch=5 | step=432 | users=1457/1457
NDCG  | @5 0.082583 | @10 0.084123
Recall| @5 0.084420 | @10 0.089224
Hit   | @5 0.084420 | @10 0.089224
================================
2026-10-02 21:45:53,054 | INFO | PERIODIC TEST SEQUENCE_LENGTH {"basis": "filtered_full_sequence", "long": {"evaluated_users": 219, "history_length_max": 119, "history_length_mean": 20.98173515981735, "history_length_min": 11, "hit@10": 0.0182648401826484, "hit@5": 0.0136986301369863, "ndcg@10": 0.013333308583969614, "ndcg@5": 0.012013377870189305, "recall@10": 0.0182648401826484, "recall@5": 0.0136986301369863, "total_users": 219}, "long_rule": "length > threshold", "short": {"evaluated_users": 1238, "history_length_max": 10, "history_length_mean": 5.27221324717286, "history_length_min": 3, "hit@10": 0.10177705977382875, "hit@5": 0.09693053311793215, "ndcg@10": 0.09664569440082908, "ndcg@5": 0.09506666887335727, "recall@10": 0.10177705977382875, "recall@5": 0.09693053311793215, "total_users": 1238}, "short_rule": "length <= threshold", "threshold": 10}
2026-10-02 21:45:53,055 | INFO | VALID_STEP step=432 stage=joint epoch=5 ndcg@10=0.085029 recall@10=0.088538 improved=True
2026-10-02 21:45:53,057 | INFO | BEST_MODEL_IN_MEMORY step=432 stage=joint ndcg@10=0.085029
2026-10-02 21:45:53,057 | INFO | LEARNING_RATE step=432 stage=joint lr=5e-05
2026-10-02 21:45:53,058 | INFO | stage=joint epoch=5 loss=1.402120 sampled_ndcg_reward=0.081830 steps=54 transitions/s=180.32
2026-10-02 21:46:01,042 | INFO | 
========== FINAL CURRENT VALIDATION ==========
stage=final | epoch=0 | step=432 | users=1457/1457
NDCG  | @5 0.083926 | @10 0.085029
Recall| @5 0.085106 | @10 0.088538
Hit   | @5 0.085106 | @10 0.088538
================================
2026-10-02 21:46:01,042 | INFO | FINAL CURRENT VALIDATION SEQUENCE_LENGTH {"basis": "filtered_full_sequence", "long": {"evaluated_users": 219, "history_length_max": 119, "history_length_mean": 20.98173515981735, "history_length_min": 11, "hit@10": 0.0136986301369863, "hit@5": 0.0091324200913242, "ndcg@10": 0.01075893692743389, "ndcg@5": 0.0091324200913242, "recall@10": 0.0136986301369863, "recall@5": 0.0091324200913242, "total_users": 219}, "long_rule": "length > threshold", "short": {"evaluated_users": 1238, "history_length_max": 10, "history_length_mean": 5.27221324717286, "history_length_min": 3, "hit@10": 0.10177705977382875, "hit@5": 0.09854604200323101, "ndcg@10": 0.09816680151001285, "ndcg@5": 0.09715641524066954, "recall@10": 0.10177705977382875, "recall@5": 0.09854604200323101, "total_users": 1238}, "short_rule": "length <= threshold", "threshold": 10}
2026-10-02 21:46:01,042 | INFO | VALID_STEP step=432 stage=final epoch=0 ndcg@10=0.085029 recall@10=0.088538 improved=False
2026-10-02 21:46:01,066 | INFO | RESTORE_BEST step=432 stage=joint ndcg@10=0.085029
2026-10-02 21:46:16,975 | INFO | 
========== BEST CHECKPOINT VALIDATION ==========
stage=joint | epoch=0 | step=432 | users=1457/1457
NDCG  | @5 0.083926 | @10 0.085029
Recall| @5 0.085106 | @10 0.088538
Hit   | @5 0.085106 | @10 0.088538
================================
2026-10-02 21:46:16,975 | INFO | BEST CHECKPOINT VALIDATION SEQUENCE_LENGTH {"basis": "filtered_full_sequence", "long": {"evaluated_users": 219, "history_length_max": 119, "history_length_mean": 20.98173515981735, "history_length_min": 11, "hit@10": 0.0136986301369863, "hit@5": 0.0091324200913242, "ndcg@10": 0.01075893692743389, "ndcg@5": 0.0091324200913242, "recall@10": 0.0136986301369863, "recall@5": 0.0091324200913242, "total_users": 219}, "long_rule": "length > threshold", "short": {"evaluated_users": 1238, "history_length_max": 10, "history_length_mean": 5.27221324717286, "history_length_min": 3, "hit@10": 0.10177705977382875, "hit@5": 0.09854604200323101, "ndcg@10": 0.09816680151001285, "ndcg@5": 0.09715641524066954, "recall@10": 0.10177705977382875, "recall@5": 0.09854604200323101, "total_users": 1238}, "short_rule": "length <= threshold", "threshold": 10}
2026-10-02 21:46:16,975 | INFO | 
========== FINAL FULL TEST ==========
stage=joint | epoch=0 | step=432 | users=1457/1457
NDCG  | @5 0.082583 | @10 0.084123
Recall| @5 0.084420 | @10 0.089224
Hit   | @5 0.084420 | @10 0.089224
================================
2026-10-02 21:46:16,975 | INFO | FINAL FULL TEST SEQUENCE_LENGTH {"basis": "filtered_full_sequence", "long": {"evaluated_users": 219, "history_length_max": 119, "history_length_mean": 20.98173515981735, "history_length_min": 11, "hit@10": 0.0182648401826484, "hit@5": 0.0136986301369863, "ndcg@10": 0.013333308583969614, "ndcg@5": 0.012013377870189305, "recall@10": 0.0182648401826484, "recall@5": 0.0136986301369863, "total_users": 219}, "long_rule": "length > threshold", "short": {"evaluated_users": 1238, "history_length_max": 10, "history_length_mean": 5.27221324717286, "history_length_min": 3, "hit@10": 0.10177705977382875, "hit@5": 0.09693053311793215, "ndcg@10": 0.09664569440082908, "ndcg@5": 0.09506666887335727, "recall@10": 0.10177705977382875, "recall@5": 0.09693053311793215, "total_users": 1238}, "short_rule": "length <= threshold", "threshold": 10}
2026-10-02 21:46:16,975 | INFO | VALID_BEST {"evaluated_users": 1457, "hit@10": 0.08853809196980096, "hit@5": 0.0851063829787234, "ndcg@10": 0.08502862530369912, "ndcg@5": 0.08392562928392859, "preference_agent_weight": 0.0, "preference_change_probability": 0.0, "preference_current_entropy": 5.89461797000118e-06, "preference_next_entropy": 5.89461797000118e-06, "preference_ranking_weight": 0.0, "recall@10": 0.08853809196980096, "recall@5": 0.0851063829787234, "scores_per_second": 741994.8614665478, "sequence_length": {"basis": "filtered_full_sequence", "long": {"evaluated_users": 219, "history_length_max": 119, "history_length_mean": 20.98173515981735, "history_length_min": 11, "hit@10": 0.0136986301369863, "hit@5": 0.0091324200913242, "ndcg@10": 0.01075893692743389, "ndcg@5": 0.0091324200913242, "recall@10": 0.0136986301369863, "recall@5": 0.0091324200913242, "total_users": 219}, "long_rule": "length > threshold", "short": {"evaluated_users": 1238, "history_length_max": 10, "history_length_mean": 5.27221324717286, "history_length_min": 3, "hit@10": 0.10177705977382875, "hit@5": 0.09854604200323101, "ndcg@10": 0.09816680151001285, "ndcg@5": 0.09715641524066954, "recall@10": 0.10177705977382875, "recall@5": 0.09854604200323101, "total_users": 1238}, "short_rule": "length <= threshold", "threshold": 10}, "short_agent_weight": 0.0, "short_preference_state_cosine": 0.0, "total_users": 1457, "users_per_second": 181.41683654438822}
2026-10-02 21:46:16,976 | INFO | TEST_FINAL {"evaluated_users": 1457, "hit@10": 0.08922443376801648, "hit@5": 0.08442004118050789, "ndcg@10": 0.08412310564935248, "ndcg@5": 0.08258302406489072, "preference_agent_weight": 0.0, "preference_change_probability": 0.0, "preference_current_entropy": 5.89461797000118e-06, "preference_next_entropy": 5.89461797000118e-06, "preference_ranking_weight": 0.0, "recall@10": 0.08922443376801648, "recall@5": 0.08442004118050789, "scores_per_second": 758289.8864151813, "sequence_length": {"basis": "filtered_full_sequence", "long": {"evaluated_users": 219, "history_length_max": 119, "history_length_mean": 20.98173515981735, "history_length_min": 11, "hit@10": 0.0182648401826484, "hit@5": 0.0136986301369863, "ndcg@10": 0.013333308583969614, "ndcg@5": 0.012013377870189305, "recall@10": 0.0182648401826484, "recall@5": 0.0136986301369863, "total_users": 219}, "long_rule": "length > threshold", "short": {"evaluated_users": 1238, "history_length_max": 10, "history_length_mean": 5.27221324717286, "history_length_min": 3, "hit@10": 0.10177705977382875, "hit@5": 0.09693053311793215, "ndcg@10": 0.09664569440082908, "ndcg@5": 0.09506666887335727, "recall@10": 0.10177705977382875, "recall@5": 0.09693053311793215, "total_users": 1238}, "short_rule": "length <= threshold", "threshold": 10}, "short_agent_weight": 0.0, "short_preference_state_cosine": 0.0, "total_users": 1457, "users_per_second": 185.4009502237607}
2026-10-02 21:46:16,976 | INFO | TARGET_RESULT metric=recall@10 target=>0.150000 actual=0.089224 achieved=False
2026-10-02 21:46:17,353 | INFO | FINAL_LENGTH_SCORES dataset=amazon-all-beauty group=short split=valid threshold=10 users=1238/1238 scores={"hit@10": 0.10177705977382875, "hit@5": 0.09854604200323101, "ndcg@10": 0.09816680151001285, "ndcg@5": 0.09715641524066954, "recall@10": 0.10177705977382875, "recall@5": 0.09854604200323101}
2026-10-02 21:46:17,353 | INFO | FINAL_LENGTH_SCORES dataset=amazon-all-beauty group=short split=test threshold=10 users=1238/1238 scores={"hit@10": 0.10177705977382875, "hit@5": 0.09693053311793215, "ndcg@10": 0.09664569440082908, "ndcg@5": 0.09506666887335727, "recall@10": 0.10177705977382875, "recall@5": 0.09693053311793215}
2026-10-02 21:46:17,354 | INFO | short_scores=/workspace/P78123011/MediaTek_2026_project/ver5/outputs_mamba_rl/amazons_long_short_S0_P0_G1_C0_SW4/Full_Beauty/rl_20261002_213842_r1_787836/short_scores.json
2026-10-02 21:46:17,354 | INFO | FINAL_LENGTH_SCORES dataset=amazon-all-beauty group=long split=valid threshold=10 users=219/219 scores={"hit@10": 0.0136986301369863, "hit@5": 0.0091324200913242, "ndcg@10": 0.01075893692743389, "ndcg@5": 0.0091324200913242, "recall@10": 0.0136986301369863, "recall@5": 0.0091324200913242}
2026-10-02 21:46:17,354 | INFO | FINAL_LENGTH_SCORES dataset=amazon-all-beauty group=long split=test threshold=10 users=219/219 scores={"hit@10": 0.0182648401826484, "hit@5": 0.0136986301369863, "ndcg@10": 0.013333308583969614, "ndcg@5": 0.012013377870189305, "recall@10": 0.0182648401826484, "recall@5": 0.0136986301369863}
2026-10-02 21:46:17,354 | INFO | long_scores=/workspace/P78123011/MediaTek_2026_project/ver5/outputs_mamba_rl/amazons_long_short_S0_P0_G1_C0_SW4/Full_Beauty/rl_20261002_213842_r1_787836/long_scores.json
2026-10-02 21:46:17,355 | INFO | scores=/workspace/P78123011/MediaTek_2026_project/ver5/outputs_mamba_rl/amazons_long_short_S0_P0_G1_C0_SW4/Full_Beauty/rl_20261002_213842_r1_787836/Full_Beauty_scores.json
2026-10-02 21:46:17,355 | INFO | outputs=/workspace/P78123011/MediaTek_2026_project/ver5/outputs_mamba_rl/amazons_long_short_S0_P0_G1_C0_SW4/Full_Beauty/rl_20261002_213842_r1_787836
