2026-09-12 16:25:10,031 | INFO | run_id=20260912_162510 dataset=amazon-all-beauty device=cuda:0
2026-09-12 16:25:10,031 | INFO | MODEL recommender=MultiAgentMambaRecommender semantic_encoder=MambaTextEncoder semantic_model_id=state-spaces/mamba-130m-hf graph_backbone=LightGCN adaptation=multi_lora
2026-09-12 16:25:10,031 | INFO | ABLATION USE_LONG=1 USE_SHORT=1 USE_PREFERENCE=0 USE_GCN=1
2026-09-12 16:25:10,031 | INFO | AGENT_HISTORY mode=full_history effective_max_history=100
2026-09-12 16:25:10,031 | INFO | EXPERIMENT_NOTE amazons_long_short subset=Full_Beauty; short filtered-full-sequence <= 10; long > 10; same model and full catalog
2026-09-12 16:25:10,031 | INFO | EXPERIMENT_CONFIG {"agent_diversity_coef": 0.02, "batch_size": 128, "cache_dir": "/workspace/P78123011/cache", "candidates": 64, "coordinator_epochs": 3, "coordinator_lr": 0.0001, "data_path": null, "dataset": "amazon-all-beauty", "device": "cuda:0", "dim": 128, "early_stopping_patience": 6, "enable_lora": 1, "eval_batch_size": 64, "eval_length_basis": "filtered_full_sequence", "eval_length_threshold": 10, "experiment_note": "amazons_long_short subset=Full_Beauty; short filtered-full-sequence <= 10; long > 10; same model and full catalog", "full_catalog_supervised": false, "future_decay": 0.5, "future_horizon": 3, "generate_reasons": false, "graph_device": "cuda:0", "hard_negative_fraction": 0.75, "hard_negative_pool_multiplier": 12, "hard_negative_warmup_epochs": 2, "item_prompt_prefix": "Preference-aware product representation: ", "item_vector_artifact": null, "joint_epochs": 7, "joint_lr": 5e-05, "lora_alpha": 32.0, "lora_dropout": 0.05, "lora_rank": 16, "lr_patience": 2, "mamba_encode_batch_size": 32, "mamba_max_tokens": 32, "mamba_model_id": "state-spaces/mamba-130m-hf", "max_events": null, "max_history": 100, "max_transitions": 500000, "min_rating": 4.0, "monitor_metric": "ndcg@10", "output_dir": "/workspace/P78123011/MediaTek_2026_project/ver4/outputs_mamba_rl/amazons_lora", "output_run_dir": "/workspace/P78123011/MediaTek_2026_project/ver4/outputs_mamba_rl/amazons_long_short_L1_S1_P0_G1/Full_Beauty/rl_20260912_162509_r1_638904", "periodic_test_user_limit": 0, "popularity_alpha": -0.25, "preference_balance_coef": 0.01, "preference_coef": 0.2, "preference_contrastive_coef": 0.05, "preference_count": 32, "preference_hidden": 128, "preference_score_weight": 0.2, "preference_separation_coef": 0.01, "preference_sharpness_coef": 0.05, "preference_temperature": 0.2, "preference_transition_coef": 0.1, "reason_count": 20, "reason_max_new_tokens": 40, "refresh_data_cache": false, "resume_checkpoint": null, "save_model_weights": false, "score_file": "/workspace/P78123011/MediaTek_2026_project/ver4/outputs_mamba_rl/amazons_long_short_L1_S1_P0_G1/Full_Beauty/rl_20260912_162509_r1_638904/Full_Beauty_scores.json", "seed": 25252, "short_window": 10, "skip_mamba": false, "specialist_epochs": 3, "specialist_lr": 0.0001, "target_recall_at_10": 0.15, "transition_beta": 4.0, "use_graph_embeddings": true, "use_in_batch_negatives": true, "use_long": 1, "use_preference": 0, "use_short": 1, "validate_every_steps": 250, "validation_user_limit": 0}
2026-09-12 16:25:10,034 | INFO | INTERACTION_CACHE hit path=/workspace/P78123011/cache/mamba_multi_agent_data/amazon-all-beauty_90e3e920169a.pkl
2026-09-12 16:25:10,034 | INFO | LENGTH_SPLIT preprocessing=original_one_pass_user_item_min_5 basis=filtered_full_sequence short<=10 long>10
2026-09-12 16:25:10,034 | INFO | users=1603 items=4090 train_interactions=8445
2026-09-12 16:25:10,175 | INFO | CATALOG_PRIORS popularity_alpha=-0.250000 transition_beta=4.000000 source=train_histories_only enabled=True
2026-09-12 16:25:10,188 | INFO | ITEM_VECTOR_ARTIFACT path=/workspace/P78123011/cache/mamba_multi_agent/amazon-all-beauty_4090_47e41e57cc9e_prompt_tok32.pt fingerprint=47e41e57cc9e
2026-09-12 16:25:10,188 | INFO | SEMANTIC_BACKBONE model_id=state-spaces/mamba-130m-hf hidden_size=768 frozen=True usage=shared_cached_item_vectors
2026-09-12 16:25:10,192 | INFO | GRAPH_EMBEDDINGS enabled=True source=train_histories_only main_device=cuda:0 graph_device=cuda:0
2026-09-12 16:25:10,216 | INFO | ADAPTATION_MODE mode=multi_lora enable_lora=1
2026-09-12 16:25:10,216 | INFO | ADAPTER_ROUTES {'long': ('candidate_lora', 'delta_lora', 'gate_lora', 'output_lora'), 'short': ('candidate_lora', 'delta_lora', 'gate_lora', 'output_lora'), 'coordinator': ('state_lora', 'mix_lora', 'score_lora')}
2026-09-12 16:25:10,216 | INFO | agent_parameters={'long': 16513, 'short': 16513, 'preference': 78786, 'coordinator': 14373, 'shared_projection': 98304, 'graph': 728704}
2026-09-12 16:25:10,216 | INFO | PREDICTION_PATH graph_only=False active_agents=2 coordinator=True
2026-09-12 16:25:10,221 | INFO | training_transitions=6842
2026-09-12 16:25:10,221 | INFO | schedule specialist_epochs=3 coordinator_epochs=3 joint_ranking_epochs=7 validate_every_steps=250 validation_users=0 periodic_test_users=0 monitor=ndcg@10 early_stopping_patience=6
2026-09-12 16:25:10,732 | INFO | TRAINING_BRANCHES stage=specialists long=True short=True preference=False gcn=True preference_auxiliary=False preference_contrastive=False diversity_pairs=0 trainable_parameters=860034
2026-09-12 16:25:15,673 | INFO | 
========== PERIODIC VALIDATION ==========
stage=specialists | epoch=1 | step=54 | users=1457/1457
NDCG  | @5 0.093978 | @10 0.095374
Recall| @5 0.099520 | @10 0.103638
Hit   | @5 0.099520 | @10 0.103638
================================
2026-09-12 16:25:15,673 | INFO | PERIODIC VALIDATION SEQUENCE_LENGTH {"basis": "filtered_full_sequence", "long": {"evaluated_users": 219, "history_length_max": 119, "history_length_mean": 20.98173515981735, "history_length_min": 11, "hit@10": 0.0547945205479452, "hit@5": 0.045662100456621, "ndcg@10": 0.0408735805106971, "ndcg@5": 0.03780658478515486, "recall@10": 0.0547945205479452, "recall@5": 0.045662100456621, "total_users": 219}, "long_rule": "length > threshold", "short": {"evaluated_users": 1238, "history_length_max": 10, "history_length_mean": 5.27221324717286, "history_length_min": 3, "hit@10": 0.1122778675282714, "hit@5": 0.10904684975767366, "ndcg@10": 0.1050146560758567, "ndcg@5": 0.10391513056346971, "recall@10": 0.1122778675282714, "recall@5": 0.10904684975767366, "total_users": 1238}, "short_rule": "length <= threshold", "threshold": 10}
2026-09-12 16:25:16,022 | INFO | 
========== PERIODIC TEST ==========
stage=specialists | epoch=1 | step=54 | users=1457/1457
NDCG  | @5 0.108664 | @10 0.110034
Recall| @5 0.115992 | @10 0.120110
Hit   | @5 0.115992 | @10 0.120110
================================
2026-09-12 16:25:16,022 | INFO | PERIODIC TEST SEQUENCE_LENGTH {"basis": "filtered_full_sequence", "long": {"evaluated_users": 219, "history_length_max": 119, "history_length_mean": 20.98173515981735, "history_length_min": 11, "hit@10": 0.0639269406392694, "hit@5": 0.0547945205479452, "ndcg@10": 0.04445947970421394, "ndcg@5": 0.041458396677857765, "recall@10": 0.0639269406392694, "recall@5": 0.0547945205479452, "total_users": 219}, "long_rule": "length > threshold", "short": {"evaluated_users": 1238, "history_length_max": 10, "history_length_mean": 5.27221324717286, "history_length_min": 3, "hit@10": 0.13004846526655897, "hit@5": 0.12681744749596122, "ndcg@10": 0.12163363635007489, "ndcg@5": 0.12055258729469491, "recall@10": 0.13004846526655897, "recall@5": 0.12681744749596122, "total_users": 1238}, "short_rule": "length <= threshold", "threshold": 10}
2026-09-12 16:25:16,023 | INFO | VALID_STEP step=54 stage=specialists epoch=1 ndcg@10=0.095374 recall@10=0.103638 improved=True
2026-09-12 16:25:16,025 | INFO | BEST_MODEL_IN_MEMORY step=54 stage=specialists ndcg@10=0.095374
2026-09-12 16:25:16,025 | INFO | stage=specialists epoch=1 loss=8.200924 steps=54 transitions/s=1491.36
2026-09-12 16:25:20,628 | INFO | 
========== PERIODIC VALIDATION ==========
stage=specialists | epoch=2 | step=108 | users=1457/1457
NDCG  | @5 0.094887 | @10 0.095968
Recall| @5 0.100206 | @10 0.103638
Hit   | @5 0.100206 | @10 0.103638
================================
2026-09-12 16:25:20,628 | INFO | PERIODIC VALIDATION SEQUENCE_LENGTH {"basis": "filtered_full_sequence", "long": {"evaluated_users": 219, "history_length_max": 119, "history_length_mean": 20.98173515981735, "history_length_min": 11, "hit@10": 0.0547945205479452, "hit@5": 0.045662100456621, "ndcg@10": 0.04080766781151104, "ndcg@5": 0.03780658478515486, "recall@10": 0.0547945205479452, "recall@5": 0.045662100456621, "total_users": 219}, "long_rule": "length > threshold", "short": {"evaluated_users": 1238, "history_length_max": 10, "history_length_mean": 5.27221324717286, "history_length_min": 3, "hit@10": 0.1122778675282714, "hit@5": 0.1098546042003231, "ndcg@10": 0.10572530074675035, "ndcg@5": 0.10498416595829017, "recall@10": 0.1122778675282714, "recall@5": 0.1098546042003231, "total_users": 1238}, "short_rule": "length <= threshold", "threshold": 10}
2026-09-12 16:25:20,974 | INFO | 
========== PERIODIC TEST ==========
stage=specialists | epoch=2 | step=108 | users=1457/1457
NDCG  | @5 0.109007 | @10 0.110517
Recall| @5 0.116678 | @10 0.121482
Hit   | @5 0.116678 | @10 0.121482
================================
2026-09-12 16:25:20,974 | INFO | PERIODIC TEST SEQUENCE_LENGTH {"basis": "filtered_full_sequence", "long": {"evaluated_users": 219, "history_length_max": 119, "history_length_mean": 20.98173515981735, "history_length_min": 11, "hit@10": 0.0639269406392694, "hit@5": 0.0547945205479452, "ndcg@10": 0.04415289358188457, "ndcg@5": 0.041458396677857765, "recall@10": 0.0639269406392694, "recall@5": 0.0547945205479452, "total_users": 219}, "long_rule": "length > threshold", "short": {"evaluated_users": 1238, "history_length_max": 10, "history_length_mean": 5.27221324717286, "history_length_min": 3, "hit@10": 0.13166397415185785, "hit@5": 0.12762520193861066, "ndcg@10": 0.12225657364391196, "ndcg@5": 0.12095646451601963, "recall@10": 0.13166397415185785, "recall@5": 0.12762520193861066, "total_users": 1238}, "short_rule": "length <= threshold", "threshold": 10}
2026-09-12 16:25:20,977 | INFO | VALID_STEP step=108 stage=specialists epoch=2 ndcg@10=0.095968 recall@10=0.103638 improved=True
2026-09-12 16:25:20,979 | INFO | BEST_MODEL_IN_MEMORY step=108 stage=specialists ndcg@10=0.095968
2026-09-12 16:25:20,979 | INFO | stage=specialists epoch=2 loss=8.202451 steps=54 transitions/s=1608.30
2026-09-12 16:25:25,529 | INFO | 
========== PERIODIC VALIDATION ==========
stage=specialists | epoch=3 | step=162 | users=1457/1457
NDCG  | @5 0.094973 | @10 0.095815
Recall| @5 0.100206 | @10 0.102951
Hit   | @5 0.100206 | @10 0.102951
================================
2026-09-12 16:25:25,529 | INFO | PERIODIC VALIDATION SEQUENCE_LENGTH {"basis": "filtered_full_sequence", "long": {"evaluated_users": 219, "history_length_max": 119, "history_length_mean": 20.98173515981735, "history_length_min": 11, "hit@10": 0.0547945205479452, "hit@5": 0.045662100456621, "ndcg@10": 0.04064858551415587, "ndcg@5": 0.03780658478515486, "recall@10": 0.0547945205479452, "recall@5": 0.045662100456621, "total_users": 219}, "long_rule": "length > threshold", "short": {"evaluated_users": 1238, "history_length_max": 10, "history_length_mean": 5.27221324717286, "history_length_min": 3, "hit@10": 0.11147011308562198, "hit@5": 0.1098546042003231, "ndcg@10": 0.10557344140513612, "ndcg@5": 0.10508512985174062, "recall@10": 0.11147011308562198, "recall@5": 0.1098546042003231, "total_users": 1238}, "short_rule": "length <= threshold", "threshold": 10}
2026-09-12 16:25:25,875 | INFO | 
========== PERIODIC TEST ==========
stage=specialists | epoch=3 | step=162 | users=1457/1457
NDCG  | @5 0.109889 | @10 0.111216
Recall| @5 0.119423 | @10 0.123542
Hit   | @5 0.119423 | @10 0.123542
================================
2026-09-12 16:25:25,875 | INFO | PERIODIC TEST SEQUENCE_LENGTH {"basis": "filtered_full_sequence", "long": {"evaluated_users": 219, "history_length_max": 119, "history_length_mean": 20.98173515981735, "history_length_min": 11, "hit@10": 0.0593607305936073, "hit@5": 0.0547945205479452, "ndcg@10": 0.04109307512484108, "ndcg@5": 0.03977314441106077, "recall@10": 0.0593607305936073, "recall@5": 0.0547945205479452, "total_users": 219}, "long_rule": "length > threshold", "short": {"evaluated_users": 1238, "history_length_max": 10, "history_length_mean": 5.27221324717286, "history_length_min": 3, "hit@10": 0.13489499192245558, "hit@5": 0.1308562197092084, "ndcg@10": 0.12362096758855022, "ndcg@5": 0.12229199181033867, "recall@10": 0.13489499192245558, "recall@5": 0.1308562197092084, "total_users": 1238}, "short_rule": "length <= threshold", "threshold": 10}
2026-09-12 16:25:25,876 | INFO | VALID_STEP step=162 stage=specialists epoch=3 ndcg@10=0.095815 recall@10=0.102951 improved=False
2026-09-12 16:25:25,876 | INFO | stage=specialists epoch=3 loss=8.125450 steps=54 transitions/s=1629.18
2026-09-12 16:25:25,879 | INFO | TRAINING_BRANCHES stage=coordinator long=True short=True preference=False gcn=True preference_auxiliary=False preference_contrastive=False diversity_pairs=0 trainable_parameters=14369
2026-09-12 16:25:28,230 | INFO | 
========== PERIODIC VALIDATION ==========
stage=coordinator | epoch=1 | step=216 | users=1457/1457
NDCG  | @5 0.094973 | @10 0.095815
Recall| @5 0.100206 | @10 0.102951
Hit   | @5 0.100206 | @10 0.102951
================================
2026-09-12 16:25:28,230 | INFO | PERIODIC VALIDATION SEQUENCE_LENGTH {"basis": "filtered_full_sequence", "long": {"evaluated_users": 219, "history_length_max": 119, "history_length_mean": 20.98173515981735, "history_length_min": 11, "hit@10": 0.0547945205479452, "hit@5": 0.045662100456621, "ndcg@10": 0.04064858551415587, "ndcg@5": 0.03780658478515486, "recall@10": 0.0547945205479452, "recall@5": 0.045662100456621, "total_users": 219}, "long_rule": "length > threshold", "short": {"evaluated_users": 1238, "history_length_max": 10, "history_length_mean": 5.27221324717286, "history_length_min": 3, "hit@10": 0.11147011308562198, "hit@5": 0.1098546042003231, "ndcg@10": 0.10557344140513612, "ndcg@5": 0.10508512985174062, "recall@10": 0.11147011308562198, "recall@5": 0.1098546042003231, "total_users": 1238}, "short_rule": "length <= threshold", "threshold": 10}
2026-09-12 16:25:28,603 | INFO | 
========== PERIODIC TEST ==========
stage=coordinator | epoch=1 | step=216 | users=1457/1457
NDCG  | @5 0.109919 | @10 0.111246
Recall| @5 0.119423 | @10 0.123542
Hit   | @5 0.119423 | @10 0.123542
================================
2026-09-12 16:25:28,603 | INFO | PERIODIC TEST SEQUENCE_LENGTH {"basis": "filtered_full_sequence", "long": {"evaluated_users": 219, "history_length_max": 119, "history_length_mean": 20.98173515981735, "history_length_min": 11, "hit@10": 0.0593607305936073, "hit@5": 0.0547945205479452, "ndcg@10": 0.04109307512484108, "ndcg@5": 0.03977314441106077, "recall@10": 0.0593607305936073, "recall@5": 0.0547945205479452, "total_users": 219}, "long_rule": "length > threshold", "short": {"evaluated_users": 1238, "history_length_max": 10, "history_length_mean": 5.27221324717286, "history_length_min": 3, "hit@10": 0.13489499192245558, "hit@5": 0.1308562197092084, "ndcg@10": 0.12365636641798386, "ndcg@5": 0.1223273906397723, "recall@10": 0.13489499192245558, "recall@5": 0.1308562197092084, "total_users": 1238}, "short_rule": "length <= threshold", "threshold": 10}
2026-09-12 16:25:28,604 | INFO | VALID_STEP step=216 stage=coordinator epoch=1 ndcg@10=0.095815 recall@10=0.102951 improved=False
2026-09-12 16:25:28,604 | INFO | LEARNING_RATE step=216 stage=coordinator lr=0.0001
2026-09-12 16:25:28,604 | INFO | stage=coordinator epoch=1 loss=3.842747 steps=54 transitions/s=3460.70
2026-09-12 16:25:31,038 | INFO | 
========== PERIODIC VALIDATION ==========
stage=coordinator | epoch=2 | step=270 | users=1457/1457
NDCG  | @5 0.094973 | @10 0.095815
Recall| @5 0.100206 | @10 0.102951
Hit   | @5 0.100206 | @10 0.102951
================================
2026-09-12 16:25:31,038 | INFO | PERIODIC VALIDATION SEQUENCE_LENGTH {"basis": "filtered_full_sequence", "long": {"evaluated_users": 219, "history_length_max": 119, "history_length_mean": 20.98173515981735, "history_length_min": 11, "hit@10": 0.0547945205479452, "hit@5": 0.045662100456621, "ndcg@10": 0.04064858551415587, "ndcg@5": 0.03780658478515486, "recall@10": 0.0547945205479452, "recall@5": 0.045662100456621, "total_users": 219}, "long_rule": "length > threshold", "short": {"evaluated_users": 1238, "history_length_max": 10, "history_length_mean": 5.27221324717286, "history_length_min": 3, "hit@10": 0.11147011308562198, "hit@5": 0.1098546042003231, "ndcg@10": 0.10557344140513612, "ndcg@5": 0.10508512985174062, "recall@10": 0.11147011308562198, "recall@5": 0.1098546042003231, "total_users": 1238}, "short_rule": "length <= threshold", "threshold": 10}
2026-09-12 16:25:31,410 | INFO | 
========== PERIODIC TEST ==========
stage=coordinator | epoch=2 | step=270 | users=1457/1457
NDCG  | @5 0.109919 | @10 0.111246
Recall| @5 0.119423 | @10 0.123542
Hit   | @5 0.119423 | @10 0.123542
================================
2026-09-12 16:25:31,410 | INFO | PERIODIC TEST SEQUENCE_LENGTH {"basis": "filtered_full_sequence", "long": {"evaluated_users": 219, "history_length_max": 119, "history_length_mean": 20.98173515981735, "history_length_min": 11, "hit@10": 0.0593607305936073, "hit@5": 0.0547945205479452, "ndcg@10": 0.04109307512484108, "ndcg@5": 0.03977314441106077, "recall@10": 0.0593607305936073, "recall@5": 0.0547945205479452, "total_users": 219}, "long_rule": "length > threshold", "short": {"evaluated_users": 1238, "history_length_max": 10, "history_length_mean": 5.27221324717286, "history_length_min": 3, "hit@10": 0.13489499192245558, "hit@5": 0.1308562197092084, "ndcg@10": 0.12365636641798386, "ndcg@5": 0.1223273906397723, "recall@10": 0.13489499192245558, "recall@5": 0.1308562197092084, "total_users": 1238}, "short_rule": "length <= threshold", "threshold": 10}
2026-09-12 16:25:31,410 | INFO | VALID_STEP step=270 stage=coordinator epoch=2 ndcg@10=0.095815 recall@10=0.102951 improved=False
2026-09-12 16:25:31,411 | INFO | LEARNING_RATE step=270 stage=coordinator lr=0.0001
2026-09-12 16:25:31,411 | INFO | stage=coordinator epoch=2 loss=3.927065 steps=54 transitions/s=3431.25
2026-09-12 16:25:33,762 | INFO | 
========== PERIODIC VALIDATION ==========
stage=coordinator | epoch=3 | step=324 | users=1457/1457
NDCG  | @5 0.094973 | @10 0.095815
Recall| @5 0.100206 | @10 0.102951
Hit   | @5 0.100206 | @10 0.102951
================================
2026-09-12 16:25:33,762 | INFO | PERIODIC VALIDATION SEQUENCE_LENGTH {"basis": "filtered_full_sequence", "long": {"evaluated_users": 219, "history_length_max": 119, "history_length_mean": 20.98173515981735, "history_length_min": 11, "hit@10": 0.0547945205479452, "hit@5": 0.045662100456621, "ndcg@10": 0.04064858551415587, "ndcg@5": 0.03780658478515486, "recall@10": 0.0547945205479452, "recall@5": 0.045662100456621, "total_users": 219}, "long_rule": "length > threshold", "short": {"evaluated_users": 1238, "history_length_max": 10, "history_length_mean": 5.27221324717286, "history_length_min": 3, "hit@10": 0.11147011308562198, "hit@5": 0.1098546042003231, "ndcg@10": 0.10557344140513612, "ndcg@5": 0.10508512985174062, "recall@10": 0.11147011308562198, "recall@5": 0.1098546042003231, "total_users": 1238}, "short_rule": "length <= threshold", "threshold": 10}
2026-09-12 16:25:34,133 | INFO | 
========== PERIODIC TEST ==========
stage=coordinator | epoch=3 | step=324 | users=1457/1457
NDCG  | @5 0.109936 | @10 0.111264
Recall| @5 0.119423 | @10 0.123542
Hit   | @5 0.119423 | @10 0.123542
================================
2026-09-12 16:25:34,133 | INFO | PERIODIC TEST SEQUENCE_LENGTH {"basis": "filtered_full_sequence", "long": {"evaluated_users": 219, "history_length_max": 119, "history_length_mean": 20.98173515981735, "history_length_min": 11, "hit@10": 0.0593607305936073, "hit@5": 0.0547945205479452, "ndcg@10": 0.04109307512484108, "ndcg@5": 0.03977314441106077, "recall@10": 0.0593607305936073, "recall@5": 0.0547945205479452, "total_users": 219}, "long_rule": "length > threshold", "short": {"evaluated_users": 1238, "history_length_max": 10, "history_length_mean": 5.27221324717286, "history_length_min": 3, "hit@10": 0.13489499192245558, "hit@5": 0.1308562197092084, "ndcg@10": 0.12367696390674619, "ndcg@5": 0.12234798812853465, "recall@10": 0.13489499192245558, "recall@5": 0.1308562197092084, "total_users": 1238}, "short_rule": "length <= threshold", "threshold": 10}
2026-09-12 16:25:34,133 | INFO | VALID_STEP step=324 stage=coordinator epoch=3 ndcg@10=0.095815 recall@10=0.102951 improved=False
2026-09-12 16:25:34,133 | INFO | LEARNING_RATE step=324 stage=coordinator lr=0.0001
2026-09-12 16:25:34,133 | INFO | stage=coordinator epoch=3 loss=3.926128 steps=54 transitions/s=3463.51
2026-09-12 16:25:34,135 | INFO | TRAINING_BRANCHES stage=joint long=True short=True preference=False gcn=True preference_auxiliary=False preference_contrastive=False diversity_pairs=1 trainable_parameters=874403
2026-09-12 16:25:38,796 | INFO | 
========== PERIODIC VALIDATION ==========
stage=joint | epoch=1 | step=378 | users=1457/1457
NDCG  | @5 0.094865 | @10 0.096181
Recall| @5 0.100206 | @10 0.104324
Hit   | @5 0.100206 | @10 0.104324
================================
2026-09-12 16:25:38,796 | INFO | PERIODIC VALIDATION SEQUENCE_LENGTH {"basis": "filtered_full_sequence", "long": {"evaluated_users": 219, "history_length_max": 119, "history_length_mean": 20.98173515981735, "history_length_min": 11, "hit@10": 0.0547945205479452, "hit@5": 0.045662100456621, "ndcg@10": 0.04090332944194101, "ndcg@5": 0.03800669323647382, "recall@10": 0.0547945205479452, "recall@5": 0.045662100456621, "total_users": 219}, "long_rule": "length > threshold", "short": {"evaluated_users": 1238, "history_length_max": 10, "history_length_mean": 5.27221324717286, "history_length_min": 3, "hit@10": 0.11308562197092084, "hit@5": 0.1098546042003231, "ndcg@10": 0.10595985387728045, "ndcg@5": 0.1049233744434223, "recall@10": 0.11308562197092084, "recall@5": 0.1098546042003231, "total_users": 1238}, "short_rule": "length <= threshold", "threshold": 10}
2026-09-12 16:25:39,142 | INFO | 
========== PERIODIC TEST ==========
stage=joint | epoch=1 | step=378 | users=1457/1457
NDCG  | @5 0.110297 | @10 0.111829
Recall| @5 0.120110 | @10 0.124914
Hit   | @5 0.120110 | @10 0.124914
================================
2026-09-12 16:25:39,142 | INFO | PERIODIC TEST SEQUENCE_LENGTH {"basis": "filtered_full_sequence", "long": {"evaluated_users": 219, "history_length_max": 119, "history_length_mean": 20.98173515981735, "history_length_min": 11, "hit@10": 0.0593607305936073, "hit@5": 0.0547945205479452, "ndcg@10": 0.04109307512484108, "ndcg@5": 0.03977314441106077, "recall@10": 0.0593607305936073, "recall@5": 0.0547945205479452, "total_users": 219}, "long_rule": "length > threshold", "short": {"evaluated_users": 1238, "history_length_max": 10, "history_length_mean": 5.27221324717286, "history_length_min": 3, "hit@10": 0.13651050080775445, "hit@5": 0.13166397415185785, "ndcg@10": 0.12434182344739714, "ndcg@5": 0.1227724628386217, "recall@10": 0.13651050080775445, "recall@5": 0.13166397415185785, "total_users": 1238}, "short_rule": "length <= threshold", "threshold": 10}
2026-09-12 16:25:39,144 | INFO | VALID_STEP step=378 stage=joint epoch=1 ndcg@10=0.096181 recall@10=0.104324 improved=True
2026-09-12 16:25:39,147 | INFO | BEST_MODEL_IN_MEMORY step=378 stage=joint ndcg@10=0.096181
2026-09-12 16:25:39,147 | INFO | LEARNING_RATE step=378 stage=joint lr=5e-05
2026-09-12 16:25:39,147 | INFO | stage=joint epoch=1 loss=3.953196 steps=54 transitions/s=1585.40
2026-09-12 16:25:43,751 | INFO | 
========== PERIODIC VALIDATION ==========
stage=joint | epoch=2 | step=432 | users=1457/1457
NDCG  | @5 0.094570 | @10 0.096122
Recall| @5 0.099520 | @10 0.104324
Hit   | @5 0.099520 | @10 0.104324
================================
2026-09-12 16:25:43,751 | INFO | PERIODIC VALIDATION SEQUENCE_LENGTH {"basis": "filtered_full_sequence", "long": {"evaluated_users": 219, "history_length_max": 119, "history_length_mean": 20.98173515981735, "history_length_min": 11, "hit@10": 0.0547945205479452, "hit@5": 0.045662100456621, "ndcg@10": 0.04090332944194101, "ndcg@5": 0.03800669323647382, "recall@10": 0.0547945205479452, "recall@5": 0.045662100456621, "total_users": 219}, "long_rule": "length > threshold", "short": {"evaluated_users": 1238, "history_length_max": 10, "history_length_mean": 5.27221324717286, "history_length_min": 3, "hit@10": 0.11308562197092084, "hit@5": 0.10904684975767366, "ndcg@10": 0.10589003599334551, "ndcg@5": 0.10457549354029357, "recall@10": 0.11308562197092084, "recall@5": 0.10904684975767366, "total_users": 1238}, "short_rule": "length <= threshold", "threshold": 10}
2026-09-12 16:25:44,099 | INFO | 
========== PERIODIC TEST ==========
stage=joint | epoch=2 | step=432 | users=1457/1457
NDCG  | @5 0.110978 | @10 0.112520
Recall| @5 0.120796 | @10 0.125601
Hit   | @5 0.120796 | @10 0.125601
================================
2026-09-12 16:25:44,100 | INFO | PERIODIC TEST SEQUENCE_LENGTH {"basis": "filtered_full_sequence", "long": {"evaluated_users": 219, "history_length_max": 119, "history_length_mean": 20.98173515981735, "history_length_min": 11, "hit@10": 0.0593607305936073, "hit@5": 0.0547945205479452, "ndcg@10": 0.04109307512484108, "ndcg@5": 0.03977314441106077, "recall@10": 0.0593607305936073, "recall@5": 0.0547945205479452, "total_users": 219}, "long_rule": "length > threshold", "short": {"evaluated_users": 1238, "history_length_max": 10, "history_length_mean": 5.27221324717286, "history_length_min": 3, "hit@10": 0.13731825525040386, "hit@5": 0.13247172859450726, "ndcg@10": 0.12515492936789205, "ndcg@5": 0.12357398373500152, "recall@10": 0.13731825525040386, "recall@5": 0.13247172859450726, "total_users": 1238}, "short_rule": "length <= threshold", "threshold": 10}
2026-09-12 16:25:44,100 | INFO | VALID_STEP step=432 stage=joint epoch=2 ndcg@10=0.096122 recall@10=0.104324 improved=False
2026-09-12 16:25:44,100 | INFO | LEARNING_RATE step=432 stage=joint lr=5e-05
2026-09-12 16:25:44,101 | INFO | stage=joint epoch=2 loss=3.993916 steps=54 transitions/s=1609.22
2026-09-12 16:25:48,786 | INFO | 
========== PERIODIC VALIDATION ==========
stage=joint | epoch=3 | step=486 | users=1457/1457
NDCG  | @5 0.095003 | @10 0.096110
Recall| @5 0.100206 | @10 0.103638
Hit   | @5 0.100206 | @10 0.103638
================================
2026-09-12 16:25:48,786 | INFO | PERIODIC VALIDATION SEQUENCE_LENGTH {"basis": "filtered_full_sequence", "long": {"evaluated_users": 219, "history_length_max": 119, "history_length_mean": 20.98173515981735, "history_length_min": 11, "hit@10": 0.0547945205479452, "hit@5": 0.045662100456621, "ndcg@10": 0.04090332944194101, "ndcg@5": 0.03800669323647382, "recall@10": 0.0547945205479452, "recall@5": 0.045662100456621, "total_users": 219}, "long_rule": "length > threshold", "short": {"evaluated_users": 1238, "history_length_max": 10, "history_length_mean": 5.27221324717286, "history_length_min": 3, "hit@10": 0.1122778675282714, "hit@5": 0.1098546042003231, "ndcg@10": 0.1058756026681859, "ndcg@5": 0.10508512985174062, "recall@10": 0.1122778675282714, "recall@5": 0.1098546042003231, "total_users": 1238}, "short_rule": "length <= threshold", "threshold": 10}
2026-09-12 16:25:49,134 | INFO | 
========== PERIODIC TEST ==========
stage=joint | epoch=3 | step=486 | users=1457/1457
NDCG  | @5 0.110910 | @10 0.112514
Recall| @5 0.120110 | @10 0.124914
Hit   | @5 0.120110 | @10 0.124914
================================
2026-09-12 16:25:49,134 | INFO | PERIODIC TEST SEQUENCE_LENGTH {"basis": "filtered_full_sequence", "long": {"evaluated_users": 219, "history_length_max": 119, "history_length_mean": 20.98173515981735, "history_length_min": 11, "hit@10": 0.0593607305936073, "hit@5": 0.0547945205479452, "ndcg@10": 0.041293183576160034, "ndcg@5": 0.03997325286237973, "recall@10": 0.0593607305936073, "recall@5": 0.0547945205479452, "total_users": 219}, "long_rule": "length > threshold", "short": {"evaluated_users": 1238, "history_length_max": 10, "history_length_mean": 5.27221324717286, "history_length_min": 3, "hit@10": 0.13651050080775445, "hit@5": 0.13166397415185785, "ndcg@10": 0.1251123125291741, "ndcg@5": 0.12345865589905836, "recall@10": 0.13651050080775445, "recall@5": 0.13166397415185785, "total_users": 1238}, "short_rule": "length <= threshold", "threshold": 10}
2026-09-12 16:25:49,134 | INFO | VALID_STEP step=486 stage=joint epoch=3 ndcg@10=0.096110 recall@10=0.103638 improved=False
2026-09-12 16:25:49,135 | INFO | LEARNING_RATE step=486 stage=joint lr=5e-05
2026-09-12 16:25:49,135 | INFO | stage=joint epoch=3 loss=3.977393 steps=54 transitions/s=1578.59
2026-09-12 16:25:53,736 | INFO | 
========== PERIODIC VALIDATION ==========
stage=joint | epoch=4 | step=540 | users=1457/1457
NDCG  | @5 0.095003 | @10 0.096286
Recall| @5 0.100206 | @10 0.104324
Hit   | @5 0.100206 | @10 0.104324
================================
2026-09-12 16:25:53,736 | INFO | PERIODIC VALIDATION SEQUENCE_LENGTH {"basis": "filtered_full_sequence", "long": {"evaluated_users": 219, "history_length_max": 119, "history_length_mean": 20.98173515981735, "history_length_min": 11, "hit@10": 0.0593607305936073, "hit@5": 0.045662100456621, "ndcg@10": 0.04222326015572131, "ndcg@5": 0.03800669323647382, "recall@10": 0.0593607305936073, "recall@5": 0.045662100456621, "total_users": 219}, "long_rule": "length > threshold", "short": {"evaluated_users": 1238, "history_length_max": 10, "history_length_mean": 5.27221324717286, "history_length_min": 3, "hit@10": 0.1122778675282714, "hit@5": 0.1098546042003231, "ndcg@10": 0.10584950950367107, "ndcg@5": 0.10508512985174062, "recall@10": 0.1122778675282714, "recall@5": 0.1098546042003231, "total_users": 1238}, "short_rule": "length <= threshold", "threshold": 10}
2026-09-12 16:25:54,083 | INFO | 
========== PERIODIC TEST ==========
stage=joint | epoch=4 | step=540 | users=1457/1457
NDCG  | @5 0.111441 | @10 0.112556
Recall| @5 0.121482 | @10 0.124914
Hit   | @5 0.121482 | @10 0.124914
================================
2026-09-12 16:25:54,083 | INFO | PERIODIC TEST SEQUENCE_LENGTH {"basis": "filtered_full_sequence", "long": {"evaluated_users": 219, "history_length_max": 119, "history_length_mean": 20.98173515981735, "history_length_min": 11, "hit@10": 0.0593607305936073, "hit@5": 0.0547945205479452, "ndcg@10": 0.041293183576160034, "ndcg@5": 0.03997325286237973, "recall@10": 0.0593607305936073, "recall@5": 0.0547945205479452, "total_users": 219}, "long_rule": "length > threshold", "short": {"evaluated_users": 1238, "history_length_max": 10, "history_length_mean": 5.27221324717286, "history_length_min": 3, "hit@10": 0.13651050080775445, "hit@5": 0.1332794830371567, "ndcg@10": 0.125161820800784, "ndcg@5": 0.12408362004644855, "recall@10": 0.13651050080775445, "recall@5": 0.1332794830371567, "total_users": 1238}, "short_rule": "length <= threshold", "threshold": 10}
2026-09-12 16:25:54,085 | INFO | VALID_STEP step=540 stage=joint epoch=4 ndcg@10=0.096286 recall@10=0.104324 improved=True
2026-09-12 16:25:54,088 | INFO | BEST_MODEL_IN_MEMORY step=540 stage=joint ndcg@10=0.096286
2026-09-12 16:25:54,088 | INFO | LEARNING_RATE step=540 stage=joint lr=5e-05
2026-09-12 16:25:54,088 | INFO | stage=joint epoch=4 loss=3.960842 steps=54 transitions/s=1608.58
2026-09-12 16:25:58,846 | INFO | 
========== PERIODIC VALIDATION ==========
stage=joint | epoch=5 | step=594 | users=1457/1457
NDCG  | @5 0.095346 | @10 0.096629
Recall| @5 0.100892 | @10 0.105010
Hit   | @5 0.100892 | @10 0.105010
================================
2026-09-12 16:25:58,846 | INFO | PERIODIC VALIDATION SEQUENCE_LENGTH {"basis": "filtered_full_sequence", "long": {"evaluated_users": 219, "history_length_max": 119, "history_length_mean": 20.98173515981735, "history_length_min": 11, "hit@10": 0.0593607305936073, "hit@5": 0.0502283105022831, "ndcg@10": 0.0428698890678469, "ndcg@5": 0.039973252862379724, "recall@10": 0.0593607305936073, "recall@5": 0.0502283105022831, "total_users": 219}, "long_rule": "length > threshold", "short": {"evaluated_users": 1238, "history_length_max": 10, "history_length_mean": 5.27221324717286, "history_length_min": 3, "hit@10": 0.11308562197092084, "hit@5": 0.1098546042003231, "ndcg@10": 0.10613899921953898, "ndcg@5": 0.10514112616993658, "recall@10": 0.11308562197092084, "recall@5": 0.1098546042003231, "total_users": 1238}, "short_rule": "length <= threshold", "threshold": 10}
2026-09-12 16:25:59,190 | INFO | 
========== PERIODIC TEST ==========
stage=joint | epoch=5 | step=594 | users=1457/1457
NDCG  | @5 0.111712 | @10 0.113055
Recall| @5 0.121482 | @10 0.125601
Hit   | @5 0.121482 | @10 0.125601
================================
2026-09-12 16:25:59,191 | INFO | PERIODIC TEST SEQUENCE_LENGTH {"basis": "filtered_full_sequence", "long": {"evaluated_users": 219, "history_length_max": 119, "history_length_mean": 20.98173515981735, "history_length_min": 11, "hit@10": 0.0593607305936073, "hit@5": 0.0547945205479452, "ndcg@10": 0.041293183576160034, "ndcg@5": 0.03997325286237973, "recall@10": 0.0593607305936073, "recall@5": 0.0547945205479452, "total_users": 219}, "long_rule": "length > threshold", "short": {"evaluated_users": 1238, "history_length_max": 10, "history_length_mean": 5.27221324717286, "history_length_min": 3, "hit@10": 0.13731825525040386, "hit@5": 0.1332794830371567, "ndcg@10": 0.12574978790163185, "ndcg@5": 0.12440233566641327, "recall@10": 0.13731825525040386, "recall@5": 0.1332794830371567, "total_users": 1238}, "short_rule": "length <= threshold", "threshold": 10}
2026-09-12 16:25:59,193 | INFO | VALID_STEP step=594 stage=joint epoch=5 ndcg@10=0.096629 recall@10=0.105010 improved=True
2026-09-12 16:25:59,194 | INFO | BEST_MODEL_IN_MEMORY step=594 stage=joint ndcg@10=0.096629
2026-09-12 16:25:59,194 | INFO | LEARNING_RATE step=594 stage=joint lr=5e-05
2026-09-12 16:25:59,194 | INFO | stage=joint epoch=5 loss=3.945322 steps=54 transitions/s=1551.69
2026-09-12 16:26:03,888 | INFO | 
========== PERIODIC VALIDATION ==========
stage=joint | epoch=6 | step=648 | users=1457/1457
NDCG  | @5 0.095208 | @10 0.096690
Recall| @5 0.100892 | @10 0.105697
Hit   | @5 0.100892 | @10 0.105697
================================
2026-09-12 16:26:03,888 | INFO | PERIODIC VALIDATION SEQUENCE_LENGTH {"basis": "filtered_full_sequence", "long": {"evaluated_users": 219, "history_length_max": 119, "history_length_mean": 20.98173515981735, "history_length_min": 11, "hit@10": 0.0593607305936073, "hit@5": 0.0502283105022831, "ndcg@10": 0.0428698890678469, "ndcg@5": 0.039973252862379724, "recall@10": 0.0593607305936073, "recall@5": 0.0502283105022831, "total_users": 219}, "long_rule": "length > threshold", "short": {"evaluated_users": 1238, "history_length_max": 10, "history_length_mean": 5.27221324717286, "history_length_min": 3, "hit@10": 0.11389337641357028, "hit@5": 0.1098546042003231, "ndcg@10": 0.10621073720889265, "ndcg@5": 0.10497937076161828, "recall@10": 0.11389337641357028, "recall@5": 0.1098546042003231, "total_users": 1238}, "short_rule": "length <= threshold", "threshold": 10}
2026-09-12 16:26:04,235 | INFO | 
========== PERIODIC TEST ==========
stage=joint | epoch=6 | step=648 | users=1457/1457
NDCG  | @5 0.111862 | @10 0.113610
Recall| @5 0.121482 | @10 0.126973
Hit   | @5 0.121482 | @10 0.126973
================================
2026-09-12 16:26:04,235 | INFO | PERIODIC TEST SEQUENCE_LENGTH {"basis": "filtered_full_sequence", "long": {"evaluated_users": 219, "history_length_max": 119, "history_length_mean": 20.98173515981735, "history_length_min": 11, "hit@10": 0.0593607305936073, "hit@5": 0.0547945205479452, "ndcg@10": 0.041293183576160034, "ndcg@5": 0.03997325286237973, "recall@10": 0.0593607305936073, "recall@5": 0.0547945205479452, "total_users": 219}, "long_rule": "length > threshold", "short": {"evaluated_users": 1238, "history_length_max": 10, "history_length_mean": 5.27221324717286, "history_length_min": 3, "hit@10": 0.13893376413570274, "hit@5": 0.1332794830371567, "ndcg@10": 0.12640299636466176, "ndcg@5": 0.1245788924154029, "recall@10": 0.13893376413570274, "recall@5": 0.1332794830371567, "total_users": 1238}, "short_rule": "length <= threshold", "threshold": 10}
2026-09-12 16:26:04,238 | INFO | VALID_STEP step=648 stage=joint epoch=6 ndcg@10=0.096690 recall@10=0.105697 improved=True
2026-09-12 16:26:04,239 | INFO | BEST_MODEL_IN_MEMORY step=648 stage=joint ndcg@10=0.096690
2026-09-12 16:26:04,239 | INFO | LEARNING_RATE step=648 stage=joint lr=5e-05
2026-09-12 16:26:04,240 | INFO | stage=joint epoch=6 loss=3.931206 steps=54 transitions/s=1575.55
2026-09-12 16:26:08,908 | INFO | 
========== PERIODIC VALIDATION ==========
stage=joint | epoch=7 | step=702 | users=1457/1457
NDCG  | @5 0.095161 | @10 0.096709
Recall| @5 0.100892 | @10 0.105697
Hit   | @5 0.100892 | @10 0.105697
================================
2026-09-12 16:26:08,908 | INFO | PERIODIC VALIDATION SEQUENCE_LENGTH {"basis": "filtered_full_sequence", "long": {"evaluated_users": 219, "history_length_max": 119, "history_length_mean": 20.98173515981735, "history_length_min": 11, "hit@10": 0.0639269406392694, "hit@5": 0.0502283105022831, "ndcg@10": 0.04431036795727947, "ndcg@5": 0.039973252862379724, "recall@10": 0.0639269406392694, "recall@5": 0.0502283105022831, "total_users": 219}, "long_rule": "length > threshold", "short": {"evaluated_users": 1238, "history_length_max": 10, "history_length_mean": 5.27221324717286, "history_length_min": 3, "hit@10": 0.11308562197092084, "hit@5": 0.1098546042003231, "ndcg@10": 0.10597833033428748, "ndcg@5": 0.1049233744434223, "recall@10": 0.11308562197092084, "recall@5": 0.1098546042003231, "total_users": 1238}, "short_rule": "length <= threshold", "threshold": 10}
2026-09-12 16:26:09,254 | INFO | 
========== PERIODIC TEST ==========
stage=joint | epoch=7 | step=702 | users=1457/1457
NDCG  | @5 0.111524 | @10 0.114198
Recall| @5 0.120796 | @10 0.129032
Hit   | @5 0.120796 | @10 0.129032
================================
2026-09-12 16:26:09,254 | INFO | PERIODIC TEST SEQUENCE_LENGTH {"basis": "filtered_full_sequence", "long": {"evaluated_users": 219, "history_length_max": 119, "history_length_mean": 20.98173515981735, "history_length_min": 11, "hit@10": 0.0639269406392694, "hit@5": 0.0547945205479452, "ndcg@10": 0.04292965968686549, "ndcg@5": 0.04028979825930487, "recall@10": 0.0639269406392694, "recall@5": 0.0547945205479452, "total_users": 219}, "long_rule": "length > threshold", "short": {"evaluated_users": 1238, "history_length_max": 10, "history_length_mean": 5.27221324717286, "history_length_min": 3, "hit@10": 0.14054927302100162, "hit@5": 0.13247172859450726, "ndcg@10": 0.12680572356742933, "ndcg@5": 0.12412525242215182, "recall@10": 0.14054927302100162, "recall@5": 0.13247172859450726, "total_users": 1238}, "short_rule": "length <= threshold", "threshold": 10}
2026-09-12 16:26:09,256 | INFO | VALID_STEP step=702 stage=joint epoch=7 ndcg@10=0.096709 recall@10=0.105697 improved=True
2026-09-12 16:26:09,258 | INFO | BEST_MODEL_IN_MEMORY step=702 stage=joint ndcg@10=0.096709
2026-09-12 16:26:09,258 | INFO | LEARNING_RATE step=702 stage=joint lr=5e-05
2026-09-12 16:26:09,258 | INFO | stage=joint epoch=7 loss=3.918042 steps=54 transitions/s=1584.60
2026-09-12 16:26:09,604 | INFO | 
========== FINAL CURRENT VALIDATION ==========
stage=final | epoch=0 | step=702 | users=1457/1457
NDCG  | @5 0.095161 | @10 0.096709
Recall| @5 0.100892 | @10 0.105697
Hit   | @5 0.100892 | @10 0.105697
================================
2026-09-12 16:26:09,604 | INFO | FINAL CURRENT VALIDATION SEQUENCE_LENGTH {"basis": "filtered_full_sequence", "long": {"evaluated_users": 219, "history_length_max": 119, "history_length_mean": 20.98173515981735, "history_length_min": 11, "hit@10": 0.0639269406392694, "hit@5": 0.0502283105022831, "ndcg@10": 0.04431036795727947, "ndcg@5": 0.039973252862379724, "recall@10": 0.0639269406392694, "recall@5": 0.0502283105022831, "total_users": 219}, "long_rule": "length > threshold", "short": {"evaluated_users": 1238, "history_length_max": 10, "history_length_mean": 5.27221324717286, "history_length_min": 3, "hit@10": 0.11308562197092084, "hit@5": 0.1098546042003231, "ndcg@10": 0.10597833033428748, "ndcg@5": 0.1049233744434223, "recall@10": 0.11308562197092084, "recall@5": 0.1098546042003231, "total_users": 1238}, "short_rule": "length <= threshold", "threshold": 10}
2026-09-12 16:26:09,604 | INFO | VALID_STEP step=702 stage=final epoch=0 ndcg@10=0.096709 recall@10=0.105697 improved=False
2026-09-12 16:26:09,606 | INFO | RESTORE_BEST step=702 stage=joint ndcg@10=0.096709
2026-09-12 16:26:10,298 | INFO | 
========== BEST CHECKPOINT VALIDATION ==========
stage=joint | epoch=0 | step=702 | users=1457/1457
NDCG  | @5 0.095161 | @10 0.096709
Recall| @5 0.100892 | @10 0.105697
Hit   | @5 0.100892 | @10 0.105697
================================
2026-09-12 16:26:10,298 | INFO | BEST CHECKPOINT VALIDATION SEQUENCE_LENGTH {"basis": "filtered_full_sequence", "long": {"evaluated_users": 219, "history_length_max": 119, "history_length_mean": 20.98173515981735, "history_length_min": 11, "hit@10": 0.0639269406392694, "hit@5": 0.0502283105022831, "ndcg@10": 0.04431036795727947, "ndcg@5": 0.039973252862379724, "recall@10": 0.0639269406392694, "recall@5": 0.0502283105022831, "total_users": 219}, "long_rule": "length > threshold", "short": {"evaluated_users": 1238, "history_length_max": 10, "history_length_mean": 5.27221324717286, "history_length_min": 3, "hit@10": 0.11308562197092084, "hit@5": 0.1098546042003231, "ndcg@10": 0.10597833033428748, "ndcg@5": 0.1049233744434223, "recall@10": 0.11308562197092084, "recall@5": 0.1098546042003231, "total_users": 1238}, "short_rule": "length <= threshold", "threshold": 10}
2026-09-12 16:26:10,298 | INFO | 
========== FINAL FULL TEST ==========
stage=joint | epoch=0 | step=702 | users=1457/1457
NDCG  | @5 0.111524 | @10 0.114198
Recall| @5 0.120796 | @10 0.129032
Hit   | @5 0.120796 | @10 0.129032
================================
2026-09-12 16:26:10,298 | INFO | FINAL FULL TEST SEQUENCE_LENGTH {"basis": "filtered_full_sequence", "long": {"evaluated_users": 219, "history_length_max": 119, "history_length_mean": 20.98173515981735, "history_length_min": 11, "hit@10": 0.0639269406392694, "hit@5": 0.0547945205479452, "ndcg@10": 0.04292965968686549, "ndcg@5": 0.04028979825930487, "recall@10": 0.0639269406392694, "recall@5": 0.0547945205479452, "total_users": 219}, "long_rule": "length > threshold", "short": {"evaluated_users": 1238, "history_length_max": 10, "history_length_mean": 5.27221324717286, "history_length_min": 3, "hit@10": 0.14054927302100162, "hit@5": 0.13247172859450726, "ndcg@10": 0.12680572356742933, "ndcg@5": 0.12412525242215182, "recall@10": 0.14054927302100162, "recall@5": 0.13247172859450726, "total_users": 1238}, "short_rule": "length <= threshold", "threshold": 10}
2026-09-12 16:26:10,298 | INFO | VALID_BEST {"evaluated_users": 1457, "hit@10": 0.10569663692518874, "hit@5": 0.10089224433768017, "long_agent_weight": 0.47704351709244097, "long_preference_state_cosine": 0.0, "long_short_state_cosine": 0.9113301635197605, "ndcg@10": 0.09670908907626538, "ndcg@5": 0.09516079636903028, "preference_change_probability": 0.0, "preference_current_entropy": 5.89461797000118e-06, "preference_next_entropy": 5.89461797000118e-06, "preference_ranking_weight": 0.0, "recall@10": 0.10569663692518874, "recall@5": 0.10089224433768017, "scores_per_second": 17416955.227393735, "sequence_length": {"basis": "filtered_full_sequence", "long": {"evaluated_users": 219, "history_length_max": 119, "history_length_mean": 20.98173515981735, "history_length_min": 11, "hit@10": 0.0639269406392694, "hit@5": 0.0502283105022831, "ndcg@10": 0.04431036795727947, "ndcg@5": 0.039973252862379724, "recall@10": 0.0639269406392694, "recall@5": 0.0502283105022831, "total_users": 219}, "long_rule": "length > threshold", "short": {"evaluated_users": 1238, "history_length_max": 10, "history_length_mean": 5.27221324717286, "history_length_min": 3, "hit@10": 0.11308562197092084, "hit@5": 0.1098546042003231, "ndcg@10": 0.10597833033428748, "ndcg@5": 0.1049233744434223, "recall@10": 0.11308562197092084, "recall@5": 0.1098546042003231, "total_users": 1238}, "short_rule": "length <= threshold", "threshold": 10}, "short_agent_weight": 0.5229564776711867, "short_preference_state_cosine": 0.0, "total_users": 1457, "users_per_second": 4258.424260976464}
2026-09-12 16:26:10,298 | INFO | TEST_FINAL {"evaluated_users": 1457, "hit@10": 0.12903225806451613, "hit@5": 0.12079615648592999, "long_agent_weight": 0.4790444632630358, "long_preference_state_cosine": 0.0, "long_short_state_cosine": 0.8885902844640434, "ndcg@10": 0.11419840716464763, "ndcg@5": 0.11152404092646005, "preference_change_probability": 0.0, "preference_current_entropy": 5.89461797000118e-06, "preference_next_entropy": 5.89461797000118e-06, "preference_ranking_weight": 0.0, "recall@10": 0.12903225806451613, "recall@5": 0.12079615648592999, "scores_per_second": 17144781.88021031, "sequence_length": {"basis": "filtered_full_sequence", "long": {"evaluated_users": 219, "history_length_max": 119, "history_length_mean": 20.98173515981735, "history_length_min": 11, "hit@10": 0.0639269406392694, "hit@5": 0.0547945205479452, "ndcg@10": 0.04292965968686549, "ndcg@5": 0.04028979825930487, "recall@10": 0.0639269406392694, "recall@5": 0.0547945205479452, "total_users": 219}, "long_rule": "length > threshold", "short": {"evaluated_users": 1238, "history_length_max": 10, "history_length_mean": 5.27221324717286, "history_length_min": 3, "hit@10": 0.14054927302100162, "hit@5": 0.13247172859450726, "ndcg@10": 0.12680572356742933, "ndcg@5": 0.12412525242215182, "recall@10": 0.14054927302100162, "recall@5": 0.13247172859450726, "total_users": 1238}, "short_rule": "length <= threshold", "threshold": 10}, "short_agent_weight": 0.5209555380460573, "short_preference_state_cosine": 0.0, "total_users": 1457, "users_per_second": 4191.878210320369}
2026-09-12 16:26:10,298 | INFO | TARGET_RESULT metric=recall@10 target=>0.150000 actual=0.129032 achieved=False
2026-09-12 16:26:10,575 | INFO | FINAL_LENGTH_SCORES dataset=amazon-all-beauty group=short split=valid threshold=10 users=1238/1238 scores={"hit@10": 0.11308562197092084, "hit@5": 0.1098546042003231, "ndcg@10": 0.10597833033428748, "ndcg@5": 0.1049233744434223, "recall@10": 0.11308562197092084, "recall@5": 0.1098546042003231}
2026-09-12 16:26:10,575 | INFO | FINAL_LENGTH_SCORES dataset=amazon-all-beauty group=short split=test threshold=10 users=1238/1238 scores={"hit@10": 0.14054927302100162, "hit@5": 0.13247172859450726, "ndcg@10": 0.12680572356742933, "ndcg@5": 0.12412525242215182, "recall@10": 0.14054927302100162, "recall@5": 0.13247172859450726}
2026-09-12 16:26:10,576 | INFO | short_scores=/workspace/P78123011/MediaTek_2026_project/ver4/outputs_mamba_rl/amazons_long_short_L1_S1_P0_G1/Full_Beauty/rl_20260912_162509_r1_638904/short_scores.json
2026-09-12 16:26:10,576 | INFO | FINAL_LENGTH_SCORES dataset=amazon-all-beauty group=long split=valid threshold=10 users=219/219 scores={"hit@10": 0.0639269406392694, "hit@5": 0.0502283105022831, "ndcg@10": 0.04431036795727947, "ndcg@5": 0.039973252862379724, "recall@10": 0.0639269406392694, "recall@5": 0.0502283105022831}
2026-09-12 16:26:10,576 | INFO | FINAL_LENGTH_SCORES dataset=amazon-all-beauty group=long split=test threshold=10 users=219/219 scores={"hit@10": 0.0639269406392694, "hit@5": 0.0547945205479452, "ndcg@10": 0.04292965968686549, "ndcg@5": 0.04028979825930487, "recall@10": 0.0639269406392694, "recall@5": 0.0547945205479452}
2026-09-12 16:26:10,576 | INFO | long_scores=/workspace/P78123011/MediaTek_2026_project/ver4/outputs_mamba_rl/amazons_long_short_L1_S1_P0_G1/Full_Beauty/rl_20260912_162509_r1_638904/long_scores.json
2026-09-12 16:26:10,576 | INFO | scores=/workspace/P78123011/MediaTek_2026_project/ver4/outputs_mamba_rl/amazons_long_short_L1_S1_P0_G1/Full_Beauty/rl_20260912_162509_r1_638904/Full_Beauty_scores.json
2026-09-12 16:26:10,576 | INFO | outputs=/workspace/P78123011/MediaTek_2026_project/ver4/outputs_mamba_rl/amazons_long_short_L1_S1_P0_G1/Full_Beauty/rl_20260912_162509_r1_638904
