2026-09-17 00:50:28,233 | INFO | run_id=20260917_005028 dataset=amazon-sports-and-outdoors device=cuda:0
2026-09-17 00:50:28,233 | INFO | MODEL recommender=MultiAgentMambaRecommender semantic_encoder=MambaTextEncoder semantic_model_id=state-spaces/mamba-130m-hf graph_backbone=LightGCN adaptation=multi_lora
2026-09-17 00:50:28,233 | INFO | ABLATION USE_LONG=0 USE_SHORT=1 USE_PREFERENCE=1 USE_GCN=1
2026-09-17 00:50:28,233 | INFO | AGENT_HISTORY mode=short_window_only effective_max_history=8
2026-09-17 00:50:28,233 | INFO | EXPERIMENT_NOTE amazons_long_short subset=Sports_and_Outdoors; short filtered-full-sequence <= 10; long > 10; same model and full catalog
2026-09-17 00:50:28,234 | INFO | EXPERIMENT_CONFIG {"agent_diversity_coef": 0.02, "batch_size": 128, "cache_dir": "/workspace/P78123011/cache", "candidates": 256, "coordinator_epochs": 3, "coordinator_lr": 0.0001, "data_path": null, "dataset": "amazon-sports-and-outdoors", "device": "cuda:0", "dim": 128, "early_stopping_patience": 6, "enable_lora": 1, "eval_batch_size": 64, "eval_length_basis": "filtered_full_sequence", "eval_length_threshold": 10, "experiment_note": "amazons_long_short subset=Sports_and_Outdoors; short filtered-full-sequence <= 10; long > 10; same model and full catalog", "full_catalog_supervised": false, "future_decay": 0.5, "future_horizon": 3, "generate_reasons": false, "graph_device": "cuda:0", "hard_negative_fraction": 0.75, "hard_negative_pool_multiplier": 12, "hard_negative_warmup_epochs": 2, "item_prompt_prefix": "Preference-aware product representation: ", "item_vector_artifact": null, "joint_epochs": 7, "joint_lr": 5e-05, "lora_alpha": 32.0, "lora_dropout": 0.05, "lora_rank": 16, "lr_patience": 2, "mamba_encode_batch_size": 32, "mamba_max_tokens": 32, "mamba_model_id": "state-spaces/mamba-130m-hf", "max_events": null, "max_history": 100, "max_transitions": 1000000, "min_rating": 4.0, "monitor_metric": "ndcg@10", "output_dir": "/workspace/P78123011/MediaTek_2026_project/ver4/outputs_mamba_rl/amazons_lora", "output_run_dir": "/workspace/P78123011/MediaTek_2026_project/ver4/outputs_mamba_rl/amazons_long_short_L0_S1_P1_G1_SW8/Sports_and_Outdoors/rl_20260917_005026_r1_996978", "periodic_test_user_limit": 0, "popularity_alpha": 0.35, "preference_balance_coef": 0.01, "preference_coef": 0.2, "preference_contrastive_coef": 0.05, "preference_count": 32, "preference_hidden": 128, "preference_score_weight": 0.2, "preference_separation_coef": 0.01, "preference_sharpness_coef": 0.05, "preference_temperature": 0.2, "preference_transition_coef": 0.1, "reason_count": 20, "reason_max_new_tokens": 40, "refresh_data_cache": false, "resume_checkpoint": null, "save_model_weights": false, "score_file": "/workspace/P78123011/MediaTek_2026_project/ver4/outputs_mamba_rl/amazons_long_short_L0_S1_P1_G1_SW8/Sports_and_Outdoors/rl_20260917_005026_r1_996978/Sports_and_Outdoors_scores.json", "seed": 25252, "short_window": 8, "skip_mamba": false, "specialist_epochs": 3, "specialist_lr": 0.0001, "target_recall_at_10": 0.15, "transition_beta": 0.5, "use_graph_embeddings": true, "use_in_batch_negatives": true, "use_long": 0, "use_preference": 1, "use_short": 1, "validate_every_steps": 8000, "validation_user_limit": 0}
2026-09-17 00:50:29,269 | INFO | INTERACTION_CACHE hit path=/workspace/P78123011/cache/mamba_multi_agent_data/amazon-sports-and-outdoors_fcc157f72b81.pkl
2026-09-17 00:50:29,292 | INFO | LENGTH_SPLIT preprocessing=original_one_pass_user_item_min_5 basis=filtered_full_sequence short<=10 long>10
2026-09-17 00:50:29,301 | INFO | users=631803 items=401572 train_interactions=3678023
2026-09-17 00:50:41,535 | INFO | CATALOG_PRIORS popularity_alpha=0.350000 transition_beta=0.500000 source=train_histories_only enabled=True
2026-09-17 00:50:43,903 | INFO | ITEM_VECTOR_ARTIFACT path=/workspace/P78123011/cache/mamba_multi_agent/amazon-sports-and-outdoors_401572_909fc18038f4_prompt_tok32.pt fingerprint=909fc18038f4
2026-09-17 00:50:43,903 | INFO | SEMANTIC_BACKBONE model_id=state-spaces/mamba-130m-hf hidden_size=768 frozen=True usage=shared_cached_item_vectors
2026-09-17 00:50:45,217 | INFO | GRAPH_EMBEDDINGS enabled=True source=train_histories_only main_device=cuda:0 graph_device=cuda:0
2026-09-17 00:50:46,423 | INFO | ADAPTATION_MODE mode=multi_lora enable_lora=1
2026-09-17 00:50:46,424 | INFO | ADAPTER_ROUTES {'short': ('candidate_lora', 'delta_lora', 'gate_lora', 'output_lora'), 'preference': ('transition_lora', 'state_lora'), 'coordinator': ('state_lora', 'mix_lora', 'score_lora')}
2026-09-17 00:50:46,424 | INFO | agent_parameters={'long': 16513, 'short': 16513, 'preference': 78786, 'coordinator': 14373, 'shared_projection': 98304, 'graph': 132272000}
2026-09-17 00:50:46,424 | INFO | PREDICTION_PATH graph_only=False active_agents=2 coordinator=True
2026-09-17 00:50:50,426 | INFO | training_transitions=1000000
2026-09-17 00:50:50,426 | INFO | schedule specialist_epochs=3 coordinator_epochs=3 joint_ranking_epochs=7 validate_every_steps=8000 validation_users=0 periodic_test_users=0 monitor=ndcg@10 early_stopping_patience=6
2026-09-17 00:50:51,551 | INFO | TRAINING_BRANCHES stage=specialists long=False short=True preference=True gcn=True preference_auxiliary=True preference_contrastive=False diversity_pairs=0 trainable_parameters=132465603
2026-09-17 01:12:55,736 | INFO | 
========== PERIODIC VALIDATION ==========
stage=specialists | epoch=1 | step=7813 | users=625563/625563
NDCG  | @5 0.019428 | @10 0.022335
Recall| @5 0.025903 | @10 0.034935
Hit   | @5 0.025903 | @10 0.034935
================================
2026-09-17 01:12:55,736 | INFO | PERIODIC VALIDATION SEQUENCE_LENGTH {"basis": "filtered_full_sequence", "long": {"evaluated_users": 97306, "history_length_max": 767, "history_length_mean": 18.187100487123097, "history_length_min": 11, "hit@10": 0.030522269952520914, "hit@5": 0.021694448441000554, "ndcg@10": 0.018763540261298495, "ndcg@5": 0.015919780842878845, "recall@10": 0.030522269952520914, "recall@5": 0.021694448441000554, "total_users": 97306}, "long_rule": "length > threshold", "short": {"evaluated_users": 528257, "history_length_max": 10, "history_length_mean": 5.959404229380775, "history_length_min": 3, "hit@10": 0.035747751567892144, "hit@5": 0.02667830241719466, "ndcg@10": 0.022993249767771094, "ndcg@5": 0.020074310839369263, "recall@10": 0.035747751567892144, "recall@5": 0.02667830241719466, "total_users": 528257}, "short_rule": "length <= threshold", "threshold": 10}
2026-09-17 01:15:08,391 | INFO | 
========== PERIODIC TEST ==========
stage=specialists | epoch=1 | step=7813 | users=625563/625563
NDCG  | @5 0.020198 | @10 0.022894
Recall| @5 0.026550 | @10 0.034941
Hit   | @5 0.026550 | @10 0.034941
================================
2026-09-17 01:15:08,391 | INFO | PERIODIC TEST SEQUENCE_LENGTH {"basis": "filtered_full_sequence", "long": {"evaluated_users": 97306, "history_length_max": 767, "history_length_mean": 18.187100487123097, "history_length_min": 11, "hit@10": 0.03180687727375496, "hit@5": 0.023698435862125666, "ndcg@10": 0.020332721481389586, "ndcg@5": 0.017725355460851126, "recall@10": 0.03180687727375496, "recall@5": 0.023698435862125666, "total_users": 97306}, "long_rule": "length > threshold", "short": {"evaluated_users": 528257, "history_length_max": 10, "history_length_mean": 5.959404229380775, "history_length_min": 3, "hit@10": 0.03551869639209703, "hit@5": 0.027075836193368, "ndcg@10": 0.023365857224576608, "ndcg@5": 0.020653695222535722, "recall@10": 0.03551869639209703, "recall@5": 0.027075836193368, "total_users": 528257}, "short_rule": "length <= threshold", "threshold": 10}
2026-09-17 01:15:08,391 | INFO | VALID_STEP step=7813 stage=specialists epoch=1 ndcg@10=0.022335 recall@10=0.034935 improved=True
2026-09-17 01:15:08,649 | INFO | BEST_MODEL_IN_MEMORY step=7813 stage=specialists ndcg@10=0.022335
2026-09-17 01:15:08,649 | INFO | stage=specialists epoch=1 loss=10.737894 steps=7813 transitions/s=842.61
2026-09-17 01:37:11,526 | INFO | 
========== PERIODIC VALIDATION ==========
stage=specialists | epoch=2 | step=15626 | users=625563/625563
NDCG  | @5 0.024779 | @10 0.027926
Recall| @5 0.031671 | @10 0.041454
Hit   | @5 0.031671 | @10 0.041454
================================
2026-09-17 01:37:11,527 | INFO | PERIODIC VALIDATION SEQUENCE_LENGTH {"basis": "filtered_full_sequence", "long": {"evaluated_users": 97306, "history_length_max": 767, "history_length_mean": 18.187100487123097, "history_length_min": 11, "hit@10": 0.03610260415596161, "hit@5": 0.02649374139313095, "ndcg@10": 0.023460089857044883, "ndcg@5": 0.02037415330262643, "recall@10": 0.03610260415596161, "recall@5": 0.02649374139313095, "total_users": 97306}, "long_rule": "length > threshold", "short": {"evaluated_users": 528257, "history_length_max": 10, "history_length_mean": 5.959404229380775, "history_length_min": 3, "hit@10": 0.0424395701334767, "hit@5": 0.03262427189795876, "ndcg@10": 0.028748095050523798, "ndcg@5": 0.025590282797484983, "recall@10": 0.0424395701334767, "recall@5": 0.03262427189795876, "total_users": 528257}, "short_rule": "length <= threshold", "threshold": 10}
2026-09-17 01:39:24,313 | INFO | 
========== PERIODIC TEST ==========
stage=specialists | epoch=2 | step=15626 | users=625563/625563
NDCG  | @5 0.027112 | @10 0.029998
Recall| @5 0.033888 | @10 0.042838
Hit   | @5 0.033888 | @10 0.042838
================================
2026-09-17 01:39:24,314 | INFO | PERIODIC TEST SEQUENCE_LENGTH {"basis": "filtered_full_sequence", "long": {"evaluated_users": 97306, "history_length_max": 767, "history_length_mean": 18.187100487123097, "history_length_min": 11, "hit@10": 0.038127145294226464, "hit@5": 0.02912461718701827, "ndcg@10": 0.02599333241047717, "ndcg@5": 0.023077632341323043, "recall@10": 0.038127145294226464, "recall@5": 0.02912461718701827, "total_users": 97306}, "long_rule": "length > threshold", "short": {"evaluated_users": 528257, "history_length_max": 10, "history_length_mean": 5.959404229380775, "history_length_min": 3, "hit@10": 0.043705999163286054, "hit@5": 0.03476527523534946, "ndcg@10": 0.0307351918098867, "ndcg@5": 0.027855321740664726, "recall@10": 0.043705999163286054, "recall@5": 0.03476527523534946, "total_users": 528257}, "short_rule": "length <= threshold", "threshold": 10}
2026-09-17 01:39:24,314 | INFO | VALID_STEP step=15626 stage=specialists epoch=2 ndcg@10=0.027926 recall@10=0.041454 improved=True
2026-09-17 01:39:24,632 | INFO | BEST_MODEL_IN_MEMORY step=15626 stage=specialists ndcg@10=0.027926
2026-09-17 01:39:24,632 | INFO | stage=specialists epoch=2 loss=10.512623 steps=7813 transitions/s=843.69
2026-09-17 02:01:28,912 | INFO | 
========== PERIODIC VALIDATION ==========
stage=specialists | epoch=3 | step=23439 | users=625563/625563
NDCG  | @5 0.024369 | @10 0.027320
Recall| @5 0.030879 | @10 0.040060
Hit   | @5 0.030879 | @10 0.040060
================================
2026-09-17 02:01:28,912 | INFO | PERIODIC VALIDATION SEQUENCE_LENGTH {"basis": "filtered_full_sequence", "long": {"evaluated_users": 97306, "history_length_max": 767, "history_length_mean": 18.187100487123097, "history_length_min": 11, "hit@10": 0.03611288101453148, "hit@5": 0.027007584321624565, "ndcg@10": 0.024207057088173507, "ndcg@5": 0.02128384599753795, "recall@10": 0.03611288101453148, "recall@5": 0.027007584321624565, "total_users": 97306}, "long_rule": "length > threshold", "short": {"evaluated_users": 528257, "history_length_max": 10, "history_length_mean": 5.959404229380775, "history_length_min": 3, "hit@10": 0.040786965435384674, "hit@5": 0.03159257709788985, "ndcg@10": 0.027893559908886728, "ndcg@5": 0.02493698238938253, "recall@10": 0.040786965435384674, "recall@5": 0.03159257709788985, "total_users": 528257}, "short_rule": "length <= threshold", "threshold": 10}
2026-09-17 02:03:41,385 | INFO | 
========== PERIODIC TEST ==========
stage=specialists | epoch=3 | step=23439 | users=625563/625563
NDCG  | @5 0.027851 | @10 0.030624
Recall| @5 0.034155 | @10 0.042758
Hit   | @5 0.034155 | @10 0.042758
================================
2026-09-17 02:03:41,385 | INFO | PERIODIC TEST SEQUENCE_LENGTH {"basis": "filtered_full_sequence", "long": {"evaluated_users": 97306, "history_length_max": 767, "history_length_mean": 18.187100487123097, "history_length_min": 11, "hit@10": 0.039709781513986804, "hit@5": 0.031395802930960066, "ndcg@10": 0.02786176735391418, "ndcg@5": 0.025185584246000134, "recall@10": 0.039709781513986804, "recall@5": 0.031395802930960066, "total_users": 97306}, "long_rule": "length > threshold", "short": {"evaluated_users": 528257, "history_length_max": 10, "history_length_mean": 5.959404229380775, "history_length_min": 3, "hit@10": 0.04331982349500338, "hit@5": 0.03466305226433346, "ndcg@10": 0.0311330686300084, "ndcg@5": 0.028342359550296264, "recall@10": 0.04331982349500338, "recall@5": 0.03466305226433346, "total_users": 528257}, "short_rule": "length <= threshold", "threshold": 10}
2026-09-17 02:03:41,386 | INFO | VALID_STEP step=23439 stage=specialists epoch=3 ndcg@10=0.027320 recall@10=0.040060 improved=False
2026-09-17 02:03:41,386 | INFO | stage=specialists epoch=3 loss=9.640571 steps=7813 transitions/s=843.25
2026-09-17 02:03:41,643 | INFO | TRAINING_BRANCHES stage=coordinator long=False short=True preference=True gcn=True preference_auxiliary=False preference_contrastive=False diversity_pairs=0 trainable_parameters=10245
2026-09-17 02:15:57,289 | INFO | 
========== PERIODIC VALIDATION ==========
stage=coordinator | epoch=1 | step=31252 | users=625563/625563
NDCG  | @5 0.024058 | @10 0.026995
Recall| @5 0.030480 | @10 0.039612
Hit   | @5 0.030480 | @10 0.039612
================================
2026-09-17 02:15:57,289 | INFO | PERIODIC VALIDATION SEQUENCE_LENGTH {"basis": "filtered_full_sequence", "long": {"evaluated_users": 97306, "history_length_max": 767, "history_length_mean": 18.187100487123097, "history_length_min": 11, "hit@10": 0.036236203317369944, "hit@5": 0.02705896861447393, "ndcg@10": 0.024132214749150612, "ndcg@5": 0.021193174582147443, "recall@10": 0.036236203317369944, "recall@5": 0.02705896861447393, "total_users": 97306}, "long_rule": "length > threshold", "short": {"evaluated_users": 528257, "history_length_max": 10, "history_length_mean": 5.959404229380775, "history_length_min": 3, "hit@10": 0.04023420418470555, "hit@5": 0.03110985751253651, "ndcg@10": 0.027522368008240938, "ndcg@5": 0.0245859637194728, "recall@10": 0.04023420418470555, "recall@5": 0.03110985751253651, "total_users": 528257}, "short_rule": "length <= threshold", "threshold": 10}
2026-09-17 02:18:10,956 | INFO | 
========== PERIODIC TEST ==========
stage=coordinator | epoch=1 | step=31252 | users=625563/625563
NDCG  | @5 0.027886 | @10 0.030616
Recall| @5 0.034081 | @10 0.042558
Hit   | @5 0.034081 | @10 0.042558
================================
2026-09-17 02:18:10,956 | INFO | PERIODIC TEST SEQUENCE_LENGTH {"basis": "filtered_full_sequence", "long": {"evaluated_users": 97306, "history_length_max": 767, "history_length_mean": 18.187100487123097, "history_length_min": 11, "hit@10": 0.040090025281072084, "hit@5": 0.031755492980905596, "ndcg@10": 0.028299100772059584, "ndcg@5": 0.02561035887943463, "recall@10": 0.040090025281072084, "recall@5": 0.031755492980905596, "total_users": 97306}, "long_rule": "length > threshold", "short": {"evaluated_users": 528257, "history_length_max": 10, "history_length_mean": 5.959404229380775, "history_length_min": 3, "hit@10": 0.04301315458195537, "hit@5": 0.034509717807809454, "ndcg@10": 0.03104301490526437, "ndcg@5": 0.028305305534038355, "recall@10": 0.04301315458195537, "recall@5": 0.034509717807809454, "total_users": 528257}, "short_rule": "length <= threshold", "threshold": 10}
2026-09-17 02:18:10,957 | INFO | VALID_STEP step=31252 stage=coordinator epoch=1 ndcg@10=0.026995 recall@10=0.039612 improved=False
2026-09-17 02:18:10,957 | INFO | LEARNING_RATE step=31252 stage=coordinator lr=0.0001
2026-09-17 02:18:10,957 | INFO | stage=coordinator epoch=1 loss=3.450092 steps=7813 transitions/s=1673.65
2026-09-17 02:30:28,982 | INFO | 
========== PERIODIC VALIDATION ==========
stage=coordinator | epoch=2 | step=39065 | users=625563/625563
NDCG  | @5 0.023592 | @10 0.026416
Recall| @5 0.029951 | @10 0.038747
Hit   | @5 0.029951 | @10 0.038747
================================
2026-09-17 02:30:28,982 | INFO | PERIODIC VALIDATION SEQUENCE_LENGTH {"basis": "filtered_full_sequence", "long": {"evaluated_users": 97306, "history_length_max": 767, "history_length_mean": 18.187100487123097, "history_length_min": 11, "hit@10": 0.03537294719750067, "hit@5": 0.02673010914023801, "ndcg@10": 0.023643314404992184, "ndcg@5": 0.020873610574146235, "recall@10": 0.03537294719750067, "recall@5": 0.02673010914023801, "total_users": 97306}, "long_rule": "length > threshold", "short": {"evaluated_users": 528257, "history_length_max": 10, "history_length_mean": 5.959404229380775, "history_length_min": 3, "hit@10": 0.03936909496703309, "hit@5": 0.030543845135984946, "ndcg@10": 0.026926823973229316, "ndcg@5": 0.0240921539400016, "recall@10": 0.03936909496703309, "recall@5": 0.030543845135984946, "total_users": 528257}, "short_rule": "length <= threshold", "threshold": 10}
2026-09-17 02:32:42,774 | INFO | 
========== PERIODIC TEST ==========
stage=coordinator | epoch=2 | step=39065 | users=625563/625563
NDCG  | @5 0.027577 | @10 0.030234
Recall| @5 0.033645 | @10 0.041892
Hit   | @5 0.033645 | @10 0.041892
================================
2026-09-17 02:32:42,774 | INFO | PERIODIC TEST SEQUENCE_LENGTH {"basis": "filtered_full_sequence", "long": {"evaluated_users": 97306, "history_length_max": 767, "history_length_mean": 18.187100487123097, "history_length_min": 11, "hit@10": 0.039833103816825276, "hit@5": 0.03163217067806713, "ndcg@10": 0.028189838158460743, "ndcg@5": 0.02555613179309861, "recall@10": 0.039833103816825276, "recall@5": 0.03163217067806713, "total_users": 97306}, "long_rule": "length > threshold", "short": {"evaluated_users": 528257, "history_length_max": 10, "history_length_mean": 5.959404229380775, "history_length_min": 3, "hit@10": 0.04227109153309847, "hit@5": 0.03401564011456545, "ndcg@10": 0.030610324885622067, "ndcg@5": 0.027949699612040982, "recall@10": 0.04227109153309847, "recall@5": 0.03401564011456545, "total_users": 528257}, "short_rule": "length <= threshold", "threshold": 10}
2026-09-17 02:32:42,775 | INFO | VALID_STEP step=39065 stage=coordinator epoch=2 ndcg@10=0.026416 recall@10=0.038747 improved=False
2026-09-17 02:32:42,775 | INFO | LEARNING_RATE step=39065 stage=coordinator lr=0.0001
2026-09-17 02:32:42,775 | INFO | stage=coordinator epoch=2 loss=3.550818 steps=7813 transitions/s=1671.55
2026-09-17 02:45:00,268 | INFO | 
========== PERIODIC VALIDATION ==========
stage=coordinator | epoch=3 | step=46878 | users=625563/625563
NDCG  | @5 0.023285 | @10 0.026081
Recall| @5 0.029569 | @10 0.038263
Hit   | @5 0.029569 | @10 0.038263
================================
2026-09-17 02:45:00,268 | INFO | PERIODIC VALIDATION SEQUENCE_LENGTH {"basis": "filtered_full_sequence", "long": {"evaluated_users": 97306, "history_length_max": 767, "history_length_mean": 18.187100487123097, "history_length_min": 11, "hit@10": 0.03498242657184552, "hit@5": 0.026390972807432224, "ndcg@10": 0.02343710151724207, "ndcg@5": 0.0206749613006579, "recall@10": 0.03498242657184552, "recall@5": 0.026390972807432224, "total_users": 97306}, "long_rule": "length > threshold", "short": {"evaluated_users": 528257, "history_length_max": 10, "history_length_mean": 5.959404229380775, "history_length_min": 3, "hit@10": 0.03886744520186197, "hit@5": 0.030153883431738717, "ndcg@10": 0.026567681841385235, "ndcg@5": 0.023765438929817334, "recall@10": 0.03886744520186197, "recall@5": 0.030153883431738717, "total_users": 528257}, "short_rule": "length <= threshold", "threshold": 10}
2026-09-17 02:47:14,102 | INFO | 
========== PERIODIC TEST ==========
stage=coordinator | epoch=3 | step=46878 | users=625563/625563
NDCG  | @5 0.027320 | @10 0.029947
Recall| @5 0.033311 | @10 0.041470
Hit   | @5 0.033311 | @10 0.041470
================================
2026-09-17 02:47:14,102 | INFO | PERIODIC TEST SEQUENCE_LENGTH {"basis": "filtered_full_sequence", "long": {"evaluated_users": 97306, "history_length_max": 767, "history_length_mean": 18.187100487123097, "history_length_min": 11, "hit@10": 0.039545351776868846, "hit@5": 0.031282757486691466, "ndcg@10": 0.028060466202982092, "ndcg@5": 0.02540051853562893, "recall@10": 0.039545351776868846, "recall@5": 0.031282757486691466, "total_users": 97306}, "long_rule": "length > threshold", "short": {"evaluated_users": 528257, "history_length_max": 10, "history_length_mean": 5.959404229380775, "history_length_min": 3, "hit@10": 0.04182433928939891, "hit@5": 0.03368436196775433, "ndcg@10": 0.03029492748534102, "ndcg@5": 0.027673317861447857, "recall@10": 0.04182433928939891, "recall@5": 0.03368436196775433, "total_users": 528257}, "short_rule": "length <= threshold", "threshold": 10}
2026-09-17 02:47:14,103 | INFO | VALID_STEP step=46878 stage=coordinator epoch=3 ndcg@10=0.026081 recall@10=0.038263 improved=False
2026-09-17 02:47:14,103 | INFO | LEARNING_RATE step=46878 stage=coordinator lr=0.0001
2026-09-17 02:47:14,103 | INFO | stage=coordinator epoch=3 loss=3.514847 steps=7813 transitions/s=1670.53
2026-09-17 02:47:14,372 | INFO | TRAINING_BRANCHES stage=joint long=False short=True preference=True gcn=True preference_auxiliary=True preference_contrastive=True diversity_pairs=1 trainable_parameters=132475848
2026-09-17 03:09:27,094 | INFO | 
========== PERIODIC VALIDATION ==========
stage=joint | epoch=1 | step=54691 | users=625563/625563
NDCG  | @5 0.022116 | @10 0.024542
Recall| @5 0.027617 | @10 0.035154
Hit   | @5 0.027617 | @10 0.035154
================================
2026-09-17 03:09:27,094 | INFO | PERIODIC VALIDATION SEQUENCE_LENGTH {"basis": "filtered_full_sequence", "long": {"evaluated_users": 97306, "history_length_max": 767, "history_length_mean": 18.187100487123097, "history_length_min": 11, "hit@10": 0.03274207140361334, "hit@5": 0.02519885721332703, "ndcg@10": 0.022569342989317325, "ndcg@5": 0.020142280996850944, "recall@10": 0.03274207140361334, "recall@5": 0.02519885721332703, "total_users": 97306}, "long_rule": "length > threshold", "short": {"evaluated_users": 528257, "history_length_max": 10, "history_length_mean": 5.959404229380775, "history_length_min": 3, "hit@10": 0.0355982031473317, "hit@5": 0.02806209856187424, "ndcg@10": 0.02490511362310507, "ndcg@5": 0.022479473375331405, "recall@10": 0.0355982031473317, "recall@5": 0.02806209856187424, "total_users": 528257}, "short_rule": "length <= threshold", "threshold": 10}
2026-09-17 03:11:39,792 | INFO | 
========== PERIODIC TEST ==========
stage=joint | epoch=1 | step=54691 | users=625563/625563
NDCG  | @5 0.026102 | @10 0.028377
Recall| @5 0.031325 | @10 0.038391
Hit   | @5 0.031325 | @10 0.038391
================================
2026-09-17 03:11:39,792 | INFO | PERIODIC TEST SEQUENCE_LENGTH {"basis": "filtered_full_sequence", "long": {"evaluated_users": 97306, "history_length_max": 767, "history_length_mean": 18.187100487123097, "history_length_min": 11, "hit@10": 0.037089182578669354, "hit@5": 0.030183133619715124, "ndcg@10": 0.02712351759931092, "ndcg@5": 0.024902333288741793, "recall@10": 0.037089182578669354, "recall@5": 0.030183133619715124, "total_users": 97306}, "long_rule": "length > threshold", "short": {"evaluated_users": 528257, "history_length_max": 10, "history_length_mean": 5.959404229380775, "history_length_min": 3, "hit@10": 0.038630817954139744, "hit@5": 0.031535786558436515, "ndcg@10": 0.028607821128095286, "ndcg@5": 0.02632271865177976, "recall@10": 0.038630817954139744, "recall@5": 0.031535786558436515, "total_users": 528257}, "short_rule": "length <= threshold", "threshold": 10}
2026-09-17 03:11:39,793 | INFO | VALID_STEP step=54691 stage=joint epoch=1 ndcg@10=0.024542 recall@10=0.035154 improved=False
2026-09-17 03:11:39,793 | INFO | LEARNING_RATE step=54691 stage=joint lr=5e-05
2026-09-17 03:11:39,793 | INFO | stage=joint epoch=1 loss=4.092462 steps=7813 transitions/s=836.69
2026-09-17 03:33:53,778 | INFO | 
========== PERIODIC VALIDATION ==========
stage=joint | epoch=2 | step=62504 | users=625563/625563
NDCG  | @5 0.021045 | @10 0.023280
Recall| @5 0.026026 | @10 0.032983
Hit   | @5 0.026026 | @10 0.032983
================================
2026-09-17 03:33:53,779 | INFO | PERIODIC VALIDATION SEQUENCE_LENGTH {"basis": "filtered_full_sequence", "long": {"evaluated_users": 97306, "history_length_max": 767, "history_length_mean": 18.187100487123097, "history_length_min": 11, "hit@10": 0.03102583602244466, "hit@5": 0.02414034078063018, "ndcg@10": 0.021738791835873843, "ndcg@5": 0.019530735250955663, "recall@10": 0.03102583602244466, "recall@5": 0.02414034078063018, "total_users": 97306}, "long_rule": "length > threshold", "short": {"evaluated_users": 528257, "history_length_max": 10, "history_length_mean": 5.959404229380775, "history_length_min": 3, "hit@10": 0.03334361873103433, "hit@5": 0.026373526522128432, "ndcg@10": 0.023563651379929464, "ndcg@5": 0.021323552306671677, "recall@10": 0.03334361873103433, "recall@5": 0.026373526522128432, "total_users": 528257}, "short_rule": "length <= threshold", "threshold": 10}
2026-09-17 03:36:06,443 | INFO | 
========== PERIODIC TEST ==========
stage=joint | epoch=2 | step=62504 | users=625563/625563
NDCG  | @5 0.025024 | @10 0.027053
Recall| @5 0.029617 | @10 0.035936
Hit   | @5 0.029617 | @10 0.035936
================================
2026-09-17 03:36:06,443 | INFO | PERIODIC TEST SEQUENCE_LENGTH {"basis": "filtered_full_sequence", "long": {"evaluated_users": 97306, "history_length_max": 767, "history_length_mean": 18.187100487123097, "history_length_min": 11, "hit@10": 0.03537294719750067, "hit@5": 0.028795757712782356, "ndcg@10": 0.026097703611268095, "ndcg@5": 0.023985536510016434, "recall@10": 0.03537294719750067, "recall@5": 0.028795757712782356, "total_users": 97306}, "long_rule": "length > threshold", "short": {"evaluated_users": 528257, "history_length_max": 10, "history_length_mean": 5.959404229380775, "history_length_min": 3, "hit@10": 0.036039276337085924, "hit@5": 0.029767707763456046, "ndcg@10": 0.027228988642009903, "ndcg@5": 0.025214696324166345, "recall@10": 0.036039276337085924, "recall@5": 0.029767707763456046, "total_users": 528257}, "short_rule": "length <= threshold", "threshold": 10}
2026-09-17 03:36:06,444 | INFO | VALID_STEP step=62504 stage=joint epoch=2 ndcg@10=0.023280 recall@10=0.032983 improved=False
2026-09-17 03:36:06,444 | INFO | LEARNING_RATE step=62504 stage=joint lr=5e-05
2026-09-17 03:36:06,444 | INFO | stage=joint epoch=2 loss=3.963885 steps=7813 transitions/s=836.54
2026-09-17 03:58:19,100 | INFO | 
========== PERIODIC VALIDATION ==========
stage=joint | epoch=3 | step=70317 | users=625563/625563
NDCG  | @5 0.020641 | @10 0.022762
Recall| @5 0.025345 | @10 0.031936
Hit   | @5 0.025345 | @10 0.031936
================================
2026-09-17 03:58:19,100 | INFO | PERIODIC VALIDATION SEQUENCE_LENGTH {"basis": "filtered_full_sequence", "long": {"evaluated_users": 97306, "history_length_max": 767, "history_length_mean": 18.187100487123097, "history_length_min": 11, "hit@10": 0.03020368733685487, "hit@5": 0.023647051569276302, "ndcg@10": 0.021371735178649903, "ndcg@5": 0.019269791756512722, "recall@10": 0.03020368733685487, "recall@5": 0.023647051569276302, "total_users": 97306}, "long_rule": "length > threshold", "short": {"evaluated_users": 528257, "history_length_max": 10, "history_length_mean": 5.959404229380775, "history_length_min": 3, "hit@10": 0.032255133391512085, "hit@5": 0.025657965725016423, "ndcg@10": 0.023017522301240264, "ndcg@5": 0.02089307709582021, "recall@10": 0.032255133391512085, "recall@5": 0.025657965725016423, "total_users": 528257}, "short_rule": "length <= threshold", "threshold": 10}
2026-09-17 04:00:31,623 | INFO | 
========== PERIODIC TEST ==========
stage=joint | epoch=3 | step=70317 | users=625563/625563
NDCG  | @5 0.024577 | @10 0.026504
Recall| @5 0.028904 | @10 0.034900
Hit   | @5 0.028904 | @10 0.034900
================================
2026-09-17 04:00:31,623 | INFO | PERIODIC TEST SEQUENCE_LENGTH {"basis": "filtered_full_sequence", "long": {"evaluated_users": 97306, "history_length_max": 767, "history_length_mean": 18.187100487123097, "history_length_min": 11, "hit@10": 0.034468583643351904, "hit@5": 0.02841551394569708, "ndcg@10": 0.02561973545450144, "ndcg@5": 0.023669449745588312, "recall@10": 0.034468583643351904, "recall@5": 0.02841551394569708, "total_users": 97306}, "long_rule": "length > threshold", "short": {"evaluated_users": 528257, "history_length_max": 10, "history_length_mean": 5.959404229380775, "history_length_min": 3, "hit@10": 0.03497918626729035, "hit@5": 0.02899346340890892, "ndcg@10": 0.026667305671614502, "ndcg@5": 0.024743826897939917, "recall@10": 0.03497918626729035, "recall@5": 0.02899346340890892, "total_users": 528257}, "short_rule": "length <= threshold", "threshold": 10}
2026-09-17 04:00:31,623 | INFO | VALID_STEP step=70317 stage=joint epoch=3 ndcg@10=0.022762 recall@10=0.031936 improved=False
2026-09-17 04:00:31,624 | INFO | LEARNING_RATE step=70317 stage=joint lr=5e-05
2026-09-17 04:00:31,624 | INFO | stage=joint epoch=3 loss=3.779144 steps=7813 transitions/s=836.83
2026-09-17 04:22:45,723 | INFO | 
========== PERIODIC VALIDATION ==========
stage=joint | epoch=4 | step=78130 | users=625563/625563
NDCG  | @5 0.020048 | @10 0.022089
Recall| @5 0.024434 | @10 0.030766
Hit   | @5 0.024434 | @10 0.030766
================================
2026-09-17 04:22:45,723 | INFO | PERIODIC VALIDATION SEQUENCE_LENGTH {"basis": "filtered_full_sequence", "long": {"evaluated_users": 97306, "history_length_max": 767, "history_length_mean": 18.187100487123097, "history_length_min": 11, "hit@10": 0.02912461718701827, "hit@5": 0.023050993772223707, "ndcg@10": 0.020775626479330605, "ndcg@5": 0.018821734115189954, "recall@10": 0.02912461718701827, "recall@5": 0.023050993772223707, "total_users": 97306}, "long_rule": "length > threshold", "short": {"evaluated_users": 528257, "history_length_max": 10, "history_length_mean": 5.959404229380775, "history_length_min": 3, "hit@10": 0.0310682111169374, "hit@5": 0.024688740518346183, "ndcg@10": 0.02233044898355264, "ndcg@5": 0.020274335145802506, "recall@10": 0.0310682111169374, "recall@5": 0.024688740518346183, "total_users": 528257}, "short_rule": "length <= threshold", "threshold": 10}
2026-09-17 04:24:58,629 | INFO | 
========== PERIODIC TEST ==========
stage=joint | epoch=4 | step=78130 | users=625563/625563
NDCG  | @5 0.024264 | @10 0.026101
Recall| @5 0.028325 | @10 0.034038
Hit   | @5 0.028325 | @10 0.034038
================================
2026-09-17 04:24:58,629 | INFO | PERIODIC TEST SEQUENCE_LENGTH {"basis": "filtered_full_sequence", "long": {"evaluated_users": 97306, "history_length_max": 767, "history_length_mean": 18.187100487123097, "history_length_min": 11, "hit@10": 0.03357449694777301, "hit@5": 0.02763447269438678, "ndcg@10": 0.02522284952920954, "ndcg@5": 0.02331728895093517, "recall@10": 0.03357449694777301, "recall@5": 0.02763447269438678, "total_users": 97306}, "long_rule": "length > threshold", "short": {"evaluated_users": 528257, "history_length_max": 10, "history_length_mean": 5.959404229380775, "history_length_min": 3, "hit@10": 0.034123542139526786, "hit@5": 0.028452060266120467, "ndcg@10": 0.02626291724321137, "ndcg@5": 0.02443885117523816, "recall@10": 0.034123542139526786, "recall@5": 0.028452060266120467, "total_users": 528257}, "short_rule": "length <= threshold", "threshold": 10}
2026-09-17 04:24:58,630 | INFO | VALID_STEP step=78130 stage=joint epoch=4 ndcg@10=0.022089 recall@10=0.030766 improved=False
2026-09-17 04:24:58,630 | INFO | LEARNING_RATE step=78130 stage=joint lr=2.5e-05
2026-09-17 04:24:58,630 | INFO | stage=joint epoch=4 loss=3.675465 steps=7813 transitions/s=836.65
2026-09-17 04:47:12,136 | INFO | 
========== PERIODIC VALIDATION ==========
stage=joint | epoch=5 | step=85943 | users=625563/625563
NDCG  | @5 0.020150 | @10 0.022164
Recall| @5 0.024543 | @10 0.030798
Hit   | @5 0.024543 | @10 0.030798
================================
2026-09-17 04:47:12,136 | INFO | PERIODIC VALIDATION SEQUENCE_LENGTH {"basis": "filtered_full_sequence", "long": {"evaluated_users": 97306, "history_length_max": 767, "history_length_mean": 18.187100487123097, "history_length_min": 11, "hit@10": 0.029186278338437507, "hit@5": 0.023143485499352558, "ndcg@10": 0.020808758352998884, "ndcg@5": 0.018872715202184722, "recall@10": 0.029186278338437507, "recall@5": 0.023143485499352558, "total_users": 97306}, "long_rule": "length > threshold", "short": {"evaluated_users": 528257, "history_length_max": 10, "history_length_mean": 5.959404229380775, "history_length_min": 3, "hit@10": 0.03109471336868229, "hit@5": 0.024800428579271075, "ndcg@10": 0.022414132706009896, "ndcg@5": 0.020384750764071084, "recall@10": 0.03109471336868229, "recall@5": 0.024800428579271075, "total_users": 528257}, "short_rule": "length <= threshold", "threshold": 10}
2026-09-17 04:49:24,931 | INFO | 
========== PERIODIC TEST ==========
stage=joint | epoch=5 | step=85943 | users=625563/625563
NDCG  | @5 0.024171 | @10 0.025936
Recall| @5 0.028175 | @10 0.033664
Hit   | @5 0.028175 | @10 0.033664
================================
2026-09-17 04:49:24,931 | INFO | PERIODIC TEST SEQUENCE_LENGTH {"basis": "filtered_full_sequence", "long": {"evaluated_users": 97306, "history_length_max": 767, "history_length_mean": 18.187100487123097, "history_length_min": 11, "hit@10": 0.03316342260497811, "hit@5": 0.027439212381559205, "ndcg@10": 0.024913952540179137, "ndcg@5": 0.023081029369617402, "recall@10": 0.03316342260497811, "recall@5": 0.027439212381559205, "total_users": 97306}, "long_rule": "length > threshold", "short": {"evaluated_users": 528257, "history_length_max": 10, "history_length_mean": 5.959404229380775, "history_length_min": 3, "hit@10": 0.03375629665106189, "hit@5": 0.02831008391748713, "ndcg@10": 0.02612382080259968, "ndcg@5": 0.02437151991361987, "recall@10": 0.03375629665106189, "recall@5": 0.02831008391748713, "total_users": 528257}, "short_rule": "length <= threshold", "threshold": 10}
2026-09-17 04:49:24,932 | INFO | VALID_STEP step=85943 stage=joint epoch=5 ndcg@10=0.022164 recall@10=0.030798 improved=False
2026-09-17 04:49:24,932 | INFO | LEARNING_RATE step=85943 stage=joint lr=2.5e-05
2026-09-17 04:49:24,932 | INFO | stage=joint epoch=5 loss=3.510008 steps=7813 transitions/s=836.43
2026-09-17 05:11:38,497 | INFO | 
========== PERIODIC VALIDATION ==========
stage=joint | epoch=6 | step=93756 | users=625563/625563
NDCG  | @5 0.019873 | @10 0.021861
Recall| @5 0.024100 | @10 0.030286
Hit   | @5 0.024100 | @10 0.030286
================================
2026-09-17 05:11:38,497 | INFO | PERIODIC VALIDATION SEQUENCE_LENGTH {"basis": "filtered_full_sequence", "long": {"evaluated_users": 97306, "history_length_max": 767, "history_length_mean": 18.187100487123097, "history_length_min": 11, "hit@10": 0.028528559389965676, "hit@5": 0.022639919429428813, "ndcg@10": 0.020530843258867656, "ndcg@5": 0.018642238685885677, "recall@10": 0.028528559389965676, "recall@5": 0.022639919429428813, "total_users": 97306}, "long_rule": "length > threshold", "short": {"evaluated_users": 528257, "history_length_max": 10, "history_length_mean": 5.959404229380775, "history_length_min": 3, "hit@10": 0.03061010076534717, "hit@5": 0.024368820479425735, "ndcg@10": 0.022106092730949885, "ndcg@5": 0.020099416047523255, "recall@10": 0.03061010076534717, "recall@5": 0.024368820479425735, "total_users": 528257}, "short_rule": "length <= threshold", "threshold": 10}
2026-09-17 05:13:51,109 | INFO | 
========== PERIODIC TEST ==========
stage=joint | epoch=6 | step=93756 | users=625563/625563
NDCG  | @5 0.023854 | @10 0.025599
Recall| @5 0.027713 | @10 0.033140
Hit   | @5 0.027713 | @10 0.033140
================================
2026-09-17 05:13:51,109 | INFO | PERIODIC TEST SEQUENCE_LENGTH {"basis": "filtered_full_sequence", "long": {"evaluated_users": 97306, "history_length_max": 767, "history_length_mean": 18.187100487123097, "history_length_min": 11, "hit@10": 0.03238238135366781, "hit@5": 0.026832877725936736, "ndcg@10": 0.024637282193963245, "ndcg@5": 0.02285524857725008, "recall@10": 0.03238238135366781, "recall@5": 0.026832877725936736, "total_users": 97306}, "long_rule": "length > threshold", "short": {"evaluated_users": 528257, "history_length_max": 10, "history_length_mean": 5.959404229380775, "history_length_min": 3, "hit@10": 0.03327925611965388, "hit@5": 0.027874689781678237, "ndcg@10": 0.02577603315358488, "ndcg@5": 0.024038134833260547, "recall@10": 0.03327925611965388, "recall@5": 0.027874689781678237, "total_users": 528257}, "short_rule": "length <= threshold", "threshold": 10}
2026-09-17 05:13:51,110 | INFO | VALID_STEP step=93756 stage=joint epoch=6 ndcg@10=0.021861 recall@10=0.030286 improved=False
2026-09-17 05:13:51,110 | INFO | LEARNING_RATE step=93756 stage=joint lr=2.5e-05
2026-09-17 05:13:51,110 | INFO | EARLY_STOP step=93756 checks_without_improvement=6 best_step=15626 best_ndcg@10=0.027926
2026-09-17 05:13:51,110 | INFO | stage=joint epoch=6 loss=3.430917 steps=7813 transitions/s=836.55
2026-09-17 05:16:04,390 | INFO | 
========== FINAL CURRENT VALIDATION ==========
stage=final | epoch=0 | step=93756 | users=625563/625563
NDCG  | @5 0.019873 | @10 0.021861
Recall| @5 0.024100 | @10 0.030286
Hit   | @5 0.024100 | @10 0.030286
================================
2026-09-17 05:16:04,390 | INFO | FINAL CURRENT VALIDATION SEQUENCE_LENGTH {"basis": "filtered_full_sequence", "long": {"evaluated_users": 97306, "history_length_max": 767, "history_length_mean": 18.187100487123097, "history_length_min": 11, "hit@10": 0.028528559389965676, "hit@5": 0.022639919429428813, "ndcg@10": 0.020530843258867656, "ndcg@5": 0.018642238685885677, "recall@10": 0.028528559389965676, "recall@5": 0.022639919429428813, "total_users": 97306}, "long_rule": "length > threshold", "short": {"evaluated_users": 528257, "history_length_max": 10, "history_length_mean": 5.959404229380775, "history_length_min": 3, "hit@10": 0.03061010076534717, "hit@5": 0.024368820479425735, "ndcg@10": 0.022106340583327746, "ndcg@5": 0.020099663899901116, "recall@10": 0.03061010076534717, "recall@5": 0.024368820479425735, "total_users": 528257}, "short_rule": "length <= threshold", "threshold": 10}
2026-09-17 05:16:04,390 | INFO | VALID_STEP step=93756 stage=final epoch=0 ndcg@10=0.021861 recall@10=0.030286 improved=False
2026-09-17 05:16:04,551 | INFO | RESTORE_BEST step=15626 stage=specialists ndcg@10=0.027926
2026-09-17 05:20:30,189 | INFO | 
========== BEST CHECKPOINT VALIDATION ==========
stage=specialists | epoch=0 | step=15626 | users=625563/625563
NDCG  | @5 0.024779 | @10 0.027926
Recall| @5 0.031671 | @10 0.041454
Hit   | @5 0.031671 | @10 0.041454
================================
2026-09-17 05:20:30,190 | INFO | BEST CHECKPOINT VALIDATION SEQUENCE_LENGTH {"basis": "filtered_full_sequence", "long": {"evaluated_users": 97306, "history_length_max": 767, "history_length_mean": 18.187100487123097, "history_length_min": 11, "hit@10": 0.03610260415596161, "hit@5": 0.02649374139313095, "ndcg@10": 0.023460089857044883, "ndcg@5": 0.02037415330262643, "recall@10": 0.03610260415596161, "recall@5": 0.02649374139313095, "total_users": 97306}, "long_rule": "length > threshold", "short": {"evaluated_users": 528257, "history_length_max": 10, "history_length_mean": 5.959404229380775, "history_length_min": 3, "hit@10": 0.0424395701334767, "hit@5": 0.03262427189795876, "ndcg@10": 0.028748095050523798, "ndcg@5": 0.025590282797484983, "recall@10": 0.0424395701334767, "recall@5": 0.03262427189795876, "total_users": 528257}, "short_rule": "length <= threshold", "threshold": 10}
2026-09-17 05:20:30,190 | INFO | 
========== FINAL FULL TEST ==========
stage=specialists | epoch=0 | step=15626 | users=625563/625563
NDCG  | @5 0.027112 | @10 0.029998
Recall| @5 0.033888 | @10 0.042838
Hit   | @5 0.033888 | @10 0.042838
================================
2026-09-17 05:20:30,190 | INFO | FINAL FULL TEST SEQUENCE_LENGTH {"basis": "filtered_full_sequence", "long": {"evaluated_users": 97306, "history_length_max": 767, "history_length_mean": 18.187100487123097, "history_length_min": 11, "hit@10": 0.038127145294226464, "hit@5": 0.02912461718701827, "ndcg@10": 0.02599333241047717, "ndcg@5": 0.023077632341323043, "recall@10": 0.038127145294226464, "recall@5": 0.02912461718701827, "total_users": 97306}, "long_rule": "length > threshold", "short": {"evaluated_users": 528257, "history_length_max": 10, "history_length_mean": 5.959404229380775, "history_length_min": 3, "hit@10": 0.043705999163286054, "hit@5": 0.03476527523534946, "ndcg@10": 0.0307351918098867, "ndcg@5": 0.027855321740664726, "recall@10": 0.043705999163286054, "recall@5": 0.03476527523534946, "total_users": 528257}, "short_rule": "length <= threshold", "threshold": 10}
2026-09-17 05:20:30,190 | INFO | VALID_BEST {"evaluated_users": 625563, "hit@10": 0.04145385836438536, "hit@5": 0.031670671059509596, "long_agent_weight": 0.0, "long_preference_state_cosine": 0.0, "long_short_state_cosine": 0.0, "ndcg@10": 0.027925548729596742, "ndcg@5": 0.024778916547880118, "preference_change_probability": 0.10963470219307697, "preference_current_entropy": 3.003565024209688, "preference_next_entropy": 3.2628040739759046, "preference_ranking_weight": 0.199951171875, "recall@10": 0.04145385836438536, "recall@5": 0.031670671059509596, "scores_per_second": 1894781493.2589128, "sequence_length": {"basis": "filtered_full_sequence", "long": {"evaluated_users": 97306, "history_length_max": 767, "history_length_mean": 18.187100487123097, "history_length_min": 11, "hit@10": 0.03610260415596161, "hit@5": 0.02649374139313095, "ndcg@10": 0.023460089857044883, "ndcg@5": 0.02037415330262643, "recall@10": 0.03610260415596161, "recall@5": 0.02649374139313095, "total_users": 97306}, "long_rule": "length > threshold", "short": {"evaluated_users": 528257, "history_length_max": 10, "history_length_mean": 5.959404229380775, "history_length_min": 3, "hit@10": 0.0424395701334767, "hit@5": 0.03262427189795876, "ndcg@10": 0.028748095050523798, "ndcg@5": 0.025590282797484983, "recall@10": 0.0424395701334767, "recall@5": 0.03262427189795876, "total_users": 528257}, "short_rule": "length <= threshold", "threshold": 10}, "short_agent_weight": 1.0, "short_preference_state_cosine": 0.492659623310565, "total_users": 625563, "users_per_second": 4718.410380352497}
2026-09-17 05:20:30,190 | INFO | TEST_FINAL {"evaluated_users": 625563, "hit@10": 0.04283821133922563, "hit@5": 0.033887873803278006, "long_agent_weight": 0.0, "long_preference_state_cosine": 0.0, "long_short_state_cosine": 0.0, "ndcg@10": 0.0299975981637934, "ndcg@5": 0.027112154608925063, "preference_change_probability": 0.10982317197028292, "preference_current_entropy": 3.013162465638648, "preference_next_entropy": 3.2685885844558564, "preference_ranking_weight": 0.199951171875, "recall@10": 0.04283821133922563, "recall@5": 0.033887873803278006, "scores_per_second": 1900713998.5301292, "sequence_length": {"basis": "filtered_full_sequence", "long": {"evaluated_users": 97306, "history_length_max": 767, "history_length_mean": 18.187100487123097, "history_length_min": 11, "hit@10": 0.038127145294226464, "hit@5": 0.02912461718701827, "ndcg@10": 0.02599333241047717, "ndcg@5": 0.023077632341323043, "recall@10": 0.038127145294226464, "recall@5": 0.02912461718701827, "total_users": 97306}, "long_rule": "length > threshold", "short": {"evaluated_users": 528257, "history_length_max": 10, "history_length_mean": 5.959404229380775, "history_length_min": 3, "hit@10": 0.043705999163286054, "hit@5": 0.03476527523534946, "ndcg@10": 0.0307351918098867, "ndcg@5": 0.027855321740664726, "recall@10": 0.043705999163286054, "recall@5": 0.03476527523534946, "total_users": 528257}, "short_rule": "length <= threshold", "threshold": 10}, "short_agent_weight": 1.0, "short_preference_state_cosine": 0.5048708638623928, "total_users": 625563, "users_per_second": 4733.183584836914}
2026-09-17 05:20:30,190 | INFO | TARGET_RESULT metric=recall@10 target=>0.150000 actual=0.042838 achieved=False
2026-09-17 05:20:30,489 | INFO | FINAL_LENGTH_SCORES dataset=amazon-sports-and-outdoors group=short split=valid threshold=10 users=528257/528257 scores={"hit@10": 0.0424395701334767, "hit@5": 0.03262427189795876, "ndcg@10": 0.028748095050523798, "ndcg@5": 0.025590282797484983, "recall@10": 0.0424395701334767, "recall@5": 0.03262427189795876}
2026-09-17 05:20:30,489 | INFO | FINAL_LENGTH_SCORES dataset=amazon-sports-and-outdoors group=short split=test threshold=10 users=528257/528257 scores={"hit@10": 0.043705999163286054, "hit@5": 0.03476527523534946, "ndcg@10": 0.0307351918098867, "ndcg@5": 0.027855321740664726, "recall@10": 0.043705999163286054, "recall@5": 0.03476527523534946}
2026-09-17 05:20:30,489 | INFO | short_scores=/workspace/P78123011/MediaTek_2026_project/ver4/outputs_mamba_rl/amazons_long_short_L0_S1_P1_G1_SW8/Sports_and_Outdoors/rl_20260917_005026_r1_996978/short_scores.json
2026-09-17 05:20:30,489 | INFO | FINAL_LENGTH_SCORES dataset=amazon-sports-and-outdoors group=long split=valid threshold=10 users=97306/97306 scores={"hit@10": 0.03610260415596161, "hit@5": 0.02649374139313095, "ndcg@10": 0.023460089857044883, "ndcg@5": 0.02037415330262643, "recall@10": 0.03610260415596161, "recall@5": 0.02649374139313095}
2026-09-17 05:20:30,489 | INFO | FINAL_LENGTH_SCORES dataset=amazon-sports-and-outdoors group=long split=test threshold=10 users=97306/97306 scores={"hit@10": 0.038127145294226464, "hit@5": 0.02912461718701827, "ndcg@10": 0.02599333241047717, "ndcg@5": 0.023077632341323043, "recall@10": 0.038127145294226464, "recall@5": 0.02912461718701827}
2026-09-17 05:20:30,490 | INFO | long_scores=/workspace/P78123011/MediaTek_2026_project/ver4/outputs_mamba_rl/amazons_long_short_L0_S1_P1_G1_SW8/Sports_and_Outdoors/rl_20260917_005026_r1_996978/long_scores.json
2026-09-17 05:20:30,490 | INFO | scores=/workspace/P78123011/MediaTek_2026_project/ver4/outputs_mamba_rl/amazons_long_short_L0_S1_P1_G1_SW8/Sports_and_Outdoors/rl_20260917_005026_r1_996978/Sports_and_Outdoors_scores.json
2026-09-17 05:20:30,490 | INFO | outputs=/workspace/P78123011/MediaTek_2026_project/ver4/outputs_mamba_rl/amazons_long_short_L0_S1_P1_G1_SW8/Sports_and_Outdoors/rl_20260917_005026_r1_996978
