2026-09-11 15:58:10,381 | INFO | run_id=20260911_155810 dataset=amazon-all-beauty device=cuda:0
2026-09-11 15:58:10,381 | INFO | MODEL recommender=MultiAgentMambaRecommender semantic_encoder=MambaTextEncoder semantic_model_id=state-spaces/mamba-130m-hf graph_backbone=LightGCN adaptation=multi_lora
2026-09-11 15:58:10,381 | INFO | ABLATION USE_LONG=1 USE_SHORT=0 USE_PREFERENCE=1 USE_GCN=1
2026-09-11 15:58:10,381 | INFO | AGENT_HISTORY mode=full_history effective_max_history=100
2026-09-11 15:58:10,381 | INFO | EXPERIMENT_NOTE amazons_long_short subset=Full_Beauty; short filtered-full-sequence <= 10; long > 10; same model and full catalog
2026-09-11 15:58:10,381 | INFO | EXPERIMENT_CONFIG {"agent_diversity_coef": 0.02, "batch_size": 128, "cache_dir": "/workspace/P78123011/cache", "candidates": 64, "coordinator_epochs": 3, "coordinator_lr": 0.0001, "data_path": null, "dataset": "amazon-all-beauty", "device": "cuda:0", "dim": 128, "early_stopping_patience": 6, "enable_lora": 1, "eval_batch_size": 64, "eval_length_basis": "filtered_full_sequence", "eval_length_threshold": 10, "experiment_note": "amazons_long_short subset=Full_Beauty; short filtered-full-sequence <= 10; long > 10; same model and full catalog", "full_catalog_supervised": false, "future_decay": 0.5, "future_horizon": 3, "generate_reasons": false, "graph_device": "cuda:0", "hard_negative_fraction": 0.75, "hard_negative_pool_multiplier": 12, "hard_negative_warmup_epochs": 2, "item_prompt_prefix": "Preference-aware product representation: ", "item_vector_artifact": null, "joint_epochs": 7, "joint_lr": 5e-05, "lora_alpha": 32.0, "lora_dropout": 0.05, "lora_rank": 16, "lr_patience": 2, "mamba_encode_batch_size": 32, "mamba_max_tokens": 32, "mamba_model_id": "state-spaces/mamba-130m-hf", "max_events": null, "max_history": 100, "max_transitions": 500000, "min_rating": 4.0, "monitor_metric": "ndcg@10", "output_dir": "/workspace/P78123011/MediaTek_2026_project/ver4/outputs_mamba_rl/amazons_lora", "output_run_dir": "/workspace/P78123011/MediaTek_2026_project/ver4/outputs_mamba_rl/amazons_long_short_L1_S0_P1_G1/Full_Beauty/rl_20260911_155809_r1_488059", "periodic_test_user_limit": 0, "popularity_alpha": -0.25, "preference_balance_coef": 0.01, "preference_coef": 0.2, "preference_contrastive_coef": 0.05, "preference_count": 32, "preference_hidden": 128, "preference_score_weight": 0.2, "preference_separation_coef": 0.01, "preference_sharpness_coef": 0.05, "preference_temperature": 0.2, "preference_transition_coef": 0.1, "reason_count": 20, "reason_max_new_tokens": 40, "refresh_data_cache": false, "resume_checkpoint": null, "save_model_weights": false, "score_file": "/workspace/P78123011/MediaTek_2026_project/ver4/outputs_mamba_rl/amazons_long_short_L1_S0_P1_G1/Full_Beauty/rl_20260911_155809_r1_488059/Full_Beauty_scores.json", "seed": 25252, "short_window": 10, "skip_mamba": false, "specialist_epochs": 3, "specialist_lr": 0.0001, "target_recall_at_10": 0.15, "transition_beta": 4.0, "use_graph_embeddings": true, "use_in_batch_negatives": true, "use_long": 1, "use_preference": 1, "use_short": 0, "validate_every_steps": 250, "validation_user_limit": 0}
2026-09-11 15:58:10,383 | INFO | INTERACTION_CACHE hit path=/workspace/P78123011/cache/mamba_multi_agent_data/amazon-all-beauty_90e3e920169a.pkl
2026-09-11 15:58:10,383 | INFO | LENGTH_SPLIT preprocessing=original_one_pass_user_item_min_5 basis=filtered_full_sequence short<=10 long>10
2026-09-11 15:58:10,383 | INFO | users=1603 items=4090 train_interactions=8445
2026-09-11 15:58:10,529 | INFO | CATALOG_PRIORS popularity_alpha=-0.250000 transition_beta=4.000000 source=train_histories_only enabled=True
2026-09-11 15:58:10,542 | INFO | ITEM_VECTOR_ARTIFACT path=/workspace/P78123011/cache/mamba_multi_agent/amazon-all-beauty_4090_47e41e57cc9e_prompt_tok32.pt fingerprint=47e41e57cc9e
2026-09-11 15:58:10,542 | INFO | SEMANTIC_BACKBONE model_id=state-spaces/mamba-130m-hf hidden_size=768 frozen=True usage=shared_cached_item_vectors
2026-09-11 15:58:10,546 | INFO | GRAPH_EMBEDDINGS enabled=True source=train_histories_only main_device=cuda:0 graph_device=cuda:0
2026-09-11 15:58:10,569 | INFO | ADAPTATION_MODE mode=multi_lora enable_lora=1
2026-09-11 15:58:10,569 | INFO | ADAPTER_ROUTES {'long': ('candidate_lora', 'delta_lora', 'gate_lora', 'output_lora'), 'preference': ('transition_lora', 'state_lora'), 'coordinator': ('state_lora', 'mix_lora', 'score_lora')}
2026-09-11 15:58:10,569 | INFO | agent_parameters={'long': 16513, 'short': 16513, 'preference': 78786, 'coordinator': 14373, 'shared_projection': 98304, 'graph': 728704}
2026-09-11 15:58:10,569 | INFO | PREDICTION_PATH graph_only=False active_agents=2 coordinator=True
2026-09-11 15:58:10,574 | INFO | training_transitions=6842
2026-09-11 15:58:10,574 | INFO | schedule specialist_epochs=3 coordinator_epochs=3 joint_ranking_epochs=7 validate_every_steps=250 validation_users=0 periodic_test_users=0 monitor=ndcg@10 early_stopping_patience=6
2026-09-11 15:58:11,048 | INFO | TRAINING_BRANCHES stage=specialists long=True short=False preference=True gcn=True preference_auxiliary=True preference_contrastive=False diversity_pairs=0 trainable_parameters=922307
2026-09-11 15:58:15,725 | INFO | 
========== PERIODIC VALIDATION ==========
stage=specialists | epoch=1 | step=54 | users=1457/1457
NDCG  | @5 0.094770 | @10 0.095686
Recall| @5 0.101579 | @10 0.104324
Hit   | @5 0.101579 | @10 0.104324
================================
2026-09-11 15:58:15,725 | INFO | PERIODIC VALIDATION SEQUENCE_LENGTH {"basis": "filtered_full_sequence", "long": {"evaluated_users": 219, "history_length_max": 119, "history_length_mean": 20.98173515981735, "history_length_min": 11, "hit@10": 0.0547945205479452, "hit@5": 0.0410958904109589, "ndcg@10": 0.03882339890888161, "ndcg@5": 0.03435488134377092, "recall@10": 0.0547945205479452, "recall@5": 0.0410958904109589, "total_users": 219}, "long_rule": "length > threshold", "short": {"evaluated_users": 1238, "history_length_max": 10, "history_length_mean": 5.27221324717286, "history_length_min": 3, "hit@10": 0.11308562197092084, "hit@5": 0.1122778675282714, "ndcg@10": 0.1057446713810731, "ndcg@5": 0.1054569434431829, "recall@10": 0.11308562197092084, "recall@5": 0.1122778675282714, "total_users": 1238}, "short_rule": "length <= threshold", "threshold": 10}
2026-09-11 15:58:16,036 | INFO | 
========== PERIODIC TEST ==========
stage=specialists | epoch=1 | step=54 | users=1457/1457
NDCG  | @5 0.107772 | @10 0.109773
Recall| @5 0.114619 | @10 0.120796
Hit   | @5 0.114619 | @10 0.120796
================================
2026-09-11 15:58:16,036 | INFO | PERIODIC TEST SEQUENCE_LENGTH {"basis": "filtered_full_sequence", "long": {"evaluated_users": 219, "history_length_max": 119, "history_length_mean": 20.98173515981735, "history_length_min": 11, "hit@10": 0.0593607305936073, "hit@5": 0.0547945205479452, "ndcg@10": 0.040682898947607404, "ndcg@5": 0.03905638211149771, "recall@10": 0.0593607305936073, "recall@5": 0.0547945205479452, "total_users": 219}, "long_rule": "length > threshold", "short": {"evaluated_users": 1238, "history_length_max": 10, "history_length_mean": 5.27221324717286, "history_length_min": 3, "hit@10": 0.13166397415185785, "hit@5": 0.12520193861066237, "ndcg@10": 0.12199488541293191, "ndcg@5": 0.11992762314730471, "recall@10": 0.13166397415185785, "recall@5": 0.12520193861066237, "total_users": 1238}, "short_rule": "length <= threshold", "threshold": 10}
2026-09-11 15:58:16,036 | INFO | VALID_STEP step=54 stage=specialists epoch=1 ndcg@10=0.095686 recall@10=0.104324 improved=True
2026-09-11 15:58:16,039 | INFO | BEST_MODEL_IN_MEMORY step=54 stage=specialists ndcg@10=0.095686
2026-09-11 15:58:16,039 | INFO | stage=specialists epoch=1 loss=8.345516 steps=54 transitions/s=1569.41
2026-09-11 15:58:20,375 | INFO | 
========== PERIODIC VALIDATION ==========
stage=specialists | epoch=2 | step=108 | users=1457/1457
NDCG  | @5 0.095268 | @10 0.095948
Recall| @5 0.100892 | @10 0.102951
Hit   | @5 0.100892 | @10 0.102951
================================
2026-09-11 15:58:20,375 | INFO | PERIODIC VALIDATION SEQUENCE_LENGTH {"basis": "filtered_full_sequence", "long": {"evaluated_users": 219, "history_length_max": 119, "history_length_mean": 20.98173515981735, "history_length_min": 11, "hit@10": 0.0547945205479452, "hit@5": 0.045662100456621, "ndcg@10": 0.038524562788679995, "ndcg@5": 0.03552347976232381, "recall@10": 0.0547945205479452, "recall@5": 0.045662100456621, "total_users": 219}, "long_rule": "length > threshold", "short": {"evaluated_users": 1238, "history_length_max": 10, "history_length_mean": 5.27221324717286, "history_length_min": 3, "hit@10": 0.11147011308562198, "hit@5": 0.11066235864297254, "ndcg@10": 0.10610613945707723, "ndcg@5": 0.10583688797619407, "recall@10": 0.11147011308562198, "recall@5": 0.11066235864297254, "total_users": 1238}, "short_rule": "length <= threshold", "threshold": 10}
2026-09-11 15:58:20,687 | INFO | 
========== PERIODIC TEST ==========
stage=specialists | epoch=2 | step=108 | users=1457/1457
NDCG  | @5 0.108363 | @10 0.110103
Recall| @5 0.115992 | @10 0.121482
Hit   | @5 0.115992 | @10 0.121482
================================
2026-09-11 15:58:20,687 | INFO | PERIODIC TEST SEQUENCE_LENGTH {"basis": "filtered_full_sequence", "long": {"evaluated_users": 219, "history_length_max": 119, "history_length_mean": 20.98173515981735, "history_length_min": 11, "hit@10": 0.0639269406392694, "hit@5": 0.0547945205479452, "ndcg@10": 0.041896351990377285, "ndcg@5": 0.039256490562816666, "recall@10": 0.0639269406392694, "recall@5": 0.0547945205479452, "total_users": 219}, "long_rule": "length > threshold", "short": {"evaluated_users": 1238, "history_length_max": 10, "history_length_mean": 5.27221324717286, "history_length_min": 3, "hit@10": 0.13166397415185785, "hit@5": 0.12681744749596122, "ndcg@10": 0.1221689317570191, "ndcg@5": 0.12058798612412856, "recall@10": 0.13166397415185785, "recall@5": 0.12681744749596122, "total_users": 1238}, "short_rule": "length <= threshold", "threshold": 10}
2026-09-11 15:58:20,688 | INFO | VALID_STEP step=108 stage=specialists epoch=2 ndcg@10=0.095948 recall@10=0.102951 improved=True
2026-09-11 15:58:20,690 | INFO | BEST_MODEL_IN_MEMORY step=108 stage=specialists ndcg@10=0.095948
2026-09-11 15:58:20,690 | INFO | stage=specialists epoch=2 loss=8.342938 steps=54 transitions/s=1700.60
2026-09-11 15:58:24,920 | INFO | 
========== PERIODIC VALIDATION ==========
stage=specialists | epoch=3 | step=162 | users=1457/1457
NDCG  | @5 0.094286 | @10 0.095651
Recall| @5 0.099520 | @10 0.103638
Hit   | @5 0.099520 | @10 0.103638
================================
2026-09-11 15:58:24,920 | INFO | PERIODIC VALIDATION SEQUENCE_LENGTH {"basis": "filtered_full_sequence", "long": {"evaluated_users": 219, "history_length_max": 119, "history_length_mean": 20.98173515981735, "history_length_min": 11, "hit@10": 0.0547945205479452, "hit@5": 0.045662100456621, "ndcg@10": 0.03906778006824786, "ndcg@5": 0.03612133251835786, "recall@10": 0.0547945205479452, "recall@5": 0.045662100456621, "total_users": 219}, "long_rule": "length > threshold", "short": {"evaluated_users": 1238, "history_length_max": 10, "history_length_mean": 5.27221324717286, "history_length_min": 3, "hit@10": 0.1122778675282714, "hit@5": 0.10904684975767366, "ndcg@10": 0.10566058572752093, "ndcg@5": 0.10457549354029355, "recall@10": 0.1122778675282714, "recall@5": 0.10904684975767366, "total_users": 1238}, "short_rule": "length <= threshold", "threshold": 10}
2026-09-11 15:58:25,233 | INFO | 
========== PERIODIC TEST ==========
stage=specialists | epoch=3 | step=162 | users=1457/1457
NDCG  | @5 0.109110 | @10 0.111307
Recall| @5 0.117364 | @10 0.124228
Hit   | @5 0.117364 | @10 0.124228
================================
2026-09-11 15:58:25,233 | INFO | PERIODIC TEST SEQUENCE_LENGTH {"basis": "filtered_full_sequence", "long": {"evaluated_users": 219, "history_length_max": 119, "history_length_mean": 20.98173515981735, "history_length_min": 11, "hit@10": 0.0593607305936073, "hit@5": 0.0547945205479452, "ndcg@10": 0.04160972897308518, "ndcg@5": 0.04028979825930487, "recall@10": 0.0593607305936073, "recall@5": 0.0547945205479452, "total_users": 219}, "long_rule": "length > threshold", "short": {"evaluated_users": 1238, "history_length_max": 10, "history_length_mean": 5.27221324717286, "history_length_min": 3, "hit@10": 0.13570274636510501, "hit@5": 0.1284329563812601, "ndcg@10": 0.12363596464809899, "ndcg@5": 0.12128374793038606, "recall@10": 0.13570274636510501, "recall@5": 0.1284329563812601, "total_users": 1238}, "short_rule": "length <= threshold", "threshold": 10}
2026-09-11 15:58:25,233 | INFO | VALID_STEP step=162 stage=specialists epoch=3 ndcg@10=0.095651 recall@10=0.103638 improved=False
2026-09-11 15:58:25,234 | INFO | stage=specialists epoch=3 loss=8.295067 steps=54 transitions/s=1748.89
2026-09-11 15:58:25,236 | INFO | TRAINING_BRANCHES stage=coordinator long=True short=False preference=True gcn=True preference_auxiliary=False preference_contrastive=False diversity_pairs=0 trainable_parameters=10245
2026-09-11 15:58:27,455 | INFO | 
========== PERIODIC VALIDATION ==========
stage=coordinator | epoch=1 | step=216 | users=1457/1457
NDCG  | @5 0.094552 | @10 0.095672
Recall| @5 0.100206 | @10 0.103638
Hit   | @5 0.100206 | @10 0.103638
================================
2026-09-11 15:58:27,455 | INFO | PERIODIC VALIDATION SEQUENCE_LENGTH {"basis": "filtered_full_sequence", "long": {"evaluated_users": 219, "history_length_max": 119, "history_length_mean": 20.98173515981735, "history_length_min": 11, "hit@10": 0.0547945205479452, "hit@5": 0.045662100456621, "ndcg@10": 0.03906778006824786, "ndcg@5": 0.03612133251835786, "recall@10": 0.0547945205479452, "recall@5": 0.045662100456621, "total_users": 219}, "long_rule": "length > threshold", "short": {"evaluated_users": 1238, "history_length_max": 10, "history_length_mean": 5.27221324717286, "history_length_min": 3, "hit@10": 0.1122778675282714, "hit@5": 0.1098546042003231, "ndcg@10": 0.10568533986332589, "ndcg@5": 0.10488797561398867, "recall@10": 0.1122778675282714, "recall@5": 0.1098546042003231, "total_users": 1238}, "short_rule": "length <= threshold", "threshold": 10}
2026-09-11 15:58:27,793 | INFO | 
========== PERIODIC TEST ==========
stage=coordinator | epoch=1 | step=216 | users=1457/1457
NDCG  | @5 0.108844 | @10 0.111282
Recall| @5 0.116678 | @10 0.124228
Hit   | @5 0.116678 | @10 0.124228
================================
2026-09-11 15:58:27,793 | INFO | PERIODIC TEST SEQUENCE_LENGTH {"basis": "filtered_full_sequence", "long": {"evaluated_users": 219, "history_length_max": 119, "history_length_mean": 20.98173515981735, "history_length_min": 11, "hit@10": 0.0593607305936073, "hit@5": 0.0547945205479452, "ndcg@10": 0.04160972897308518, "ndcg@5": 0.04028979825930487, "recall@10": 0.0593607305936073, "recall@5": 0.0547945205479452, "total_users": 219}, "long_rule": "length > threshold", "short": {"evaluated_users": 1238, "history_length_max": 10, "history_length_mean": 5.27221324717286, "history_length_min": 3, "hit@10": 0.13570274636510501, "hit@5": 0.12762520193861066, "ndcg@10": 0.12360716738044664, "ndcg@5": 0.12097126585669096, "recall@10": 0.13570274636510501, "recall@5": 0.12762520193861066, "total_users": 1238}, "short_rule": "length <= threshold", "threshold": 10}
2026-09-11 15:58:27,794 | INFO | VALID_STEP step=216 stage=coordinator epoch=1 ndcg@10=0.095672 recall@10=0.103638 improved=False
2026-09-11 15:58:27,794 | INFO | LEARNING_RATE step=216 stage=coordinator lr=0.0001
2026-09-11 15:58:27,794 | INFO | stage=coordinator epoch=1 loss=3.851556 steps=54 transitions/s=3636.82
2026-09-11 15:58:30,181 | INFO | 
========== PERIODIC VALIDATION ==========
stage=coordinator | epoch=2 | step=270 | users=1457/1457
NDCG  | @5 0.094286 | @10 0.095651
Recall| @5 0.099520 | @10 0.103638
Hit   | @5 0.099520 | @10 0.103638
================================
2026-09-11 15:58:30,181 | INFO | PERIODIC VALIDATION SEQUENCE_LENGTH {"basis": "filtered_full_sequence", "long": {"evaluated_users": 219, "history_length_max": 119, "history_length_mean": 20.98173515981735, "history_length_min": 11, "hit@10": 0.0547945205479452, "hit@5": 0.045662100456621, "ndcg@10": 0.03906778006824786, "ndcg@5": 0.03612133251835786, "recall@10": 0.0547945205479452, "recall@5": 0.045662100456621, "total_users": 219}, "long_rule": "length > threshold", "short": {"evaluated_users": 1238, "history_length_max": 10, "history_length_mean": 5.27221324717286, "history_length_min": 3, "hit@10": 0.1122778675282714, "hit@5": 0.10904684975767366, "ndcg@10": 0.10566058572752093, "ndcg@5": 0.10457549354029355, "recall@10": 0.1122778675282714, "recall@5": 0.10904684975767366, "total_users": 1238}, "short_rule": "length <= threshold", "threshold": 10}
2026-09-11 15:58:30,520 | INFO | 
========== PERIODIC TEST ==========
stage=coordinator | epoch=2 | step=270 | users=1457/1457
NDCG  | @5 0.108844 | @10 0.111298
Recall| @5 0.116678 | @10 0.124228
Hit   | @5 0.116678 | @10 0.124228
================================
2026-09-11 15:58:30,520 | INFO | PERIODIC TEST SEQUENCE_LENGTH {"basis": "filtered_full_sequence", "long": {"evaluated_users": 219, "history_length_max": 119, "history_length_mean": 20.98173515981735, "history_length_min": 11, "hit@10": 0.0593607305936073, "hit@5": 0.0547945205479452, "ndcg@10": 0.04160972897308518, "ndcg@5": 0.04028979825930487, "recall@10": 0.0593607305936073, "recall@5": 0.0547945205479452, "total_users": 219}, "long_rule": "length > threshold", "short": {"evaluated_users": 1238, "history_length_max": 10, "history_length_mean": 5.27221324717286, "history_length_min": 3, "hit@10": 0.13570274636510501, "hit@5": 0.12762520193861066, "ndcg@10": 0.12362564383745366, "ndcg@5": 0.12097126585669096, "recall@10": 0.13570274636510501, "recall@5": 0.12762520193861066, "total_users": 1238}, "short_rule": "length <= threshold", "threshold": 10}
2026-09-11 15:58:30,520 | INFO | VALID_STEP step=270 stage=coordinator epoch=2 ndcg@10=0.095651 recall@10=0.103638 improved=False
2026-09-11 15:58:30,520 | INFO | LEARNING_RATE step=270 stage=coordinator lr=0.0001
2026-09-11 15:58:30,521 | INFO | stage=coordinator epoch=2 loss=3.942939 steps=54 transitions/s=3467.34
2026-09-11 15:58:32,753 | INFO | 
========== PERIODIC VALIDATION ==========
stage=coordinator | epoch=3 | step=324 | users=1457/1457
NDCG  | @5 0.094316 | @10 0.095661
Recall| @5 0.099520 | @10 0.103638
Hit   | @5 0.099520 | @10 0.103638
================================
2026-09-11 15:58:32,754 | INFO | PERIODIC VALIDATION SEQUENCE_LENGTH {"basis": "filtered_full_sequence", "long": {"evaluated_users": 219, "history_length_max": 119, "history_length_mean": 20.98173515981735, "history_length_min": 11, "hit@10": 0.0547945205479452, "hit@5": 0.045662100456621, "ndcg@10": 0.03926788851956682, "ndcg@5": 0.03632144096967682, "recall@10": 0.0547945205479452, "recall@5": 0.045662100456621, "total_users": 219}, "long_rule": "length > threshold", "short": {"evaluated_users": 1238, "history_length_max": 10, "history_length_mean": 5.27221324717286, "history_length_min": 3, "hit@10": 0.1122778675282714, "hit@5": 0.10904684975767366, "ndcg@10": 0.10563726604881052, "ndcg@5": 0.10457549354029355, "recall@10": 0.1122778675282714, "recall@5": 0.10904684975767366, "total_users": 1238}, "short_rule": "length <= threshold", "threshold": 10}
2026-09-11 15:58:33,091 | INFO | 
========== PERIODIC TEST ==========
stage=coordinator | epoch=3 | step=324 | users=1457/1457
NDCG  | @5 0.108844 | @10 0.111298
Recall| @5 0.116678 | @10 0.124228
Hit   | @5 0.116678 | @10 0.124228
================================
2026-09-11 15:58:33,091 | INFO | PERIODIC TEST SEQUENCE_LENGTH {"basis": "filtered_full_sequence", "long": {"evaluated_users": 219, "history_length_max": 119, "history_length_mean": 20.98173515981735, "history_length_min": 11, "hit@10": 0.0593607305936073, "hit@5": 0.0547945205479452, "ndcg@10": 0.04160972897308518, "ndcg@5": 0.04028979825930487, "recall@10": 0.0593607305936073, "recall@5": 0.0547945205479452, "total_users": 219}, "long_rule": "length > threshold", "short": {"evaluated_users": 1238, "history_length_max": 10, "history_length_mean": 5.27221324717286, "history_length_min": 3, "hit@10": 0.13570274636510501, "hit@5": 0.12762520193861066, "ndcg@10": 0.12362564383745366, "ndcg@5": 0.12097126585669096, "recall@10": 0.13570274636510501, "recall@5": 0.12762520193861066, "total_users": 1238}, "short_rule": "length <= threshold", "threshold": 10}
2026-09-11 15:58:33,092 | INFO | VALID_STEP step=324 stage=coordinator epoch=3 ndcg@10=0.095661 recall@10=0.103638 improved=False
2026-09-11 15:58:33,092 | INFO | LEARNING_RATE step=324 stage=coordinator lr=0.0001
2026-09-11 15:58:33,092 | INFO | stage=coordinator epoch=3 loss=3.942718 steps=54 transitions/s=3616.65
2026-09-11 15:58:33,094 | INFO | TRAINING_BRANCHES stage=joint long=True short=False preference=True gcn=True preference_auxiliary=True preference_contrastive=True diversity_pairs=1 trainable_parameters=932552
2026-09-11 15:58:37,530 | INFO | 
========== PERIODIC VALIDATION ==========
stage=joint | epoch=1 | step=378 | users=1457/1457
NDCG  | @5 0.094484 | @10 0.096266
Recall| @5 0.099520 | @10 0.105010
Hit   | @5 0.099520 | @10 0.105010
================================
2026-09-11 15:58:37,530 | INFO | PERIODIC VALIDATION SEQUENCE_LENGTH {"basis": "filtered_full_sequence", "long": {"evaluated_users": 219, "history_length_max": 119, "history_length_mean": 20.98173515981735, "history_length_min": 11, "hit@10": 0.0547945205479452, "hit@5": 0.045662100456621, "ndcg@10": 0.03926788851956682, "ndcg@5": 0.03632144096967682, "recall@10": 0.0547945205479452, "recall@5": 0.045662100456621, "total_users": 219}, "long_rule": "length > threshold", "short": {"evaluated_users": 1238, "history_length_max": 10, "history_length_mean": 5.27221324717286, "history_length_min": 3, "hit@10": 0.11389337641357028, "hit@5": 0.10904684975767366, "ndcg@10": 0.10634882500447278, "ndcg@5": 0.1047726477780455, "recall@10": 0.11389337641357028, "recall@5": 0.10904684975767366, "total_users": 1238}, "short_rule": "length <= threshold", "threshold": 10}
2026-09-11 15:58:37,847 | INFO | 
========== PERIODIC TEST ==========
stage=joint | epoch=1 | step=378 | users=1457/1457
NDCG  | @5 0.109032 | @10 0.111645
Recall| @5 0.117364 | @10 0.125601
Hit   | @5 0.117364 | @10 0.125601
================================
2026-09-11 15:58:37,847 | INFO | PERIODIC TEST SEQUENCE_LENGTH {"basis": "filtered_full_sequence", "long": {"evaluated_users": 219, "history_length_max": 119, "history_length_mean": 20.98173515981735, "history_length_min": 11, "hit@10": 0.0593607305936073, "hit@5": 0.0547945205479452, "ndcg@10": 0.041293183576160034, "ndcg@5": 0.03997325286237973, "recall@10": 0.0593607305936073, "recall@5": 0.0547945205479452, "total_users": 219}, "long_rule": "length > threshold", "short": {"evaluated_users": 1238, "history_length_max": 10, "history_length_mean": 5.27221324717286, "history_length_min": 3, "hit@10": 0.13731825525040386, "hit@5": 0.1284329563812601, "ndcg@10": 0.1240896559372064, "ndcg@5": 0.12124834910095242, "recall@10": 0.13731825525040386, "recall@5": 0.1284329563812601, "total_users": 1238}, "short_rule": "length <= threshold", "threshold": 10}
2026-09-11 15:58:37,847 | INFO | VALID_STEP step=378 stage=joint epoch=1 ndcg@10=0.096266 recall@10=0.105010 improved=True
2026-09-11 15:58:37,849 | INFO | BEST_MODEL_IN_MEMORY step=378 stage=joint ndcg@10=0.096266
2026-09-11 15:58:37,849 | INFO | LEARNING_RATE step=378 stage=joint lr=5e-05
2026-09-11 15:58:37,849 | INFO | stage=joint epoch=1 loss=4.301107 steps=54 transitions/s=1661.34
2026-09-11 15:58:42,319 | INFO | 
========== PERIODIC VALIDATION ==========
stage=joint | epoch=2 | step=432 | users=1457/1457
NDCG  | @5 0.094925 | @10 0.096685
Recall| @5 0.100206 | @10 0.105697
Hit   | @5 0.100206 | @10 0.105697
================================
2026-09-11 15:58:42,319 | INFO | PERIODIC VALIDATION SEQUENCE_LENGTH {"basis": "filtered_full_sequence", "long": {"evaluated_users": 219, "history_length_max": 119, "history_length_mean": 20.98173515981735, "history_length_min": 11, "hit@10": 0.0593607305936073, "hit@5": 0.045662100456621, "ndcg@10": 0.04238234245307649, "ndcg@5": 0.03800669323647382, "recall@10": 0.0593607305936073, "recall@5": 0.045662100456621, "total_users": 219}, "long_rule": "length > threshold", "short": {"evaluated_users": 1238, "history_length_max": 10, "history_length_mean": 5.27221324717286, "history_length_min": 3, "hit@10": 0.11389337641357028, "hit@5": 0.1098546042003231, "ndcg@10": 0.10629099553095879, "ndcg@5": 0.104993734704111, "recall@10": 0.11389337641357028, "recall@5": 0.1098546042003231, "total_users": 1238}, "short_rule": "length <= threshold", "threshold": 10}
2026-09-11 15:58:42,639 | INFO | 
========== PERIODIC TEST ==========
stage=joint | epoch=2 | step=432 | users=1457/1457
NDCG  | @5 0.109778 | @10 0.112361
Recall| @5 0.118051 | @10 0.126287
Hit   | @5 0.118051 | @10 0.126287
================================
2026-09-11 15:58:42,639 | INFO | PERIODIC TEST SEQUENCE_LENGTH {"basis": "filtered_full_sequence", "long": {"evaluated_users": 219, "history_length_max": 119, "history_length_mean": 20.98173515981735, "history_length_min": 11, "hit@10": 0.0593607305936073, "hit@5": 0.0547945205479452, "ndcg@10": 0.04297843584295703, "ndcg@5": 0.04165850512917672, "recall@10": 0.0593607305936073, "recall@5": 0.0547945205479452, "total_users": 219}, "long_rule": "length > threshold", "short": {"evaluated_users": 1238, "history_length_max": 10, "history_length_mean": 5.27221324717286, "history_length_min": 3, "hit@10": 0.1381260096930533, "hit@5": 0.12924071082390953, "ndcg@10": 0.1246344066395497, "ndcg@5": 0.12182878307126677, "recall@10": 0.1381260096930533, "recall@5": 0.12924071082390953, "total_users": 1238}, "short_rule": "length <= threshold", "threshold": 10}
2026-09-11 15:58:42,639 | INFO | VALID_STEP step=432 stage=joint epoch=2 ndcg@10=0.096685 recall@10=0.105697 improved=True
2026-09-11 15:58:42,641 | INFO | BEST_MODEL_IN_MEMORY step=432 stage=joint ndcg@10=0.096685
2026-09-11 15:58:42,641 | INFO | LEARNING_RATE step=432 stage=joint lr=5e-05
2026-09-11 15:58:42,641 | INFO | stage=joint epoch=2 loss=4.339392 steps=54 transitions/s=1648.57
2026-09-11 15:58:47,153 | INFO | 
========== PERIODIC VALIDATION ==========
stage=joint | epoch=3 | step=486 | users=1457/1457
NDCG  | @5 0.094895 | @10 0.096707
Recall| @5 0.100206 | @10 0.105697
Hit   | @5 0.100206 | @10 0.105697
================================
2026-09-11 15:58:47,153 | INFO | PERIODIC VALIDATION SEQUENCE_LENGTH {"basis": "filtered_full_sequence", "long": {"evaluated_users": 219, "history_length_max": 119, "history_length_mean": 20.98173515981735, "history_length_min": 11, "hit@10": 0.0639269406392694, "hit@5": 0.045662100456621, "ndcg@10": 0.044074771988372244, "ndcg@5": 0.03800669323647382, "recall@10": 0.0639269406392694, "recall@5": 0.045662100456621, "total_users": 219}, "long_rule": "length > threshold", "short": {"evaluated_users": 1238, "history_length_max": 10, "history_length_mean": 5.27221324717286, "history_length_min": 3, "hit@10": 0.11308562197092084, "hit@5": 0.1098546042003231, "ndcg@10": 0.10601806017200575, "ndcg@5": 0.10495833587467737, "recall@10": 0.11308562197092084, "recall@5": 0.1098546042003231, "total_users": 1238}, "short_rule": "length <= threshold", "threshold": 10}
2026-09-11 15:58:47,469 | INFO | 
========== PERIODIC TEST ==========
stage=joint | epoch=3 | step=486 | users=1457/1457
NDCG  | @5 0.110354 | @10 0.112974
Recall| @5 0.118051 | @10 0.126287
Hit   | @5 0.118051 | @10 0.126287
================================
2026-09-11 15:58:47,469 | INFO | PERIODIC TEST SEQUENCE_LENGTH {"basis": "filtered_full_sequence", "long": {"evaluated_users": 219, "history_length_max": 119, "history_length_mean": 20.98173515981735, "history_length_min": 11, "hit@10": 0.0593607305936073, "hit@5": 0.0547945205479452, "ndcg@10": 0.04329498123988217, "ndcg@5": 0.04197505052610187, "recall@10": 0.0593607305936073, "recall@5": 0.0547945205479452, "total_users": 219}, "long_rule": "length > threshold", "short": {"evaluated_users": 1238, "history_length_max": 10, "history_length_mean": 5.27221324717286, "history_length_min": 3, "hit@10": 0.1381260096930533, "hit@5": 0.12924071082390953, "ndcg@10": 0.12530060520891054, "ndcg@5": 0.12245041201910577, "recall@10": 0.1381260096930533, "recall@5": 0.12924071082390953, "total_users": 1238}, "short_rule": "length <= threshold", "threshold": 10}
2026-09-11 15:58:47,470 | INFO | VALID_STEP step=486 stage=joint epoch=3 ndcg@10=0.096707 recall@10=0.105697 improved=True
2026-09-11 15:58:47,471 | INFO | BEST_MODEL_IN_MEMORY step=486 stage=joint ndcg@10=0.096707
2026-09-11 15:58:47,471 | INFO | LEARNING_RATE step=486 stage=joint lr=5e-05
2026-09-11 15:58:47,471 | INFO | stage=joint epoch=3 loss=4.323719 steps=54 transitions/s=1632.27
2026-09-11 15:58:51,888 | INFO | 
========== PERIODIC VALIDATION ==========
stage=joint | epoch=4 | step=540 | users=1457/1457
NDCG  | @5 0.095160 | @10 0.096762
Recall| @5 0.100892 | @10 0.105697
Hit   | @5 0.100892 | @10 0.105697
================================
2026-09-11 15:58:51,888 | INFO | PERIODIC VALIDATION SEQUENCE_LENGTH {"basis": "filtered_full_sequence", "long": {"evaluated_users": 219, "history_length_max": 119, "history_length_mean": 20.98173515981735, "history_length_min": 11, "hit@10": 0.0639269406392694, "hit@5": 0.0502283105022831, "ndcg@10": 0.0443622101518237, "ndcg@5": 0.039773144411060765, "recall@10": 0.0639269406392694, "recall@5": 0.0502283105022831, "total_users": 219}, "long_rule": "length > threshold", "short": {"evaluated_users": 1238, "history_length_max": 10, "history_length_mean": 5.27221324717286, "history_length_min": 3, "hit@10": 0.11308562197092084, "hit@5": 0.1098546042003231, "ndcg@10": 0.10603176822254953, "ndcg@5": 0.10495833587467737, "recall@10": 0.11308562197092084, "recall@5": 0.1098546042003231, "total_users": 1238}, "short_rule": "length <= threshold", "threshold": 10}
2026-09-11 15:58:52,212 | INFO | 
========== PERIODIC TEST ==========
stage=joint | epoch=4 | step=540 | users=1457/1457
NDCG  | @5 0.110277 | @10 0.113962
Recall| @5 0.118737 | @10 0.130405
Hit   | @5 0.118737 | @10 0.130405
================================
2026-09-11 15:58:52,213 | INFO | PERIODIC TEST SEQUENCE_LENGTH {"basis": "filtered_full_sequence", "long": {"evaluated_users": 219, "history_length_max": 119, "history_length_mean": 20.98173515981735, "history_length_min": 11, "hit@10": 0.0639269406392694, "hit@5": 0.0547945205479452, "ndcg@10": 0.04305020786251773, "ndcg@5": 0.04028979825930487, "recall@10": 0.0639269406392694, "recall@5": 0.0547945205479452, "total_users": 219}, "long_rule": "length > threshold", "short": {"evaluated_users": 1238, "history_length_max": 10, "history_length_mean": 5.27221324717286, "history_length_min": 3, "hit@10": 0.1421647819063005, "hit@5": 0.13004846526655897, "ndcg@10": 0.12650612943771158, "ndcg@5": 0.12265713500267852, "recall@10": 0.1421647819063005, "recall@5": 0.13004846526655897, "total_users": 1238}, "short_rule": "length <= threshold", "threshold": 10}
2026-09-11 15:58:52,213 | INFO | VALID_STEP step=540 stage=joint epoch=4 ndcg@10=0.096762 recall@10=0.105697 improved=True
2026-09-11 15:58:52,215 | INFO | BEST_MODEL_IN_MEMORY step=540 stage=joint ndcg@10=0.096762
2026-09-11 15:58:52,215 | INFO | LEARNING_RATE step=540 stage=joint lr=5e-05
2026-09-11 15:58:52,215 | INFO | stage=joint epoch=4 loss=4.309355 steps=54 transitions/s=1671.57
2026-09-11 15:58:56,833 | INFO | 
========== PERIODIC VALIDATION ==========
stage=joint | epoch=5 | step=594 | users=1457/1457
NDCG  | @5 0.094895 | @10 0.097181
Recall| @5 0.100206 | @10 0.107069
Hit   | @5 0.100206 | @10 0.107069
================================
2026-09-11 15:58:56,833 | INFO | PERIODIC VALIDATION SEQUENCE_LENGTH {"basis": "filtered_full_sequence", "long": {"evaluated_users": 219, "history_length_max": 119, "history_length_mean": 20.98173515981735, "history_length_min": 11, "hit@10": 0.0684931506849315, "hit@5": 0.0502283105022831, "ndcg@10": 0.045802689041256256, "ndcg@5": 0.039773144411060765, "recall@10": 0.0684931506849315, "recall@5": 0.0502283105022831, "total_users": 219}, "long_rule": "length > threshold", "short": {"evaluated_users": 1238, "history_length_max": 10, "history_length_mean": 5.27221324717286, "history_length_min": 3, "hit@10": 0.11389337641357028, "hit@5": 0.10904684975767366, "ndcg@10": 0.10626944894997593, "ndcg@5": 0.10464585380098226, "recall@10": 0.11389337641357028, "recall@5": 0.10904684975767366, "total_users": 1238}, "short_rule": "length <= threshold", "threshold": 10}
2026-09-11 15:58:57,157 | INFO | 
========== PERIODIC TEST ==========
stage=joint | epoch=5 | step=594 | users=1457/1457
NDCG  | @5 0.110897 | @10 0.114056
Recall| @5 0.120110 | @10 0.129719
Hit   | @5 0.120110 | @10 0.129719
================================
2026-09-11 15:58:57,157 | INFO | PERIODIC TEST SEQUENCE_LENGTH {"basis": "filtered_full_sequence", "long": {"evaluated_users": 219, "history_length_max": 119, "history_length_mean": 20.98173515981735, "history_length_min": 11, "hit@10": 0.0639269406392694, "hit@5": 0.0547945205479452, "ndcg@10": 0.04313179898830588, "ndcg@5": 0.04028979825930487, "recall@10": 0.0639269406392694, "recall@5": 0.0547945205479452, "total_users": 219}, "long_rule": "length > threshold", "short": {"evaluated_users": 1238, "history_length_max": 10, "history_length_mean": 5.27221324717286, "history_length_min": 3, "hit@10": 0.14135702746365106, "hit@5": 0.13166397415185785, "ndcg@10": 0.12660206394077164, "ndcg@5": 0.12338785824019108, "recall@10": 0.14135702746365106, "recall@5": 0.13166397415185785, "total_users": 1238}, "short_rule": "length <= threshold", "threshold": 10}
2026-09-11 15:58:57,158 | INFO | VALID_STEP step=594 stage=joint epoch=5 ndcg@10=0.097181 recall@10=0.107069 improved=True
2026-09-11 15:58:57,160 | INFO | BEST_MODEL_IN_MEMORY step=594 stage=joint ndcg@10=0.097181
2026-09-11 15:58:57,160 | INFO | LEARNING_RATE step=594 stage=joint lr=5e-05
2026-09-11 15:58:57,160 | INFO | stage=joint epoch=5 loss=4.294095 steps=54 transitions/s=1591.80
2026-09-11 15:59:01,863 | INFO | 
========== PERIODIC VALIDATION ==========
stage=joint | epoch=6 | step=648 | users=1457/1457
NDCG  | @5 0.095221 | @10 0.097509
Recall| @5 0.100892 | @10 0.107756
Hit   | @5 0.100892 | @10 0.107756
================================
2026-09-11 15:59:01,863 | INFO | PERIODIC VALIDATION SEQUENCE_LENGTH {"basis": "filtered_full_sequence", "long": {"evaluated_users": 219, "history_length_max": 119, "history_length_mean": 20.98173515981735, "history_length_min": 11, "hit@10": 0.0684931506849315, "hit@5": 0.0547945205479452, "ndcg@10": 0.04652887822904857, "ndcg@5": 0.04193981248828562, "recall@10": 0.0684931506849315, "recall@5": 0.0547945205479452, "total_users": 219}, "long_rule": "length > threshold", "short": {"evaluated_users": 1238, "history_length_max": 10, "history_length_mean": 5.27221324717286, "history_length_min": 3, "hit@10": 0.1147011308562197, "hit@5": 0.10904684975767366, "ndcg@10": 0.10652704059150385, "ndcg@5": 0.10464585380098226, "recall@10": 0.1147011308562197, "recall@5": 0.10904684975767366, "total_users": 1238}, "short_rule": "length <= threshold", "threshold": 10}
2026-09-11 15:59:02,189 | INFO | 
========== PERIODIC TEST ==========
stage=joint | epoch=6 | step=648 | users=1457/1457
NDCG  | @5 0.110867 | @10 0.114224
Recall| @5 0.120110 | @10 0.130405
Hit   | @5 0.120110 | @10 0.130405
================================
2026-09-11 15:59:02,189 | INFO | PERIODIC TEST SEQUENCE_LENGTH {"basis": "filtered_full_sequence", "long": {"evaluated_users": 219, "history_length_max": 119, "history_length_mean": 20.98173515981735, "history_length_min": 11, "hit@10": 0.0684931506849315, "hit@5": 0.0547945205479452, "ndcg@10": 0.044506365178552366, "ndcg@5": 0.04028979825930487, "recall@10": 0.0684931506849315, "recall@5": 0.0547945205479452, "total_users": 219}, "long_rule": "length > threshold", "short": {"evaluated_users": 1238, "history_length_max": 10, "history_length_mean": 5.27221324717286, "history_length_min": 3, "hit@10": 0.14135702746365106, "hit@5": 0.13166397415185785, "ndcg@10": 0.12655700019264163, "ndcg@5": 0.12335245941075743, "recall@10": 0.14135702746365106, "recall@5": 0.13166397415185785, "total_users": 1238}, "short_rule": "length <= threshold", "threshold": 10}
2026-09-11 15:59:02,190 | INFO | VALID_STEP step=648 stage=joint epoch=6 ndcg@10=0.097509 recall@10=0.107756 improved=True
2026-09-11 15:59:02,191 | INFO | BEST_MODEL_IN_MEMORY step=648 stage=joint ndcg@10=0.097509
2026-09-11 15:59:02,191 | INFO | LEARNING_RATE step=648 stage=joint lr=5e-05
2026-09-11 15:59:02,192 | INFO | stage=joint epoch=6 loss=4.280604 steps=54 transitions/s=1561.24
2026-09-11 15:59:06,655 | INFO | 
========== PERIODIC VALIDATION ==========
stage=joint | epoch=7 | step=702 | users=1457/1457
NDCG  | @5 0.095221 | @10 0.098156
Recall| @5 0.100892 | @10 0.109815
Hit   | @5 0.100892 | @10 0.109815
================================
2026-09-11 15:59:06,655 | INFO | PERIODIC VALIDATION SEQUENCE_LENGTH {"basis": "filtered_full_sequence", "long": {"evaluated_users": 219, "history_length_max": 119, "history_length_mean": 20.98173515981735, "history_length_min": 11, "hit@10": 0.0730593607305936, "hit@5": 0.0593607305936073, "ndcg@10": 0.04807033440709429, "ndcg@5": 0.04370626366287257, "recall@10": 0.0730593607305936, "recall@5": 0.0593607305936073, "total_users": 219}, "long_rule": "length > threshold", "short": {"evaluated_users": 1238, "history_length_max": 10, "history_length_mean": 5.27221324717286, "history_length_min": 3, "hit@10": 0.11631663974151858, "hit@5": 0.10823909531502424, "ndcg@10": 0.1070159658989934, "ndcg@5": 0.10433337172728714, "recall@10": 0.11631663974151858, "recall@5": 0.10823909531502424, "total_users": 1238}, "short_rule": "length <= threshold", "threshold": 10}
2026-09-11 15:59:06,972 | INFO | 
========== PERIODIC TEST ==========
stage=joint | epoch=7 | step=702 | users=1457/1457
NDCG  | @5 0.110602 | @10 0.114429
Recall| @5 0.119423 | @10 0.131091
Hit   | @5 0.119423 | @10 0.131091
================================
2026-09-11 15:59:06,972 | INFO | PERIODIC TEST SEQUENCE_LENGTH {"basis": "filtered_full_sequence", "long": {"evaluated_users": 219, "history_length_max": 119, "history_length_mean": 20.98173515981735, "history_length_min": 11, "hit@10": 0.0684931506849315, "hit@5": 0.0547945205479452, "ndcg@10": 0.04465386900352658, "ndcg@5": 0.04028979825930487, "recall@10": 0.0684931506849315, "recall@5": 0.0547945205479452, "total_users": 219}, "long_rule": "length > threshold", "short": {"evaluated_users": 1238, "history_length_max": 10, "history_length_mean": 5.27221324717286, "history_length_min": 3, "hit@10": 0.1421647819063005, "hit@5": 0.1308562197092084, "ndcg@10": 0.12677255607216045, "ndcg@5": 0.1230399773370623, "recall@10": 0.1421647819063005, "recall@5": 0.1308562197092084, "total_users": 1238}, "short_rule": "length <= threshold", "threshold": 10}
2026-09-11 15:59:06,973 | INFO | VALID_STEP step=702 stage=joint epoch=7 ndcg@10=0.098156 recall@10=0.109815 improved=True
2026-09-11 15:59:06,974 | INFO | BEST_MODEL_IN_MEMORY step=702 stage=joint ndcg@10=0.098156
2026-09-11 15:59:06,974 | INFO | LEARNING_RATE step=702 stage=joint lr=5e-05
2026-09-11 15:59:06,974 | INFO | stage=joint epoch=7 loss=4.265035 steps=54 transitions/s=1651.80
2026-09-11 15:59:07,294 | INFO | 
========== FINAL CURRENT VALIDATION ==========
stage=final | epoch=0 | step=702 | users=1457/1457
NDCG  | @5 0.095221 | @10 0.098156
Recall| @5 0.100892 | @10 0.109815
Hit   | @5 0.100892 | @10 0.109815
================================
2026-09-11 15:59:07,294 | INFO | FINAL CURRENT VALIDATION SEQUENCE_LENGTH {"basis": "filtered_full_sequence", "long": {"evaluated_users": 219, "history_length_max": 119, "history_length_mean": 20.98173515981735, "history_length_min": 11, "hit@10": 0.0730593607305936, "hit@5": 0.0593607305936073, "ndcg@10": 0.04807033440709429, "ndcg@5": 0.04370626366287257, "recall@10": 0.0730593607305936, "recall@5": 0.0593607305936073, "total_users": 219}, "long_rule": "length > threshold", "short": {"evaluated_users": 1238, "history_length_max": 10, "history_length_mean": 5.27221324717286, "history_length_min": 3, "hit@10": 0.11631663974151858, "hit@5": 0.10823909531502424, "ndcg@10": 0.1070159658989934, "ndcg@5": 0.10433337172728714, "recall@10": 0.11631663974151858, "recall@5": 0.10823909531502424, "total_users": 1238}, "short_rule": "length <= threshold", "threshold": 10}
2026-09-11 15:59:07,294 | INFO | VALID_STEP step=702 stage=final epoch=0 ndcg@10=0.098156 recall@10=0.109815 improved=False
2026-09-11 15:59:07,295 | INFO | RESTORE_BEST step=702 stage=joint ndcg@10=0.098156
2026-09-11 15:59:07,933 | INFO | 
========== BEST CHECKPOINT VALIDATION ==========
stage=joint | epoch=0 | step=702 | users=1457/1457
NDCG  | @5 0.095221 | @10 0.098156
Recall| @5 0.100892 | @10 0.109815
Hit   | @5 0.100892 | @10 0.109815
================================
2026-09-11 15:59:07,933 | INFO | BEST CHECKPOINT VALIDATION SEQUENCE_LENGTH {"basis": "filtered_full_sequence", "long": {"evaluated_users": 219, "history_length_max": 119, "history_length_mean": 20.98173515981735, "history_length_min": 11, "hit@10": 0.0730593607305936, "hit@5": 0.0593607305936073, "ndcg@10": 0.04807033440709429, "ndcg@5": 0.04370626366287257, "recall@10": 0.0730593607305936, "recall@5": 0.0593607305936073, "total_users": 219}, "long_rule": "length > threshold", "short": {"evaluated_users": 1238, "history_length_max": 10, "history_length_mean": 5.27221324717286, "history_length_min": 3, "hit@10": 0.11631663974151858, "hit@5": 0.10823909531502424, "ndcg@10": 0.1070159658989934, "ndcg@5": 0.10433337172728714, "recall@10": 0.11631663974151858, "recall@5": 0.10823909531502424, "total_users": 1238}, "short_rule": "length <= threshold", "threshold": 10}
2026-09-11 15:59:07,933 | INFO | 
========== FINAL FULL TEST ==========
stage=joint | epoch=0 | step=702 | users=1457/1457
NDCG  | @5 0.110602 | @10 0.114429
Recall| @5 0.119423 | @10 0.131091
Hit   | @5 0.119423 | @10 0.131091
================================
2026-09-11 15:59:07,933 | INFO | FINAL FULL TEST SEQUENCE_LENGTH {"basis": "filtered_full_sequence", "long": {"evaluated_users": 219, "history_length_max": 119, "history_length_mean": 20.98173515981735, "history_length_min": 11, "hit@10": 0.0684931506849315, "hit@5": 0.0547945205479452, "ndcg@10": 0.04465386900352658, "ndcg@5": 0.04028979825930487, "recall@10": 0.0684931506849315, "recall@5": 0.0547945205479452, "total_users": 219}, "long_rule": "length > threshold", "short": {"evaluated_users": 1238, "history_length_max": 10, "history_length_mean": 5.27221324717286, "history_length_min": 3, "hit@10": 0.1421647819063005, "hit@5": 0.1308562197092084, "ndcg@10": 0.12677255607216045, "ndcg@5": 0.1230399773370623, "recall@10": 0.1421647819063005, "recall@5": 0.1308562197092084, "total_users": 1238}, "short_rule": "length <= threshold", "threshold": 10}
2026-09-11 15:59:07,933 | INFO | VALID_BEST {"evaluated_users": 1457, "hit@10": 0.10981468771448182, "hit@5": 0.10089224433768017, "long_agent_weight": 1.0, "long_preference_state_cosine": 0.12347337032886262, "long_short_state_cosine": 0.0, "ndcg@10": 0.09815591528715135, "ndcg@5": 0.09522058101410562, "preference_change_probability": 0.02038297738289293, "preference_current_entropy": 3.3368980392005727, "preference_next_entropy": 3.382462553235056, "preference_ranking_weight": 0.2047119140625, "recall@10": 0.10981468771448182, "recall@5": 0.10089224433768017, "scores_per_second": 18843291.929602537, "sequence_length": {"basis": "filtered_full_sequence", "long": {"evaluated_users": 219, "history_length_max": 119, "history_length_mean": 20.98173515981735, "history_length_min": 11, "hit@10": 0.0730593607305936, "hit@5": 0.0593607305936073, "ndcg@10": 0.04807033440709429, "ndcg@5": 0.04370626366287257, "recall@10": 0.0730593607305936, "recall@5": 0.0593607305936073, "total_users": 219}, "long_rule": "length > threshold", "short": {"evaluated_users": 1238, "history_length_max": 10, "history_length_mean": 5.27221324717286, "history_length_min": 3, "hit@10": 0.11631663974151858, "hit@5": 0.10823909531502424, "ndcg@10": 0.1070159658989934, "ndcg@5": 0.10433337172728714, "recall@10": 0.11631663974151858, "recall@5": 0.10823909531502424, "total_users": 1238}, "short_rule": "length <= threshold", "threshold": 10}, "short_agent_weight": 0.0, "short_preference_state_cosine": 0.0, "total_users": 1457, "users_per_second": 4607.161840978616}
2026-09-11 15:59:07,933 | INFO | TEST_FINAL {"evaluated_users": 1457, "hit@10": 0.13109128345916266, "hit@5": 0.11942347288949898, "long_agent_weight": 1.0, "long_preference_state_cosine": 0.0067174449798254095, "long_short_state_cosine": 0.0, "ndcg@10": 0.11442939074954188, "ndcg@5": 0.11060189186258519, "preference_change_probability": 0.020594097443778957, "preference_current_entropy": 3.3451791212177473, "preference_next_entropy": 3.377693851761566, "preference_ranking_weight": 0.2047119140625, "recall@10": 0.13109128345916266, "recall@5": 0.11942347288949898, "scores_per_second": 18634428.914656382, "sequence_length": {"basis": "filtered_full_sequence", "long": {"evaluated_users": 219, "history_length_max": 119, "history_length_mean": 20.98173515981735, "history_length_min": 11, "hit@10": 0.0684931506849315, "hit@5": 0.0547945205479452, "ndcg@10": 0.04465386900352658, "ndcg@5": 0.04028979825930487, "recall@10": 0.0684931506849315, "recall@5": 0.0547945205479452, "total_users": 219}, "long_rule": "length > threshold", "short": {"evaluated_users": 1238, "history_length_max": 10, "history_length_mean": 5.27221324717286, "history_length_min": 3, "hit@10": 0.1421647819063005, "hit@5": 0.1308562197092084, "ndcg@10": 0.12677255607216045, "ndcg@5": 0.1230399773370623, "recall@10": 0.1421647819063005, "recall@5": 0.1308562197092084, "total_users": 1238}, "short_rule": "length <= threshold", "threshold": 10}, "short_agent_weight": 0.0, "short_preference_state_cosine": 0.0, "total_users": 1457, "users_per_second": 4556.09508915804}
2026-09-11 15:59:07,933 | INFO | TARGET_RESULT metric=recall@10 target=>0.150000 actual=0.131091 achieved=False
2026-09-11 15:59:08,212 | INFO | FINAL_LENGTH_SCORES dataset=amazon-all-beauty group=short split=valid threshold=10 users=1238/1238 scores={"hit@10": 0.11631663974151858, "hit@5": 0.10823909531502424, "ndcg@10": 0.1070159658989934, "ndcg@5": 0.10433337172728714, "recall@10": 0.11631663974151858, "recall@5": 0.10823909531502424}
2026-09-11 15:59:08,212 | INFO | FINAL_LENGTH_SCORES dataset=amazon-all-beauty group=short split=test threshold=10 users=1238/1238 scores={"hit@10": 0.1421647819063005, "hit@5": 0.1308562197092084, "ndcg@10": 0.12677255607216045, "ndcg@5": 0.1230399773370623, "recall@10": 0.1421647819063005, "recall@5": 0.1308562197092084}
2026-09-11 15:59:08,212 | INFO | short_scores=/workspace/P78123011/MediaTek_2026_project/ver4/outputs_mamba_rl/amazons_long_short_L1_S0_P1_G1/Full_Beauty/rl_20260911_155809_r1_488059/short_scores.json
2026-09-11 15:59:08,212 | INFO | FINAL_LENGTH_SCORES dataset=amazon-all-beauty group=long split=valid threshold=10 users=219/219 scores={"hit@10": 0.0730593607305936, "hit@5": 0.0593607305936073, "ndcg@10": 0.04807033440709429, "ndcg@5": 0.04370626366287257, "recall@10": 0.0730593607305936, "recall@5": 0.0593607305936073}
2026-09-11 15:59:08,212 | INFO | FINAL_LENGTH_SCORES dataset=amazon-all-beauty group=long split=test threshold=10 users=219/219 scores={"hit@10": 0.0684931506849315, "hit@5": 0.0547945205479452, "ndcg@10": 0.04465386900352658, "ndcg@5": 0.04028979825930487, "recall@10": 0.0684931506849315, "recall@5": 0.0547945205479452}
2026-09-11 15:59:08,212 | INFO | long_scores=/workspace/P78123011/MediaTek_2026_project/ver4/outputs_mamba_rl/amazons_long_short_L1_S0_P1_G1/Full_Beauty/rl_20260911_155809_r1_488059/long_scores.json
2026-09-11 15:59:08,212 | INFO | scores=/workspace/P78123011/MediaTek_2026_project/ver4/outputs_mamba_rl/amazons_long_short_L1_S0_P1_G1/Full_Beauty/rl_20260911_155809_r1_488059/Full_Beauty_scores.json
2026-09-11 15:59:08,212 | INFO | outputs=/workspace/P78123011/MediaTek_2026_project/ver4/outputs_mamba_rl/amazons_long_short_L1_S0_P1_G1/Full_Beauty/rl_20260911_155809_r1_488059
