2026-09-29 04:26:00,732 | INFO | run_id=20260929_042600 dataset=amazon-toys-and-games device=cuda:0
2026-09-29 04:26:00,732 | INFO | CUDA_SCOPE requested_physical=1 visible_count=1 main_logical=cuda:0 graph_logical=cuda:0
2026-09-29 04:26:00,733 | INFO | MODEL recommender=MultiAgentMambaRecommender semantic_encoder=MambaTextEncoder semantic_model_id=state-spaces/mamba-130m-hf graph_backbone=LightGCN adaptation=multi_lora
2026-09-29 04:26:00,733 | INFO | ABLATION USE_LONG=1 USE_SHORT=0 USE_PREFERENCE=0 USE_GCN=1
2026-09-29 04:26:00,733 | INFO | AGENT_HISTORY mode=full_history effective_max_history=100
2026-09-29 04:26:00,733 | INFO | EXPERIMENT_NOTE preliminary inverse: reversed observed prefixes, chronological targets; single full-history Mamba+LoRA+LightGCN; no saved weights
2026-09-29 04:26:00,733 | INFO | EXPERIMENT_CONFIG {"agent_diversity_coef": 0.02, "batch_size": 128, "cache_dir": "/workspace/P78123011/cache", "candidates": 192, "coordinator_epochs": 0, "coordinator_lr": 0.0001, "data_path": null, "dataset": "amazon-toys-and-games", "device": "cuda:0", "dim": 128, "early_stopping_patience": 6, "enable_lora": 1, "eval_batch_size": 64, "eval_length_basis": "untruncated_train_history", "eval_length_threshold": null, "experiment_note": "preliminary inverse: reversed observed prefixes, chronological targets; single full-history Mamba+LoRA+LightGCN; no saved weights", "full_catalog_supervised": false, "future_decay": 0.5, "future_horizon": 3, "generate_reasons": false, "graph_device": "cuda:0", "hard_negative_fraction": 0.75, "hard_negative_pool_multiplier": 12, "hard_negative_warmup_epochs": 2, "history_influence_negatives": 64, "history_influence_output": "/workspace/P78123011/MediaTek_2026_project/preliminary/outputs_inverse/training/amazon-toys-and-games/history_item_influence.csv", "history_influence_user_limit": 2000, "item_prompt_prefix": "Preference-aware product representation: ", "item_vector_artifact": null, "joint_epochs": 3, "joint_lr": 5e-05, "lora_alpha": 32.0, "lora_dropout": 0.05, "lora_rank": 16, "lr_patience": 2, "mamba_encode_batch_size": 32, "mamba_max_tokens": 32, "mamba_model_id": "state-spaces/mamba-130m-hf", "max_events": null, "max_history": 100, "max_transitions": 1500000, "min_rating": 4.0, "monitor_metric": "ndcg@10", "output_dir": "/workspace/P78123011/MediaTek_2026_project/ver4/outputs_mamba_rl/amazons_lora", "output_run_dir": "/workspace/P78123011/MediaTek_2026_project/preliminary/outputs_inverse/training/amazon-toys-and-games/single_mamba_lora_lightgcn_inverse_20260929_042559", "periodic_test_user_limit": 0, "popularity_alpha": 0.3, "preference_balance_coef": 0.01, "preference_coef": 0.2, "preference_contrastive_coef": 0.05, "preference_count": 32, "preference_hidden": 128, "preference_score_weight": 0.2, "preference_separation_coef": 0.01, "preference_sharpness_coef": 0.05, "preference_temperature": 0.2, "preference_transition_coef": 0.1, "reason_count": 20, "reason_max_new_tokens": 40, "refresh_data_cache": false, "resume_checkpoint": null, "reverse_history_input": true, "save_model_weights": false, "score_file": "/workspace/P78123011/MediaTek_2026_project/preliminary/outputs_inverse/training/amazon-toys-and-games/single_mamba_lora_lightgcn_inverse_20260929_042559/amazon-toys-and-games_scores.json", "seed": 25252, "short_window": 10, "skip_mamba": false, "specialist_epochs": 0, "specialist_lr": 0.0001, "target_recall_at_10": 0.15, "transition_beta": 0.5, "use_graph_embeddings": true, "use_in_batch_negatives": true, "use_long": 1, "use_preference": 0, "use_short": 0, "validate_every_steps": 2147483647, "validation_user_limit": 0}
2026-09-29 04:26:01,636 | INFO | INTERACTION_CACHE hit path=/workspace/P78123011/cache/mamba_multi_agent_data/amazon-toys-and-games_2cc47abc910b.pkl
2026-09-29 04:26:01,637 | INFO | HISTORY_INPUT_ORDER reversed
2026-09-29 04:26:01,645 | INFO | users=568262 items=333160 train_interactions=3734374
2026-09-29 04:26:13,866 | INFO | CATALOG_PRIORS popularity_alpha=0.300000 transition_beta=0.500000 source=train_histories_only enabled=True
2026-09-29 04:26:15,988 | INFO | ITEM_VECTOR_ARTIFACT path=/workspace/P78123011/cache/mamba_multi_agent/amazon-toys-and-games_333160_4d0b5392ebd5_prompt_tok32.pt fingerprint=4d0b5392ebd5
2026-09-29 04:26:15,988 | INFO | SEMANTIC_BACKBONE model_id=state-spaces/mamba-130m-hf hidden_size=768 frozen=True usage=shared_cached_item_vectors
2026-09-29 04:26:17,246 | INFO | GRAPH_EMBEDDINGS enabled=True source=train_histories_only main_device=cuda:0 graph_device=cuda:0
2026-09-29 04:26:18,052 | INFO | ADAPTATION_MODE mode=multi_lora enable_lora=1
2026-09-29 04:26:18,052 | INFO | ADAPTER_ROUTES {'long': ('candidate_lora', 'delta_lora', 'gate_lora', 'output_lora')}
2026-09-29 04:26:18,052 | INFO | agent_parameters={'long': 16513, 'short': 16513, 'preference': 78786, 'coordinator': 0, 'shared_projection': 98304, 'graph': 115382016}
2026-09-29 04:26:18,052 | INFO | PREDICTION_PATH graph_only=False active_agents=1 coordinator=False
2026-09-29 04:26:22,253 | INFO | training_transitions=1500000
2026-09-29 04:26:22,253 | INFO | schedule specialist_epochs=0 coordinator_epochs=0 joint_ranking_epochs=3 validate_every_steps=2147483647 validation_users=0 periodic_test_users=0 monitor=ndcg@10 early_stopping_patience=6
2026-09-29 04:26:22,253 | INFO | SKIP_STAGE stage=specialists epochs=0 use_coordinator=False
2026-09-29 04:26:22,253 | INFO | SKIP_STAGE stage=coordinator epochs=0 use_coordinator=False
2026-09-29 04:26:23,252 | INFO | TRAINING_BRANCHES stage=joint long=True short=False preference=False gcn=True preference_auxiliary=False preference_contrastive=False diversity_pairs=0 trainable_parameters=115496833
2026-09-29 05:07:44,115 | INFO | 
========== PERIODIC VALIDATION ==========
stage=joint | epoch=1 | step=11719 | users=564666/564666
NDCG  | @5 0.024654 | @10 0.027638
Recall| @5 0.032387 | @10 0.041633
Hit   | @5 0.032387 | @10 0.041633
================================
2026-09-29 05:10:18,362 | INFO | 
========== PERIODIC TEST ==========
stage=joint | epoch=1 | step=11719 | users=564666/564666
NDCG  | @5 0.022062 | @10 0.024628
Recall| @5 0.028695 | @10 0.036657
Hit   | @5 0.028695 | @10 0.036657
================================
2026-09-29 05:10:18,362 | INFO | VALID_STEP step=11719 stage=joint epoch=1 ndcg@10=0.027638 recall@10=0.041633 improved=True
2026-09-29 05:10:18,579 | INFO | BEST_MODEL_IN_MEMORY step=11719 stage=joint ndcg@10=0.027638
2026-09-29 05:10:18,579 | INFO | LEARNING_RATE step=11719 stage=joint lr=5e-05
2026-09-29 05:10:18,580 | INFO | stage=joint epoch=1 loss=4.948242 steps=11719 transitions/s=645.87
2026-09-29 05:51:39,282 | INFO | 
========== PERIODIC VALIDATION ==========
stage=joint | epoch=2 | step=23438 | users=564666/564666
NDCG  | @5 0.032616 | @10 0.036594
Recall| @5 0.042501 | @10 0.054855
Hit   | @5 0.042501 | @10 0.054855
================================
2026-09-29 05:54:13,028 | INFO | 
========== PERIODIC TEST ==========
stage=joint | epoch=2 | step=23438 | users=564666/564666
NDCG  | @5 0.028603 | @10 0.031803
Recall| @5 0.036659 | @10 0.046590
Hit   | @5 0.036659 | @10 0.046590
================================
2026-09-29 05:54:13,028 | INFO | VALID_STEP step=23438 stage=joint epoch=2 ndcg@10=0.036594 recall@10=0.054855 improved=True
2026-09-29 05:54:13,275 | INFO | BEST_MODEL_IN_MEMORY step=23438 stage=joint ndcg@10=0.036594
2026-09-29 05:54:13,275 | INFO | LEARNING_RATE step=23438 stage=joint lr=5e-05
2026-09-29 05:54:13,275 | INFO | stage=joint epoch=2 loss=4.821973 steps=11719 transitions/s=646.18
2026-09-29 06:35:35,385 | INFO | 
========== PERIODIC VALIDATION ==========
stage=joint | epoch=3 | step=35157 | users=564666/564666
NDCG  | @5 0.034943 | @10 0.039098
Recall| @5 0.045673 | @10 0.058590
Hit   | @5 0.045673 | @10 0.058590
================================
2026-09-29 06:38:09,210 | INFO | 
========== PERIODIC TEST ==========
stage=joint | epoch=3 | step=35157 | users=564666/564666
NDCG  | @5 0.030596 | @10 0.033890
Recall| @5 0.038933 | @10 0.049149
Hit   | @5 0.038933 | @10 0.049149
================================
2026-09-29 06:38:09,210 | INFO | VALID_STEP step=35157 stage=joint epoch=3 ndcg@10=0.039098 recall@10=0.058590 improved=True
2026-09-29 06:38:09,456 | INFO | BEST_MODEL_IN_MEMORY step=35157 stage=joint ndcg@10=0.039098
2026-09-29 06:38:09,456 | INFO | LEARNING_RATE step=35157 stage=joint lr=5e-05
2026-09-29 06:38:09,457 | INFO | stage=joint epoch=3 loss=4.427331 steps=11719 transitions/s=645.76
2026-09-29 06:40:42,946 | INFO | 
========== FINAL CURRENT VALIDATION ==========
stage=final | epoch=0 | step=35157 | users=564666/564666
NDCG  | @5 0.034943 | @10 0.039099
Recall| @5 0.045673 | @10 0.058590
Hit   | @5 0.045673 | @10 0.058590
================================
2026-09-29 06:40:42,946 | INFO | VALID_STEP step=35157 stage=final epoch=0 ndcg@10=0.039099 recall@10=0.058590 improved=True
2026-09-29 06:40:43,202 | INFO | BEST_MODEL_IN_MEMORY step=35157 stage=final ndcg@10=0.039099
2026-09-29 06:40:43,238 | INFO | RESTORE_BEST step=35157 stage=final ndcg@10=0.039099
2026-09-29 06:45:51,835 | INFO | HISTORY_ITEM_INFLUENCE path=/workspace/P78123011/MediaTek_2026_project/preliminary/outputs_inverse/training/amazon-toys-and-games/history_item_influence.csv rows=15246 users_limit=2000 negatives=64
2026-09-29 06:45:51,835 | INFO | 
========== BEST CHECKPOINT VALIDATION ==========
stage=final | epoch=0 | step=35157 | users=564666/564666
NDCG  | @5 0.034942 | @10 0.039098
Recall| @5 0.045671 | @10 0.058590
Hit   | @5 0.045671 | @10 0.058590
================================
2026-09-29 06:45:51,835 | INFO | 
========== FINAL FULL TEST ==========
stage=final | epoch=0 | step=35157 | users=564666/564666
NDCG  | @5 0.030596 | @10 0.033890
Recall| @5 0.038933 | @10 0.049149
Hit   | @5 0.038933 | @10 0.049149
================================
2026-09-29 06:45:51,835 | INFO | VALID_BEST {"evaluated_users": 564666, "hit@10": 0.058590387946148695, "hit@5": 0.045671246365107866, "long_agent_weight": 1.0, "long_preference_state_cosine": 0.0, "long_short_state_cosine": 0.0, "ndcg@10": 0.039098401170857944, "ndcg@5": 0.034941830553396856, "preference_change_probability": 0.0, "preference_current_entropy": 5.894617970635068e-06, "preference_next_entropy": 5.894617970635068e-06, "preference_ranking_weight": 0.0, "recall@10": 0.058590387946148695, "recall@5": 0.045671246365107866, "scores_per_second": 1229931566.1555424, "short_agent_weight": 0.0, "short_preference_state_cosine": 0.0, "total_users": 564666, "users_per_second": 3691.714389949401}
2026-09-29 06:45:51,835 | INFO | TEST_FINAL {"evaluated_users": 564666, "hit@10": 0.04914940867698781, "hit@5": 0.0389327496254423, "long_agent_weight": 1.0, "long_preference_state_cosine": 0.0, "long_short_state_cosine": 0.0, "ndcg@10": 0.03389036315383589, "ndcg@5": 0.030595732432625772, "preference_change_probability": 0.0, "preference_current_entropy": 5.894617970635068e-06, "preference_next_entropy": 5.894617970635068e-06, "preference_ranking_weight": 0.0, "recall@10": 0.04914940867698781, "recall@5": 0.0389327496254423, "scores_per_second": 1225630519.1774843, "short_agent_weight": 0.0, "short_preference_state_cosine": 0.0, "total_users": 564666, "users_per_second": 3678.804535891116}
2026-09-29 06:45:51,835 | INFO | TARGET_RESULT metric=recall@10 target=>0.150000 actual=0.049149 achieved=False
2026-09-29 06:45:52,106 | INFO | scores=/workspace/P78123011/MediaTek_2026_project/preliminary/outputs_inverse/training/amazon-toys-and-games/single_mamba_lora_lightgcn_inverse_20260929_042559/amazon-toys-and-games_scores.json
2026-09-29 06:45:52,106 | INFO | outputs=/workspace/P78123011/MediaTek_2026_project/preliminary/outputs_inverse/training/amazon-toys-and-games/single_mamba_lora_lightgcn_inverse_20260929_042559
