2026-09-09 01:51:03,328 | INFO | run_id=20260909_015103 dataset=amazon-sports-and-outdoors device=cuda:0
2026-09-09 01:51:03,328 | INFO | MODEL recommender=MultiAgentMambaRecommender semantic_encoder=MambaTextEncoder semantic_model_id=state-spaces/mamba-130m-hf graph_backbone=LightGCN adaptation=multi_lora
2026-09-09 01:51:03,328 | INFO | EXPERIMENT_NOTE amazons_lora subset=Sports_and_Outdoors; common preprocessing; common architecture; periodic validation/test
2026-09-09 01:51:03,328 | INFO | EXPERIMENT_CONFIG {"agent_diversity_coef": 0.02, "batch_size": 128, "cache_dir": "/workspace/P78123011/cache", "candidates": 256, "coordinator_epochs": 3, "coordinator_lr": 0.0001, "data_path": null, "dataset": "amazon-sports-and-outdoors", "device": "cuda:0", "dim": 128, "early_stopping_patience": 6, "enable_lora": 1, "eval_batch_size": 64, "experiment_note": "amazons_lora subset=Sports_and_Outdoors; common preprocessing; common architecture; periodic validation/test", "full_catalog_supervised": false, "future_decay": 0.5, "future_horizon": 3, "generate_reasons": false, "graph_device": "cuda:0", "hard_negative_fraction": 0.75, "hard_negative_pool_multiplier": 12, "hard_negative_warmup_epochs": 2, "item_prompt_prefix": "Preference-aware product representation: ", "item_vector_artifact": null, "joint_epochs": 7, "joint_lr": 5e-05, "lora_alpha": 32.0, "lora_dropout": 0.05, "lora_rank": 16, "lr_patience": 2, "mamba_encode_batch_size": 32, "mamba_max_tokens": 32, "mamba_model_id": "state-spaces/mamba-130m-hf", "max_events": null, "max_history": 100, "max_transitions": 1000000, "min_rating": 4.0, "monitor_metric": "ndcg@10", "output_dir": "/workspace/P78123011/MediaTek_2026_project/ver4/outputs_mamba_rl/amazons_lora", "output_run_dir": "/workspace/P78123011/MediaTek_2026_project/ver4/outputs_mamba_rl/amazons_lora/Sports_and_Outdoors/rl_20260909_015102", "periodic_test_user_limit": 0, "popularity_alpha": 0.35, "preference_balance_coef": 0.01, "preference_coef": 0.2, "preference_contrastive_coef": 0.05, "preference_count": 32, "preference_hidden": 128, "preference_score_weight": 0.2, "preference_separation_coef": 0.01, "preference_sharpness_coef": 0.05, "preference_temperature": 0.2, "preference_transition_coef": 0.1, "reason_count": 20, "reason_max_new_tokens": 40, "refresh_data_cache": false, "resume_checkpoint": null, "save_model_weights": false, "score_file": "/workspace/P78123011/MediaTek_2026_project/ver4/outputs_mamba_rl/amazons_lora/Sports_and_Outdoors/rl_20260909_015102/Sports_and_Outdoors_scores.json", "seed": 25252, "short_window": 10, "skip_mamba": false, "specialist_epochs": 3, "specialist_lr": 0.0001, "target_recall_at_10": 0.15, "transition_beta": 0.5, "use_graph_embeddings": true, "use_in_batch_negatives": true, "validate_every_steps": 8000, "validation_user_limit": 0}
2026-09-09 02:14:22,150 | INFO | INTERACTION_CACHE miss_saved path=/workspace/P78123011/cache/mamba_multi_agent_data/amazon-sports-and-outdoors_fcc157f72b81.pkl
2026-09-09 02:14:22,159 | INFO | users=631803 items=401572 train_interactions=3678023
2026-09-09 02:14:34,323 | INFO | CATALOG_PRIORS popularity_alpha=0.350000 transition_beta=0.500000 source=train_histories_only enabled=True
2026-09-09 02:22:46,614 | INFO | ITEM_VECTOR_ARTIFACT path=/workspace/P78123011/cache/mamba_multi_agent/amazon-sports-and-outdoors_401572_909fc18038f4_prompt_tok32.pt fingerprint=909fc18038f4
2026-09-09 02:22:46,614 | INFO | SEMANTIC_BACKBONE model_id=state-spaces/mamba-130m-hf hidden_size=768 frozen=True usage=shared_cached_item_vectors
2026-09-09 02:22:47,959 | INFO | GRAPH_EMBEDDINGS enabled=True source=train_histories_only main_device=cuda:0 graph_device=cuda:0
2026-09-09 02:22:48,944 | INFO | ADAPTATION_MODE mode=multi_lora enable_lora=1
2026-09-09 02:22:48,944 | INFO | ADAPTER_ROUTES {'long': ('candidate_lora', 'delta_lora', 'gate_lora', 'output_lora'), 'short': ('candidate_lora', 'delta_lora', 'gate_lora', 'output_lora'), 'preference': ('transition_lora', 'state_lora'), 'coordinator': ('state_lora', 'mix_lora', 'score_lora')}
2026-09-09 02:22:48,945 | INFO | agent_parameters={'long': 16513, 'short': 16513, 'preference': 78786, 'coordinator': 14373, 'shared_projection': 98304, 'graph': 132272000}
2026-09-09 02:22:53,105 | INFO | training_transitions=1000000
2026-09-09 02:22:53,106 | INFO | schedule specialist_epochs=3 coordinator_epochs=3 joint_ranking_epochs=7 validate_every_steps=8000 validation_users=0 periodic_test_users=0 monitor=ndcg@10 early_stopping_patience=6
2026-09-09 02:51:54,014 | INFO | 
========== PERIODIC VALIDATION ==========
stage=specialists | epoch=1 | step=7813 | users=625563/625563
NDCG  | @5 0.019803 | @10 0.022770
Recall| @5 0.026408 | @10 0.035638
Hit   | @5 0.026408 | @10 0.035638
================================
2026-09-09 02:55:18,344 | INFO | 
========== PERIODIC TEST ==========
stage=specialists | epoch=1 | step=7813 | users=625563/625563
NDCG  | @5 0.020502 | @10 0.023252
Recall| @5 0.026867 | @10 0.035408
Hit   | @5 0.026867 | @10 0.035408
================================
2026-09-09 02:55:18,344 | INFO | VALID_STEP step=7813 stage=specialists epoch=1 ndcg@10=0.022770 recall@10=0.035638 improved=True
2026-09-09 02:55:18,597 | INFO | BEST_MODEL_IN_MEMORY step=7813 stage=specialists ndcg@10=0.022770
2026-09-09 02:55:18,598 | INFO | stage=specialists epoch=1 loss=15.950940 steps=7813 transitions/s=653.15
2026-09-09 03:24:20,527 | INFO | 
========== PERIODIC VALIDATION ==========
stage=specialists | epoch=2 | step=15626 | users=625563/625563
NDCG  | @5 0.024944 | @10 0.028100
Recall| @5 0.031847 | @10 0.041649
Hit   | @5 0.031847 | @10 0.041649
================================
2026-09-09 03:27:46,315 | INFO | 
========== PERIODIC TEST ==========
stage=specialists | epoch=2 | step=15626 | users=625563/625563
NDCG  | @5 0.026922 | @10 0.029754
Recall| @5 0.033699 | @10 0.042498
Hit   | @5 0.033699 | @10 0.042498
================================
2026-09-09 03:27:46,315 | INFO | VALID_STEP step=15626 stage=specialists epoch=2 ndcg@10=0.028100 recall@10=0.041649 improved=True
2026-09-09 03:27:46,622 | INFO | BEST_MODEL_IN_MEMORY step=15626 stage=specialists ndcg@10=0.028100
2026-09-09 03:27:46,622 | INFO | stage=specialists epoch=2 loss=15.426456 steps=7813 transitions/s=651.75
2026-09-09 03:56:45,279 | INFO | 
========== PERIODIC VALIDATION ==========
stage=specialists | epoch=3 | step=23439 | users=625563/625563
NDCG  | @5 0.023920 | @10 0.026829
Recall| @5 0.030382 | @10 0.039427
Hit   | @5 0.030382 | @10 0.039427
================================
2026-09-09 04:00:10,463 | INFO | 
========== PERIODIC TEST ==========
stage=specialists | epoch=3 | step=23439 | users=625563/625563
NDCG  | @5 0.026809 | @10 0.029536
Recall| @5 0.032977 | @10 0.041443
Hit   | @5 0.032977 | @10 0.041443
================================
2026-09-09 04:00:10,463 | INFO | VALID_STEP step=23439 stage=specialists epoch=3 ndcg@10=0.026829 recall@10=0.039427 improved=False
2026-09-09 04:00:10,464 | INFO | stage=specialists epoch=3 loss=13.824165 steps=7813 transitions/s=653.44
2026-09-09 04:15:17,365 | INFO | 
========== PERIODIC VALIDATION ==========
stage=coordinator | epoch=1 | step=31252 | users=625563/625563
NDCG  | @5 0.023718 | @10 0.026568
Recall| @5 0.030114 | @10 0.038981
Hit   | @5 0.030114 | @10 0.038981
================================
2026-09-09 04:18:50,554 | INFO | 
========== PERIODIC TEST ==========
stage=coordinator | epoch=1 | step=31252 | users=625563/625563
NDCG  | @5 0.026732 | @10 0.029414
Recall| @5 0.032802 | @10 0.041144
Hit   | @5 0.032802 | @10 0.041144
================================
2026-09-09 04:18:50,555 | INFO | VALID_STEP step=31252 stage=coordinator epoch=1 ndcg@10=0.026568 recall@10=0.038981 improved=False
2026-09-09 04:18:50,555 | INFO | LEARNING_RATE step=31252 stage=coordinator lr=0.0001
2026-09-09 04:18:50,555 | INFO | stage=coordinator epoch=1 loss=3.381818 steps=7813 transitions/s=1452.05
2026-09-09 04:33:58,208 | INFO | 
========== PERIODIC VALIDATION ==========
stage=coordinator | epoch=2 | step=39065 | users=625563/625563
NDCG  | @5 0.023201 | @10 0.025993
Recall| @5 0.029453 | @10 0.038122
Hit   | @5 0.029453 | @10 0.038122
================================
2026-09-09 04:37:33,117 | INFO | 
========== PERIODIC TEST ==========
stage=coordinator | epoch=2 | step=39065 | users=625563/625563
NDCG  | @5 0.026334 | @10 0.028980
Recall| @5 0.032275 | @10 0.040490
Hit   | @5 0.032275 | @10 0.040490
================================
2026-09-09 04:37:33,117 | INFO | VALID_STEP step=39065 stage=coordinator epoch=2 ndcg@10=0.025993 recall@10=0.038122 improved=False
2026-09-09 04:37:33,117 | INFO | LEARNING_RATE step=39065 stage=coordinator lr=0.0001
2026-09-09 04:37:33,118 | INFO | stage=coordinator epoch=2 loss=3.480094 steps=7813 transitions/s=1450.57
2026-09-09 04:52:39,783 | INFO | 
========== PERIODIC VALIDATION ==========
stage=coordinator | epoch=3 | step=46878 | users=625563/625563
NDCG  | @5 0.022957 | @10 0.025689
Recall| @5 0.029107 | @10 0.037593
Hit   | @5 0.029107 | @10 0.037593
================================
2026-09-09 04:56:13,092 | INFO | 
========== PERIODIC TEST ==========
stage=coordinator | epoch=3 | step=46878 | users=625563/625563
NDCG  | @5 0.026046 | @10 0.028659
Recall| @5 0.031901 | @10 0.040002
Hit   | @5 0.031901 | @10 0.040002
================================
2026-09-09 04:56:13,092 | INFO | VALID_STEP step=46878 stage=coordinator epoch=3 ndcg@10=0.025689 recall@10=0.037593 improved=False
2026-09-09 04:56:13,092 | INFO | LEARNING_RATE step=46878 stage=coordinator lr=0.0001
2026-09-09 04:56:13,092 | INFO | stage=coordinator epoch=3 loss=3.447202 steps=7813 transitions/s=1453.73
2026-09-09 05:25:28,025 | INFO | 
========== PERIODIC VALIDATION ==========
stage=joint | epoch=1 | step=54691 | users=625563/625563
NDCG  | @5 0.021915 | @10 0.024402
Recall| @5 0.027374 | @10 0.035106
Hit   | @5 0.027374 | @10 0.035106
================================
2026-09-09 05:28:52,036 | INFO | 
========== PERIODIC TEST ==========
stage=joint | epoch=1 | step=54691 | users=625563/625563
NDCG  | @5 0.024716 | @10 0.027010
Recall| @5 0.029810 | @10 0.036927
Hit   | @5 0.029810 | @10 0.036927
================================
2026-09-09 05:28:52,036 | INFO | VALID_STEP step=54691 stage=joint epoch=1 ndcg@10=0.024402 recall@10=0.035106 improved=False
2026-09-09 05:28:52,036 | INFO | LEARNING_RATE step=54691 stage=joint lr=5e-05
2026-09-09 05:28:52,037 | INFO | stage=joint epoch=1 loss=3.927412 steps=7813 transitions/s=646.83
2026-09-09 05:58:06,439 | INFO | 
========== PERIODIC VALIDATION ==========
stage=joint | epoch=2 | step=62504 | users=625563/625563
NDCG  | @5 0.021074 | @10 0.023317
Recall| @5 0.026028 | @10 0.033007
Hit   | @5 0.026028 | @10 0.033007
================================
2026-09-09 06:01:32,295 | INFO | 
========== PERIODIC TEST ==========
stage=joint | epoch=2 | step=62504 | users=625563/625563
NDCG  | @5 0.024088 | @10 0.026100
Recall| @5 0.028712 | @10 0.034972
Hit   | @5 0.028712 | @10 0.034972
================================
2026-09-09 06:01:32,296 | INFO | VALID_STEP step=62504 stage=joint epoch=2 ndcg@10=0.023317 recall@10=0.033007 improved=False
2026-09-09 06:01:32,296 | INFO | LEARNING_RATE step=62504 stage=joint lr=5e-05
2026-09-09 06:01:32,296 | INFO | stage=joint epoch=2 loss=3.789822 steps=7813 transitions/s=647.14
2026-09-09 06:30:48,363 | INFO | 
========== PERIODIC VALIDATION ==========
stage=joint | epoch=3 | step=70317 | users=625563/625563
NDCG  | @5 0.020449 | @10 0.022586
Recall| @5 0.025101 | @10 0.031749
Hit   | @5 0.025101 | @10 0.031749
================================
2026-09-09 06:34:12,753 | INFO | 
========== PERIODIC TEST ==========
stage=joint | epoch=3 | step=70317 | users=625563/625563
NDCG  | @5 0.023688 | @10 0.025594
Recall| @5 0.027975 | @10 0.033907
Hit   | @5 0.027975 | @10 0.033907
================================
2026-09-09 06:34:12,753 | INFO | VALID_STEP step=70317 stage=joint epoch=3 ndcg@10=0.022586 recall@10=0.031749 improved=False
2026-09-09 06:34:12,753 | INFO | LEARNING_RATE step=70317 stage=joint lr=5e-05
2026-09-09 06:34:12,753 | INFO | stage=joint epoch=3 loss=3.613423 steps=7813 transitions/s=646.39
2026-09-09 07:03:32,000 | INFO | 
========== PERIODIC VALIDATION ==========
stage=joint | epoch=4 | step=78130 | users=625563/625563
NDCG  | @5 0.019837 | @10 0.021881
Recall| @5 0.024180 | @10 0.030528
Hit   | @5 0.024180 | @10 0.030528
================================
2026-09-09 07:06:56,283 | INFO | 
========== PERIODIC TEST ==========
stage=joint | epoch=4 | step=78130 | users=625563/625563
NDCG  | @5 0.023396 | @10 0.025218
Recall| @5 0.027377 | @10 0.033041
Hit   | @5 0.027377 | @10 0.033041
================================
2026-09-09 07:06:56,284 | INFO | VALID_STEP step=78130 stage=joint epoch=4 ndcg@10=0.021881 recall@10=0.030528 improved=False
2026-09-09 07:06:56,284 | INFO | LEARNING_RATE step=78130 stage=joint lr=2.5e-05
2026-09-09 07:06:56,284 | INFO | stage=joint epoch=4 loss=3.518850 steps=7813 transitions/s=645.56
2026-09-09 07:36:16,052 | INFO | 
========== PERIODIC VALIDATION ==========
stage=joint | epoch=5 | step=85943 | users=625563/625563
NDCG  | @5 0.019812 | @10 0.021866
Recall| @5 0.024093 | @10 0.030469
Hit   | @5 0.024093 | @10 0.030469
================================
2026-09-09 07:39:39,607 | INFO | 
========== PERIODIC TEST ==========
stage=joint | epoch=5 | step=85943 | users=625563/625563
NDCG  | @5 0.023327 | @10 0.025099
Recall| @5 0.027214 | @10 0.032731
Hit   | @5 0.027214 | @10 0.032731
================================
2026-09-09 07:39:39,607 | INFO | VALID_STEP step=85943 stage=joint epoch=5 ndcg@10=0.021866 recall@10=0.030469 improved=False
2026-09-09 07:39:39,607 | INFO | LEARNING_RATE step=85943 stage=joint lr=2.5e-05
2026-09-09 07:39:39,607 | INFO | stage=joint epoch=5 loss=3.362331 steps=7813 transitions/s=644.59
2026-09-09 08:08:57,287 | INFO | 
========== PERIODIC VALIDATION ==========
stage=joint | epoch=6 | step=93756 | users=625563/625563
NDCG  | @5 0.019569 | @10 0.021500
Recall| @5 0.023801 | @10 0.029800
Hit   | @5 0.023801 | @10 0.029800
================================
2026-09-09 08:12:20,658 | INFO | 
========== PERIODIC TEST ==========
stage=joint | epoch=6 | step=93756 | users=625563/625563
NDCG  | @5 0.023079 | @10 0.024824
Recall| @5 0.026798 | @10 0.032240
Hit   | @5 0.026798 | @10 0.032240
================================
2026-09-09 08:12:20,658 | INFO | VALID_STEP step=93756 stage=joint epoch=6 ndcg@10=0.021500 recall@10=0.029800 improved=False
2026-09-09 08:12:20,658 | INFO | LEARNING_RATE step=93756 stage=joint lr=2.5e-05
2026-09-09 08:12:20,658 | INFO | EARLY_STOP step=93756 checks_without_improvement=6 best_step=15626 best_ndcg@10=0.028100
2026-09-09 08:12:20,658 | INFO | stage=joint epoch=6 loss=3.284348 steps=7813 transitions/s=644.76
2026-09-09 08:15:47,349 | INFO | 
========== FINAL CURRENT VALIDATION ==========
stage=final | epoch=0 | step=93756 | users=625563/625563
NDCG  | @5 0.019569 | @10 0.021501
Recall| @5 0.023801 | @10 0.029800
Hit   | @5 0.023801 | @10 0.029800
================================
2026-09-09 08:15:47,349 | INFO | VALID_STEP step=93756 stage=final epoch=0 ndcg@10=0.021501 recall@10=0.029800 improved=False
2026-09-09 08:15:47,390 | INFO | RESTORE_BEST step=15626 stage=specialists ndcg@10=0.028100
2026-09-09 08:22:33,236 | INFO | 
========== BEST CHECKPOINT VALIDATION ==========
stage=specialists | epoch=0 | step=15626 | users=625563/625563
NDCG  | @5 0.024944 | @10 0.028100
Recall| @5 0.031847 | @10 0.041649
Hit   | @5 0.031847 | @10 0.041649
================================
2026-09-09 08:22:33,236 | INFO | 
========== FINAL FULL TEST ==========
stage=specialists | epoch=0 | step=15626 | users=625563/625563
NDCG  | @5 0.026922 | @10 0.029754
Recall| @5 0.033699 | @10 0.042498
Hit   | @5 0.033699 | @10 0.042498
================================
2026-09-09 08:22:33,236 | INFO | VALID_BEST {"evaluated_users": 625563, "hit@10": 0.04164888268647602, "hit@5": 0.03184651266139461, "long_agent_weight": 0.5, "long_preference_state_cosine": 0.5141058493682474, "long_short_state_cosine": 0.9880526136125182, "ndcg@10": 0.028100229857357106, "ndcg@5": 0.02494441089794156, "preference_change_probability": 0.07936129874443476, "preference_current_entropy": 3.1978993706990226, "preference_next_entropy": 3.3781095460156756, "preference_ranking_weight": 0.199951171875, "recall@10": 0.04164888268647602, "recall@5": 0.03184651266139461, "scores_per_second": 1238633208.3584204, "short_agent_weight": 0.5, "short_preference_state_cosine": 0.5225128988261719, "total_users": 625563, "users_per_second": 3084.461088817}
2026-09-09 08:22:33,236 | INFO | TEST_FINAL {"evaluated_users": 625563, "hit@10": 0.04249771805557554, "hit@5": 0.03369924372125589, "long_agent_weight": 0.5, "long_preference_state_cosine": 0.5185576402250119, "long_short_state_cosine": 0.9846267084477978, "ndcg@10": 0.02975446927886143, "ndcg@5": 0.026921585138878656, "preference_change_probability": 0.07953541992342049, "preference_current_entropy": 3.199859004447758, "preference_next_entropy": 3.3809522479440557, "preference_ranking_weight": 0.199951171875, "recall@10": 0.04249771805557554, "recall@5": 0.03369924372125589, "scores_per_second": 1239068373.2809017, "short_agent_weight": 0.5, "short_preference_state_cosine": 0.5291670920869759, "total_users": 625563, "users_per_second": 3085.5447423647606}
2026-09-09 08:22:33,236 | INFO | TARGET_RESULT metric=recall@10 target=>0.150000 actual=0.042498 achieved=False
2026-09-09 08:22:34,628 | INFO | scores=/workspace/P78123011/MediaTek_2026_project/ver4/outputs_mamba_rl/amazons_lora/Sports_and_Outdoors/rl_20260909_015102/Sports_and_Outdoors_scores.json
2026-09-09 08:22:34,628 | INFO | outputs=/workspace/P78123011/MediaTek_2026_project/ver4/outputs_mamba_rl/amazons_lora/Sports_and_Outdoors/rl_20260909_015102
