2026-10-03 13:36:48,513 | INFO | run_id=20261003_133648 dataset=amazon:Baby_Products device=cuda:0
2026-10-03 13:36:48,514 | INFO | MODEL recommender=MultiAgentMambaRecommender semantic_encoder=MambaTextEncoder semantic_model_id=state-spaces/mamba-130m-hf graph_backbone=LightGCN adaptation=multi_lora
2026-10-03 13:36:48,514 | INFO | ABLATION USE_SHORT=0 USE_PREFERENCE=1 USE_GCN=1 USE_COORDINATOR=0
2026-10-03 13:36:48,514 | INFO | AGENT_HISTORY mode=full_history effective_max_history=100 short=0 preference=100
2026-10-03 13:36:48,514 | INFO | EXPERIMENT_NOTE amazons_long_short subset=Baby_Products; short filtered-full-sequence <= 10; long > 10; same model and full catalog
2026-10-03 13:36:48,514 | INFO | EXPERIMENT_CONFIG {"agent_diversity_coef": 0.02, "batch_size": 128, "cache_dir": "/workspace/P78123011/cache", "candidates": 192, "data_path": null, "dataset": "amazon:Baby_Products", "device": "cuda:0", "dim": 128, "early_stopping_patience": 6, "enable_lora": 1, "eval_batch_size": 64, "eval_length_basis": "filtered_full_sequence", "eval_length_threshold": 10, "experiment_note": "amazons_long_short subset=Baby_Products; short filtered-full-sequence <= 10; long > 10; same model and full catalog", "full_catalog_supervised": false, "future_decay": 0.5, "future_horizon": 3, "generate_reasons": false, "graph_device": "cuda:0", "hard_negative_fraction": 0.75, "hard_negative_pool_multiplier": 12, "hard_negative_warmup_epochs": 2, "history_influence_negatives": 64, "history_influence_output": null, "history_influence_user_limit": 0, "item_prompt_prefix": "Preference-aware product representation: ", "item_vector_artifact": null, "joint_epochs": 0, "joint_lr": 5e-05, "lora_alpha": 32.0, "lora_dropout": 0.05, "lora_rank": 16, "lr_patience": 2, "mamba_encode_batch_size": 32, "mamba_max_tokens": 32, "mamba_model_id": "state-spaces/mamba-130m-hf", "max_events": null, "max_history": 100, "max_transitions": 1500000, "min_rating": 4.0, "monitor_metric": "ndcg@10", "output_dir": "/workspace/P78123011/MediaTek_2026_project/ver5/outputs_mamba_rl/amazons_lora", "output_run_dir": "/workspace/P78123011/MediaTek_2026_project/ver5/outputs_mamba_rl/amazons_long_short_S0_P1_G1_C0_SW4/Baby_Products/rl_20261003_133647_r1_966071", "periodic_test_user_limit": 0, "popularity_alpha": 0.3, "preference_balance_coef": 0.01, "preference_coef": 0.2, "preference_contrastive_coef": 0.05, "preference_count": 32, "preference_score_weight": 0.2, "preference_separation_coef": 0.01, "preference_sharpness_coef": 0.05, "preference_temperature": 0.2, "preference_transition_coef": 0.1, "reason_count": 20, "reason_max_new_tokens": 40, "refresh_data_cache": false, "resume_checkpoint": null, "reverse_history_input": false, "rl_coef": 0.1, "rl_topk": 10, "save_model_weights": false, "score_file": "/workspace/P78123011/MediaTek_2026_project/ver5/outputs_mamba_rl/amazons_long_short_S0_P1_G1_C0_SW4/Baby_Products/rl_20261003_133647_r1_966071/Baby_Products_scores.json", "seed": 25252, "short_window": 4, "skip_mamba": false, "specialist_epochs": 4, "specialist_lr": 0.0001, "target_recall_at_10": 0.15, "transition_beta": 0.5, "use_coordinator": false, "use_graph_embeddings": true, "use_in_batch_negatives": true, "use_preference": 1, "use_short": 0, "validate_every_steps": 6000, "validation_user_limit": 0}
2026-10-03 13:36:48,917 | INFO | INTERACTION_CACHE hit path=/workspace/P78123011/cache/mamba_multi_agent_data/amazon_Baby_Products_e6e228b87df8.pkl
2026-10-03 13:36:48,917 | INFO | HISTORY_INPUT_ORDER chronological
2026-10-03 13:36:48,918 | INFO | LENGTH_SPLIT preprocessing=original_one_pass_user_item_min_5 basis=filtered_full_sequence short<=10 long>10
2026-10-03 13:36:48,922 | INFO | users=184834 items=77324 train_interactions=1121805
2026-10-03 13:37:00,276 | INFO | CATALOG_PRIORS popularity_alpha=0.300000 transition_beta=0.500000 source=train_histories_only enabled=True
2026-10-03 13:37:01,052 | INFO | ITEM_VECTOR_ARTIFACT path=/workspace/P78123011/cache/mamba_multi_agent/amazon_Baby_Products_77324_1b6c35e33122_prompt_tok32.pt fingerprint=1b6c35e33122
2026-10-03 13:37:01,052 | INFO | SEMANTIC_BACKBONE model_id=state-spaces/mamba-130m-hf hidden_size=768 frozen=True usage=shared_cached_item_vectors
2026-10-03 13:37:01,631 | INFO | GRAPH_EMBEDDINGS enabled=True source=train_histories_only main_device=cuda:0 graph_device=cuda:0
2026-10-03 13:37:02,034 | INFO | ADAPTATION_MODE mode=multi_lora enable_lora=1
2026-10-03 13:37:02,034 | INFO | ADAPTER_ROUTES {'preference': ('transition_encoder.candidate_lora', 'transition_encoder.delta_lora', 'transition_encoder.gate_lora', 'transition_encoder.output_lora', 'state_lora')}
2026-10-03 13:37:02,034 | INFO | agent_parameters={'short': 16513, 'preference': 28994, 'coordinator': 0, 'shared_projection': 98304, 'graph': 33556224}
2026-10-03 13:37:02,034 | INFO | PREDICTION_PATH graph_only=False active_agents=1 coordinator=False
2026-10-03 13:37:04,238 | INFO | training_transitions=936971
2026-10-03 13:37:04,238 | INFO | schedule mode=single_stage_dl specialist_dl_epochs=4 joint_dl_rl_epochs=0 effective_rl_coef=0.0000 effective_rl_topk=0 validate_every_steps=6000 validation_users=0 periodic_test_users=0 monitor=ndcg@10 early_stopping_patience=6
2026-10-03 13:37:05,096 | INFO | TRAINING_BRANCHES stage=all_dl short=False preference=True gcn=True preference_auxiliary=True preference_contrastive=True diversity_pairs=0 policy_gradient=False trainable_parameters=33683522
2026-10-03 15:19:42,075 | INFO | 
========== PERIODIC VALIDATION ==========
stage=all_dl | epoch=1 | step=6000 | users=184584/184584
NDCG  | @5 0.015533 | @10 0.018753
Recall| @5 0.021963 | @10 0.031980
Hit   | @5 0.021963 | @10 0.031980
================================
2026-10-03 15:19:42,076 | INFO | PERIODIC VALIDATION SEQUENCE_LENGTH {"basis": "filtered_full_sequence", "long": {"evaluated_users": 29587, "history_length_max": 507, "history_length_mean": 17.607935917801736, "history_length_min": 11, "hit@10": 0.03062155676479535, "hit@5": 0.021090343732044478, "ndcg@10": 0.017641722835579993, "ndcg@5": 0.0145675940848869, "recall@10": 0.03062155676479535, "recall@5": 0.021090343732044478, "total_users": 29587}, "long_rule": "length > threshold", "short": {"evaluated_users": 154997, "history_length_max": 10, "history_length_mean": 6.255211391188216, "history_length_min": 3, "hit@10": 0.032239333664522536, "hit@5": 0.022129460570204585, "ndcg@10": 0.01896548961266737, "ndcg@5": 0.015717153877540718, "recall@10": 0.032239333664522536, "recall@5": 0.022129460570204585, "total_users": 154997}, "short_rule": "length <= threshold", "threshold": 10}
2026-10-03 15:40:16,245 | INFO | 
========== PERIODIC TEST ==========
stage=all_dl | epoch=1 | step=6000 | users=184584/184584
NDCG  | @5 0.016227 | @10 0.019281
Recall| @5 0.022581 | @10 0.032088
Hit   | @5 0.022581 | @10 0.032088
================================
2026-10-03 15:40:16,245 | INFO | PERIODIC TEST SEQUENCE_LENGTH {"basis": "filtered_full_sequence", "long": {"evaluated_users": 29587, "history_length_max": 507, "history_length_mean": 17.607935917801736, "history_length_min": 11, "hit@10": 0.03122993206475817, "hit@5": 0.02257748335417582, "ndcg@10": 0.01886501552762393, "ndcg@5": 0.016086272156815566, "recall@10": 0.03122993206475817, "recall@5": 0.02257748335417582, "total_users": 29587}, "long_rule": "length > threshold", "short": {"evaluated_users": 154997, "history_length_max": 10, "history_length_mean": 6.255211391188216, "history_length_min": 3, "hit@10": 0.03225223714007368, "hit@5": 0.022581082214494473, "ndcg@10": 0.019360878084250133, "ndcg@5": 0.016253570566412946, "recall@10": 0.03225223714007368, "recall@5": 0.022581082214494473, "total_users": 154997}, "short_rule": "length <= threshold", "threshold": 10}
2026-10-03 15:40:16,246 | INFO | VALID_STEP step=6000 stage=all_dl epoch=1 ndcg@10=0.018753 recall@10=0.031980 improved=True
2026-10-03 15:40:16,331 | INFO | BEST_MODEL_IN_MEMORY step=6000 stage=all_dl ndcg@10=0.018753
2026-10-03 15:40:16,331 | INFO | LEARNING_RATE step=6000 stage=all_dl lr=0.0001
2026-10-03 15:58:57,913 | INFO | stage=all_dl epoch=1 loss=5.466127 steps=7321 transitions/s=151.78
2026-10-03 17:40:16,598 | INFO | 
========== PERIODIC VALIDATION ==========
stage=all_dl | epoch=2 | step=13321 | users=184584/184584
NDCG  | @5 0.015863 | @10 0.019144
Recall| @5 0.022407 | @10 0.032614
Hit   | @5 0.022407 | @10 0.032614
================================
2026-10-03 17:40:16,599 | INFO | PERIODIC VALIDATION SEQUENCE_LENGTH {"basis": "filtered_full_sequence", "long": {"evaluated_users": 29587, "history_length_max": 507, "history_length_mean": 17.607935917801736, "history_length_min": 11, "hit@10": 0.03193970324804813, "hit@5": 0.022036705309764423, "ndcg@10": 0.018618666533202245, "ndcg@5": 0.015429077012916742, "recall@10": 0.03193970324804813, "recall@5": 0.022036705309764423, "total_users": 29587}, "long_rule": "length > threshold", "short": {"evaluated_users": 154997, "history_length_max": 10, "history_length_mean": 6.255211391188216, "history_length_min": 3, "hit@10": 0.03274256921101699, "hit@5": 0.022477854410085357, "ndcg@10": 0.01924428120869558, "ndcg@5": 0.015946407516252606, "recall@10": 0.03274256921101699, "recall@5": 0.022477854410085357, "total_users": 154997}, "short_rule": "length <= threshold", "threshold": 10}
2026-10-03 18:01:17,862 | INFO | 
========== PERIODIC TEST ==========
stage=all_dl | epoch=2 | step=13321 | users=184584/184584
NDCG  | @5 0.016571 | @10 0.019689
Recall| @5 0.023084 | @10 0.032776
Hit   | @5 0.023084 | @10 0.032776
================================
2026-10-03 18:01:17,863 | INFO | PERIODIC TEST SEQUENCE_LENGTH {"basis": "filtered_full_sequence", "long": {"evaluated_users": 29587, "history_length_max": 507, "history_length_mean": 17.607935917801736, "history_length_min": 11, "hit@10": 0.03227768952580525, "hit@5": 0.023659039442998613, "ndcg@10": 0.019513591904057655, "ndcg@5": 0.016757098931459043, "recall@10": 0.03227768952580525, "recall@5": 0.023659039442998613, "total_users": 29587}, "long_rule": "length > threshold", "short": {"evaluated_users": 154997, "history_length_max": 10, "history_length_mean": 6.255211391188216, "history_length_min": 3, "hit@10": 0.032871603966528384, "hit@5": 0.022974638218804234, "ndcg@10": 0.019722441453183883, "ndcg@5": 0.016535411586978358, "recall@10": 0.032871603966528384, "recall@5": 0.022974638218804234, "total_users": 154997}, "short_rule": "length <= threshold", "threshold": 10}
2026-10-03 18:01:17,864 | INFO | VALID_STEP step=13321 stage=all_dl epoch=2 ndcg@10=0.019144 recall@10=0.032614 improved=True
2026-10-03 18:01:17,955 | INFO | BEST_MODEL_IN_MEMORY step=13321 stage=all_dl ndcg@10=0.019144
2026-10-03 18:01:17,955 | INFO | LEARNING_RATE step=13321 stage=all_dl lr=0.0001
2026-10-03 18:20:00,877 | INFO | stage=all_dl epoch=2 loss=5.566405 steps=7321 transitions/s=156.00
2026-10-03 20:01:29,946 | INFO | 
========== PERIODIC VALIDATION ==========
stage=all_dl | epoch=3 | step=20642 | users=184584/184584
NDCG  | @5 0.016262 | @10 0.019661
Recall| @5 0.022943 | @10 0.033524
Hit   | @5 0.022943 | @10 0.033524
================================
2026-10-03 20:01:29,946 | INFO | PERIODIC VALIDATION SEQUENCE_LENGTH {"basis": "filtered_full_sequence", "long": {"evaluated_users": 29587, "history_length_max": 507, "history_length_mean": 17.607935917801736, "history_length_min": 11, "hit@10": 0.03271707168688951, "hit@5": 0.022611281981951534, "ndcg@10": 0.019192335317520456, "ndcg@5": 0.01594641256776817, "recall@10": 0.03271707168688951, "recall@5": 0.022611281981951534, "total_users": 29587}, "long_rule": "length > threshold", "short": {"evaluated_users": 154997, "history_length_max": 10, "history_length_mean": 6.255211391188216, "history_length_min": 3, "hit@10": 0.033678071188474615, "hit@5": 0.023006896907682085, "ndcg@10": 0.01975037297761694, "ndcg@5": 0.01632244164887158, "recall@10": 0.033678071188474615, "recall@5": 0.023006896907682085, "total_users": 154997}, "short_rule": "length <= threshold", "threshold": 10}
2026-10-03 20:22:10,918 | INFO | 
========== PERIODIC TEST ==========
stage=all_dl | epoch=3 | step=20642 | users=184584/184584
NDCG  | @5 0.017047 | @10 0.020245
Recall| @5 0.023756 | @10 0.033692
Hit   | @5 0.023756 | @10 0.033692
================================
2026-10-03 20:22:10,919 | INFO | PERIODIC TEST SEQUENCE_LENGTH {"basis": "filtered_full_sequence", "long": {"evaluated_users": 29587, "history_length_max": 507, "history_length_mean": 17.607935917801736, "history_length_min": 11, "hit@10": 0.0332240511035252, "hit@5": 0.02392942846520431, "ndcg@10": 0.020078980474651138, "ndcg@5": 0.01709286344666203, "recall@10": 0.0332240511035252, "recall@5": 0.02392942846520431, "total_users": 29587}, "long_rule": "length > threshold", "short": {"evaluated_users": 154997, "history_length_max": 10, "history_length_mean": 6.255211391188216, "history_length_min": 3, "hit@10": 0.033781298992883735, "hit@5": 0.023723039800770337, "ndcg@10": 0.020276890589009822, "ndcg@5": 0.01703767551290957, "recall@10": 0.033781298992883735, "recall@5": 0.023723039800770337, "total_users": 154997}, "short_rule": "length <= threshold", "threshold": 10}
2026-10-03 20:22:10,920 | INFO | VALID_STEP step=20642 stage=all_dl epoch=3 ndcg@10=0.019661 recall@10=0.033524 improved=True
2026-10-03 20:22:11,014 | INFO | BEST_MODEL_IN_MEMORY step=20642 stage=all_dl ndcg@10=0.019661
2026-10-03 20:22:11,015 | INFO | LEARNING_RATE step=20642 stage=all_dl lr=0.0001
2026-10-03 20:39:48,037 | INFO | stage=all_dl epoch=3 loss=5.529419 steps=7321 transitions/s=157.74
2026-10-03 22:24:20,051 | INFO | 
========== PERIODIC VALIDATION ==========
stage=all_dl | epoch=4 | step=27963 | users=184584/184584
NDCG  | @5 0.016406 | @10 0.019843
Recall| @5 0.023290 | @10 0.033990
Hit   | @5 0.023290 | @10 0.033990
================================
2026-10-03 22:24:20,051 | INFO | PERIODIC VALIDATION SEQUENCE_LENGTH {"basis": "filtered_full_sequence", "long": {"evaluated_users": 29587, "history_length_max": 507, "history_length_mean": 17.607935917801736, "history_length_min": 11, "hit@10": 0.03342684287017947, "hit@5": 0.023084462770811505, "ndcg@10": 0.019329791705535202, "ndcg@5": 0.015988656003895933, "recall@10": 0.03342684287017947, "recall@5": 0.023084462770811505, "total_users": 29587}, "long_rule": "length > threshold", "short": {"evaluated_users": 154997, "history_length_max": 10, "history_length_mean": 6.255211391188216, "history_length_min": 3, "hit@10": 0.034097434143886655, "hit@5": 0.023329483796460576, "ndcg@10": 0.019940755482421007, "ndcg@5": 0.016485642177075127, "recall@10": 0.034097434143886655, "recall@5": 0.023329483796460576, "total_users": 154997}, "short_rule": "length <= threshold", "threshold": 10}
2026-10-03 22:48:00,924 | INFO | 
========== PERIODIC TEST ==========
stage=all_dl | epoch=4 | step=27963 | users=184584/184584
NDCG  | @5 0.017231 | @10 0.020484
Recall| @5 0.024005 | @10 0.034120
Hit   | @5 0.024005 | @10 0.034120
================================
2026-10-03 22:48:00,925 | INFO | PERIODIC TEST SEQUENCE_LENGTH {"basis": "filtered_full_sequence", "long": {"evaluated_users": 29587, "history_length_max": 507, "history_length_mean": 17.607935917801736, "history_length_min": 11, "hit@10": 0.03410281542569372, "hit@5": 0.02447020650961571, "ndcg@10": 0.02065287404953274, "ndcg@5": 0.017554055197806343, "recall@10": 0.03410281542569372, "recall@5": 0.02447020650961571, "total_users": 29587}, "long_rule": "length > threshold", "short": {"evaluated_users": 154997, "history_length_max": 10, "history_length_mean": 6.255211391188216, "history_length_min": 3, "hit@10": 0.03412324109498893, "hit@5": 0.02391659193403743, "ndcg@10": 0.020451938683931047, "ndcg@5": 0.017169394659888596, "recall@10": 0.03412324109498893, "recall@5": 0.02391659193403743, "total_users": 154997}, "short_rule": "length <= threshold", "threshold": 10}
2026-10-03 22:48:00,926 | INFO | VALID_STEP step=27963 stage=all_dl epoch=4 ndcg@10=0.019843 recall@10=0.033990 improved=True
2026-10-03 22:48:01,045 | INFO | BEST_MODEL_IN_MEMORY step=27963 stage=all_dl ndcg@10=0.019843
2026-10-03 22:48:01,046 | INFO | LEARNING_RATE step=27963 stage=all_dl lr=0.0001
2026-10-03 23:06:43,867 | INFO | stage=all_dl epoch=4 loss=5.504954 steps=7321 transitions/s=157.02
2026-10-03 23:27:10,903 | INFO | 
========== FINAL CURRENT VALIDATION ==========
stage=final | epoch=0 | step=29284 | users=184584/184584
NDCG  | @5 0.016382 | @10 0.019785
Recall| @5 0.023187 | @10 0.033779
Hit   | @5 0.023187 | @10 0.033779
================================
2026-10-03 23:27:10,903 | INFO | FINAL CURRENT VALIDATION SEQUENCE_LENGTH {"basis": "filtered_full_sequence", "long": {"evaluated_users": 29587, "history_length_max": 507, "history_length_mean": 17.607935917801736, "history_length_min": 11, "hit@10": 0.03342684287017947, "hit@5": 0.022881671004157233, "ndcg@10": 0.019502434447537083, "ndcg@5": 0.016084308638560533, "recall@10": 0.03342684287017947, "recall@5": 0.022881671004157233, "total_users": 29587}, "long_rule": "length > threshold", "short": {"evaluated_users": 154997, "history_length_max": 10, "history_length_mean": 6.255211391188216, "history_length_min": 3, "hit@10": 0.03384581637063943, "hit@5": 0.02324561120537817, "ndcg@10": 0.019838711916604912, "ndcg@5": 0.016438442716356527, "recall@10": 0.03384581637063943, "recall@5": 0.02324561120537817, "total_users": 154997}, "short_rule": "length <= threshold", "threshold": 10}
2026-10-03 23:27:10,903 | INFO | VALID_STEP step=29284 stage=final epoch=0 ndcg@10=0.019785 recall@10=0.033779 improved=False
2026-10-03 23:27:10,969 | INFO | RESTORE_BEST step=27963 stage=all_dl ndcg@10=0.019843
2026-10-04 00:09:40,815 | INFO | 
========== BEST CHECKPOINT VALIDATION ==========
stage=all_dl | epoch=0 | step=27963 | users=184584/184584
NDCG  | @5 0.016406 | @10 0.019843
Recall| @5 0.023290 | @10 0.033990
Hit   | @5 0.023290 | @10 0.033990
================================
2026-10-04 00:09:40,815 | INFO | BEST CHECKPOINT VALIDATION SEQUENCE_LENGTH {"basis": "filtered_full_sequence", "long": {"evaluated_users": 29587, "history_length_max": 507, "history_length_mean": 17.607935917801736, "history_length_min": 11, "hit@10": 0.03342684287017947, "hit@5": 0.023084462770811505, "ndcg@10": 0.019329791705535202, "ndcg@5": 0.015988656003895933, "recall@10": 0.03342684287017947, "recall@5": 0.023084462770811505, "total_users": 29587}, "long_rule": "length > threshold", "short": {"evaluated_users": 154997, "history_length_max": 10, "history_length_mean": 6.255211391188216, "history_length_min": 3, "hit@10": 0.034097434143886655, "hit@5": 0.023329483796460576, "ndcg@10": 0.019940755482421007, "ndcg@5": 0.016485642177075127, "recall@10": 0.034097434143886655, "recall@5": 0.023329483796460576, "total_users": 154997}, "short_rule": "length <= threshold", "threshold": 10}
2026-10-04 00:09:40,815 | INFO | 
========== FINAL FULL TEST ==========
stage=all_dl | epoch=0 | step=27963 | users=184584/184584
NDCG  | @5 0.017231 | @10 0.020484
Recall| @5 0.024005 | @10 0.034120
Hit   | @5 0.024005 | @10 0.034120
================================
2026-10-04 00:09:40,815 | INFO | FINAL FULL TEST SEQUENCE_LENGTH {"basis": "filtered_full_sequence", "long": {"evaluated_users": 29587, "history_length_max": 507, "history_length_mean": 17.607935917801736, "history_length_min": 11, "hit@10": 0.03410281542569372, "hit@5": 0.02447020650961571, "ndcg@10": 0.02065287404953274, "ndcg@5": 0.017554055197806343, "recall@10": 0.03410281542569372, "recall@5": 0.02447020650961571, "total_users": 29587}, "long_rule": "length > threshold", "short": {"evaluated_users": 154997, "history_length_max": 10, "history_length_mean": 6.255211391188216, "history_length_min": 3, "hit@10": 0.03412324109498893, "hit@5": 0.02391659193403743, "ndcg@10": 0.020451938683931047, "ndcg@5": 0.017169394659888596, "recall@10": 0.03412324109498893, "recall@5": 0.02391659193403743, "total_users": 154997}, "short_rule": "length <= threshold", "threshold": 10}
2026-10-04 00:09:40,815 | INFO | VALID_BEST {"evaluated_users": 184584, "hit@10": 0.033989944957309406, "hit@5": 0.02329020933558705, "ndcg@10": 0.019842824252389403, "ndcg@5": 0.016405980274548163, "preference_agent_weight": 1.0, "preference_change_probability": 0.10308476508694467, "preference_current_entropy": 1.085257705580205, "preference_next_entropy": 1.3037216700870216, "preference_ranking_weight": 1.0, "recall@10": 0.033989944957309406, "recall@5": 0.02329020933558705, "scores_per_second": 12448862.929110954, "sequence_length": {"basis": "filtered_full_sequence", "long": {"evaluated_users": 29587, "history_length_max": 507, "history_length_mean": 17.607935917801736, "history_length_min": 11, "hit@10": 0.03342684287017947, "hit@5": 0.023084462770811505, "ndcg@10": 0.019329791705535202, "ndcg@5": 0.015988656003895933, "recall@10": 0.03342684287017947, "recall@5": 0.023084462770811505, "total_users": 29587}, "long_rule": "length > threshold", "short": {"evaluated_users": 154997, "history_length_max": 10, "history_length_mean": 6.255211391188216, "history_length_min": 3, "hit@10": 0.034097434143886655, "hit@5": 0.023329483796460576, "ndcg@10": 0.019940755482421007, "ndcg@5": 0.016485642177075127, "recall@10": 0.034097434143886655, "recall@5": 0.023329483796460576, "total_users": 154997}, "short_rule": "length <= threshold", "threshold": 10}, "short_agent_weight": 0.0, "short_preference_state_cosine": 0.0, "total_users": 184584, "users_per_second": 160.99610637203136}
2026-10-04 00:09:40,816 | INFO | TEST_FINAL {"evaluated_users": 184584, "hit@10": 0.03411996706106705, "hit@5": 0.024005330906254063, "ndcg@10": 0.02048414685318081, "ndcg@5": 0.017231052032209822, "preference_agent_weight": 1.0, "preference_change_probability": 0.11683093947117656, "preference_current_entropy": 1.1456186291001034, "preference_next_entropy": 1.328260886856707, "preference_ranking_weight": 1.0, "recall@10": 0.03411996706106705, "recall@5": 0.024005330906254063, "scores_per_second": 10173952.982559714, "sequence_length": {"basis": "filtered_full_sequence", "long": {"evaluated_users": 29587, "history_length_max": 507, "history_length_mean": 17.607935917801736, "history_length_min": 11, "hit@10": 0.03410281542569372, "hit@5": 0.02447020650961571, "ndcg@10": 0.02065287404953274, "ndcg@5": 0.017554055197806343, "recall@10": 0.03410281542569372, "recall@5": 0.02447020650961571, "total_users": 29587}, "long_rule": "length > threshold", "short": {"evaluated_users": 154997, "history_length_max": 10, "history_length_mean": 6.255211391188216, "history_length_min": 3, "hit@10": 0.03412324109498893, "hit@5": 0.02391659193403743, "ndcg@10": 0.020451938683931047, "ndcg@5": 0.017169394659888596, "recall@10": 0.03412324109498893, "recall@5": 0.02391659193403743, "total_users": 154997}, "short_rule": "length <= threshold", "threshold": 10}, "short_agent_weight": 0.0, "short_preference_state_cosine": 0.0, "total_users": 184584, "users_per_second": 131.57561665924828}
2026-10-04 00:09:40,816 | INFO | TARGET_RESULT metric=recall@10 target=>0.150000 actual=0.034120 achieved=False
2026-10-04 00:09:41,336 | INFO | FINAL_LENGTH_SCORES dataset=amazon:Baby_Products group=short split=valid threshold=10 users=154997/154997 scores={"hit@10": 0.034097434143886655, "hit@5": 0.023329483796460576, "ndcg@10": 0.019940755482421007, "ndcg@5": 0.016485642177075127, "recall@10": 0.034097434143886655, "recall@5": 0.023329483796460576}
2026-10-04 00:09:41,336 | INFO | FINAL_LENGTH_SCORES dataset=amazon:Baby_Products group=short split=test threshold=10 users=154997/154997 scores={"hit@10": 0.03412324109498893, "hit@5": 0.02391659193403743, "ndcg@10": 0.020451938683931047, "ndcg@5": 0.017169394659888596, "recall@10": 0.03412324109498893, "recall@5": 0.02391659193403743}
2026-10-04 00:09:41,336 | INFO | short_scores=/workspace/P78123011/MediaTek_2026_project/ver5/outputs_mamba_rl/amazons_long_short_S0_P1_G1_C0_SW4/Baby_Products/rl_20261003_133647_r1_966071/short_scores.json
2026-10-04 00:09:41,336 | INFO | FINAL_LENGTH_SCORES dataset=amazon:Baby_Products group=long split=valid threshold=10 users=29587/29587 scores={"hit@10": 0.03342684287017947, "hit@5": 0.023084462770811505, "ndcg@10": 0.019329791705535202, "ndcg@5": 0.015988656003895933, "recall@10": 0.03342684287017947, "recall@5": 0.023084462770811505}
2026-10-04 00:09:41,336 | INFO | FINAL_LENGTH_SCORES dataset=amazon:Baby_Products group=long split=test threshold=10 users=29587/29587 scores={"hit@10": 0.03410281542569372, "hit@5": 0.02447020650961571, "ndcg@10": 0.02065287404953274, "ndcg@5": 0.017554055197806343, "recall@10": 0.03410281542569372, "recall@5": 0.02447020650961571}
2026-10-04 00:09:41,337 | INFO | long_scores=/workspace/P78123011/MediaTek_2026_project/ver5/outputs_mamba_rl/amazons_long_short_S0_P1_G1_C0_SW4/Baby_Products/rl_20261003_133647_r1_966071/long_scores.json
2026-10-04 00:09:41,337 | INFO | scores=/workspace/P78123011/MediaTek_2026_project/ver5/outputs_mamba_rl/amazons_long_short_S0_P1_G1_C0_SW4/Baby_Products/rl_20261003_133647_r1_966071/Baby_Products_scores.json
2026-10-04 00:09:41,337 | INFO | outputs=/workspace/P78123011/MediaTek_2026_project/ver5/outputs_mamba_rl/amazons_long_short_S0_P1_G1_C0_SW4/Baby_Products/rl_20261003_133647_r1_966071
