2026-08-28 01:04:16,806 | INFO | run_id=20260828_010416 dataset=amazon-all-beauty device=cuda
2026-08-28 01:04:16,806 | INFO | EXPERIMENT_NOTE amazons_full subset=Beauty; common architecture; periodic validation/test
2026-08-28 01:04:16,806 | INFO | EXPERIMENT_CONFIG {"batch_size": 128, "cache_dir": "/workspace/P78123011/cache", "candidates": 64, "coordinator_epochs": 3, "coordinator_lr": 0.0002, "data_path": null, "dataset": "amazon-all-beauty", "device": "cuda", "dim": 128, "early_stopping_patience": 12, "entropy_coef": 0.003, "eval_batch_size": 64, "experiment_note": "amazons_full subset=Beauty; common architecture; periodic validation/test", "full_catalog_supervised": false, "generate_reasons": false, "item_vector_artifact": null, "joint_lr": 5e-05, "lora_alpha": 16.0, "lora_dropout": 0.05, "lora_rank": 8, "lr_patience": 3, "mamba_encode_batch_size": 32, "mamba_max_tokens": 16, "max_events": null, "max_history": 100, "max_transitions": 500000, "min_rating": 4.0, "min_user_events": 5, "monitor_metric": "ndcg@10", "output_dir": "/workspace/P78123011/MediaTek_2026_project/outputs_mamba_rl", "output_run_dir": "/workspace/P78123011/MediaTek_2026_project/outputs_mamba_rl/amazons_full/Beauty/rl_20260828_010416", "periodic_test_user_limit": 0, "popularity_alpha": 0.0, "reason_count": 20, "reason_max_new_tokens": 40, "refresh_data_cache": false, "resume_checkpoint": null, "rl_epochs": 20, "save_model_weights": false, "score_file": "/workspace/P78123011/MediaTek_2026_project/outputs_mamba_rl/amazons_full/Beauty/rl_20260828_010416/Beauty_scores.json", "seed": 25252, "short_window": 10, "skip_mamba": false, "specialist_epochs": 5, "specialist_lr": 0.0002, "specialization_coef": 0.005, "supervised_coef": 0.5, "target_recall_at_10": 0.15, "transition_beta": 0.0, "validate_every_steps": 250, "validation_user_limit": 0}
2026-08-28 01:04:16,810 | INFO | INTERACTION_CACHE hit path=/workspace/P78123011/cache/mamba_multi_agent_data/amazon-all-beauty_15905f803144.pkl
2026-08-28 01:04:16,810 | INFO | users=1620 items=6982 train_interactions=11744
2026-08-28 01:04:16,810 | INFO | CATALOG_PRIORS popularity_alpha=0.000000 transition_beta=0.000000 source=train_histories_only enabled=False
2026-08-28 01:04:17,226 | INFO | ITEM_VECTOR_ARTIFACT path=/workspace/P78123011/cache/mamba_multi_agent/amazon-all-beauty_6982_051814cd0dc3_tok16.pt fingerprint=051814cd0dc3
2026-08-28 01:04:17,358 | INFO | agent_parameters={'long': 8321, 'short': 8321, 'coordinator': 7185, 'shared_projection': 327680}
2026-08-28 01:04:17,363 | INFO | training_transitions=10124
2026-08-28 01:04:17,363 | INFO | schedule specialist_epochs=5 coordinator_epochs=3 rl_epochs=20 validate_every_steps=250 validation_users=0 periodic_test_users=0 monitor=ndcg@10 early_stopping_patience=12
2026-08-28 01:04:23,443 | INFO | stage=specialists epoch=1 loss=8.054699 steps=80 transitions/s=1810.58
2026-08-28 01:04:28,863 | INFO | stage=specialists epoch=2 loss=7.896446 steps=80 transitions/s=1868.73
2026-08-28 01:04:34,151 | INFO | stage=specialists epoch=3 loss=7.840441 steps=80 transitions/s=1915.43
2026-08-28 01:04:35,184 | INFO | 
========== PERIODIC VALIDATION ==========
stage=specialists | epoch=4 | step=250 | users=1620/1620
NDCG  | @5 0.087606 | @10 0.089428
Recall| @5 0.094444 | @10 0.100000
Hit   | @5 0.094444 | @10 0.100000
================================
2026-08-28 01:04:35,546 | INFO | 
========== PERIODIC TEST ==========
stage=specialists | epoch=4 | step=250 | users=1620/1620
NDCG  | @5 0.109143 | @10 0.112676
Recall| @5 0.119753 | @10 0.130864
Hit   | @5 0.119753 | @10 0.130864
================================
2026-08-28 01:04:35,546 | INFO | VALID_STEP step=250 stage=specialists epoch=4 ndcg@10=0.089428 recall@10=0.100000 improved=True
2026-08-28 01:04:35,547 | INFO | BEST_MODEL_IN_MEMORY step=250 stage=specialists ndcg@10=0.089428
2026-08-28 01:04:40,259 | INFO | stage=specialists epoch=4 loss=7.800306 steps=80 transitions/s=1882.51
2026-08-28 01:04:45,711 | INFO | stage=specialists epoch=5 loss=7.761358 steps=80 transitions/s=1857.68
2026-08-28 01:04:47,885 | INFO | stage=coordinator epoch=1 loss=3.757403 steps=80 transitions/s=4661.67
2026-08-28 01:04:48,818 | INFO | 
========== PERIODIC VALIDATION ==========
stage=coordinator | epoch=2 | step=500 | users=1620/1620
NDCG  | @5 0.090715 | @10 0.093893
Recall| @5 0.099383 | @10 0.109259
Hit   | @5 0.099383 | @10 0.109259
================================
2026-08-28 01:04:49,214 | INFO | 
========== PERIODIC TEST ==========
stage=coordinator | epoch=2 | step=500 | users=1620/1620
NDCG  | @5 0.113784 | @10 0.116725
Recall| @5 0.124074 | @10 0.133333
Hit   | @5 0.124074 | @10 0.133333
================================
2026-08-28 01:04:49,214 | INFO | VALID_STEP step=500 stage=coordinator epoch=2 ndcg@10=0.093893 recall@10=0.109259 improved=True
2026-08-28 01:04:49,215 | INFO | BEST_MODEL_IN_MEMORY step=500 stage=coordinator ndcg@10=0.093893
2026-08-28 01:04:49,215 | INFO | LEARNING_RATE step=500 stage=coordinator lr=0.0002
2026-08-28 01:04:50,840 | INFO | stage=coordinator epoch=2 loss=3.752139 steps=80 transitions/s=4678.90
2026-08-28 01:04:52,981 | INFO | stage=coordinator epoch=3 loss=3.755801 steps=80 transitions/s=4730.92
2026-08-28 01:04:58,576 | INFO | stage=joint epoch=1 loss=1.787053 steps=80 transitions/s=1810.23
2026-08-28 01:05:01,044 | INFO | 
========== PERIODIC VALIDATION ==========
stage=joint | epoch=2 | step=750 | users=1620/1620
NDCG  | @5 0.091275 | @10 0.095051
Recall| @5 0.100000 | @10 0.111728
Hit   | @5 0.100000 | @10 0.111728
================================
2026-08-28 01:05:01,408 | INFO | 
========== PERIODIC TEST ==========
stage=joint | epoch=2 | step=750 | users=1620/1620
NDCG  | @5 0.113571 | @10 0.116396
Recall| @5 0.121605 | @10 0.130247
Hit   | @5 0.121605 | @10 0.130247
================================
2026-08-28 01:05:01,408 | INFO | VALID_STEP step=750 stage=joint epoch=2 ndcg@10=0.095051 recall@10=0.111728 improved=True
2026-08-28 01:05:01,409 | INFO | BEST_MODEL_IN_MEMORY step=750 stage=joint ndcg@10=0.095051
2026-08-28 01:05:01,409 | INFO | LEARNING_RATE step=750 stage=joint lr=5e-05
2026-08-28 01:05:04,853 | INFO | stage=joint epoch=2 loss=1.823754 steps=80 transitions/s=1823.75
2026-08-28 01:05:10,423 | INFO | stage=joint epoch=3 loss=1.836265 steps=80 transitions/s=1818.30
2026-08-28 01:05:15,958 | INFO | stage=joint epoch=4 loss=1.847292 steps=80 transitions/s=1829.79
2026-08-28 01:05:19,216 | INFO | 
========== PERIODIC VALIDATION ==========
stage=joint | epoch=5 | step=1000 | users=1620/1620
NDCG  | @5 0.095018 | @10 0.098615
Recall| @5 0.103086 | @10 0.114198
Hit   | @5 0.103086 | @10 0.114198
================================
2026-08-28 01:05:19,578 | INFO | 
========== PERIODIC TEST ==========
stage=joint | epoch=5 | step=1000 | users=1620/1620
NDCG  | @5 0.114918 | @10 0.117964
Recall| @5 0.122840 | @10 0.132099
Hit   | @5 0.122840 | @10 0.132099
================================
2026-08-28 01:05:19,578 | INFO | VALID_STEP step=1000 stage=joint epoch=5 ndcg@10=0.098615 recall@10=0.114198 improved=True
2026-08-28 01:05:19,578 | INFO | BEST_MODEL_IN_MEMORY step=1000 stage=joint ndcg@10=0.098615
2026-08-28 01:05:19,578 | INFO | LEARNING_RATE step=1000 stage=joint lr=5e-05
2026-08-28 01:05:22,366 | INFO | stage=joint epoch=5 loss=1.828076 steps=80 transitions/s=1780.74
2026-08-28 01:05:27,934 | INFO | stage=joint epoch=6 loss=1.816880 steps=80 transitions/s=1818.91
2026-08-28 01:05:33,474 | INFO | stage=joint epoch=7 loss=1.817908 steps=80 transitions/s=1828.31
2026-08-28 01:05:37,332 | INFO | 
========== PERIODIC VALIDATION ==========
stage=joint | epoch=8 | step=1250 | users=1620/1620
NDCG  | @5 0.094437 | @10 0.097964
Recall| @5 0.104321 | @10 0.115432
Hit   | @5 0.104321 | @10 0.115432
================================
2026-08-28 01:05:37,691 | INFO | 
========== PERIODIC TEST ==========
stage=joint | epoch=8 | step=1250 | users=1620/1620
NDCG  | @5 0.115811 | @10 0.118363
Recall| @5 0.124691 | @10 0.132716
Hit   | @5 0.124691 | @10 0.132716
================================
2026-08-28 01:05:37,691 | INFO | VALID_STEP step=1250 stage=joint epoch=8 ndcg@10=0.097964 recall@10=0.115432 improved=False
2026-08-28 01:05:37,691 | INFO | LEARNING_RATE step=1250 stage=joint lr=5e-05
2026-08-28 01:05:39,760 | INFO | stage=joint epoch=8 loss=1.829385 steps=80 transitions/s=1817.72
2026-08-28 01:05:45,382 | INFO | stage=joint epoch=9 loss=1.813135 steps=80 transitions/s=1801.45
2026-08-28 01:05:51,000 | INFO | stage=joint epoch=10 loss=1.810534 steps=80 transitions/s=1802.94
2026-08-28 01:05:55,538 | INFO | 
========== PERIODIC VALIDATION ==========
stage=joint | epoch=11 | step=1500 | users=1620/1620
NDCG  | @5 0.094743 | @10 0.098297
Recall| @5 0.103704 | @10 0.114815
Hit   | @5 0.103704 | @10 0.114815
================================
2026-08-28 01:05:55,903 | INFO | 
========== PERIODIC TEST ==========
stage=joint | epoch=11 | step=1500 | users=1620/1620
NDCG  | @5 0.115415 | @10 0.118719
Recall| @5 0.123457 | @10 0.133951
Hit   | @5 0.123457 | @10 0.133951
================================
2026-08-28 01:05:55,903 | INFO | VALID_STEP step=1500 stage=joint epoch=11 ndcg@10=0.098297 recall@10=0.114815 improved=False
2026-08-28 01:05:55,903 | INFO | LEARNING_RATE step=1500 stage=joint lr=5e-05
2026-08-28 01:05:57,281 | INFO | stage=joint epoch=11 loss=1.816839 steps=80 transitions/s=1822.85
2026-08-28 01:06:02,788 | INFO | stage=joint epoch=12 loss=1.809369 steps=80 transitions/s=1839.13
2026-08-28 01:06:08,379 | INFO | stage=joint epoch=13 loss=1.812814 steps=80 transitions/s=1811.67
2026-08-28 01:06:13,681 | INFO | 
========== PERIODIC VALIDATION ==========
stage=joint | epoch=14 | step=1750 | users=1620/1620
NDCG  | @5 0.095307 | @10 0.099036
Recall| @5 0.103704 | @10 0.115432
Hit   | @5 0.103704 | @10 0.115432
================================
2026-08-28 01:06:14,046 | INFO | 
========== PERIODIC TEST ==========
stage=joint | epoch=14 | step=1750 | users=1620/1620
NDCG  | @5 0.115633 | @10 0.119138
Recall| @5 0.124074 | @10 0.135185
Hit   | @5 0.124074 | @10 0.135185
================================
2026-08-28 01:06:14,046 | INFO | VALID_STEP step=1750 stage=joint epoch=14 ndcg@10=0.099036 recall@10=0.115432 improved=True
2026-08-28 01:06:14,047 | INFO | BEST_MODEL_IN_MEMORY step=1750 stage=joint ndcg@10=0.099036
2026-08-28 01:06:14,047 | INFO | LEARNING_RATE step=1750 stage=joint lr=5e-05
2026-08-28 01:06:14,733 | INFO | stage=joint epoch=14 loss=1.797927 steps=80 transitions/s=1799.14
2026-08-28 01:06:20,363 | INFO | stage=joint epoch=15 loss=1.794143 steps=80 transitions/s=1798.96
2026-08-28 01:06:25,974 | INFO | stage=joint epoch=16 loss=1.799672 steps=80 transitions/s=1805.09
2026-08-28 01:06:31,940 | INFO | 
========== PERIODIC VALIDATION ==========
stage=joint | epoch=17 | step=2000 | users=1620/1620
NDCG  | @5 0.094937 | @10 0.098555
Recall| @5 0.102469 | @10 0.113580
Hit   | @5 0.102469 | @10 0.113580
================================
2026-08-28 01:06:32,303 | INFO | 
========== PERIODIC TEST ==========
stage=joint | epoch=17 | step=2000 | users=1620/1620
NDCG  | @5 0.114843 | @10 0.118236
Recall| @5 0.123457 | @10 0.133951
Hit   | @5 0.123457 | @10 0.133951
================================
2026-08-28 01:06:32,303 | INFO | VALID_STEP step=2000 stage=joint epoch=17 ndcg@10=0.098555 recall@10=0.113580 improved=False
2026-08-28 01:06:32,303 | INFO | LEARNING_RATE step=2000 stage=joint lr=5e-05
2026-08-28 01:06:32,303 | INFO | stage=joint epoch=17 loss=1.795642 steps=80 transitions/s=1806.04
2026-08-28 01:06:37,874 | INFO | stage=joint epoch=18 loss=1.778212 steps=80 transitions/s=1818.16
2026-08-28 01:06:43,433 | INFO | stage=joint epoch=19 loss=1.796594 steps=80 transitions/s=1822.01
2026-08-28 01:06:49,041 | INFO | stage=joint epoch=20 loss=1.785210 steps=80 transitions/s=1805.95
2026-08-28 01:06:49,403 | INFO | 
========== FINAL CURRENT VALIDATION ==========
stage=final | epoch=0 | step=2240 | users=1620/1620
NDCG  | @5 0.095149 | @10 0.100073
Recall| @5 0.102469 | @10 0.117901
Hit   | @5 0.102469 | @10 0.117901
================================
2026-08-28 01:06:49,403 | INFO | VALID_STEP step=2240 stage=final epoch=0 ndcg@10=0.100073 recall@10=0.117901 improved=True
2026-08-28 01:06:49,403 | INFO | BEST_MODEL_IN_MEMORY step=2240 stage=final ndcg@10=0.100073
2026-08-28 01:06:49,404 | INFO | RESTORE_BEST step=2240 stage=final ndcg@10=0.100073
2026-08-28 01:06:50,139 | INFO | 
========== BEST CHECKPOINT VALIDATION ==========
stage=final | epoch=0 | step=2240 | users=1620/1620
NDCG  | @5 0.095149 | @10 0.100073
Recall| @5 0.102469 | @10 0.117901
Hit   | @5 0.102469 | @10 0.117901
================================
2026-08-28 01:06:50,139 | INFO | 
========== FINAL FULL TEST ==========
stage=final | epoch=0 | step=2240 | users=1620/1620
NDCG  | @5 0.114733 | @10 0.118089
Recall| @5 0.121605 | @10 0.132099
Hit   | @5 0.121605 | @10 0.132099
================================
2026-08-28 01:06:50,139 | INFO | VALID_BEST {"evaluated_users": 1620, "hit@10": 0.11790123456790123, "hit@5": 0.10246913580246914, "ndcg@10": 0.10007284099673047, "ndcg@5": 0.09514877825607489, "recall@10": 0.11790123456790123, "recall@5": 0.10246913580246914, "scores_per_second": 31512171.524579, "total_users": 1620, "users_per_second": 4513.344532308651}
2026-08-28 01:06:50,139 | INFO | TEST_FINAL {"evaluated_users": 1620, "hit@10": 0.13209876543209875, "hit@5": 0.12160493827160494, "ndcg@10": 0.1180888017018636, "ndcg@5": 0.114732911851671, "recall@10": 0.13209876543209875, "recall@5": 0.12160493827160494, "scores_per_second": 30165644.87388534, "total_users": 1620, "users_per_second": 4320.487664549605}
2026-08-28 01:06:50,139 | INFO | TARGET_RESULT metric=recall@10 target=>0.150000 actual=0.132099 achieved=False
2026-08-28 01:06:50,335 | INFO | scores=/workspace/P78123011/MediaTek_2026_project/outputs_mamba_rl/amazons_full/Beauty/rl_20260828_010416/Beauty_scores.json
2026-08-28 01:06:50,336 | INFO | outputs=/workspace/P78123011/MediaTek_2026_project/outputs_mamba_rl/amazons_full/Beauty/rl_20260828_010416
