2026-09-10 19:09:27,821 | INFO | run_id=20260910_190927 dataset=amazon-all-beauty device=cuda:0
2026-09-10 19:09:27,821 | INFO | MODEL recommender=MultiAgentMambaRecommender semantic_encoder=MambaTextEncoder semantic_model_id=state-spaces/mamba-130m-hf graph_backbone=LightGCN adaptation=multi_lora
2026-09-10 19:09:27,821 | INFO | ABLATION USE_LONG=0 USE_SHORT=0 USE_PREFERENCE=1 USE_GCN=1
2026-09-10 19:09:27,821 | INFO | AGENT_HISTORY mode=short_window_only effective_max_history=10
2026-09-10 19:09:27,821 | INFO | EXPERIMENT_NOTE amazons_long_short subset=Full_Beauty; short filtered-full-sequence <= 10; long > 10; same model and full catalog
2026-09-10 19:09:27,821 | INFO | EXPERIMENT_CONFIG {"agent_diversity_coef": 0.02, "batch_size": 128, "cache_dir": "/workspace/P78123011/cache", "candidates": 64, "coordinator_epochs": 3, "coordinator_lr": 0.0001, "data_path": null, "dataset": "amazon-all-beauty", "device": "cuda:0", "dim": 128, "early_stopping_patience": 6, "enable_lora": 1, "eval_batch_size": 64, "eval_length_basis": "filtered_full_sequence", "eval_length_threshold": 10, "experiment_note": "amazons_long_short subset=Full_Beauty; short filtered-full-sequence <= 10; long > 10; same model and full catalog", "full_catalog_supervised": false, "future_decay": 0.5, "future_horizon": 3, "generate_reasons": false, "graph_device": "cuda:0", "hard_negative_fraction": 0.75, "hard_negative_pool_multiplier": 12, "hard_negative_warmup_epochs": 2, "item_prompt_prefix": "Preference-aware product representation: ", "item_vector_artifact": null, "joint_epochs": 7, "joint_lr": 5e-05, "lora_alpha": 32.0, "lora_dropout": 0.05, "lora_rank": 16, "lr_patience": 2, "mamba_encode_batch_size": 32, "mamba_max_tokens": 32, "mamba_model_id": "state-spaces/mamba-130m-hf", "max_events": null, "max_history": 100, "max_transitions": 500000, "min_rating": 4.0, "monitor_metric": "ndcg@10", "output_dir": "/workspace/P78123011/MediaTek_2026_project/ver4/outputs_mamba_rl/amazons_lora", "output_run_dir": "/workspace/P78123011/MediaTek_2026_project/ver4/outputs_mamba_rl/amazons_long_short_L0_S0_P1_G1/Full_Beauty/rl_20260910_190927_r1_321310", "periodic_test_user_limit": 0, "popularity_alpha": -0.25, "preference_balance_coef": 0.01, "preference_coef": 0.2, "preference_contrastive_coef": 0.05, "preference_count": 32, "preference_hidden": 128, "preference_score_weight": 0.2, "preference_separation_coef": 0.01, "preference_sharpness_coef": 0.05, "preference_temperature": 0.2, "preference_transition_coef": 0.1, "reason_count": 20, "reason_max_new_tokens": 40, "refresh_data_cache": false, "resume_checkpoint": null, "save_model_weights": false, "score_file": "/workspace/P78123011/MediaTek_2026_project/ver4/outputs_mamba_rl/amazons_long_short_L0_S0_P1_G1/Full_Beauty/rl_20260910_190927_r1_321310/Full_Beauty_scores.json", "seed": 25252, "short_window": 10, "skip_mamba": false, "specialist_epochs": 3, "specialist_lr": 0.0001, "target_recall_at_10": 0.15, "transition_beta": 4.0, "use_graph_embeddings": true, "use_in_batch_negatives": true, "use_long": 0, "use_preference": 1, "use_short": 0, "validate_every_steps": 250, "validation_user_limit": 0}
2026-09-10 19:09:27,824 | INFO | INTERACTION_CACHE hit path=/workspace/P78123011/cache/mamba_multi_agent_data/amazon-all-beauty_90e3e920169a.pkl
2026-09-10 19:09:27,824 | INFO | LENGTH_SPLIT preprocessing=original_one_pass_user_item_min_5 basis=filtered_full_sequence short<=10 long>10
2026-09-10 19:09:27,824 | INFO | users=1603 items=4090 train_interactions=8445
2026-09-10 19:09:27,971 | INFO | CATALOG_PRIORS popularity_alpha=-0.250000 transition_beta=4.000000 source=train_histories_only enabled=True
2026-09-10 19:09:27,984 | INFO | ITEM_VECTOR_ARTIFACT path=/workspace/P78123011/cache/mamba_multi_agent/amazon-all-beauty_4090_47e41e57cc9e_prompt_tok32.pt fingerprint=47e41e57cc9e
2026-09-10 19:09:27,984 | INFO | SEMANTIC_BACKBONE model_id=state-spaces/mamba-130m-hf hidden_size=768 frozen=True usage=shared_cached_item_vectors
2026-09-10 19:09:27,989 | INFO | GRAPH_EMBEDDINGS enabled=True source=train_histories_only main_device=cuda:0 graph_device=cuda:0
2026-09-10 19:09:28,012 | INFO | ADAPTATION_MODE mode=multi_lora enable_lora=1
2026-09-10 19:09:28,012 | INFO | ADAPTER_ROUTES {'preference': ('transition_lora', 'state_lora')}
2026-09-10 19:09:28,012 | INFO | agent_parameters={'long': 16513, 'short': 16513, 'preference': 78786, 'coordinator': 0, 'shared_projection': 98304, 'graph': 728704}
2026-09-10 19:09:28,012 | INFO | PREDICTION_PATH graph_only=False active_agents=1 coordinator=False
2026-09-10 19:09:28,017 | INFO | training_transitions=6842
2026-09-10 19:09:28,017 | INFO | schedule specialist_epochs=3 coordinator_epochs=3 joint_ranking_epochs=7 validate_every_steps=250 validation_users=0 periodic_test_users=0 monitor=ndcg@10 early_stopping_patience=6
2026-09-10 19:09:28,514 | INFO | TRAINING_BRANCHES stage=specialists long=False short=False preference=True gcn=True preference_auxiliary=True preference_contrastive=False diversity_pairs=0 trainable_parameters=905794
2026-09-10 19:09:29,965 | INFO | 
========== PERIODIC VALIDATION ==========
stage=specialists | epoch=1 | step=54 | users=1457/1457
NDCG  | @5 0.077875 | @10 0.079006
Recall| @5 0.081675 | @10 0.085106
Hit   | @5 0.081675 | @10 0.085106
================================
2026-09-10 19:09:29,965 | INFO | PERIODIC VALIDATION SEQUENCE_LENGTH {"basis": "filtered_full_sequence", "long": {"evaluated_users": 219, "history_length_max": 119, "history_length_mean": 20.98173515981735, "history_length_min": 11, "hit@10": 0.045662100456621, "hit@5": 0.0365296803652968, "ndcg@10": 0.030258658441623554, "ndcg@5": 0.02736202223615636, "recall@10": 0.045662100456621, "recall@5": 0.0365296803652968, "total_users": 219}, "long_rule": "length > threshold", "short": {"evaluated_users": 1238, "history_length_max": 10, "history_length_mean": 5.27221324717286, "history_length_min": 3, "hit@10": 0.09208400646203554, "hit@5": 0.08966074313408724, "ndcg@10": 0.08762974354042424, "ndcg@5": 0.08681112934827559, "recall@10": 0.09208400646203554, "recall@5": 0.08966074313408724, "total_users": 1238}, "short_rule": "length <= threshold", "threshold": 10}
2026-09-10 19:09:30,084 | INFO | 
========== PERIODIC TEST ==========
stage=specialists | epoch=1 | step=54 | users=1457/1457
NDCG  | @5 0.076258 | @10 0.077352
Recall| @5 0.080302 | @10 0.083734
Hit   | @5 0.080302 | @10 0.083734
================================
2026-09-10 19:09:30,084 | INFO | PERIODIC TEST SEQUENCE_LENGTH {"basis": "filtered_full_sequence", "long": {"evaluated_users": 219, "history_length_max": 119, "history_length_mean": 20.98173515981735, "history_length_min": 11, "hit@10": 0.0319634703196347, "hit@5": 0.0319634703196347, "ndcg@10": 0.022079049890931204, "ndcg@5": 0.022079049890931204, "recall@10": 0.0319634703196347, "recall@5": 0.0319634703196347, "total_users": 219}, "long_rule": "length > threshold", "short": {"evaluated_users": 1238, "history_length_max": 10, "history_length_mean": 5.27221324717286, "history_length_min": 3, "hit@10": 0.09289176090468497, "hit@5": 0.0888529886914378, "ndcg@10": 0.08713006878584498, "ndcg@5": 0.08584161949730786, "recall@10": 0.09289176090468497, "recall@5": 0.0888529886914378, "total_users": 1238}, "short_rule": "length <= threshold", "threshold": 10}
2026-09-10 19:09:30,084 | INFO | VALID_STEP step=54 stage=specialists epoch=1 ndcg@10=0.079006 recall@10=0.085106 improved=True
2026-09-10 19:09:30,087 | INFO | BEST_MODEL_IN_MEMORY step=54 stage=specialists ndcg@10=0.079006
2026-09-10 19:09:30,087 | INFO | stage=specialists epoch=1 loss=4.272228 steps=54 transitions/s=5151.91
2026-09-10 19:09:31,111 | INFO | 
========== PERIODIC VALIDATION ==========
stage=specialists | epoch=2 | step=108 | users=1457/1457
NDCG  | @5 0.078326 | @10 0.079176
Recall| @5 0.082361 | @10 0.085106
Hit   | @5 0.082361 | @10 0.085106
================================
2026-09-10 19:09:31,111 | INFO | PERIODIC VALIDATION SEQUENCE_LENGTH {"basis": "filtered_full_sequence", "long": {"evaluated_users": 219, "history_length_max": 119, "history_length_mean": 20.98173515981735, "history_length_min": 11, "hit@10": 0.0502283105022831, "hit@5": 0.0365296803652968, "ndcg@10": 0.032292878857044106, "ndcg@5": 0.028076311937796607, "recall@10": 0.0502283105022831, "recall@5": 0.0365296803652968, "total_users": 219}, "long_rule": "length > threshold", "short": {"evaluated_users": 1238, "history_length_max": 10, "history_length_mean": 5.27221324717286, "history_length_min": 3, "hit@10": 0.0912762520193861, "hit@5": 0.09046849757673667, "ndcg@10": 0.08746982472532384, "ndcg@5": 0.08721500656960031, "recall@10": 0.0912762520193861, "recall@5": 0.09046849757673667, "total_users": 1238}, "short_rule": "length <= threshold", "threshold": 10}
2026-09-10 19:09:31,229 | INFO | 
========== PERIODIC TEST ==========
stage=specialists | epoch=2 | step=108 | users=1457/1457
NDCG  | @5 0.076460 | @10 0.077800
Recall| @5 0.080302 | @10 0.084420
Hit   | @5 0.080302 | @10 0.084420
================================
2026-09-10 19:09:31,229 | INFO | PERIODIC TEST SEQUENCE_LENGTH {"basis": "filtered_full_sequence", "long": {"evaluated_users": 219, "history_length_max": 119, "history_length_mean": 20.98173515981735, "history_length_min": 11, "hit@10": 0.0319634703196347, "hit@5": 0.0319634703196347, "ndcg@10": 0.023510101892134507, "ndcg@5": 0.023510101892134507, "recall@10": 0.0319634703196347, "recall@5": 0.0319634703196347, "total_users": 219}, "long_rule": "length > threshold", "short": {"evaluated_users": 1238, "history_length_max": 10, "history_length_mean": 5.27221324717286, "history_length_min": 3, "hit@10": 0.09369951534733441, "hit@5": 0.0888529886914378, "ndcg@10": 0.08740343278124242, "ndcg@5": 0.08582725555481513, "recall@10": 0.09369951534733441, "recall@5": 0.0888529886914378, "total_users": 1238}, "short_rule": "length <= threshold", "threshold": 10}
2026-09-10 19:09:31,230 | INFO | VALID_STEP step=108 stage=specialists epoch=2 ndcg@10=0.079176 recall@10=0.085106 improved=True
2026-09-10 19:09:31,232 | INFO | BEST_MODEL_IN_MEMORY step=108 stage=specialists ndcg@10=0.079176
2026-09-10 19:09:31,232 | INFO | stage=specialists epoch=2 loss=4.251352 steps=54 transitions/s=7596.32
2026-09-10 19:09:32,262 | INFO | 
========== PERIODIC VALIDATION ==========
stage=specialists | epoch=3 | step=162 | users=1457/1457
NDCG  | @5 0.078434 | @10 0.079274
Recall| @5 0.082361 | @10 0.085106
Hit   | @5 0.082361 | @10 0.085106
================================
2026-09-10 19:09:32,262 | INFO | PERIODIC VALIDATION SEQUENCE_LENGTH {"basis": "filtered_full_sequence", "long": {"evaluated_users": 219, "history_length_max": 119, "history_length_mean": 20.98173515981735, "history_length_min": 11, "hit@10": 0.0502283105022831, "hit@5": 0.0365296803652968, "ndcg@10": 0.03280953270528821, "ndcg@5": 0.02859296578604071, "recall@10": 0.0502283105022831, "recall@5": 0.0365296803652968, "total_users": 219}, "long_rule": "length > threshold", "short": {"evaluated_users": 1238, "history_length_max": 10, "history_length_mean": 5.27221324717286, "history_length_min": 3, "hit@10": 0.0912762520193861, "hit@5": 0.09046849757673667, "ndcg@10": 0.08749356371540226, "ndcg@5": 0.08725040539903395, "recall@10": 0.0912762520193861, "recall@5": 0.09046849757673667, "total_users": 1238}, "short_rule": "length <= threshold", "threshold": 10}
2026-09-10 19:09:32,380 | INFO | 
========== PERIODIC TEST ==========
stage=specialists | epoch=3 | step=162 | users=1457/1457
NDCG  | @5 0.077069 | @10 0.078180
Recall| @5 0.080988 | @10 0.084420
Hit   | @5 0.080988 | @10 0.084420
================================
2026-09-10 19:09:32,380 | INFO | PERIODIC TEST SEQUENCE_LENGTH {"basis": "filtered_full_sequence", "long": {"evaluated_users": 219, "history_length_max": 119, "history_length_mean": 20.98173515981735, "history_length_min": 11, "hit@10": 0.0319634703196347, "hit@5": 0.0319634703196347, "ndcg@10": 0.023510101892134507, "ndcg@5": 0.023510101892134507, "recall@10": 0.0319634703196347, "recall@5": 0.0319634703196347, "total_users": 219}, "long_rule": "length > threshold", "short": {"evaluated_users": 1238, "history_length_max": 10, "history_length_mean": 5.27221324717286, "history_length_min": 3, "hit@10": 0.09369951534733441, "hit@5": 0.08966074313408724, "ndcg@10": 0.0878505405953791, "ndcg@5": 0.08654361484983496, "recall@10": 0.09369951534733441, "recall@5": 0.08966074313408724, "total_users": 1238}, "short_rule": "length <= threshold", "threshold": 10}
2026-09-10 19:09:32,381 | INFO | VALID_STEP step=162 stage=specialists epoch=3 ndcg@10=0.079274 recall@10=0.085106 improved=True
2026-09-10 19:09:32,382 | INFO | BEST_MODEL_IN_MEMORY step=162 stage=specialists ndcg@10=0.079274
2026-09-10 19:09:32,382 | INFO | stage=specialists epoch=3 loss=4.234554 steps=54 transitions/s=7558.71
2026-09-10 19:09:32,383 | INFO | SKIP_STAGE stage=coordinator epochs=3 use_coordinator=False
2026-09-10 19:09:32,384 | INFO | TRAINING_BRANCHES stage=joint long=False short=False preference=True gcn=True preference_auxiliary=True preference_contrastive=True diversity_pairs=0 trainable_parameters=905794
2026-09-10 19:09:33,434 | INFO | 
========== PERIODIC VALIDATION ==========
stage=joint | epoch=1 | step=216 | users=1457/1457
NDCG  | @5 0.078055 | @10 0.078896
Recall| @5 0.082361 | @10 0.085106
Hit   | @5 0.082361 | @10 0.085106
================================
2026-09-10 19:09:33,434 | INFO | PERIODIC VALIDATION SEQUENCE_LENGTH {"basis": "filtered_full_sequence", "long": {"evaluated_users": 219, "history_length_max": 119, "history_length_mean": 20.98173515981735, "history_length_min": 11, "hit@10": 0.0502283105022831, "hit@5": 0.0365296803652968, "ndcg@10": 0.03249298730836306, "ndcg@5": 0.028276420389115563, "recall@10": 0.0502283105022831, "recall@5": 0.0365296803652968, "total_users": 219}, "long_rule": "length > threshold", "short": {"evaluated_users": 1238, "history_length_max": 10, "history_length_mean": 5.27221324717286, "history_length_min": 3, "hit@10": 0.0912762520193861, "hit@5": 0.09046849757673667, "ndcg@10": 0.0871040504365703, "ndcg@5": 0.08686089212020198, "recall@10": 0.0912762520193861, "recall@5": 0.09046849757673667, "total_users": 1238}, "short_rule": "length <= threshold", "threshold": 10}
2026-09-10 19:09:33,552 | INFO | 
========== PERIODIC TEST ==========
stage=joint | epoch=1 | step=216 | users=1457/1457
NDCG  | @5 0.076804 | @10 0.078159
Recall| @5 0.080302 | @10 0.084420
Hit   | @5 0.080302 | @10 0.084420
================================
2026-09-10 19:09:33,553 | INFO | PERIODIC TEST SEQUENCE_LENGTH {"basis": "filtered_full_sequence", "long": {"evaluated_users": 219, "history_length_max": 119, "history_length_mean": 20.98173515981735, "history_length_min": 11, "hit@10": 0.0319634703196347, "hit@5": 0.0319634703196347, "ndcg@10": 0.023510101892134507, "ndcg@5": 0.023510101892134507, "recall@10": 0.0319634703196347, "recall@5": 0.0319634703196347, "total_users": 219}, "long_rule": "length > threshold", "short": {"evaluated_users": 1238, "history_length_max": 10, "history_length_mean": 5.27221324717286, "history_length_min": 3, "hit@10": 0.09369951534733441, "hit@5": 0.0888529886914378, "ndcg@10": 0.08782578645957416, "ndcg@5": 0.08623113277613985, "recall@10": 0.09369951534733441, "recall@5": 0.0888529886914378, "total_users": 1238}, "short_rule": "length <= threshold", "threshold": 10}
2026-09-10 19:09:33,553 | INFO | VALID_STEP step=216 stage=joint epoch=1 ndcg@10=0.078896 recall@10=0.085106 improved=False
2026-09-10 19:09:33,553 | INFO | LEARNING_RATE step=216 stage=joint lr=5e-05
2026-09-10 19:09:33,553 | INFO | stage=joint epoch=1 loss=4.441490 steps=54 transitions/s=7400.97
2026-09-10 19:09:34,606 | INFO | 
========== PERIODIC VALIDATION ==========
stage=joint | epoch=2 | step=270 | users=1457/1457
NDCG  | @5 0.078073 | @10 0.078923
Recall| @5 0.082361 | @10 0.085106
Hit   | @5 0.082361 | @10 0.085106
================================
2026-09-10 19:09:34,606 | INFO | PERIODIC VALIDATION SEQUENCE_LENGTH {"basis": "filtered_full_sequence", "long": {"evaluated_users": 219, "history_length_max": 119, "history_length_mean": 20.98173515981735, "history_length_min": 11, "hit@10": 0.0502283105022831, "hit@5": 0.0365296803652968, "ndcg@10": 0.032890731613078164, "ndcg@5": 0.02867416469383066, "recall@10": 0.0502283105022831, "recall@5": 0.0365296803652968, "total_users": 219}, "long_rule": "length > threshold", "short": {"evaluated_users": 1238, "history_length_max": 10, "history_length_mean": 5.27221324717286, "history_length_min": 3, "hit@10": 0.0912762520193861, "hit@5": 0.09046849757673667, "ndcg@10": 0.08706594750399914, "ndcg@5": 0.0868111293482756, "recall@10": 0.0912762520193861, "recall@5": 0.09046849757673667, "total_users": 1238}, "short_rule": "length <= threshold", "threshold": 10}
2026-09-10 19:09:34,724 | INFO | 
========== PERIODIC TEST ==========
stage=joint | epoch=2 | step=270 | users=1457/1457
NDCG  | @5 0.077159 | @10 0.078254
Recall| @5 0.080988 | @10 0.084420
Hit   | @5 0.080988 | @10 0.084420
================================
2026-09-10 19:09:34,724 | INFO | PERIODIC TEST SEQUENCE_LENGTH {"basis": "filtered_full_sequence", "long": {"evaluated_users": 219, "history_length_max": 119, "history_length_mean": 20.98173515981735, "history_length_min": 11, "hit@10": 0.0319634703196347, "hit@5": 0.0319634703196347, "ndcg@10": 0.02410795464816856, "ndcg@5": 0.02410795464816856, "recall@10": 0.0319634703196347, "recall@5": 0.0319634703196347, "total_users": 219}, "long_rule": "length > threshold", "short": {"evaluated_users": 1238, "history_length_max": 10, "history_length_mean": 5.27221324717286, "history_length_min": 3, "hit@10": 0.09369951534733441, "hit@5": 0.08966074313408724, "ndcg@10": 0.08783206413837209, "ndcg@5": 0.08654361484983496, "recall@10": 0.09369951534733441, "recall@5": 0.08966074313408724, "total_users": 1238}, "short_rule": "length <= threshold", "threshold": 10}
2026-09-10 19:09:34,724 | INFO | VALID_STEP step=270 stage=joint epoch=2 ndcg@10=0.078923 recall@10=0.085106 improved=False
2026-09-10 19:09:34,725 | INFO | LEARNING_RATE step=270 stage=joint lr=5e-05
2026-09-10 19:09:34,725 | INFO | stage=joint epoch=2 loss=4.468052 steps=54 transitions/s=7385.92
2026-09-10 19:09:35,784 | INFO | 
========== PERIODIC VALIDATION ==========
stage=joint | epoch=3 | step=324 | users=1457/1457
NDCG  | @5 0.078356 | @10 0.079219
Recall| @5 0.082361 | @10 0.085106
Hit   | @5 0.082361 | @10 0.085106
================================
2026-09-10 19:09:35,784 | INFO | PERIODIC VALIDATION SEQUENCE_LENGTH {"basis": "filtered_full_sequence", "long": {"evaluated_users": 219, "history_length_max": 119, "history_length_mean": 20.98173515981735, "history_length_min": 11, "hit@10": 0.0502283105022831, "hit@5": 0.0365296803652968, "ndcg@10": 0.032292878857044106, "ndcg@5": 0.028076311937796607, "recall@10": 0.0502283105022831, "recall@5": 0.0365296803652968, "total_users": 219}, "long_rule": "length > threshold", "short": {"evaluated_users": 1238, "history_length_max": 10, "history_length_mean": 5.27221324717286, "history_length_min": 3, "hit@10": 0.0912762520193861, "hit@5": 0.09046849757673667, "ndcg@10": 0.0875196568799171, "ndcg@5": 0.08725040539903395, "recall@10": 0.0912762520193861, "recall@5": 0.09046849757673667, "total_users": 1238}, "short_rule": "length <= threshold", "threshold": 10}
2026-09-10 19:09:35,902 | INFO | 
========== PERIODIC TEST ==========
stage=joint | epoch=3 | step=324 | users=1457/1457
NDCG  | @5 0.076636 | @10 0.077777
Recall| @5 0.080302 | @10 0.083734
Hit   | @5 0.080302 | @10 0.083734
================================
2026-09-10 19:09:35,902 | INFO | PERIODIC TEST SEQUENCE_LENGTH {"basis": "filtered_full_sequence", "long": {"evaluated_users": 219, "history_length_max": 119, "history_length_mean": 20.98173515981735, "history_length_min": 11, "hit@10": 0.0319634703196347, "hit@5": 0.0319634703196347, "ndcg@10": 0.022912249136100453, "ndcg@5": 0.022912249136100453, "recall@10": 0.0319634703196347, "recall@5": 0.0319634703196347, "total_users": 219}, "long_rule": "length > threshold", "short": {"evaluated_users": 1238, "history_length_max": 10, "history_length_mean": 5.27221324717286, "history_length_min": 3, "hit@10": 0.09289176090468497, "hit@5": 0.0888529886914378, "ndcg@10": 0.08748242145726556, "ndcg@5": 0.08613973762851024, "recall@10": 0.09289176090468497, "recall@5": 0.0888529886914378, "total_users": 1238}, "short_rule": "length <= threshold", "threshold": 10}
2026-09-10 19:09:35,903 | INFO | VALID_STEP step=324 stage=joint epoch=3 ndcg@10=0.079219 recall@10=0.085106 improved=False
2026-09-10 19:09:35,903 | INFO | LEARNING_RATE step=324 stage=joint lr=5e-05
2026-09-10 19:09:35,903 | INFO | stage=joint epoch=3 loss=4.463244 steps=54 transitions/s=7327.84
2026-09-10 19:09:36,953 | INFO | 
========== PERIODIC VALIDATION ==========
stage=joint | epoch=4 | step=378 | users=1457/1457
NDCG  | @5 0.078729 | @10 0.079798
Recall| @5 0.082361 | @10 0.085793
Hit   | @5 0.082361 | @10 0.085793
================================
2026-09-10 19:09:36,953 | INFO | PERIODIC VALIDATION SEQUENCE_LENGTH {"basis": "filtered_full_sequence", "long": {"evaluated_users": 219, "history_length_max": 119, "history_length_mean": 20.98173515981735, "history_length_min": 11, "hit@10": 0.0502283105022831, "hit@5": 0.0365296803652968, "ndcg@10": 0.033090840064397116, "ndcg@5": 0.028874273145149617, "recall@10": 0.0502283105022831, "recall@5": 0.0365296803652968, "total_users": 219}, "long_rule": "length > threshold", "short": {"evaluated_users": 1238, "history_length_max": 10, "history_length_mean": 5.27221324717286, "history_length_min": 3, "hit@10": 0.09208400646203554, "hit@5": 0.09046849757673667, "ndcg@10": 0.08806093332748781, "ndcg@5": 0.08754852353023633, "recall@10": 0.09208400646203554, "recall@5": 0.09046849757673667, "total_users": 1238}, "short_rule": "length <= threshold", "threshold": 10}
2026-09-10 19:09:37,070 | INFO | 
========== PERIODIC TEST ==========
stage=joint | epoch=4 | step=378 | users=1457/1457
NDCG  | @5 0.076520 | @10 0.077868
Recall| @5 0.080302 | @10 0.084420
Hit   | @5 0.080302 | @10 0.084420
================================
2026-09-10 19:09:37,071 | INFO | PERIODIC TEST SEQUENCE_LENGTH {"basis": "filtered_full_sequence", "long": {"evaluated_users": 219, "history_length_max": 119, "history_length_mean": 20.98173515981735, "history_length_min": 11, "hit@10": 0.0319634703196347, "hit@5": 0.0319634703196347, "ndcg@10": 0.023510101892134507, "ndcg@5": 0.023510101892134507, "recall@10": 0.0319634703196347, "recall@5": 0.0319634703196347, "total_users": 219}, "long_rule": "length > threshold", "short": {"evaluated_users": 1238, "history_length_max": 10, "history_length_mean": 5.27221324717286, "history_length_min": 3, "hit@10": 0.09369951534733441, "hit@5": 0.0888529886914378, "ndcg@10": 0.0874834579606275, "ndcg@5": 0.08589761581550384, "recall@10": 0.09369951534733441, "recall@5": 0.0888529886914378, "total_users": 1238}, "short_rule": "length <= threshold", "threshold": 10}
2026-09-10 19:09:37,071 | INFO | VALID_STEP step=378 stage=joint epoch=4 ndcg@10=0.079798 recall@10=0.085793 improved=True
2026-09-10 19:09:37,072 | INFO | BEST_MODEL_IN_MEMORY step=378 stage=joint ndcg@10=0.079798
2026-09-10 19:09:37,072 | INFO | LEARNING_RATE step=378 stage=joint lr=5e-05
2026-09-10 19:09:37,073 | INFO | stage=joint epoch=4 loss=4.460254 steps=54 transitions/s=7395.15
2026-09-10 19:09:38,190 | INFO | 
========== PERIODIC VALIDATION ==========
stage=joint | epoch=5 | step=432 | users=1457/1457
NDCG  | @5 0.078639 | @10 0.079716
Recall| @5 0.082361 | @10 0.085793
Hit   | @5 0.082361 | @10 0.085793
================================
2026-09-10 19:09:38,190 | INFO | PERIODIC VALIDATION SEQUENCE_LENGTH {"basis": "filtered_full_sequence", "long": {"evaluated_users": 219, "history_length_max": 119, "history_length_mean": 20.98173515981735, "history_length_min": 11, "hit@10": 0.0502283105022831, "hit@5": 0.0365296803652968, "ndcg@10": 0.03249298730836306, "ndcg@5": 0.028276420389115563, "recall@10": 0.0502283105022831, "recall@5": 0.0365296803652968, "total_users": 219}, "long_rule": "length > threshold", "short": {"evaluated_users": 1238, "history_length_max": 10, "history_length_mean": 5.27221324717286, "history_length_min": 3, "hit@10": 0.09208400646203554, "hit@5": 0.09046849757673667, "ndcg@10": 0.08806974486579847, "ndcg@5": 0.08754852353023633, "recall@10": 0.09208400646203554, "recall@5": 0.09046849757673667, "total_users": 1238}, "short_rule": "length <= threshold", "threshold": 10}
2026-09-10 19:09:38,309 | INFO | 
========== PERIODIC TEST ==========
stage=joint | epoch=5 | step=432 | users=1457/1457
NDCG  | @5 0.076902 | @10 0.077790
Recall| @5 0.080988 | @10 0.083734
Hit   | @5 0.080988 | @10 0.083734
================================
2026-09-10 19:09:38,309 | INFO | PERIODIC TEST SEQUENCE_LENGTH {"basis": "filtered_full_sequence", "long": {"evaluated_users": 219, "history_length_max": 119, "history_length_mean": 20.98173515981735, "history_length_min": 11, "hit@10": 0.0319634703196347, "hit@5": 0.0319634703196347, "ndcg@10": 0.022912249136100453, "ndcg@5": 0.022912249136100453, "recall@10": 0.0319634703196347, "recall@5": 0.0319634703196347, "total_users": 219}, "long_rule": "length > threshold", "short": {"evaluated_users": 1238, "history_length_max": 10, "history_length_mean": 5.27221324717286, "history_length_min": 3, "hit@10": 0.09289176090468497, "hit@5": 0.08966074313408724, "ndcg@10": 0.08749751067437415, "ndcg@5": 0.08645221970220535, "recall@10": 0.09289176090468497, "recall@5": 0.08966074313408724, "total_users": 1238}, "short_rule": "length <= threshold", "threshold": 10}
2026-09-10 19:09:38,310 | INFO | VALID_STEP step=432 stage=joint epoch=5 ndcg@10=0.079716 recall@10=0.085793 improved=False
2026-09-10 19:09:38,310 | INFO | LEARNING_RATE step=432 stage=joint lr=5e-05
2026-09-10 19:09:38,310 | INFO | stage=joint epoch=5 loss=4.457597 steps=54 transitions/s=7405.86
2026-09-10 19:09:39,368 | INFO | 
========== PERIODIC VALIDATION ==========
stage=joint | epoch=6 | step=486 | users=1457/1457
NDCG  | @5 0.078150 | @10 0.079217
Recall| @5 0.081675 | @10 0.085106
Hit   | @5 0.081675 | @10 0.085106
================================
2026-09-10 19:09:39,369 | INFO | PERIODIC VALIDATION SEQUENCE_LENGTH {"basis": "filtered_full_sequence", "long": {"evaluated_users": 219, "history_length_max": 119, "history_length_mean": 20.98173515981735, "history_length_min": 11, "hit@10": 0.0502283105022831, "hit@5": 0.0365296803652968, "ndcg@10": 0.032890731613078164, "ndcg@5": 0.02867416469383066, "recall@10": 0.0502283105022831, "recall@5": 0.0365296803652968, "total_users": 219}, "long_rule": "length > threshold", "short": {"evaluated_users": 1238, "history_length_max": 10, "history_length_mean": 5.27221324717286, "history_length_min": 3, "hit@10": 0.0912762520193861, "hit@5": 0.08966074313408724, "ndcg@10": 0.08741216080735227, "ndcg@5": 0.0869025244959052, "recall@10": 0.0912762520193861, "recall@5": 0.08966074313408724, "total_users": 1238}, "short_rule": "length <= threshold", "threshold": 10}
2026-09-10 19:09:39,486 | INFO | 
========== PERIODIC TEST ==========
stage=joint | epoch=6 | step=486 | users=1457/1457
NDCG  | @5 0.077081 | @10 0.077753
Recall| @5 0.081675 | @10 0.083734
Hit   | @5 0.081675 | @10 0.083734
================================
2026-09-10 19:09:39,487 | INFO | PERIODIC TEST SEQUENCE_LENGTH {"basis": "filtered_full_sequence", "long": {"evaluated_users": 219, "history_length_max": 119, "history_length_mean": 20.98173515981735, "history_length_min": 11, "hit@10": 0.0319634703196347, "hit@5": 0.0319634703196347, "ndcg@10": 0.023510101892134507, "ndcg@5": 0.023510101892134507, "recall@10": 0.0319634703196347, "recall@5": 0.0319634703196347, "total_users": 219}, "long_rule": "length > threshold", "short": {"evaluated_users": 1238, "history_length_max": 10, "history_length_mean": 5.27221324717286, "history_length_min": 3, "hit@10": 0.09289176090468497, "hit@5": 0.09046849757673667, "ndcg@10": 0.08734845160877296, "ndcg@5": 0.08655797879232768, "recall@10": 0.09289176090468497, "recall@5": 0.09046849757673667, "total_users": 1238}, "short_rule": "length <= threshold", "threshold": 10}
2026-09-10 19:09:39,487 | INFO | VALID_STEP step=486 stage=joint epoch=6 ndcg@10=0.079217 recall@10=0.085106 improved=False
2026-09-10 19:09:39,487 | INFO | LEARNING_RATE step=486 stage=joint lr=5e-05
2026-09-10 19:09:39,487 | INFO | stage=joint epoch=6 loss=4.454849 steps=54 transitions/s=7337.58
2026-09-10 19:09:40,538 | INFO | 
========== PERIODIC VALIDATION ==========
stage=joint | epoch=7 | step=540 | users=1457/1457
NDCG  | @5 0.078476 | @10 0.079777
Recall| @5 0.082361 | @10 0.086479
Hit   | @5 0.082361 | @10 0.086479
================================
2026-09-10 19:09:40,538 | INFO | PERIODIC VALIDATION SEQUENCE_LENGTH {"basis": "filtered_full_sequence", "long": {"evaluated_users": 219, "history_length_max": 119, "history_length_mean": 20.98173515981735, "history_length_min": 11, "hit@10": 0.0547945205479452, "hit@5": 0.0365296803652968, "ndcg@10": 0.0344654062546436, "ndcg@5": 0.028874273145149617, "recall@10": 0.0547945205479452, "recall@5": 0.0365296803652968, "total_users": 219}, "long_rule": "length > threshold", "short": {"evaluated_users": 1238, "history_length_max": 10, "history_length_mean": 5.27221324717286, "history_length_min": 3, "hit@10": 0.09208400646203554, "hit@5": 0.09046849757673667, "ndcg@10": 0.08779295149264764, "ndcg@5": 0.08725040539903396, "recall@10": 0.09208400646203554, "recall@5": 0.09046849757673667, "total_users": 1238}, "short_rule": "length <= threshold", "threshold": 10}
2026-09-10 19:09:40,657 | INFO | 
========== PERIODIC TEST ==========
stage=joint | epoch=7 | step=540 | users=1457/1457
NDCG  | @5 0.077081 | @10 0.078006
Recall| @5 0.081675 | @10 0.084420
Hit   | @5 0.081675 | @10 0.084420
================================
2026-09-10 19:09:40,657 | INFO | PERIODIC TEST SEQUENCE_LENGTH {"basis": "filtered_full_sequence", "long": {"evaluated_users": 219, "history_length_max": 119, "history_length_mean": 20.98173515981735, "history_length_min": 11, "hit@10": 0.0365296803652968, "hit@5": 0.0319634703196347, "ndcg@10": 0.025032171907355207, "ndcg@5": 0.023510101892134507, "recall@10": 0.0365296803652968, "recall@5": 0.0319634703196347, "total_users": 219}, "long_rule": "length > threshold", "short": {"evaluated_users": 1238, "history_length_max": 10, "history_length_mean": 5.27221324717286, "history_length_min": 3, "hit@10": 0.09289176090468497, "hit@5": 0.09046849757673667, "ndcg@10": 0.08737659298447634, "ndcg@5": 0.0865579787923277, "recall@10": 0.09289176090468497, "recall@5": 0.09046849757673667, "total_users": 1238}, "short_rule": "length <= threshold", "threshold": 10}
2026-09-10 19:09:40,657 | INFO | VALID_STEP step=540 stage=joint epoch=7 ndcg@10=0.079777 recall@10=0.086479 improved=False
2026-09-10 19:09:40,657 | INFO | LEARNING_RATE step=540 stage=joint lr=2.5e-05
2026-09-10 19:09:40,658 | INFO | stage=joint epoch=7 loss=4.452329 steps=54 transitions/s=7402.26
2026-09-10 19:09:40,780 | INFO | 
========== FINAL CURRENT VALIDATION ==========
stage=final | epoch=0 | step=540 | users=1457/1457
NDCG  | @5 0.078476 | @10 0.079777
Recall| @5 0.082361 | @10 0.086479
Hit   | @5 0.082361 | @10 0.086479
================================
2026-09-10 19:09:40,780 | INFO | FINAL CURRENT VALIDATION SEQUENCE_LENGTH {"basis": "filtered_full_sequence", "long": {"evaluated_users": 219, "history_length_max": 119, "history_length_mean": 20.98173515981735, "history_length_min": 11, "hit@10": 0.0547945205479452, "hit@5": 0.0365296803652968, "ndcg@10": 0.0344654062546436, "ndcg@5": 0.028874273145149617, "recall@10": 0.0547945205479452, "recall@5": 0.0365296803652968, "total_users": 219}, "long_rule": "length > threshold", "short": {"evaluated_users": 1238, "history_length_max": 10, "history_length_mean": 5.27221324717286, "history_length_min": 3, "hit@10": 0.09208400646203554, "hit@5": 0.09046849757673667, "ndcg@10": 0.08779295149264764, "ndcg@5": 0.08725040539903396, "recall@10": 0.09208400646203554, "recall@5": 0.09046849757673667, "total_users": 1238}, "short_rule": "length <= threshold", "threshold": 10}
2026-09-10 19:09:40,780 | INFO | VALID_STEP step=540 stage=final epoch=0 ndcg@10=0.079777 recall@10=0.086479 improved=False
2026-09-10 19:09:40,781 | INFO | RESTORE_BEST step=378 stage=joint ndcg@10=0.079798
2026-09-10 19:09:41,022 | INFO | 
========== BEST CHECKPOINT VALIDATION ==========
stage=joint | epoch=0 | step=378 | users=1457/1457
NDCG  | @5 0.078729 | @10 0.079798
Recall| @5 0.082361 | @10 0.085793
Hit   | @5 0.082361 | @10 0.085793
================================
2026-09-10 19:09:41,022 | INFO | BEST CHECKPOINT VALIDATION SEQUENCE_LENGTH {"basis": "filtered_full_sequence", "long": {"evaluated_users": 219, "history_length_max": 119, "history_length_mean": 20.98173515981735, "history_length_min": 11, "hit@10": 0.0502283105022831, "hit@5": 0.0365296803652968, "ndcg@10": 0.033090840064397116, "ndcg@5": 0.028874273145149617, "recall@10": 0.0502283105022831, "recall@5": 0.0365296803652968, "total_users": 219}, "long_rule": "length > threshold", "short": {"evaluated_users": 1238, "history_length_max": 10, "history_length_mean": 5.27221324717286, "history_length_min": 3, "hit@10": 0.09208400646203554, "hit@5": 0.09046849757673667, "ndcg@10": 0.08806093332748781, "ndcg@5": 0.08754852353023633, "recall@10": 0.09208400646203554, "recall@5": 0.09046849757673667, "total_users": 1238}, "short_rule": "length <= threshold", "threshold": 10}
2026-09-10 19:09:41,022 | INFO | 
========== FINAL FULL TEST ==========
stage=joint | epoch=0 | step=378 | users=1457/1457
NDCG  | @5 0.076520 | @10 0.077868
Recall| @5 0.080302 | @10 0.084420
Hit   | @5 0.080302 | @10 0.084420
================================
2026-09-10 19:09:41,022 | INFO | FINAL FULL TEST SEQUENCE_LENGTH {"basis": "filtered_full_sequence", "long": {"evaluated_users": 219, "history_length_max": 119, "history_length_mean": 20.98173515981735, "history_length_min": 11, "hit@10": 0.0319634703196347, "hit@5": 0.0319634703196347, "ndcg@10": 0.023510101892134507, "ndcg@5": 0.023510101892134507, "recall@10": 0.0319634703196347, "recall@5": 0.0319634703196347, "total_users": 219}, "long_rule": "length > threshold", "short": {"evaluated_users": 1238, "history_length_max": 10, "history_length_mean": 5.27221324717286, "history_length_min": 3, "hit@10": 0.09369951534733441, "hit@5": 0.0888529886914378, "ndcg@10": 0.0874834579606275, "ndcg@5": 0.08589761581550384, "recall@10": 0.09369951534733441, "recall@5": 0.0888529886914378, "total_users": 1238}, "short_rule": "length <= threshold", "threshold": 10}
2026-09-10 19:09:41,022 | INFO | VALID_BEST {"evaluated_users": 1457, "hit@10": 0.08579272477693892, "hit@5": 0.08236101578586136, "long_agent_weight": 0.0, "long_preference_state_cosine": 0.0, "long_short_state_cosine": 0.0, "ndcg@10": 0.07979844200668387, "ndcg@5": 0.07872926427962933, "preference_change_probability": 0.026817735450760338, "preference_current_entropy": 3.2773649991990443, "preference_next_entropy": 3.3229043681734463, "preference_ranking_weight": 0.0, "recall@10": 0.08579272477693892, "recall@5": 0.08236101578586136, "scores_per_second": 50119082.559769556, "sequence_length": {"basis": "filtered_full_sequence", "long": {"evaluated_users": 219, "history_length_max": 119, "history_length_mean": 20.98173515981735, "history_length_min": 11, "hit@10": 0.0502283105022831, "hit@5": 0.0365296803652968, "ndcg@10": 0.033090840064397116, "ndcg@5": 0.028874273145149617, "recall@10": 0.0502283105022831, "recall@5": 0.0365296803652968, "total_users": 219}, "long_rule": "length > threshold", "short": {"evaluated_users": 1238, "history_length_max": 10, "history_length_mean": 5.27221324717286, "history_length_min": 3, "hit@10": 0.09208400646203554, "hit@5": 0.09046849757673667, "ndcg@10": 0.08806093332748781, "ndcg@5": 0.08754852353023633, "recall@10": 0.09208400646203554, "recall@5": 0.09046849757673667, "total_users": 1238}, "short_rule": "length <= threshold", "threshold": 10}, "short_agent_weight": 0.0, "short_preference_state_cosine": 0.0, "total_users": 1457, "users_per_second": 12254.054415591578}
2026-09-10 19:09:41,022 | INFO | TEST_FINAL {"evaluated_users": 1457, "hit@10": 0.08442004118050789, "hit@5": 0.08030199039121483, "long_agent_weight": 0.0, "long_preference_state_cosine": 0.0, "long_short_state_cosine": 0.0, "ndcg@10": 0.07786769611670206, "ndcg@5": 0.07652022008954783, "preference_change_probability": 0.026053602104736832, "preference_current_entropy": 3.294239648990461, "preference_next_entropy": 3.3211156443201193, "preference_ranking_weight": 0.0, "recall@10": 0.08442004118050789, "recall@5": 0.08030199039121483, "scores_per_second": 49674168.6307738, "sequence_length": {"basis": "filtered_full_sequence", "long": {"evaluated_users": 219, "history_length_max": 119, "history_length_mean": 20.98173515981735, "history_length_min": 11, "hit@10": 0.0319634703196347, "hit@5": 0.0319634703196347, "ndcg@10": 0.023510101892134507, "ndcg@5": 0.023510101892134507, "recall@10": 0.0319634703196347, "recall@5": 0.0319634703196347, "total_users": 219}, "long_rule": "length > threshold", "short": {"evaluated_users": 1238, "history_length_max": 10, "history_length_mean": 5.27221324717286, "history_length_min": 3, "hit@10": 0.09369951534733441, "hit@5": 0.0888529886914378, "ndcg@10": 0.0874834579606275, "ndcg@5": 0.08589761581550384, "recall@10": 0.09369951534733441, "recall@5": 0.0888529886914378, "total_users": 1238}, "short_rule": "length <= threshold", "threshold": 10}, "short_agent_weight": 0.0, "short_preference_state_cosine": 0.0, "total_users": 1457, "users_per_second": 12145.273503856673}
2026-09-10 19:09:41,022 | INFO | TARGET_RESULT metric=recall@10 target=>0.150000 actual=0.084420 achieved=False
2026-09-10 19:09:41,227 | INFO | FINAL_LENGTH_SCORES dataset=amazon-all-beauty group=short split=valid threshold=10 users=1238/1238 scores={"hit@10": 0.09208400646203554, "hit@5": 0.09046849757673667, "ndcg@10": 0.08806093332748781, "ndcg@5": 0.08754852353023633, "recall@10": 0.09208400646203554, "recall@5": 0.09046849757673667}
2026-09-10 19:09:41,227 | INFO | FINAL_LENGTH_SCORES dataset=amazon-all-beauty group=short split=test threshold=10 users=1238/1238 scores={"hit@10": 0.09369951534733441, "hit@5": 0.0888529886914378, "ndcg@10": 0.0874834579606275, "ndcg@5": 0.08589761581550384, "recall@10": 0.09369951534733441, "recall@5": 0.0888529886914378}
2026-09-10 19:09:41,228 | INFO | short_scores=/workspace/P78123011/MediaTek_2026_project/ver4/outputs_mamba_rl/amazons_long_short_L0_S0_P1_G1/Full_Beauty/rl_20260910_190927_r1_321310/short_scores.json
2026-09-10 19:09:41,228 | INFO | FINAL_LENGTH_SCORES dataset=amazon-all-beauty group=long split=valid threshold=10 users=219/219 scores={"hit@10": 0.0502283105022831, "hit@5": 0.0365296803652968, "ndcg@10": 0.033090840064397116, "ndcg@5": 0.028874273145149617, "recall@10": 0.0502283105022831, "recall@5": 0.0365296803652968}
2026-09-10 19:09:41,228 | INFO | FINAL_LENGTH_SCORES dataset=amazon-all-beauty group=long split=test threshold=10 users=219/219 scores={"hit@10": 0.0319634703196347, "hit@5": 0.0319634703196347, "ndcg@10": 0.023510101892134507, "ndcg@5": 0.023510101892134507, "recall@10": 0.0319634703196347, "recall@5": 0.0319634703196347}
2026-09-10 19:09:41,228 | INFO | long_scores=/workspace/P78123011/MediaTek_2026_project/ver4/outputs_mamba_rl/amazons_long_short_L0_S0_P1_G1/Full_Beauty/rl_20260910_190927_r1_321310/long_scores.json
2026-09-10 19:09:41,228 | INFO | scores=/workspace/P78123011/MediaTek_2026_project/ver4/outputs_mamba_rl/amazons_long_short_L0_S0_P1_G1/Full_Beauty/rl_20260910_190927_r1_321310/Full_Beauty_scores.json
2026-09-10 19:09:41,228 | INFO | outputs=/workspace/P78123011/MediaTek_2026_project/ver4/outputs_mamba_rl/amazons_long_short_L0_S0_P1_G1/Full_Beauty/rl_20260910_190927_r1_321310
