2026-09-10 18:43:14,384 | INFO | run_id=20260910_184314 dataset=amazon:Baby_Products device=cuda:0
2026-09-10 18:43:14,384 | INFO | MODEL recommender=MultiAgentMambaRecommender semantic_encoder=MambaTextEncoder semantic_model_id=state-spaces/mamba-130m-hf graph_backbone=LightGCN adaptation=multi_lora
2026-09-10 18:43:14,384 | INFO | ABLATION USE_LONG=0 USE_SHORT=1 USE_PREFERENCE=1 USE_GCN=1
2026-09-10 18:43:14,384 | INFO | EXPERIMENT_NOTE amazons_long_short subset=Baby_Products; short filtered-full-sequence <= 10; long > 10; same model and full catalog
2026-09-10 18:43:14,384 | INFO | EXPERIMENT_CONFIG {"agent_diversity_coef": 0.02, "batch_size": 128, "cache_dir": "/workspace/P78123011/cache", "candidates": 192, "coordinator_epochs": 3, "coordinator_lr": 0.0001, "data_path": null, "dataset": "amazon:Baby_Products", "device": "cuda:0", "dim": 128, "early_stopping_patience": 6, "enable_lora": 1, "eval_batch_size": 64, "eval_length_basis": "filtered_full_sequence", "eval_length_threshold": 10, "experiment_note": "amazons_long_short subset=Baby_Products; short filtered-full-sequence <= 10; long > 10; same model and full catalog", "full_catalog_supervised": false, "future_decay": 0.5, "future_horizon": 3, "generate_reasons": false, "graph_device": "cuda:0", "hard_negative_fraction": 0.75, "hard_negative_pool_multiplier": 12, "hard_negative_warmup_epochs": 2, "item_prompt_prefix": "Preference-aware product representation: ", "item_vector_artifact": null, "joint_epochs": 7, "joint_lr": 5e-05, "lora_alpha": 32.0, "lora_dropout": 0.05, "lora_rank": 16, "lr_patience": 2, "mamba_encode_batch_size": 32, "mamba_max_tokens": 32, "mamba_model_id": "state-spaces/mamba-130m-hf", "max_events": null, "max_history": 100, "max_transitions": 1500000, "min_rating": 4.0, "monitor_metric": "ndcg@10", "output_dir": "/workspace/P78123011/MediaTek_2026_project/ver4/outputs_mamba_rl/amazons_lora", "output_run_dir": "/workspace/P78123011/MediaTek_2026_project/ver4/outputs_mamba_rl/amazons_long_short_L0_S1_P1_G1/Baby_Products/rl_20260910_184313_r1_305474", "periodic_test_user_limit": 0, "popularity_alpha": 0.3, "preference_balance_coef": 0.01, "preference_coef": 0.2, "preference_contrastive_coef": 0.05, "preference_count": 32, "preference_hidden": 128, "preference_score_weight": 0.2, "preference_separation_coef": 0.01, "preference_sharpness_coef": 0.05, "preference_temperature": 0.2, "preference_transition_coef": 0.1, "reason_count": 20, "reason_max_new_tokens": 40, "refresh_data_cache": false, "resume_checkpoint": null, "save_model_weights": false, "score_file": "/workspace/P78123011/MediaTek_2026_project/ver4/outputs_mamba_rl/amazons_long_short_L0_S1_P1_G1/Baby_Products/rl_20260910_184313_r1_305474/Baby_Products_scores.json", "seed": 25252, "short_window": 10, "skip_mamba": false, "specialist_epochs": 3, "specialist_lr": 0.0001, "target_recall_at_10": 0.15, "transition_beta": 0.5, "use_graph_embeddings": true, "use_in_batch_negatives": true, "use_long": 0, "use_preference": 1, "use_short": 1, "validate_every_steps": 6000, "validation_user_limit": 0}
2026-09-10 18:43:14,631 | INFO | INTERACTION_CACHE hit path=/workspace/P78123011/cache/mamba_multi_agent_data/amazon_Baby_Products_e6e228b87df8.pkl
2026-09-10 18:43:14,632 | INFO | LENGTH_SPLIT preprocessing=original_one_pass_user_item_min_5 basis=filtered_full_sequence short<=10 long>10
2026-09-10 18:43:14,635 | INFO | users=184834 items=77324 train_interactions=1121805
2026-09-10 18:43:18,308 | INFO | CATALOG_PRIORS popularity_alpha=0.300000 transition_beta=0.500000 source=train_histories_only enabled=True
2026-09-10 18:43:18,864 | INFO | ITEM_VECTOR_ARTIFACT path=/workspace/P78123011/cache/mamba_multi_agent/amazon_Baby_Products_77324_1b6c35e33122_prompt_tok32.pt fingerprint=1b6c35e33122
2026-09-10 18:43:18,864 | INFO | SEMANTIC_BACKBONE model_id=state-spaces/mamba-130m-hf hidden_size=768 frozen=True usage=shared_cached_item_vectors
2026-09-10 18:43:19,242 | INFO | GRAPH_EMBEDDINGS enabled=True source=train_histories_only main_device=cuda:0 graph_device=cuda:0
2026-09-10 18:43:19,552 | INFO | ADAPTATION_MODE mode=multi_lora enable_lora=1
2026-09-10 18:43:19,552 | INFO | ADAPTER_ROUTES {'long': ('candidate_lora', 'delta_lora', 'gate_lora', 'output_lora'), 'short': ('candidate_lora', 'delta_lora', 'gate_lora', 'output_lora'), 'preference': ('transition_lora', 'state_lora'), 'coordinator': ('state_lora', 'mix_lora', 'score_lora')}
2026-09-10 18:43:19,553 | INFO | agent_parameters={'long': 16513, 'short': 16513, 'preference': 78786, 'coordinator': 14373, 'shared_projection': 98304, 'graph': 33556224}
2026-09-10 18:43:21,083 | INFO | training_transitions=936971
2026-09-10 18:43:21,083 | INFO | schedule specialist_epochs=3 coordinator_epochs=3 joint_ranking_epochs=7 validate_every_steps=6000 validation_users=0 periodic_test_users=0 monitor=ndcg@10 early_stopping_patience=6
2026-09-10 18:50:27,252 | INFO | 
========== PERIODIC VALIDATION ==========
stage=specialists | epoch=1 | step=6000 | users=184584/184584
NDCG  | @5 0.023698 | @10 0.027877
Recall| @5 0.032245 | @10 0.045296
Hit   | @5 0.032245 | @10 0.045296
================================
2026-09-10 18:50:27,252 | INFO | PERIODIC VALIDATION SEQUENCE_LENGTH {"basis": "filtered_full_sequence", "long": {"evaluated_users": 29587, "history_length_max": 507, "history_length_mean": 17.607935917801736, "history_length_min": 11, "hit@10": 0.043296042180687465, "hit@5": 0.03109473755365532, "ndcg@10": 0.02656993358017937, "ndcg@5": 0.022663269170593827, "recall@10": 0.043296042180687465, "recall@5": 0.03109473755365532, "total_users": 29587}, "long_rule": "length > threshold", "short": {"evaluated_users": 154997, "history_length_max": 10, "history_length_mean": 6.255211391188216, "history_length_min": 3, "hit@10": 0.04567830345103454, "hit@5": 0.032465144486667485, "ndcg@10": 0.028126886674750558, "ndcg@5": 0.023895224066424445, "recall@10": 0.04567830345103454, "recall@5": 0.032465144486667485, "total_users": 154997}, "short_rule": "length <= threshold", "threshold": 10}
2026-09-10 18:50:59,942 | INFO | 
========== PERIODIC TEST ==========
stage=specialists | epoch=1 | step=6000 | users=184584/184584
NDCG  | @5 0.025538 | @10 0.029540
Recall| @5 0.034044 | @10 0.046472
Hit   | @5 0.034044 | @10 0.046472
================================
2026-09-10 18:50:59,943 | INFO | PERIODIC TEST SEQUENCE_LENGTH {"basis": "filtered_full_sequence", "long": {"evaluated_users": 29587, "history_length_max": 507, "history_length_mean": 17.607935917801736, "history_length_min": 11, "hit@10": 0.04606752965829587, "hit@5": 0.033528238753506606, "ndcg@10": 0.029136592163527757, "ndcg@5": 0.02510119561645083, "recall@10": 0.04606752965829587, "recall@5": 0.033528238753506606, "total_users": 29587}, "long_rule": "length > threshold", "short": {"evaluated_users": 154997, "history_length_max": 10, "history_length_mean": 6.255211391188216, "history_length_min": 3, "hit@10": 0.046549288050736465, "hit@5": 0.03414259630831565, "ndcg@10": 0.02961700879942447, "ndcg@5": 0.025621800061185786, "recall@10": 0.046549288050736465, "recall@5": 0.03414259630831565, "total_users": 154997}, "short_rule": "length <= threshold", "threshold": 10}
2026-09-10 18:50:59,943 | INFO | VALID_STEP step=6000 stage=specialists epoch=1 ndcg@10=0.027877 recall@10=0.045296 improved=True
2026-09-10 18:51:00,020 | INFO | BEST_MODEL_IN_MEMORY step=6000 stage=specialists ndcg@10=0.027877
2026-09-10 18:52:26,235 | INFO | stage=specialists epoch=1 loss=10.061010 steps=7321 transitions/s=1961.69
