2026-09-12 20:38:09,635 | INFO | run_id=20260912_203809 dataset=amazon-toys-and-games device=cuda:0
2026-09-12 20:38:09,635 | INFO | MODEL recommender=MultiAgentMambaRecommender semantic_encoder=MambaTextEncoder semantic_model_id=state-spaces/mamba-130m-hf graph_backbone=LightGCN adaptation=multi_lora
2026-09-12 20:38:09,635 | INFO | ABLATION USE_LONG=0 USE_SHORT=1 USE_PREFERENCE=0 USE_GCN=1
2026-09-12 20:38:09,635 | INFO | AGENT_HISTORY mode=short_window_only effective_max_history=10
2026-09-12 20:38:09,635 | INFO | EXPERIMENT_NOTE amazons_long_short subset=Toys_and_Games; short filtered-full-sequence <= 10; long > 10; same model and full catalog
2026-09-12 20:38:09,635 | INFO | EXPERIMENT_CONFIG {"agent_diversity_coef": 0.02, "batch_size": 128, "cache_dir": "/workspace/P78123011/cache", "candidates": 192, "coordinator_epochs": 3, "coordinator_lr": 0.0001, "data_path": null, "dataset": "amazon-toys-and-games", "device": "cuda:0", "dim": 128, "early_stopping_patience": 6, "enable_lora": 1, "eval_batch_size": 64, "eval_length_basis": "filtered_full_sequence", "eval_length_threshold": 10, "experiment_note": "amazons_long_short subset=Toys_and_Games; short filtered-full-sequence <= 10; long > 10; same model and full catalog", "full_catalog_supervised": false, "future_decay": 0.5, "future_horizon": 3, "generate_reasons": false, "graph_device": "cuda:0", "hard_negative_fraction": 0.75, "hard_negative_pool_multiplier": 12, "hard_negative_warmup_epochs": 2, "item_prompt_prefix": "Preference-aware product representation: ", "item_vector_artifact": null, "joint_epochs": 7, "joint_lr": 5e-05, "lora_alpha": 32.0, "lora_dropout": 0.05, "lora_rank": 16, "lr_patience": 2, "mamba_encode_batch_size": 32, "mamba_max_tokens": 32, "mamba_model_id": "state-spaces/mamba-130m-hf", "max_events": null, "max_history": 100, "max_transitions": 1500000, "min_rating": 4.0, "monitor_metric": "ndcg@10", "output_dir": "/workspace/P78123011/MediaTek_2026_project/ver4/outputs_mamba_rl/amazons_lora", "output_run_dir": "/workspace/P78123011/MediaTek_2026_project/ver4/outputs_mamba_rl/amazons_long_short_L0_S1_P0_G1/Toys_and_Games/rl_20260912_203808_r1_630172", "periodic_test_user_limit": 0, "popularity_alpha": 0.3, "preference_balance_coef": 0.01, "preference_coef": 0.2, "preference_contrastive_coef": 0.05, "preference_count": 32, "preference_hidden": 128, "preference_score_weight": 0.2, "preference_separation_coef": 0.01, "preference_sharpness_coef": 0.05, "preference_temperature": 0.2, "preference_transition_coef": 0.1, "reason_count": 20, "reason_max_new_tokens": 40, "refresh_data_cache": false, "resume_checkpoint": null, "save_model_weights": false, "score_file": "/workspace/P78123011/MediaTek_2026_project/ver4/outputs_mamba_rl/amazons_long_short_L0_S1_P0_G1/Toys_and_Games/rl_20260912_203808_r1_630172/Toys_and_Games_scores.json", "seed": 25252, "short_window": 10, "skip_mamba": false, "specialist_epochs": 3, "specialist_lr": 0.0001, "target_recall_at_10": 0.15, "transition_beta": 0.5, "use_graph_embeddings": true, "use_in_batch_negatives": true, "use_long": 0, "use_preference": 0, "use_short": 1, "validate_every_steps": 6000, "validation_user_limit": 0}
2026-09-12 20:38:10,547 | INFO | INTERACTION_CACHE hit path=/workspace/P78123011/cache/mamba_multi_agent_data/amazon-toys-and-games_2cc47abc910b.pkl
2026-09-12 20:38:10,547 | INFO | LENGTH_SPLIT preprocessing=original_one_pass_user_item_min_5 basis=filtered_full_sequence short<=10 long>10
2026-09-12 20:38:10,557 | INFO | users=568262 items=333160 train_interactions=3734374
2026-09-12 20:38:23,822 | INFO | CATALOG_PRIORS popularity_alpha=0.300000 transition_beta=0.500000 source=train_histories_only enabled=True
2026-09-12 20:38:25,934 | INFO | ITEM_VECTOR_ARTIFACT path=/workspace/P78123011/cache/mamba_multi_agent/amazon-toys-and-games_333160_4d0b5392ebd5_prompt_tok32.pt fingerprint=4d0b5392ebd5
2026-09-12 20:38:25,934 | INFO | SEMANTIC_BACKBONE model_id=state-spaces/mamba-130m-hf hidden_size=768 frozen=True usage=shared_cached_item_vectors
2026-09-12 20:38:27,206 | INFO | GRAPH_EMBEDDINGS enabled=True source=train_histories_only main_device=cuda:0 graph_device=cuda:0
2026-09-12 20:38:28,267 | INFO | ADAPTATION_MODE mode=multi_lora enable_lora=1
2026-09-12 20:38:28,267 | INFO | ADAPTER_ROUTES {'short': ('candidate_lora', 'delta_lora', 'gate_lora', 'output_lora')}
2026-09-12 20:38:28,267 | INFO | agent_parameters={'long': 16513, 'short': 16513, 'preference': 78786, 'coordinator': 0, 'shared_projection': 98304, 'graph': 115382016}
2026-09-12 20:38:28,267 | INFO | PREDICTION_PATH graph_only=False active_agents=1 coordinator=False
2026-09-12 20:38:32,984 | INFO | training_transitions=1500000
2026-09-12 20:38:32,984 | INFO | schedule specialist_epochs=3 coordinator_epochs=3 joint_ranking_epochs=7 validate_every_steps=6000 validation_users=0 periodic_test_users=0 monitor=ndcg@10 early_stopping_patience=6
2026-09-12 20:38:34,550 | INFO | TRAINING_BRANCHES stage=specialists long=False short=True preference=False gcn=True preference_auxiliary=False preference_contrastive=False diversity_pairs=0 trainable_parameters=115496833
2026-09-12 20:54:33,964 | INFO | 
========== PERIODIC VALIDATION ==========
stage=specialists | epoch=1 | step=6000 | users=564666/564666
NDCG  | @5 0.027090 | @10 0.030260
Recall| @5 0.035577 | @10 0.045400
Hit   | @5 0.035577 | @10 0.045400
================================
2026-09-12 20:54:33,964 | INFO | PERIODIC VALIDATION SEQUENCE_LENGTH {"basis": "filtered_full_sequence", "long": {"evaluated_users": 103913, "history_length_max": 2855, "history_length_mean": 19.26873442206461, "history_length_min": 11, "hit@10": 0.03987951459393916, "hit@5": 0.030612146699642972, "ndcg@10": 0.02602098245754916, "ndcg@5": 0.02303137813862815, "recall@10": 0.03987951459393916, "recall@5": 0.030612146699642972, "total_users": 103913}, "long_rule": "length > threshold", "short": {"evaluated_users": 460753, "history_length_max": 10, "history_length_mean": 6.196810438564698, "history_length_min": 3, "hit@10": 0.046645382667068906, "hit@5": 0.03669645124394198, "ndcg@10": 0.03121591794582625, "ndcg@5": 0.028005110931508526, "recall@10": 0.046645382667068906, "recall@5": 0.03669645124394198, "total_users": 460753}, "short_rule": "length <= threshold", "threshold": 10}
2026-09-12 20:56:18,910 | INFO | 
========== PERIODIC TEST ==========
stage=specialists | epoch=1 | step=6000 | users=564666/564666
NDCG  | @5 0.025299 | @10 0.028169
Recall| @5 0.032782 | @10 0.041694
Hit   | @5 0.032782 | @10 0.041694
================================
2026-09-12 20:56:18,910 | INFO | PERIODIC TEST SEQUENCE_LENGTH {"basis": "filtered_full_sequence", "long": {"evaluated_users": 103913, "history_length_max": 2855, "history_length_mean": 19.26873442206461, "history_length_min": 11, "hit@10": 0.038031815076073255, "hit@5": 0.029226372061243542, "ndcg@10": 0.024983767232810136, "ndcg@5": 0.02215404553312535, "recall@10": 0.038031815076073255, "recall@5": 0.029226372061243542, "total_users": 103913}, "long_rule": "length > threshold", "short": {"evaluated_users": 460753, "history_length_max": 10, "history_length_mean": 6.196810438564698, "history_length_min": 3, "hit@10": 0.04251952781642225, "hit@5": 0.03358415463382767, "ndcg@10": 0.028887763467834632, "ndcg@5": 0.026008257994089682, "recall@10": 0.04251952781642225, "recall@5": 0.03358415463382767, "total_users": 460753}, "short_rule": "length <= threshold", "threshold": 10}
2026-09-12 20:56:18,910 | INFO | VALID_STEP step=6000 stage=specialists epoch=1 ndcg@10=0.030260 recall@10=0.045400 improved=True
2026-09-12 20:56:19,150 | INFO | BEST_MODEL_IN_MEMORY step=6000 stage=specialists ndcg@10=0.030260
2026-09-12 21:09:46,861 | INFO | stage=specialists epoch=1 loss=4.824002 steps=11719 transitions/s=905.54
2026-09-12 21:25:47,097 | INFO | 
========== PERIODIC VALIDATION ==========
stage=specialists | epoch=2 | step=17719 | users=564666/564666
NDCG  | @5 0.037535 | @10 0.041914
Recall| @5 0.048896 | @10 0.062474
Hit   | @5 0.048896 | @10 0.062474
================================
2026-09-12 21:25:47,097 | INFO | PERIODIC VALIDATION SEQUENCE_LENGTH {"basis": "filtered_full_sequence", "long": {"evaluated_users": 103913, "history_length_max": 2855, "history_length_mean": 19.26873442206461, "history_length_min": 11, "hit@10": 0.054276173337311016, "hit@5": 0.041159431447460856, "ndcg@10": 0.035494898997592096, "ndcg@5": 0.03126356851904931, "recall@10": 0.054276173337311016, "recall@5": 0.041159431447460856, "total_users": 103913}, "long_rule": "length > threshold", "short": {"evaluated_users": 460753, "history_length_max": 10, "history_length_mean": 6.196810438564698, "history_length_min": 3, "hit@10": 0.06432296696928723, "hit@5": 0.05064101590222961, "ndcg@10": 0.04336136935288988, "ndcg@5": 0.03894893044311294, "recall@10": 0.06432296696928723, "recall@5": 0.05064101590222961, "total_users": 460753}, "short_rule": "length <= threshold", "threshold": 10}
2026-09-12 21:27:31,830 | INFO | 
========== PERIODIC TEST ==========
stage=specialists | epoch=2 | step=17719 | users=564666/564666
NDCG  | @5 0.037122 | @10 0.040808
Recall| @5 0.046762 | @10 0.058188
Hit   | @5 0.046762 | @10 0.058188
================================
2026-09-12 21:27:31,830 | INFO | PERIODIC TEST SEQUENCE_LENGTH {"basis": "filtered_full_sequence", "long": {"evaluated_users": 103913, "history_length_max": 2855, "history_length_mean": 19.26873442206461, "history_length_min": 11, "hit@10": 0.050811736741312445, "hit@5": 0.03983139741899474, "ndcg@10": 0.03481114810195842, "ndcg@5": 0.03127014156003156, "recall@10": 0.050811736741312445, "recall@5": 0.03983139741899474, "total_users": 103913}, "long_rule": "length > threshold", "short": {"evaluated_users": 460753, "history_length_max": 10, "history_length_mean": 6.196810438564698, "history_length_min": 3, "hit@10": 0.059852024837602796, "hit@5": 0.04832524150683772, "ndcg@10": 0.04216022761915831, "ndcg@5": 0.03844125872828163, "recall@10": 0.059852024837602796, "recall@5": 0.04832524150683772, "total_users": 460753}, "short_rule": "length <= threshold", "threshold": 10}
2026-09-12 21:27:31,831 | INFO | VALID_STEP step=17719 stage=specialists epoch=2 ndcg@10=0.041914 recall@10=0.062474 improved=True
2026-09-12 21:27:32,082 | INFO | BEST_MODEL_IN_MEMORY step=17719 stage=specialists ndcg@10=0.041914
2026-09-12 21:41:00,873 | INFO | stage=specialists epoch=2 loss=4.349840 steps=11719 transitions/s=905.35
2026-09-12 21:57:00,977 | INFO | 
========== PERIODIC VALIDATION ==========
stage=specialists | epoch=3 | step=29438 | users=564666/564666
NDCG  | @5 0.034440 | @10 0.038458
Recall| @5 0.044655 | @10 0.057119
Hit   | @5 0.044655 | @10 0.057119
================================
2026-09-12 21:57:00,977 | INFO | PERIODIC VALIDATION SEQUENCE_LENGTH {"basis": "filtered_full_sequence", "long": {"evaluated_users": 103913, "history_length_max": 2855, "history_length_mean": 19.26873442206461, "history_length_min": 11, "hit@10": 0.0490506481383465, "hit@5": 0.03699248409727368, "ndcg@10": 0.032415232959158186, "ndcg@5": 0.028533683727399665, "recall@10": 0.0490506481383465, "recall@5": 0.03699248409727368, "total_users": 103913}, "long_rule": "length > threshold", "short": {"evaluated_users": 460753, "history_length_max": 10, "history_length_mean": 6.196810438564698, "history_length_min": 3, "hit@10": 0.05893830316894301, "hit@5": 0.0463827690758389, "ndcg@10": 0.039820603105290876, "ndcg@5": 0.03577227306832892, "recall@10": 0.05893830316894301, "recall@5": 0.0463827690758389, "total_users": 460753}, "short_rule": "length <= threshold", "threshold": 10}
2026-09-12 21:58:45,263 | INFO | 
========== PERIODIC TEST ==========
stage=specialists | epoch=3 | step=29438 | users=564666/564666
NDCG  | @5 0.033098 | @10 0.036414
Recall| @5 0.041306 | @10 0.051613
Hit   | @5 0.041306 | @10 0.051613
================================
2026-09-12 21:58:45,263 | INFO | PERIODIC TEST SEQUENCE_LENGTH {"basis": "filtered_full_sequence", "long": {"evaluated_users": 103913, "history_length_max": 2855, "history_length_mean": 19.26873442206461, "history_length_min": 11, "hit@10": 0.045384119407581344, "hit@5": 0.03566445006880756, "ndcg@10": 0.031127529486378536, "ndcg@5": 0.028001413390588578, "recall@10": 0.045384119407581344, "recall@5": 0.03566445006880756, "total_users": 103913}, "long_rule": "length > threshold", "short": {"evaluated_users": 460753, "history_length_max": 10, "history_length_mean": 6.196810438564698, "history_length_min": 3, "hit@10": 0.053017560384848283, "hit@5": 0.04257812754339093, "ndcg@10": 0.03760627919346975, "ndcg@5": 0.034246881946726086, "recall@10": 0.053017560384848283, "recall@5": 0.04257812754339093, "total_users": 460753}, "short_rule": "length <= threshold", "threshold": 10}
2026-09-12 21:58:45,264 | INFO | VALID_STEP step=29438 stage=specialists epoch=3 ndcg@10=0.038458 recall@10=0.057119 improved=False
2026-09-12 22:12:13,843 | INFO | stage=specialists epoch=3 loss=3.628043 steps=11719 transitions/s=905.61
2026-09-12 22:12:14,238 | INFO | SKIP_STAGE stage=coordinator epochs=3 use_coordinator=False
2026-09-12 22:12:14,238 | INFO | TRAINING_BRANCHES stage=joint long=False short=True preference=False gcn=True preference_auxiliary=False preference_contrastive=False diversity_pairs=0 trainable_parameters=115496833
2026-09-12 22:28:13,623 | INFO | 
========== PERIODIC VALIDATION ==========
stage=joint | epoch=1 | step=41157 | users=564666/564666
NDCG  | @5 0.032448 | @10 0.036114
Recall| @5 0.041717 | @10 0.053088
Hit   | @5 0.041717 | @10 0.053088
================================
2026-09-12 22:28:13,623 | INFO | PERIODIC VALIDATION SEQUENCE_LENGTH {"basis": "filtered_full_sequence", "long": {"evaluated_users": 103913, "history_length_max": 2855, "history_length_mean": 19.26873442206461, "history_length_min": 11, "hit@10": 0.045230144447759184, "hit@5": 0.034326792605352555, "ndcg@10": 0.030205345019679156, "ndcg@5": 0.026697981792371747, "recall@10": 0.045230144447759184, "recall@5": 0.034326792605352555, "total_users": 103913}, "long_rule": "length > threshold", "short": {"evaluated_users": 460753, "history_length_max": 10, "history_length_mean": 6.196810438564698, "history_length_min": 3, "hit@10": 0.054860196243974535, "hit@5": 0.043383331199145746, "ndcg@10": 0.03744669723633596, "ndcg@5": 0.03374510512861618, "recall@10": 0.054860196243974535, "recall@5": 0.043383331199145746, "total_users": 460753}, "short_rule": "length <= threshold", "threshold": 10}
2026-09-12 22:29:57,941 | INFO | 
========== PERIODIC TEST ==========
stage=joint | epoch=1 | step=41157 | users=564666/564666
NDCG  | @5 0.031200 | @10 0.034170
Recall| @5 0.038511 | @10 0.047734
Hit   | @5 0.038511 | @10 0.047734
================================
2026-09-12 22:29:57,941 | INFO | PERIODIC TEST SEQUENCE_LENGTH {"basis": "filtered_full_sequence", "long": {"evaluated_users": 103913, "history_length_max": 2855, "history_length_mean": 19.26873442206461, "history_length_min": 11, "hit@10": 0.04216026868630489, "hit@5": 0.033364449106464064, "ndcg@10": 0.029438760758372103, "ndcg@5": 0.02661702582762813, "recall@10": 0.04216026868630489, "recall@5": 0.033364449106464064, "total_users": 103913}, "long_rule": "length > threshold", "short": {"evaluated_users": 460753, "history_length_max": 10, "history_length_mean": 6.196810438564698, "history_length_min": 3, "hit@10": 0.04899154210607419, "hit@5": 0.039672015157796045, "ndcg@10": 0.03523678936782835, "ndcg@5": 0.03223328174751685, "recall@10": 0.04899154210607419, "recall@5": 0.039672015157796045, "total_users": 460753}, "short_rule": "length <= threshold", "threshold": 10}
2026-09-12 22:29:57,942 | INFO | VALID_STEP step=41157 stage=joint epoch=1 ndcg@10=0.036114 recall@10=0.053088 improved=False
2026-09-12 22:29:57,942 | INFO | LEARNING_RATE step=41157 stage=joint lr=5e-05
2026-09-12 22:43:26,697 | INFO | stage=joint epoch=1 loss=3.026034 steps=11719 transitions/s=904.61
2026-09-12 22:59:28,658 | INFO | 
========== PERIODIC VALIDATION ==========
stage=joint | epoch=2 | step=52876 | users=564666/564666
NDCG  | @5 0.031822 | @10 0.035333
Recall| @5 0.040819 | @10 0.051730
Hit   | @5 0.040819 | @10 0.051730
================================
2026-09-12 22:59:28,658 | INFO | PERIODIC VALIDATION SEQUENCE_LENGTH {"basis": "filtered_full_sequence", "long": {"evaluated_users": 103913, "history_length_max": 2855, "history_length_mean": 19.26873442206461, "history_length_min": 11, "hit@10": 0.04416194316399295, "hit@5": 0.034172817645530394, "ndcg@10": 0.02969996789852421, "ndcg@5": 0.02650286950156935, "recall@10": 0.04416194316399295, "recall@5": 0.034172817645530394, "total_users": 103913}, "long_rule": "length > threshold", "short": {"evaluated_users": 460753, "history_length_max": 10, "history_length_mean": 6.196810438564698, "history_length_min": 3, "hit@10": 0.05343643991466143, "hit@5": 0.042317684312419016, "ndcg@10": 0.03660393519707238, "ndcg@5": 0.033021398517478914, "recall@10": 0.05343643991466143, "recall@5": 0.042317684312419016, "total_users": 460753}, "short_rule": "length <= threshold", "threshold": 10}
2026-09-12 23:01:13,222 | INFO | 
========== PERIODIC TEST ==========
stage=joint | epoch=2 | step=52876 | users=564666/564666
NDCG  | @5 0.030514 | @10 0.033309
Recall| @5 0.037608 | @10 0.046280
Hit   | @5 0.037608 | @10 0.046280
================================
2026-09-12 23:01:13,222 | INFO | PERIODIC TEST SEQUENCE_LENGTH {"basis": "filtered_full_sequence", "long": {"evaluated_users": 103913, "history_length_max": 2855, "history_length_mean": 19.26873442206461, "history_length_min": 11, "hit@10": 0.041544368847016254, "hit@5": 0.03286403048704205, "ndcg@10": 0.02912247170039618, "ndcg@5": 0.026337178853701283, "recall@10": 0.041544368847016254, "recall@5": 0.03286403048704205, "total_users": 103913}, "long_rule": "length > threshold", "short": {"evaluated_users": 460753, "history_length_max": 10, "history_length_mean": 6.196810438564698, "history_length_min": 3, "hit@10": 0.04734857939069306, "hit@5": 0.03867799015958659, "ndcg@10": 0.034252858719090805, "ndcg@5": 0.03145543750588861, "recall@10": 0.04734857939069306, "recall@5": 0.03867799015958659, "total_users": 460753}, "short_rule": "length <= threshold", "threshold": 10}
2026-09-12 23:01:13,223 | INFO | VALID_STEP step=52876 stage=joint epoch=2 ndcg@10=0.035333 recall@10=0.051730 improved=False
2026-09-12 23:01:13,223 | INFO | LEARNING_RATE step=52876 stage=joint lr=5e-05
2026-09-12 23:14:42,205 | INFO | stage=joint epoch=2 loss=2.979660 steps=11719 transitions/s=904.62
2026-09-12 23:30:44,674 | INFO | 
========== PERIODIC VALIDATION ==========
stage=joint | epoch=3 | step=64595 | users=564666/564666
NDCG  | @5 0.031161 | @10 0.034592
Recall| @5 0.039887 | @10 0.050524
Hit   | @5 0.039887 | @10 0.050524
================================
2026-09-12 23:30:44,674 | INFO | PERIODIC VALIDATION SEQUENCE_LENGTH {"basis": "filtered_full_sequence", "long": {"evaluated_users": 103913, "history_length_max": 2855, "history_length_mean": 19.26873442206461, "history_length_min": 11, "hit@10": 0.04338244492989327, "hit@5": 0.0335954115461973, "ndcg@10": 0.02918328186075014, "ndcg@5": 0.026038842628470636, "recall@10": 0.04338244492989327, "recall@5": 0.0335954115461973, "total_users": 103913}, "long_rule": "length > threshold", "short": {"evaluated_users": 460753, "history_length_max": 10, "history_length_mean": 6.196810438564698, "history_length_min": 3, "hit@10": 0.05213422375980189, "hit@5": 0.04130629643214477, "ndcg@10": 0.03581124691432272, "ndcg@5": 0.032315936321969406, "recall@10": 0.05213422375980189, "recall@5": 0.04130629643214477, "total_users": 460753}, "short_rule": "length <= threshold", "threshold": 10}
2026-09-12 23:32:29,268 | INFO | 
========== PERIODIC TEST ==========
stage=joint | epoch=3 | step=64595 | users=564666/564666
NDCG  | @5 0.030027 | @10 0.032799
Recall| @5 0.036740 | @10 0.045335
Hit   | @5 0.036740 | @10 0.045335
================================
2026-09-12 23:32:29,268 | INFO | PERIODIC TEST SEQUENCE_LENGTH {"basis": "filtered_full_sequence", "long": {"evaluated_users": 103913, "history_length_max": 2855, "history_length_mean": 19.26873442206461, "history_length_min": 11, "hit@10": 0.040245205123516786, "hit@5": 0.032065285382964596, "ndcg@10": 0.028502577200946483, "ndcg@5": 0.02586871005414247, "recall@10": 0.040245205123516786, "recall@5": 0.032065285382964596, "total_users": 103913}, "long_rule": "length > threshold", "short": {"evaluated_users": 460753, "history_length_max": 10, "history_length_mean": 6.196810438564698, "history_length_min": 3, "hit@10": 0.046482605647711464, "hit@5": 0.0377946535345402, "ndcg@10": 0.03376852212745018, "ndcg@5": 0.03096530017653318, "recall@10": 0.046482605647711464, "recall@5": 0.0377946535345402, "total_users": 460753}, "short_rule": "length <= threshold", "threshold": 10}
2026-09-12 23:32:29,268 | INFO | VALID_STEP step=64595 stage=joint epoch=3 ndcg@10=0.034592 recall@10=0.050524 improved=False
2026-09-12 23:32:29,268 | INFO | LEARNING_RATE step=64595 stage=joint lr=5e-05
2026-09-12 23:45:58,422 | INFO | stage=joint epoch=3 loss=2.890681 steps=11719 transitions/s=904.27
2026-09-13 00:02:01,098 | INFO | 
========== PERIODIC VALIDATION ==========
stage=joint | epoch=4 | step=76314 | users=564666/564666
NDCG  | @5 0.030644 | @10 0.033996
Recall| @5 0.039136 | @10 0.049528
Hit   | @5 0.039136 | @10 0.049528
================================
2026-09-13 00:02:01,098 | INFO | PERIODIC VALIDATION SEQUENCE_LENGTH {"basis": "filtered_full_sequence", "long": {"evaluated_users": 103913, "history_length_max": 2855, "history_length_mean": 19.26873442206461, "history_length_min": 11, "hit@10": 0.0426029466957936, "hit@5": 0.03288327735701981, "ndcg@10": 0.028640077438133495, "ndcg@5": 0.0255113575852701, "recall@10": 0.0426029466957936, "recall@5": 0.03288327735701981, "total_users": 103913}, "long_rule": "length > threshold", "short": {"evaluated_users": 460753, "history_length_max": 10, "history_length_mean": 6.196810438564698, "history_length_min": 3, "hit@10": 0.051090280475656155, "hit@5": 0.04054667034181004, "ndcg@10": 0.035203717163158885, "ndcg@5": 0.031801598385523655, "recall@10": 0.051090280475656155, "recall@5": 0.04054667034181004, "total_users": 460753}, "short_rule": "length <= threshold", "threshold": 10}
2026-09-13 00:03:45,714 | INFO | 
========== PERIODIC TEST ==========
stage=joint | epoch=4 | step=76314 | users=564666/564666
NDCG  | @5 0.029524 | @10 0.032203
Recall| @5 0.036103 | @10 0.044403
Hit   | @5 0.036103 | @10 0.044403
================================
2026-09-13 00:03:45,714 | INFO | PERIODIC TEST SEQUENCE_LENGTH {"basis": "filtered_full_sequence", "long": {"evaluated_users": 103913, "history_length_max": 2855, "history_length_mean": 19.26873442206461, "history_length_min": 11, "hit@10": 0.03984102085398362, "hit@5": 0.03144938554367596, "ndcg@10": 0.028181514838150363, "ndcg@5": 0.025477437406644637, "recall@10": 0.03984102085398362, "recall@5": 0.03144938554367596, "total_users": 103913}, "long_rule": "length > threshold", "short": {"evaluated_users": 460753, "history_length_max": 10, "history_length_mean": 6.196810438564698, "history_length_min": 3, "hit@10": 0.04543215128279143, "hit@5": 0.03715222689814282, "ndcg@10": 0.033110240139674826, "ndcg@5": 0.030436850040998692, "recall@10": 0.04543215128279143, "recall@5": 0.03715222689814282, "total_users": 460753}, "short_rule": "length <= threshold", "threshold": 10}
2026-09-13 00:03:45,715 | INFO | VALID_STEP step=76314 stage=joint epoch=4 ndcg@10=0.033996 recall@10=0.049528 improved=False
2026-09-13 00:03:45,715 | INFO | LEARNING_RATE step=76314 stage=joint lr=2.5e-05
2026-09-13 00:17:14,800 | INFO | stage=joint epoch=4 loss=2.815282 steps=11719 transitions/s=904.29
2026-09-13 00:33:17,117 | INFO | 
========== PERIODIC VALIDATION ==========
stage=joint | epoch=5 | step=88033 | users=564666/564666
NDCG  | @5 0.030711 | @10 0.034048
Recall| @5 0.039228 | @10 0.049589
Hit   | @5 0.039228 | @10 0.049589
================================
2026-09-13 00:33:17,117 | INFO | PERIODIC VALIDATION SEQUENCE_LENGTH {"basis": "filtered_full_sequence", "long": {"evaluated_users": 103913, "history_length_max": 2855, "history_length_mean": 19.26873442206461, "history_length_min": 11, "hit@10": 0.04246821860594921, "hit@5": 0.03271005552721989, "ndcg@10": 0.028680483558561586, "ndcg@5": 0.025546472247002707, "recall@10": 0.04246821860594921, "recall@5": 0.03271005552721989, "total_users": 103913}, "long_rule": "length > threshold", "short": {"evaluated_users": 460753, "history_length_max": 10, "history_length_mean": 6.196810438564698, "history_length_min": 3, "hit@10": 0.05119445776804492, "hit@5": 0.04069859555987698, "ndcg@10": 0.03525822532117113, "ndcg@5": 0.03187545870054523, "recall@10": 0.05119445776804492, "recall@5": 0.04069859555987698, "total_users": 460753}, "short_rule": "length <= threshold", "threshold": 10}
2026-09-13 00:35:02,062 | INFO | 
========== PERIODIC TEST ==========
stage=joint | epoch=5 | step=88033 | users=564666/564666
NDCG  | @5 0.029534 | @10 0.032106
Recall| @5 0.036044 | @10 0.044017
Hit   | @5 0.036044 | @10 0.044017
================================
2026-09-13 00:35:02,062 | INFO | PERIODIC TEST SEQUENCE_LENGTH {"basis": "filtered_full_sequence", "long": {"evaluated_users": 103913, "history_length_max": 2855, "history_length_mean": 19.26873442206461, "history_length_min": 11, "hit@10": 0.039436836584450456, "hit@5": 0.03177658233329805, "ndcg@10": 0.028152611035435357, "ndcg@5": 0.025679982007607238, "recall@10": 0.039436836584450456, "recall@5": 0.03177658233329805, "total_users": 103913}, "long_rule": "length > threshold", "short": {"evaluated_users": 460753, "history_length_max": 10, "history_length_mean": 6.196810438564698, "history_length_min": 3, "hit@10": 0.04505016787736597, "hit@5": 0.037006812760850175, "ndcg@10": 0.032997292091234594, "ndcg@5": 0.03040344570266362, "recall@10": 0.04505016787736597, "recall@5": 0.037006812760850175, "total_users": 460753}, "short_rule": "length <= threshold", "threshold": 10}
2026-09-13 00:35:02,063 | INFO | VALID_STEP step=88033 stage=joint epoch=5 ndcg@10=0.034048 recall@10=0.049589 improved=False
2026-09-13 00:35:02,063 | INFO | LEARNING_RATE step=88033 stage=joint lr=2.5e-05
2026-09-13 00:48:30,946 | INFO | stage=joint epoch=5 loss=2.691736 steps=11719 transitions/s=904.74
2026-09-13 01:04:31,889 | INFO | 
========== PERIODIC VALIDATION ==========
stage=joint | epoch=6 | step=99752 | users=564666/564666
NDCG  | @5 0.030487 | @10 0.033811
Recall| @5 0.038752 | @10 0.049036
Hit   | @5 0.038752 | @10 0.049036
================================
2026-09-13 01:04:31,889 | INFO | PERIODIC VALIDATION SEQUENCE_LENGTH {"basis": "filtered_full_sequence", "long": {"evaluated_users": 103913, "history_length_max": 2855, "history_length_mean": 19.26873442206461, "history_length_min": 11, "hit@10": 0.04184269533167169, "hit@5": 0.032065285382964596, "ndcg@10": 0.028286254868122963, "ndcg@5": 0.025131929816001805, "recall@10": 0.04184269533167169, "recall@5": 0.032065285382964596, "total_users": 103913}, "long_rule": "length > threshold", "short": {"evaluated_users": 460753, "history_length_max": 10, "history_length_mean": 6.196810438564698, "history_length_min": 3, "hit@10": 0.050658378784294404, "hit@5": 0.04026018278774094, "ndcg@10": 0.035057528726607584, "ndcg@5": 0.03169476752868069, "recall@10": 0.050658378784294404, "recall@5": 0.04026018278774094, "total_users": 460753}, "short_rule": "length <= threshold", "threshold": 10}
2026-09-13 01:06:16,779 | INFO | 
========== PERIODIC TEST ==========
stage=joint | epoch=6 | step=99752 | users=564666/564666
NDCG  | @5 0.029330 | @10 0.031875
Recall| @5 0.035722 | @10 0.043622
Hit   | @5 0.035722 | @10 0.043622
================================
2026-09-13 01:06:16,779 | INFO | PERIODIC TEST SEQUENCE_LENGTH {"basis": "filtered_full_sequence", "long": {"evaluated_users": 103913, "history_length_max": 2855, "history_length_mean": 19.26873442206461, "history_length_min": 11, "hit@10": 0.039244367884672754, "hit@5": 0.03144938554367596, "ndcg@10": 0.028004710350439468, "ndcg@5": 0.02549919482958451, "recall@10": 0.039244367884672754, "recall@5": 0.03144938554367596, "total_users": 103913}, "long_rule": "length > threshold", "short": {"evaluated_users": 460753, "history_length_max": 10, "history_length_mean": 6.196810438564698, "history_length_min": 3, "hit@10": 0.04460958474497182, "hit@5": 0.036685599442651484, "ndcg@10": 0.032748086962014575, "ndcg@5": 0.03019422937442345, "recall@10": 0.04460958474497182, "recall@5": 0.036685599442651484, "total_users": 460753}, "short_rule": "length <= threshold", "threshold": 10}
2026-09-13 01:06:16,780 | INFO | VALID_STEP step=99752 stage=joint epoch=6 ndcg@10=0.033811 recall@10=0.049036 improved=False
2026-09-13 01:06:16,780 | INFO | LEARNING_RATE step=99752 stage=joint lr=2.5e-05
2026-09-13 01:06:16,780 | INFO | EARLY_STOP step=99752 checks_without_improvement=6 best_step=17719 best_ndcg@10=0.041914
2026-09-13 01:06:16,780 | INFO | stage=joint epoch=6 loss=2.619646 steps=6000 transitions/s=904.42
2026-09-13 01:08:02,619 | INFO | 
========== FINAL CURRENT VALIDATION ==========
stage=final | epoch=0 | step=99752 | users=564666/564666
NDCG  | @5 0.030488 | @10 0.033812
Recall| @5 0.038752 | @10 0.049036
Hit   | @5 0.038752 | @10 0.049036
================================
2026-09-13 01:08:02,619 | INFO | FINAL CURRENT VALIDATION SEQUENCE_LENGTH {"basis": "filtered_full_sequence", "long": {"evaluated_users": 103913, "history_length_max": 2855, "history_length_mean": 19.26873442206461, "history_length_min": 11, "hit@10": 0.04184269533167169, "hit@5": 0.032065285382964596, "ndcg@10": 0.028286254868122963, "ndcg@5": 0.025131929816001805, "recall@10": 0.04184269533167169, "recall@5": 0.032065285382964596, "total_users": 103913}, "long_rule": "length > threshold", "short": {"evaluated_users": 460753, "history_length_max": 10, "history_length_mean": 6.196810438564698, "history_length_min": 3, "hit@10": 0.050658378784294404, "hit@5": 0.04026018278774094, "ndcg@10": 0.035058329742002875, "ndcg@5": 0.03169556854407598, "recall@10": 0.050658378784294404, "recall@5": 0.04026018278774094, "total_users": 460753}, "short_rule": "length <= threshold", "threshold": 10}
2026-09-13 01:08:02,619 | INFO | VALID_STEP step=99752 stage=final epoch=0 ndcg@10=0.033812 recall@10=0.049036 improved=False
2026-09-13 01:08:02,760 | INFO | RESTORE_BEST step=17719 stage=specialists ndcg@10=0.041914
2026-09-13 01:11:32,083 | INFO | 
========== BEST CHECKPOINT VALIDATION ==========
stage=specialists | epoch=0 | step=17719 | users=564666/564666
NDCG  | @5 0.037535 | @10 0.041914
Recall| @5 0.048896 | @10 0.062474
Hit   | @5 0.048896 | @10 0.062474
================================
2026-09-13 01:11:32,083 | INFO | BEST CHECKPOINT VALIDATION SEQUENCE_LENGTH {"basis": "filtered_full_sequence", "long": {"evaluated_users": 103913, "history_length_max": 2855, "history_length_mean": 19.26873442206461, "history_length_min": 11, "hit@10": 0.054276173337311016, "hit@5": 0.041159431447460856, "ndcg@10": 0.035494898997592096, "ndcg@5": 0.03126356851904931, "recall@10": 0.054276173337311016, "recall@5": 0.041159431447460856, "total_users": 103913}, "long_rule": "length > threshold", "short": {"evaluated_users": 460753, "history_length_max": 10, "history_length_mean": 6.196810438564698, "history_length_min": 3, "hit@10": 0.06432296696928723, "hit@5": 0.05064101590222961, "ndcg@10": 0.04336148910727335, "ndcg@5": 0.03894893044311294, "recall@10": 0.06432296696928723, "recall@5": 0.05064101590222961, "total_users": 460753}, "short_rule": "length <= threshold", "threshold": 10}
2026-09-13 01:11:32,083 | INFO | 
========== FINAL FULL TEST ==========
stage=specialists | epoch=0 | step=17719 | users=564666/564666
NDCG  | @5 0.037122 | @10 0.040808
Recall| @5 0.046764 | @10 0.058188
Hit   | @5 0.046764 | @10 0.058188
================================
2026-09-13 01:11:32,083 | INFO | FINAL FULL TEST SEQUENCE_LENGTH {"basis": "filtered_full_sequence", "long": {"evaluated_users": 103913, "history_length_max": 2855, "history_length_mean": 19.26873442206461, "history_length_min": 11, "hit@10": 0.050811736741312445, "hit@5": 0.03983139741899474, "ndcg@10": 0.03481114810195842, "ndcg@5": 0.03127014156003156, "recall@10": 0.050811736741312445, "recall@5": 0.03983139741899474, "total_users": 103913}, "long_rule": "length > threshold", "short": {"evaluated_users": 460753, "history_length_max": 10, "history_length_mean": 6.196810438564698, "history_length_min": 3, "hit@10": 0.059852024837602796, "hit@5": 0.04832741186709582, "ndcg@10": 0.04216029413119432, "ndcg@5": 0.03844209833824018, "recall@10": 0.059852024837602796, "recall@5": 0.04832741186709582, "total_users": 460753}, "short_rule": "length <= threshold", "threshold": 10}
2026-09-13 01:11:32,083 | INFO | VALID_BEST {"evaluated_users": 564666, "hit@10": 0.06247409973329367, "hit@5": 0.04889616162474808, "long_agent_weight": 0.0, "long_preference_state_cosine": 0.0, "long_short_state_cosine": 0.0, "ndcg@10": 0.041913835374000744, "ndcg@5": 0.03753462708987172, "preference_change_probability": 0.0, "preference_current_entropy": 5.894617970635068e-06, "preference_next_entropy": 5.894617970635068e-06, "preference_ranking_weight": 0.0, "recall@10": 0.06247409973329367, "recall@5": 0.04889616162474808, "scores_per_second": 1797110853.5669615, "sequence_length": {"basis": "filtered_full_sequence", "long": {"evaluated_users": 103913, "history_length_max": 2855, "history_length_mean": 19.26873442206461, "history_length_min": 11, "hit@10": 0.054276173337311016, "hit@5": 0.041159431447460856, "ndcg@10": 0.035494898997592096, "ndcg@5": 0.03126356851904931, "recall@10": 0.054276173337311016, "recall@5": 0.041159431447460856, "total_users": 103913}, "long_rule": "length > threshold", "short": {"evaluated_users": 460753, "history_length_max": 10, "history_length_mean": 6.196810438564698, "history_length_min": 3, "hit@10": 0.06432296696928723, "hit@5": 0.05064101590222961, "ndcg@10": 0.04336148910727335, "ndcg@5": 0.03894893044311294, "recall@10": 0.06432296696928723, "recall@5": 0.05064101590222961, "total_users": 460753}, "short_rule": "length <= threshold", "threshold": 10}, "short_agent_weight": 1.0, "short_preference_state_cosine": 0.0, "total_users": 564666, "users_per_second": 5394.137512207232}
2026-09-13 01:11:32,084 | INFO | TEST_FINAL {"evaluated_users": 564666, "hit@10": 0.05818838038769821, "hit@5": 0.04676392770239398, "long_agent_weight": 0.0, "long_preference_state_cosine": 0.0, "long_short_state_cosine": 0.0, "ndcg@10": 0.04080786325254479, "ndcg@5": 0.03712227462215715, "preference_change_probability": 0.0, "preference_current_entropy": 5.894617970635068e-06, "preference_next_entropy": 5.894617970635068e-06, "preference_ranking_weight": 0.0, "recall@10": 0.05818838038769821, "recall@5": 0.04676392770239398, "scores_per_second": 1812151758.5321722, "sequence_length": {"basis": "filtered_full_sequence", "long": {"evaluated_users": 103913, "history_length_max": 2855, "history_length_mean": 19.26873442206461, "history_length_min": 11, "hit@10": 0.050811736741312445, "hit@5": 0.03983139741899474, "ndcg@10": 0.03481114810195842, "ndcg@5": 0.03127014156003156, "recall@10": 0.050811736741312445, "recall@5": 0.03983139741899474, "total_users": 103913}, "long_rule": "length > threshold", "short": {"evaluated_users": 460753, "history_length_max": 10, "history_length_mean": 6.196810438564698, "history_length_min": 3, "hit@10": 0.059852024837602796, "hit@5": 0.04832741186709582, "ndcg@10": 0.04216029413119432, "ndcg@5": 0.03844209833824018, "recall@10": 0.059852024837602796, "recall@5": 0.04832741186709582, "total_users": 460753}, "short_rule": "length <= threshold", "threshold": 10}, "short_agent_weight": 1.0, "short_preference_state_cosine": 0.0, "total_users": 564666, "users_per_second": 5439.28370312214}
2026-09-13 01:11:32,084 | INFO | TARGET_RESULT metric=recall@10 target=>0.150000 actual=0.058188 achieved=False
2026-09-13 01:11:32,443 | INFO | FINAL_LENGTH_SCORES dataset=amazon-toys-and-games group=short split=valid threshold=10 users=460753/460753 scores={"hit@10": 0.06432296696928723, "hit@5": 0.05064101590222961, "ndcg@10": 0.04336148910727335, "ndcg@5": 0.03894893044311294, "recall@10": 0.06432296696928723, "recall@5": 0.05064101590222961}
2026-09-13 01:11:32,443 | INFO | FINAL_LENGTH_SCORES dataset=amazon-toys-and-games group=short split=test threshold=10 users=460753/460753 scores={"hit@10": 0.059852024837602796, "hit@5": 0.04832741186709582, "ndcg@10": 0.04216029413119432, "ndcg@5": 0.03844209833824018, "recall@10": 0.059852024837602796, "recall@5": 0.04832741186709582}
2026-09-13 01:11:32,443 | INFO | short_scores=/workspace/P78123011/MediaTek_2026_project/ver4/outputs_mamba_rl/amazons_long_short_L0_S1_P0_G1/Toys_and_Games/rl_20260912_203808_r1_630172/short_scores.json
2026-09-13 01:11:32,443 | INFO | FINAL_LENGTH_SCORES dataset=amazon-toys-and-games group=long split=valid threshold=10 users=103913/103913 scores={"hit@10": 0.054276173337311016, "hit@5": 0.041159431447460856, "ndcg@10": 0.035494898997592096, "ndcg@5": 0.03126356851904931, "recall@10": 0.054276173337311016, "recall@5": 0.041159431447460856}
2026-09-13 01:11:32,443 | INFO | FINAL_LENGTH_SCORES dataset=amazon-toys-and-games group=long split=test threshold=10 users=103913/103913 scores={"hit@10": 0.050811736741312445, "hit@5": 0.03983139741899474, "ndcg@10": 0.03481114810195842, "ndcg@5": 0.03127014156003156, "recall@10": 0.050811736741312445, "recall@5": 0.03983139741899474}
2026-09-13 01:11:32,443 | INFO | long_scores=/workspace/P78123011/MediaTek_2026_project/ver4/outputs_mamba_rl/amazons_long_short_L0_S1_P0_G1/Toys_and_Games/rl_20260912_203808_r1_630172/long_scores.json
2026-09-13 01:11:32,444 | INFO | scores=/workspace/P78123011/MediaTek_2026_project/ver4/outputs_mamba_rl/amazons_long_short_L0_S1_P0_G1/Toys_and_Games/rl_20260912_203808_r1_630172/Toys_and_Games_scores.json
2026-09-13 01:11:32,444 | INFO | outputs=/workspace/P78123011/MediaTek_2026_project/ver4/outputs_mamba_rl/amazons_long_short_L0_S1_P0_G1/Toys_and_Games/rl_20260912_203808_r1_630172
