2026-10-03 13:04:37,327 | INFO | run_id=20261003_130437 dataset=amazon-all-beauty device=cuda:0
2026-10-03 13:04:37,327 | INFO | MODEL recommender=MultiAgentMambaRecommender semantic_encoder=MambaTextEncoder semantic_model_id=state-spaces/mamba-130m-hf graph_backbone=LightGCN adaptation=multi_lora
2026-10-03 13:04:37,327 | INFO | ABLATION USE_SHORT=1 USE_PREFERENCE=0 USE_GCN=1 USE_COORDINATOR=0
2026-10-03 13:04:37,327 | INFO | AGENT_HISTORY mode=short_window_only effective_max_history=4 short=4 preference=0
2026-10-03 13:04:37,327 | INFO | EXPERIMENT_NOTE amazons_long_short subset=Full_Beauty; short filtered-full-sequence <= 10; long > 10; same model and full catalog
2026-10-03 13:04:37,327 | INFO | EXPERIMENT_CONFIG {"agent_diversity_coef": 0.02, "batch_size": 128, "cache_dir": "/workspace/P78123011/cache", "candidates": 64, "data_path": null, "dataset": "amazon-all-beauty", "device": "cuda:0", "dim": 128, "early_stopping_patience": 6, "enable_lora": 1, "eval_batch_size": 64, "eval_length_basis": "filtered_full_sequence", "eval_length_threshold": 10, "experiment_note": "amazons_long_short subset=Full_Beauty; short filtered-full-sequence <= 10; long > 10; same model and full catalog", "full_catalog_supervised": false, "future_decay": 0.5, "future_horizon": 3, "generate_reasons": false, "graph_device": "cuda:0", "hard_negative_fraction": 0.75, "hard_negative_pool_multiplier": 12, "hard_negative_warmup_epochs": 2, "history_influence_negatives": 64, "history_influence_output": null, "history_influence_user_limit": 0, "item_prompt_prefix": "Preference-aware product representation: ", "item_vector_artifact": null, "joint_epochs": 0, "joint_lr": 5e-05, "lora_alpha": 32.0, "lora_dropout": 0.05, "lora_rank": 16, "lr_patience": 2, "mamba_encode_batch_size": 32, "mamba_max_tokens": 32, "mamba_model_id": "state-spaces/mamba-130m-hf", "max_events": null, "max_history": 100, "max_transitions": 500000, "min_rating": 4.0, "monitor_metric": "ndcg@10", "output_dir": "/workspace/P78123011/MediaTek_2026_project/ver5/outputs_mamba_rl/amazons_lora", "output_run_dir": "/workspace/P78123011/MediaTek_2026_project/ver5/outputs_mamba_rl/amazons_long_short_S1_P0_G1_C0_SW4/Full_Beauty/rl_20261003_130435_r1_929128", "periodic_test_user_limit": 0, "popularity_alpha": -0.25, "preference_balance_coef": 0.01, "preference_coef": 0.2, "preference_contrastive_coef": 0.05, "preference_count": 32, "preference_score_weight": 0.2, "preference_separation_coef": 0.01, "preference_sharpness_coef": 0.05, "preference_temperature": 0.2, "preference_transition_coef": 0.1, "reason_count": 20, "reason_max_new_tokens": 40, "refresh_data_cache": false, "resume_checkpoint": null, "reverse_history_input": false, "rl_coef": 0.1, "rl_topk": 10, "save_model_weights": false, "score_file": "/workspace/P78123011/MediaTek_2026_project/ver5/outputs_mamba_rl/amazons_long_short_S1_P0_G1_C0_SW4/Full_Beauty/rl_20261003_130435_r1_929128/Full_Beauty_scores.json", "seed": 25252, "short_window": 4, "skip_mamba": false, "specialist_epochs": 6, "specialist_lr": 0.0001, "target_recall_at_10": 0.15, "transition_beta": 4.0, "use_coordinator": false, "use_graph_embeddings": true, "use_in_batch_negatives": true, "use_preference": 0, "use_short": 1, "validate_every_steps": 250, "validation_user_limit": 0}
2026-10-03 13:04:37,331 | INFO | INTERACTION_CACHE hit path=/workspace/P78123011/cache/mamba_multi_agent_data/amazon-all-beauty_90e3e920169a.pkl
2026-10-03 13:04:37,331 | INFO | HISTORY_INPUT_ORDER chronological
2026-10-03 13:04:37,332 | INFO | LENGTH_SPLIT preprocessing=original_one_pass_user_item_min_5 basis=filtered_full_sequence short<=10 long>10
2026-10-03 13:04:37,332 | INFO | users=1603 items=4090 train_interactions=8445
2026-10-03 13:04:37,633 | INFO | CATALOG_PRIORS popularity_alpha=-0.250000 transition_beta=4.000000 source=train_histories_only enabled=True
2026-10-03 13:04:37,656 | INFO | ITEM_VECTOR_ARTIFACT path=/workspace/P78123011/cache/mamba_multi_agent/amazon-all-beauty_4090_47e41e57cc9e_prompt_tok32.pt fingerprint=47e41e57cc9e
2026-10-03 13:04:37,656 | INFO | SEMANTIC_BACKBONE model_id=state-spaces/mamba-130m-hf hidden_size=768 frozen=True usage=shared_cached_item_vectors
2026-10-03 13:04:37,666 | INFO | GRAPH_EMBEDDINGS enabled=True source=train_histories_only main_device=cuda:0 graph_device=cuda:0
2026-10-03 13:04:37,698 | INFO | ADAPTATION_MODE mode=multi_lora enable_lora=1
2026-10-03 13:04:37,698 | INFO | ADAPTER_ROUTES {'short': ('candidate_lora', 'delta_lora', 'gate_lora', 'output_lora')}
2026-10-03 13:04:37,699 | INFO | agent_parameters={'short': 16513, 'preference': 28994, 'coordinator': 0, 'shared_projection': 98304, 'graph': 728704}
2026-10-03 13:04:37,699 | INFO | PREDICTION_PATH graph_only=False active_agents=1 coordinator=False
2026-10-03 13:04:37,708 | INFO | training_transitions=6842
2026-10-03 13:04:37,708 | INFO | schedule mode=single_stage_dl specialist_dl_epochs=6 joint_dl_rl_epochs=0 effective_rl_coef=0.0000 effective_rl_topk=0 validate_every_steps=250 validation_users=0 periodic_test_users=0 monitor=ndcg@10 early_stopping_patience=6
2026-10-03 13:04:38,670 | INFO | TRAINING_BRANCHES stage=all_dl short=True preference=False gcn=True preference_auxiliary=False preference_contrastive=False diversity_pairs=0 policy_gradient=False trainable_parameters=843521
2026-10-03 13:04:51,999 | INFO | 
========== PERIODIC VALIDATION ==========
stage=all_dl | epoch=1 | step=54 | users=1457/1457
NDCG  | @5 0.091203 | @10 0.092508
Recall| @5 0.096088 | @10 0.100206
Hit   | @5 0.096088 | @10 0.100206
================================
2026-10-03 13:04:52,000 | INFO | PERIODIC VALIDATION SEQUENCE_LENGTH {"basis": "filtered_full_sequence", "long": {"evaluated_users": 219, "history_length_max": 119, "history_length_mean": 20.98173515981735, "history_length_min": 11, "hit@10": 0.0502283105022831, "hit@5": 0.0365296803652968, "ndcg@10": 0.03569049048415331, "ndcg@5": 0.03147392356490581, "recall@10": 0.0502283105022831, "recall@5": 0.0365296803652968, "total_users": 219}, "long_rule": "length > threshold", "short": {"evaluated_users": 1238, "history_length_max": 10, "history_length_mean": 5.27221324717286, "history_length_min": 3, "hit@10": 0.10904684975767366, "hit@5": 0.10662358642972536, "ndcg@10": 0.10255942329622814, "ndcg@5": 0.10176895047978288, "recall@10": 0.10904684975767366, "recall@5": 0.10662358642972536, "total_users": 1238}, "short_rule": "length <= threshold", "threshold": 10}
2026-10-03 13:04:54,856 | INFO | 
========== PERIODIC TEST ==========
stage=all_dl | epoch=1 | step=54 | users=1457/1457
NDCG  | @5 0.105199 | @10 0.106801
Recall| @5 0.109815 | @10 0.114619
Hit   | @5 0.109815 | @10 0.114619
================================
2026-10-03 13:04:54,856 | INFO | PERIODIC TEST SEQUENCE_LENGTH {"basis": "filtered_full_sequence", "long": {"evaluated_users": 219, "history_length_max": 119, "history_length_mean": 20.98173515981735, "history_length_min": 11, "hit@10": 0.0502283105022831, "hit@5": 0.0410958904109589, "ndcg@10": 0.03462211819823801, "ndcg@5": 0.03155512247269576, "recall@10": 0.0502283105022831, "recall@5": 0.0410958904109589, "total_users": 219}, "long_rule": "length > threshold", "short": {"evaluated_users": 1238, "history_length_max": 10, "history_length_mean": 5.27221324717286, "history_length_min": 3, "hit@10": 0.1260096930533118, "hit@5": 0.12197092084006463, "ndcg@10": 0.11956963648940115, "ndcg@5": 0.11822695266064583, "recall@10": 0.1260096930533118, "recall@5": 0.12197092084006463, "total_users": 1238}, "short_rule": "length <= threshold", "threshold": 10}
2026-10-03 13:04:54,857 | INFO | VALID_STEP step=54 stage=all_dl epoch=1 ndcg@10=0.092508 recall@10=0.100206 improved=True
2026-10-03 13:04:54,860 | INFO | BEST_MODEL_IN_MEMORY step=54 stage=all_dl ndcg@10=0.092508
2026-10-03 13:04:54,860 | INFO | LEARNING_RATE step=54 stage=all_dl lr=0.0001
2026-10-03 13:04:54,861 | INFO | stage=all_dl epoch=1 loss=4.100679 steps=54 transitions/s=660.14
2026-10-03 13:05:14,568 | INFO | 
========== PERIODIC VALIDATION ==========
stage=all_dl | epoch=2 | step=108 | users=1457/1457
NDCG  | @5 0.091967 | @10 0.093277
Recall| @5 0.096088 | @10 0.100206
Hit   | @5 0.096088 | @10 0.100206
================================
2026-10-03 13:05:14,569 | INFO | PERIODIC VALIDATION SEQUENCE_LENGTH {"basis": "filtered_full_sequence", "long": {"evaluated_users": 219, "history_length_max": 119, "history_length_mean": 20.98173515981735, "history_length_min": 11, "hit@10": 0.0502283105022831, "hit@5": 0.0365296803652968, "ndcg@10": 0.035745125960619496, "ndcg@5": 0.03147392356490581, "recall@10": 0.0502283105022831, "recall@5": 0.0365296803652968, "total_users": 219}, "long_rule": "length > threshold", "short": {"evaluated_users": 1238, "history_length_max": 10, "history_length_mean": 5.27221324717286, "history_length_min": 3, "hit@10": 0.10904684975767366, "hit@5": 0.10662358642972536, "ndcg@10": 0.10345380448004393, "ndcg@5": 0.10266810007006193, "recall@10": 0.10904684975767366, "recall@5": 0.10662358642972536, "total_users": 1238}, "short_rule": "length <= threshold", "threshold": 10}
2026-10-03 13:05:21,906 | INFO | 
========== PERIODIC TEST ==========
stage=all_dl | epoch=2 | step=108 | users=1457/1457
NDCG  | @5 0.106096 | @10 0.107445
Recall| @5 0.111187 | @10 0.115305
Hit   | @5 0.111187 | @10 0.115305
================================
2026-10-03 13:05:21,906 | INFO | PERIODIC TEST SEQUENCE_LENGTH {"basis": "filtered_full_sequence", "long": {"evaluated_users": 219, "history_length_max": 119, "history_length_mean": 20.98173515981735, "history_length_min": 11, "hit@10": 0.045662100456621, "hit@5": 0.0410958904109589, "ndcg@10": 0.03299560136212831, "ndcg@5": 0.03155512247269576, "recall@10": 0.045662100456621, "recall@5": 0.0410958904109589, "total_users": 219}, "long_rule": "length > threshold", "short": {"evaluated_users": 1238, "history_length_max": 10, "history_length_mean": 5.27221324717286, "history_length_min": 3, "hit@10": 0.12762520193861066, "hit@5": 0.12358642972536349, "ndcg@10": 0.12061464302303253, "ndcg@5": 0.11928162411297359, "recall@10": 0.12762520193861066, "recall@5": 0.12358642972536349, "total_users": 1238}, "short_rule": "length <= threshold", "threshold": 10}
2026-10-03 13:05:21,907 | INFO | VALID_STEP step=108 stage=all_dl epoch=2 ndcg@10=0.093277 recall@10=0.100206 improved=True
2026-10-03 13:05:21,910 | INFO | BEST_MODEL_IN_MEMORY step=108 stage=all_dl ndcg@10=0.093277
2026-10-03 13:05:21,910 | INFO | LEARNING_RATE step=108 stage=all_dl lr=0.0001
2026-10-03 13:05:21,910 | INFO | stage=all_dl epoch=2 loss=4.100871 steps=54 transitions/s=490.47
2026-10-03 13:05:54,366 | INFO | 
========== PERIODIC VALIDATION ==========
stage=all_dl | epoch=3 | step=162 | users=1457/1457
NDCG  | @5 0.092829 | @10 0.093669
Recall| @5 0.096774 | @10 0.099520
Hit   | @5 0.096774 | @10 0.099520
================================
2026-10-03 13:05:54,367 | INFO | PERIODIC VALIDATION SEQUENCE_LENGTH {"basis": "filtered_full_sequence", "long": {"evaluated_users": 219, "history_length_max": 119, "history_length_mean": 20.98173515981735, "history_length_min": 11, "hit@10": 0.045662100456621, "hit@5": 0.0365296803652968, "ndcg@10": 0.03605581203717, "ndcg@5": 0.03315917583170281, "recall@10": 0.045662100456621, "recall@5": 0.0365296803652968, "total_users": 219}, "long_rule": "length > threshold", "short": {"evaluated_users": 1238, "history_length_max": 10, "history_length_mean": 5.27221324717286, "history_length_min": 3, "hit@10": 0.10904684975767366, "hit@5": 0.1074313408723748, "ndcg@10": 0.10386111107912202, "ndcg@5": 0.10338445936508174, "recall@10": 0.10904684975767366, "recall@5": 0.1074313408723748, "total_users": 1238}, "short_rule": "length <= threshold", "threshold": 10}
2026-10-03 13:06:01,705 | INFO | 
========== PERIODIC TEST ==========
stage=all_dl | epoch=3 | step=162 | users=1457/1457
NDCG  | @5 0.106880 | @10 0.108011
Recall| @5 0.113246 | @10 0.116678
Hit   | @5 0.113246 | @10 0.116678
================================
2026-10-03 13:06:01,705 | INFO | PERIODIC TEST SEQUENCE_LENGTH {"basis": "filtered_full_sequence", "long": {"evaluated_users": 219, "history_length_max": 119, "history_length_mean": 20.98173515981735, "history_length_min": 11, "hit@10": 0.045662100456621, "hit@5": 0.045662100456621, "ndcg@10": 0.03383822749552681, "ndcg@5": 0.03383822749552681, "recall@10": 0.045662100456621, "recall@5": 0.045662100456621, "total_users": 219}, "long_rule": "length > threshold", "short": {"evaluated_users": 1238, "history_length_max": 10, "history_length_mean": 5.27221324717286, "history_length_min": 3, "hit@10": 0.12924071082390953, "hit@5": 0.12520193861066237, "ndcg@10": 0.12113185315964159, "ndcg@5": 0.11980082917024146, "recall@10": 0.12924071082390953, "recall@5": 0.12520193861066237, "total_users": 1238}, "short_rule": "length <= threshold", "threshold": 10}
2026-10-03 13:06:01,706 | INFO | VALID_STEP step=162 stage=all_dl epoch=3 ndcg@10=0.093669 recall@10=0.099520 improved=True
2026-10-03 13:06:01,709 | INFO | BEST_MODEL_IN_MEMORY step=162 stage=all_dl ndcg@10=0.093669
2026-10-03 13:06:01,709 | INFO | LEARNING_RATE step=162 stage=all_dl lr=0.0001
2026-10-03 13:06:01,709 | INFO | stage=all_dl epoch=3 loss=4.062420 steps=54 transitions/s=268.67
2026-10-03 13:06:34,822 | INFO | 
========== PERIODIC VALIDATION ==========
stage=all_dl | epoch=4 | step=216 | users=1457/1457
NDCG  | @5 0.092348 | @10 0.093814
Recall| @5 0.096088 | @10 0.100892
Hit   | @5 0.096088 | @10 0.100892
================================
2026-10-03 13:06:34,822 | INFO | PERIODIC VALIDATION SEQUENCE_LENGTH {"basis": "filtered_full_sequence", "long": {"evaluated_users": 219, "history_length_max": 119, "history_length_mean": 20.98173515981735, "history_length_min": 11, "hit@10": 0.0502283105022831, "hit@5": 0.0365296803652968, "ndcg@10": 0.037430378227416496, "ndcg@5": 0.03315917583170281, "recall@10": 0.0502283105022831, "recall@5": 0.0365296803652968, "total_users": 219}, "long_rule": "length > threshold", "short": {"evaluated_users": 1238, "history_length_max": 10, "history_length_mean": 5.27221324717286, "history_length_min": 3, "hit@10": 0.1098546042003231, "hit@5": 0.10662358642972536, "ndcg@10": 0.10378855840933773, "ndcg@5": 0.10281882673543871, "recall@10": 0.1098546042003231, "recall@5": 0.10662358642972536, "total_users": 1238}, "short_rule": "length <= threshold", "threshold": 10}
2026-10-03 13:06:41,589 | INFO | 
========== PERIODIC TEST ==========
stage=all_dl | epoch=4 | step=216 | users=1457/1457
NDCG  | @5 0.107574 | @10 0.108639
Recall| @5 0.114619 | @10 0.118051
Hit   | @5 0.114619 | @10 0.118051
================================
2026-10-03 13:06:41,589 | INFO | PERIODIC TEST SEQUENCE_LENGTH {"basis": "filtered_full_sequence", "long": {"evaluated_users": 219, "history_length_max": 119, "history_length_mean": 20.98173515981735, "history_length_min": 11, "hit@10": 0.045662100456621, "hit@5": 0.045662100456621, "ndcg@10": 0.03492562700628976, "ndcg@5": 0.03492562700628976, "recall@10": 0.045662100456621, "recall@5": 0.045662100456621, "total_users": 219}, "long_rule": "length > threshold", "short": {"evaluated_users": 1238, "history_length_max": 10, "history_length_mean": 5.27221324717286, "history_length_min": 3, "hit@10": 0.1308562197092084, "hit@5": 0.12681744749596122, "ndcg@10": 0.12167848452295761, "ndcg@5": 0.12042579331763167, "recall@10": 0.1308562197092084, "recall@5": 0.12681744749596122, "total_users": 1238}, "short_rule": "length <= threshold", "threshold": 10}
2026-10-03 13:06:41,590 | INFO | VALID_STEP step=216 stage=all_dl epoch=4 ndcg@10=0.093814 recall@10=0.100892 improved=True
2026-10-03 13:06:41,594 | INFO | BEST_MODEL_IN_MEMORY step=216 stage=all_dl ndcg@10=0.093814
2026-10-03 13:06:41,594 | INFO | LEARNING_RATE step=216 stage=all_dl lr=0.0001
2026-10-03 13:06:41,594 | INFO | stage=all_dl epoch=4 loss=4.027831 steps=54 transitions/s=264.71
2026-10-03 13:07:10,383 | INFO | 
========== PERIODIC VALIDATION ==========
stage=all_dl | epoch=5 | step=270 | users=1457/1457
NDCG  | @5 0.091889 | @10 0.093420
Recall| @5 0.095402 | @10 0.100206
Hit   | @5 0.095402 | @10 0.100206
================================
2026-10-03 13:07:10,383 | INFO | PERIODIC VALIDATION SEQUENCE_LENGTH {"basis": "filtered_full_sequence", "long": {"evaluated_users": 219, "history_length_max": 119, "history_length_mean": 20.98173515981735, "history_length_min": 11, "hit@10": 0.0502283105022831, "hit@5": 0.0365296803652968, "ndcg@10": 0.037375742750950305, "ndcg@5": 0.03315917583170281, "recall@10": 0.0502283105022831, "recall@5": 0.0365296803652968, "total_users": 219}, "long_rule": "length > threshold", "short": {"evaluated_users": 1238, "history_length_max": 10, "history_length_mean": 5.27221324717286, "history_length_min": 3, "hit@10": 0.10904684975767366, "hit@5": 0.10581583198707593, "ndcg@10": 0.10333354268209508, "ndcg@5": 0.10227858679122993, "recall@10": 0.10904684975767366, "recall@5": 0.10581583198707593, "total_users": 1238}, "short_rule": "length <= threshold", "threshold": 10}
2026-10-03 13:07:15,866 | INFO | 
========== PERIODIC TEST ==========
stage=all_dl | epoch=5 | step=270 | users=1457/1457
NDCG  | @5 0.107682 | @10 0.108991
Recall| @5 0.114619 | @10 0.118737
Hit   | @5 0.114619 | @10 0.118737
================================
2026-10-03 13:07:15,866 | INFO | PERIODIC TEST SEQUENCE_LENGTH {"basis": "filtered_full_sequence", "long": {"evaluated_users": 219, "history_length_max": 119, "history_length_mean": 20.98173515981735, "history_length_min": 11, "hit@10": 0.0502283105022831, "hit@5": 0.045662100456621, "ndcg@10": 0.03636610589572231, "ndcg@5": 0.03492562700628976, "recall@10": 0.0502283105022831, "recall@5": 0.045662100456621, "total_users": 219}, "long_rule": "length > threshold", "short": {"evaluated_users": 1238, "history_length_max": 10, "history_length_mean": 5.27221324717286, "history_length_min": 3, "hit@10": 0.1308562197092084, "hit@5": 0.12681744749596122, "ndcg@10": 0.1218381882821875, "ndcg@5": 0.12055258729469491, "recall@10": 0.1308562197092084, "recall@5": 0.12681744749596122, "total_users": 1238}, "short_rule": "length <= threshold", "threshold": 10}
2026-10-03 13:07:15,867 | INFO | VALID_STEP step=270 stage=all_dl epoch=5 ndcg@10=0.093420 recall@10=0.100206 improved=False
2026-10-03 13:07:15,867 | INFO | LEARNING_RATE step=270 stage=all_dl lr=0.0001
2026-10-03 13:07:15,868 | INFO | stage=all_dl epoch=5 loss=3.998752 steps=54 transitions/s=297.79
2026-10-03 13:07:48,648 | INFO | 
========== PERIODIC VALIDATION ==========
stage=all_dl | epoch=6 | step=324 | users=1457/1457
NDCG  | @5 0.091722 | @10 0.093224
Recall| @5 0.095402 | @10 0.100206
Hit   | @5 0.095402 | @10 0.100206
================================
2026-10-03 13:07:48,648 | INFO | PERIODIC VALIDATION SEQUENCE_LENGTH {"basis": "filtered_full_sequence", "long": {"evaluated_users": 219, "history_length_max": 119, "history_length_mean": 20.98173515981735, "history_length_min": 11, "hit@10": 0.0547945205479452, "hit@5": 0.0365296803652968, "ndcg@10": 0.038870857116849046, "ndcg@5": 0.03315917583170281, "recall@10": 0.0547945205479452, "recall@5": 0.0365296803652968, "total_users": 219}, "long_rule": "length > threshold", "short": {"evaluated_users": 1238, "history_length_max": 10, "history_length_mean": 5.27221324717286, "history_length_min": 3, "hit@10": 0.10823909531502424, "hit@5": 0.10581583198707593, "ndcg@10": 0.1028389955877566, "ndcg@5": 0.10208143255347799, "recall@10": 0.10823909531502424, "recall@5": 0.10581583198707593, "total_users": 1238}, "short_rule": "length <= threshold", "threshold": 10}
2026-10-03 13:07:57,235 | INFO | 
========== PERIODIC TEST ==========
stage=all_dl | epoch=6 | step=324 | users=1457/1457
NDCG  | @5 0.108103 | @10 0.109699
Recall| @5 0.114619 | @10 0.119423
Hit   | @5 0.114619 | @10 0.119423
================================
2026-10-03 13:07:57,235 | INFO | PERIODIC TEST SEQUENCE_LENGTH {"basis": "filtered_full_sequence", "long": {"evaluated_users": 219, "history_length_max": 119, "history_length_mean": 20.98173515981735, "history_length_min": 11, "hit@10": 0.0547945205479452, "hit@5": 0.045662100456621, "ndcg@10": 0.038074213857620144, "ndcg@5": 0.03492562700628976, "recall@10": 0.0547945205479452, "recall@5": 0.045662100456621, "total_users": 219}, "long_rule": "length > threshold", "short": {"evaluated_users": 1238, "history_length_max": 10, "history_length_mean": 5.27221324717286, "history_length_min": 3, "hit@10": 0.1308562197092084, "hit@5": 0.12681744749596122, "ndcg@10": 0.12236921873435301, "ndcg@5": 0.12104785966364927, "recall@10": 0.1308562197092084, "recall@5": 0.12681744749596122, "total_users": 1238}, "short_rule": "length <= threshold", "threshold": 10}
2026-10-03 13:07:57,236 | INFO | VALID_STEP step=324 stage=all_dl epoch=6 ndcg@10=0.093224 recall@10=0.100206 improved=False
2026-10-03 13:07:57,236 | INFO | LEARNING_RATE step=324 stage=all_dl lr=0.0001
2026-10-03 13:07:57,237 | INFO | stage=all_dl epoch=6 loss=3.973949 steps=54 transitions/s=283.28
2026-10-03 13:08:05,581 | INFO | 
========== FINAL CURRENT VALIDATION ==========
stage=final | epoch=0 | step=324 | users=1457/1457
NDCG  | @5 0.091722 | @10 0.093224
Recall| @5 0.095402 | @10 0.100206
Hit   | @5 0.095402 | @10 0.100206
================================
2026-10-03 13:08:05,582 | INFO | FINAL CURRENT VALIDATION SEQUENCE_LENGTH {"basis": "filtered_full_sequence", "long": {"evaluated_users": 219, "history_length_max": 119, "history_length_mean": 20.98173515981735, "history_length_min": 11, "hit@10": 0.0547945205479452, "hit@5": 0.0365296803652968, "ndcg@10": 0.038870857116849046, "ndcg@5": 0.03315917583170281, "recall@10": 0.0547945205479452, "recall@5": 0.0365296803652968, "total_users": 219}, "long_rule": "length > threshold", "short": {"evaluated_users": 1238, "history_length_max": 10, "history_length_mean": 5.27221324717286, "history_length_min": 3, "hit@10": 0.10823909531502424, "hit@5": 0.10581583198707593, "ndcg@10": 0.1028389955877566, "ndcg@5": 0.10208143255347799, "recall@10": 0.10823909531502424, "recall@5": 0.10581583198707593, "total_users": 1238}, "short_rule": "length <= threshold", "threshold": 10}
2026-10-03 13:08:05,582 | INFO | VALID_STEP step=324 stage=final epoch=0 ndcg@10=0.093224 recall@10=0.100206 improved=False
2026-10-03 13:08:05,618 | INFO | RESTORE_BEST step=216 stage=all_dl ndcg@10=0.093814
2026-10-03 13:08:22,374 | INFO | 
========== BEST CHECKPOINT VALIDATION ==========
stage=all_dl | epoch=0 | step=216 | users=1457/1457
NDCG  | @5 0.092348 | @10 0.093814
Recall| @5 0.096088 | @10 0.100892
Hit   | @5 0.096088 | @10 0.100892
================================
2026-10-03 13:08:22,374 | INFO | BEST CHECKPOINT VALIDATION SEQUENCE_LENGTH {"basis": "filtered_full_sequence", "long": {"evaluated_users": 219, "history_length_max": 119, "history_length_mean": 20.98173515981735, "history_length_min": 11, "hit@10": 0.0502283105022831, "hit@5": 0.0365296803652968, "ndcg@10": 0.037430378227416496, "ndcg@5": 0.03315917583170281, "recall@10": 0.0502283105022831, "recall@5": 0.0365296803652968, "total_users": 219}, "long_rule": "length > threshold", "short": {"evaluated_users": 1238, "history_length_max": 10, "history_length_mean": 5.27221324717286, "history_length_min": 3, "hit@10": 0.1098546042003231, "hit@5": 0.10662358642972536, "ndcg@10": 0.10378855840933773, "ndcg@5": 0.10281882673543871, "recall@10": 0.1098546042003231, "recall@5": 0.10662358642972536, "total_users": 1238}, "short_rule": "length <= threshold", "threshold": 10}
2026-10-03 13:08:22,374 | INFO | 
========== FINAL FULL TEST ==========
stage=all_dl | epoch=0 | step=216 | users=1457/1457
NDCG  | @5 0.107574 | @10 0.108639
Recall| @5 0.114619 | @10 0.118051
Hit   | @5 0.114619 | @10 0.118051
================================
2026-10-03 13:08:22,374 | INFO | FINAL FULL TEST SEQUENCE_LENGTH {"basis": "filtered_full_sequence", "long": {"evaluated_users": 219, "history_length_max": 119, "history_length_mean": 20.98173515981735, "history_length_min": 11, "hit@10": 0.045662100456621, "hit@5": 0.045662100456621, "ndcg@10": 0.03492562700628976, "ndcg@5": 0.03492562700628976, "recall@10": 0.045662100456621, "recall@5": 0.045662100456621, "total_users": 219}, "long_rule": "length > threshold", "short": {"evaluated_users": 1238, "history_length_max": 10, "history_length_mean": 5.27221324717286, "history_length_min": 3, "hit@10": 0.1308562197092084, "hit@5": 0.12681744749596122, "ndcg@10": 0.12167848452295761, "ndcg@5": 0.12042579331763167, "recall@10": 0.1308562197092084, "recall@5": 0.12681744749596122, "total_users": 1238}, "short_rule": "length <= threshold", "threshold": 10}
2026-10-03 13:08:22,374 | INFO | VALID_BEST {"evaluated_users": 1457, "hit@10": 0.10089224433768017, "hit@5": 0.09608785175017158, "ndcg@10": 0.09381433701629743, "ndcg@5": 0.09234836433714354, "preference_agent_weight": 0.0, "preference_change_probability": 0.0, "preference_current_entropy": 5.89461797000118e-06, "preference_next_entropy": 5.89461797000118e-06, "preference_ranking_weight": 0.0, "recall@10": 0.10089224433768017, "recall@5": 0.09608785175017158, "scores_per_second": 725840.2762324613, "sequence_length": {"basis": "filtered_full_sequence", "long": {"evaluated_users": 219, "history_length_max": 119, "history_length_mean": 20.98173515981735, "history_length_min": 11, "hit@10": 0.0502283105022831, "hit@5": 0.0365296803652968, "ndcg@10": 0.037430378227416496, "ndcg@5": 0.03315917583170281, "recall@10": 0.0502283105022831, "recall@5": 0.0365296803652968, "total_users": 219}, "long_rule": "length > threshold", "short": {"evaluated_users": 1238, "history_length_max": 10, "history_length_mean": 5.27221324717286, "history_length_min": 3, "hit@10": 0.1098546042003231, "hit@5": 0.10662358642972536, "ndcg@10": 0.10378855840933773, "ndcg@5": 0.10281882673543871, "recall@10": 0.1098546042003231, "recall@5": 0.10662358642972536, "total_users": 1238}, "short_rule": "length <= threshold", "threshold": 10}, "short_agent_weight": 1.0, "short_preference_state_cosine": 0.0, "total_users": 1457, "users_per_second": 177.4670602035358}
2026-10-03 13:08:22,375 | INFO | TEST_FINAL {"evaluated_users": 1457, "hit@10": 0.11805078929306795, "hit@5": 0.11461908030199039, "ndcg@10": 0.1086387608095482, "ndcg@5": 0.1075743601268174, "preference_agent_weight": 0.0, "preference_change_probability": 0.0, "preference_current_entropy": 5.89461797000118e-06, "preference_next_entropy": 5.89461797000118e-06, "preference_ranking_weight": 0.0, "recall@10": 0.11805078929306795, "recall@5": 0.11461908030199039, "scores_per_second": 698128.8920418808, "sequence_length": {"basis": "filtered_full_sequence", "long": {"evaluated_users": 219, "history_length_max": 119, "history_length_mean": 20.98173515981735, "history_length_min": 11, "hit@10": 0.045662100456621, "hit@5": 0.045662100456621, "ndcg@10": 0.03492562700628976, "ndcg@5": 0.03492562700628976, "recall@10": 0.045662100456621, "recall@5": 0.045662100456621, "total_users": 219}, "long_rule": "length > threshold", "short": {"evaluated_users": 1238, "history_length_max": 10, "history_length_mean": 5.27221324717286, "history_length_min": 3, "hit@10": 0.1308562197092084, "hit@5": 0.12681744749596122, "ndcg@10": 0.12167848452295761, "ndcg@5": 0.12042579331763167, "recall@10": 0.1308562197092084, "recall@5": 0.12681744749596122, "total_users": 1238}, "short_rule": "length <= threshold", "threshold": 10}, "short_agent_weight": 1.0, "short_preference_state_cosine": 0.0, "total_users": 1457, "users_per_second": 170.69166064593662}
2026-10-03 13:08:22,375 | INFO | TARGET_RESULT metric=recall@10 target=>0.150000 actual=0.118051 achieved=False
2026-10-03 13:08:22,892 | INFO | FINAL_LENGTH_SCORES dataset=amazon-all-beauty group=short split=valid threshold=10 users=1238/1238 scores={"hit@10": 0.1098546042003231, "hit@5": 0.10662358642972536, "ndcg@10": 0.10378855840933773, "ndcg@5": 0.10281882673543871, "recall@10": 0.1098546042003231, "recall@5": 0.10662358642972536}
2026-10-03 13:08:22,892 | INFO | FINAL_LENGTH_SCORES dataset=amazon-all-beauty group=short split=test threshold=10 users=1238/1238 scores={"hit@10": 0.1308562197092084, "hit@5": 0.12681744749596122, "ndcg@10": 0.12167848452295761, "ndcg@5": 0.12042579331763167, "recall@10": 0.1308562197092084, "recall@5": 0.12681744749596122}
2026-10-03 13:08:22,892 | INFO | short_scores=/workspace/P78123011/MediaTek_2026_project/ver5/outputs_mamba_rl/amazons_long_short_S1_P0_G1_C0_SW4/Full_Beauty/rl_20261003_130435_r1_929128/short_scores.json
2026-10-03 13:08:22,892 | INFO | FINAL_LENGTH_SCORES dataset=amazon-all-beauty group=long split=valid threshold=10 users=219/219 scores={"hit@10": 0.0502283105022831, "hit@5": 0.0365296803652968, "ndcg@10": 0.037430378227416496, "ndcg@5": 0.03315917583170281, "recall@10": 0.0502283105022831, "recall@5": 0.0365296803652968}
2026-10-03 13:08:22,892 | INFO | FINAL_LENGTH_SCORES dataset=amazon-all-beauty group=long split=test threshold=10 users=219/219 scores={"hit@10": 0.045662100456621, "hit@5": 0.045662100456621, "ndcg@10": 0.03492562700628976, "ndcg@5": 0.03492562700628976, "recall@10": 0.045662100456621, "recall@5": 0.045662100456621}
2026-10-03 13:08:22,893 | INFO | long_scores=/workspace/P78123011/MediaTek_2026_project/ver5/outputs_mamba_rl/amazons_long_short_S1_P0_G1_C0_SW4/Full_Beauty/rl_20261003_130435_r1_929128/long_scores.json
2026-10-03 13:08:22,893 | INFO | scores=/workspace/P78123011/MediaTek_2026_project/ver5/outputs_mamba_rl/amazons_long_short_S1_P0_G1_C0_SW4/Full_Beauty/rl_20261003_130435_r1_929128/Full_Beauty_scores.json
2026-10-03 13:08:22,893 | INFO | outputs=/workspace/P78123011/MediaTek_2026_project/ver5/outputs_mamba_rl/amazons_long_short_S1_P0_G1_C0_SW4/Full_Beauty/rl_20261003_130435_r1_929128
