2026-09-07 07:13:49,136 | INFO | run_id=20260907_071349 dataset=amazon:Baby_Products device=cuda:0
2026-09-07 07:13:49,136 | INFO | MODEL recommender=MultiAgentMambaRecommender semantic_encoder=MambaTextEncoder semantic_model_id=state-spaces/mamba-130m-hf graph_backbone=LightGCN adaptation=multi_lora
2026-09-07 07:13:49,136 | INFO | EXPERIMENT_NOTE amazons_lora subset=Baby_Products; common preprocessing; common architecture; periodic validation/test
2026-09-07 07:13:49,137 | INFO | EXPERIMENT_CONFIG {"batch_size": 128, "cache_dir": "/workspace/P78123011/cache", "candidates": 192, "coordinator_epochs": 3, "coordinator_lr": 0.0001, "data_path": null, "dataset": "amazon:Baby_Products", "device": "cuda:0", "dim": 128, "early_stopping_patience": 6, "enable_lora": 1, "eval_batch_size": 64, "experiment_note": "amazons_lora subset=Baby_Products; common preprocessing; common architecture; periodic validation/test", "full_catalog_supervised": false, "future_decay": 0.5, "future_horizon": 3, "generate_reasons": false, "graph_device": "cuda:0", "hard_negative_pool_multiplier": 4, "item_prompt_prefix": "Preference-aware product representation: ", "item_vector_artifact": null, "joint_epochs": 7, "joint_lr": 5e-05, "lora_alpha": 32.0, "lora_dropout": 0.05, "lora_rank": 16, "lr_patience": 2, "mamba_encode_batch_size": 32, "mamba_max_tokens": 32, "mamba_model_id": "state-spaces/mamba-130m-hf", "max_events": null, "max_history": 100, "max_transitions": 1500000, "min_rating": 4.0, "monitor_metric": "ndcg@10", "output_dir": "/workspace/P78123011/MediaTek_2026_project/ver4/outputs_mamba_rl/amazons_lora", "output_run_dir": "/workspace/P78123011/MediaTek_2026_project/ver4/outputs_mamba_rl/amazons_lora/Baby_Products/rl_20260907_071348", "periodic_test_user_limit": 0, "popularity_alpha": 0.3, "preference_balance_coef": 0.01, "preference_coef": 0.2, "preference_contrastive_coef": 0.05, "preference_count": 64, "preference_hidden": 128, "preference_score_weight": 0.2, "preference_separation_coef": 0.01, "preference_temperature": 0.2, "preference_transition_coef": 0.1, "reason_count": 20, "reason_max_new_tokens": 40, "refresh_data_cache": false, "resume_checkpoint": null, "save_model_weights": false, "score_file": "/workspace/P78123011/MediaTek_2026_project/ver4/outputs_mamba_rl/amazons_lora/Baby_Products/rl_20260907_071348/Baby_Products_scores.json", "seed": 25252, "short_window": 10, "skip_mamba": false, "specialist_epochs": 3, "specialist_lr": 0.0001, "target_recall_at_10": 0.15, "transition_beta": 0.5, "use_graph_embeddings": true, "validate_every_steps": 6000, "validation_user_limit": 0}
2026-09-07 07:13:49,398 | INFO | INTERACTION_CACHE hit path=/workspace/P78123011/cache/mamba_multi_agent_data/amazon_Baby_Products_e6e228b87df8.pkl
2026-09-07 07:13:49,401 | INFO | users=184834 items=77324 train_interactions=1121805
2026-09-07 07:13:53,300 | INFO | CATALOG_PRIORS popularity_alpha=0.300000 transition_beta=0.500000 source=train_histories_only enabled=True
2026-09-07 07:15:29,121 | INFO | ITEM_VECTOR_ARTIFACT path=/workspace/P78123011/cache/mamba_multi_agent/amazon_Baby_Products_77324_1b6c35e33122_prompt_tok32.pt fingerprint=1b6c35e33122
2026-09-07 07:15:29,121 | INFO | SEMANTIC_BACKBONE model_id=state-spaces/mamba-130m-hf hidden_size=768 frozen=True usage=shared_cached_item_vectors
2026-09-07 07:15:29,493 | INFO | GRAPH_EMBEDDINGS enabled=True source=train_histories_only main_device=cuda:0 graph_device=cuda:0
2026-09-07 07:15:29,747 | INFO | ADAPTATION_MODE mode=multi_lora enable_lora=1
2026-09-07 07:15:29,747 | INFO | ADAPTER_ROUTES {'long': ('candidate_lora', 'delta_lora', 'gate_lora', 'output_lora'), 'short': ('candidate_lora', 'delta_lora', 'gate_lora', 'output_lora'), 'preference': ('transition_lora', 'state_lora'), 'coordinator': ('state_lora', 'mix_lora', 'score_lora')}
2026-09-07 07:15:29,748 | INFO | agent_parameters={'long': 16513, 'short': 16513, 'preference': 99330, 'coordinator': 14373, 'shared_projection': 98304, 'graph': 33556224}
2026-09-07 07:15:31,413 | INFO | training_transitions=936971
2026-09-07 07:15:31,413 | INFO | schedule specialist_epochs=3 coordinator_epochs=3 joint_ranking_epochs=7 validate_every_steps=6000 validation_users=0 periodic_test_users=0 monitor=ndcg@10 early_stopping_patience=6
2026-09-07 07:27:49,486 | INFO | 
========== PERIODIC VALIDATION ==========
stage=specialists | epoch=1 | step=6000 | users=184584/184584
NDCG  | @5 0.015159 | @10 0.018708
Recall| @5 0.021643 | @10 0.032706
Hit   | @5 0.021643 | @10 0.032706
================================
2026-09-07 07:28:40,266 | INFO | 
========== PERIODIC TEST ==========
stage=specialists | epoch=1 | step=6000 | users=184584/184584
NDCG  | @5 0.015619 | @10 0.018778
Recall| @5 0.021838 | @10 0.031682
Hit   | @5 0.021838 | @10 0.031682
================================
2026-09-07 07:28:40,266 | INFO | VALID_STEP step=6000 stage=specialists epoch=1 ndcg@10=0.018708 recall@10=0.032706 improved=True
2026-09-07 07:28:40,336 | INFO | BEST_MODEL_IN_MEMORY step=6000 stage=specialists ndcg@10=0.018708
2026-09-07 07:31:10,298 | INFO | stage=specialists epoch=1 loss=13.915383 steps=7321 transitions/s=1120.42
