2026-08-27 00:56:46,444 | INFO | run_id=20260827_005646 dataset=movielens-1m device=cuda
2026-08-27 00:56:46,444 | INFO | EXPERIMENT_NOTE MOVIELENS SWEEP RUN 1/3. Fixed method: three-agent Mamba-RL, full-catalog CE anchor, training-only catalog-calibration module, validation every 1000 steps, best-checkpoint restore, chronological leave-two-out and full-catalog test. Common initialization: specialist checkpoint 20260826_154040 step 9000. Hyperparameters for this run only: batch=512, candidates=256, extra specialist/coordinator/joint epochs=1/2/12, lrs=2e-4/3e-4/5e-5, supervised=0.5, entropy=0.005, popularity_alpha=0, transition_beta=0. This is the neural baseline; later runs are selected from validation only.
2026-08-27 00:56:46,444 | INFO | EXPERIMENT_CONFIG {"batch_size": 512, "cache_dir": "/workspace/P78123011/cache", "candidates": 256, "coordinator_epochs": 2, "coordinator_lr": 0.0003, "data_path": null, "dataset": "movielens-1m", "device": "cuda", "dim": 128, "early_stopping_patience": 4, "entropy_coef": 0.005, "eval_batch_size": 1024, "experiment_note": "MOVIELENS SWEEP RUN 1/3. Fixed method: three-agent Mamba-RL, full-catalog CE anchor, training-only catalog-calibration module, validation every 1000 steps, best-checkpoint restore, chronological leave-two-out and full-catalog test. Common initialization: specialist checkpoint 20260826_154040 step 9000. Hyperparameters for this run only: batch=512, candidates=256, extra specialist/coordinator/joint epochs=1/2/12, lrs=2e-4/3e-4/5e-5, supervised=0.5, entropy=0.005, popularity_alpha=0, transition_beta=0. This is the neural baseline; later runs are selected from validation only.", "full_catalog_supervised": true, "generate_reasons": false, "item_vector_artifact": "/workspace/P78123011/cache/mamba_multi_agent/movielens-1m_3533_d3193a313f17.pt", "joint_lr": 5e-05, "lora_alpha": 16.0, "lora_dropout": 0.05, "lora_rank": 8, "lr_patience": 1, "max_events": null, "max_history": 100, "max_transitions": 500000, "min_rating": 4.0, "min_user_events": 5, "monitor_metric": "recall@10", "output_dir": "/workspace/P78123011/MediaTek_2026_project/outputs_mamba_rl", "popularity_alpha": 0.0, "reason_count": 0, "reason_max_new_tokens": 40, "resume_checkpoint": "/workspace/P78123011/MediaTek_2026_project/outputs_mamba_rl/movielens-1m/20260826_154040/best_validation.pt", "rl_epochs": 12, "seed": 25252, "short_window": 10, "skip_mamba": false, "specialist_epochs": 1, "specialist_lr": 0.0002, "specialization_coef": 0.01, "supervised_coef": 0.5, "target_recall_at_10": 0.15, "transition_beta": 0.0, "validate_every_steps": 1000}
2026-08-27 00:56:47,263 | INFO | users=6034 items=3533 train_interactions=563204
2026-08-27 00:56:47,264 | INFO | CATALOG_PRIORS popularity_alpha=0.000000 transition_beta=0.000000 source=train_histories_only enabled=False
2026-08-27 00:56:47,272 | INFO | ITEM_VECTOR_ARTIFACT path=/workspace/P78123011/cache/mamba_multi_agent/movielens-1m_3533_d3193a313f17.pt fingerprint=d3193a313f17
2026-08-27 00:56:47,404 | INFO | RESUME_CHECKPOINT path=/workspace/P78123011/MediaTek_2026_project/outputs_mamba_rl/movielens-1m/20260826_154040/best_validation.pt
2026-08-27 00:56:47,405 | INFO | agent_parameters={'long': 8321, 'short': 8321, 'coordinator': 7185, 'shared_projection': 327680}
2026-08-27 00:56:47,950 | INFO | training_transitions=500000
2026-08-27 00:56:47,950 | INFO | schedule specialist_epochs=1 coordinator_epochs=2 rl_epochs=12 validate_every_steps=1000 monitor=recall@10 early_stopping_patience=4
2026-08-27 00:56:48,494 | INFO | VALID_STEP step=0 stage=resume epoch=0 recall@10=0.124130 recall@10=0.124130 improved=True
2026-08-27 00:56:48,497 | INFO | BEST_CHECKPOINT step=0 stage=resume recall@10=0.124130 path=/workspace/P78123011/MediaTek_2026_project/outputs_mamba_rl/movielens-1m/20260827_005646/best_validation.pt
2026-08-27 00:57:54,212 | INFO | stage=specialists epoch=1 loss=12.984033 steps=977 transitions/s=7683.37
2026-08-27 00:57:55,343 | INFO | VALID_STEP step=1000 stage=coordinator epoch=1 recall@10=0.139874 recall@10=0.139874 improved=True
2026-08-27 00:57:55,348 | INFO | BEST_CHECKPOINT step=1000 stage=coordinator recall@10=0.139874 path=/workspace/P78123011/MediaTek_2026_project/outputs_mamba_rl/movielens-1m/20260827_005646/best_validation.pt
2026-08-27 00:57:55,348 | INFO | LEARNING_RATE step=1000 stage=coordinator lr=0.0003
2026-08-27 00:58:22,707 | INFO | stage=coordinator epoch=1 loss=6.360019 steps=977 transitions/s=17838.09
2026-08-27 00:58:24,492 | INFO | VALID_STEP step=2000 stage=coordinator epoch=2 recall@10=0.143520 recall@10=0.143520 improved=True
2026-08-27 00:58:24,546 | INFO | BEST_CHECKPOINT step=2000 stage=coordinator recall@10=0.143520 path=/workspace/P78123011/MediaTek_2026_project/outputs_mamba_rl/movielens-1m/20260827_005646/best_validation.pt
2026-08-27 00:58:24,547 | INFO | LEARNING_RATE step=2000 stage=coordinator lr=0.0003
2026-08-27 00:58:51,253 | INFO | stage=coordinator epoch=2 loss=6.342194 steps=977 transitions/s=17806.96
2026-08-27 00:58:56,883 | INFO | VALID_STEP step=3000 stage=joint epoch=1 recall@10=0.146835 recall@10=0.146835 improved=True
2026-08-27 00:58:56,886 | INFO | BEST_CHECKPOINT step=3000 stage=joint recall@10=0.146835 path=/workspace/P78123011/MediaTek_2026_project/outputs_mamba_rl/movielens-1m/20260827_005646/best_validation.pt
2026-08-27 00:58:56,886 | INFO | LEARNING_RATE step=3000 stage=joint lr=5e-05
2026-08-27 01:00:04,320 | INFO | stage=joint epoch=1 loss=2.840656 steps=977 transitions/s=6885.23
2026-08-27 01:00:11,864 | INFO | VALID_STEP step=4000 stage=joint epoch=2 recall@10=0.150315 recall@10=0.150315 improved=True
2026-08-27 01:00:11,867 | INFO | BEST_CHECKPOINT step=4000 stage=joint recall@10=0.150315 path=/workspace/P78123011/MediaTek_2026_project/outputs_mamba_rl/movielens-1m/20260827_005646/best_validation.pt
2026-08-27 01:00:11,867 | INFO | LEARNING_RATE step=4000 stage=joint lr=5e-05
2026-08-27 01:01:17,784 | INFO | stage=joint epoch=2 loss=2.802004 steps=977 transitions/s=6848.33
2026-08-27 01:01:26,838 | INFO | VALID_STEP step=5000 stage=joint epoch=3 recall@10=0.154790 recall@10=0.154790 improved=True
2026-08-27 01:01:26,840 | INFO | BEST_CHECKPOINT step=5000 stage=joint recall@10=0.154790 path=/workspace/P78123011/MediaTek_2026_project/outputs_mamba_rl/movielens-1m/20260827_005646/best_validation.pt
2026-08-27 01:01:26,840 | INFO | LEARNING_RATE step=5000 stage=joint lr=5e-05
2026-08-27 01:02:31,528 | INFO | stage=joint epoch=3 loss=2.768371 steps=977 transitions/s=6822.36
2026-08-27 01:02:42,411 | INFO | VALID_STEP step=6000 stage=joint epoch=4 recall@10=0.156613 recall@10=0.156613 improved=True
2026-08-27 01:02:42,413 | INFO | BEST_CHECKPOINT step=6000 stage=joint recall@10=0.156613 path=/workspace/P78123011/MediaTek_2026_project/outputs_mamba_rl/movielens-1m/20260827_005646/best_validation.pt
2026-08-27 01:02:42,413 | INFO | LEARNING_RATE step=6000 stage=joint lr=5e-05
2026-08-27 01:03:45,123 | INFO | stage=joint epoch=4 loss=2.734286 steps=977 transitions/s=6836.32
2026-08-27 01:03:57,683 | INFO | VALID_STEP step=7000 stage=joint epoch=5 recall@10=0.165728 recall@10=0.165728 improved=True
2026-08-27 01:03:57,685 | INFO | BEST_CHECKPOINT step=7000 stage=joint recall@10=0.165728 path=/workspace/P78123011/MediaTek_2026_project/outputs_mamba_rl/movielens-1m/20260827_005646/best_validation.pt
2026-08-27 01:03:57,686 | INFO | LEARNING_RATE step=7000 stage=joint lr=5e-05
2026-08-27 01:04:59,188 | INFO | stage=joint epoch=5 loss=2.708388 steps=977 transitions/s=6792.51
2026-08-27 01:05:13,876 | INFO | VALID_STEP step=8000 stage=joint epoch=6 recall@10=0.168711 recall@10=0.168711 improved=True
2026-08-27 01:05:13,881 | INFO | BEST_CHECKPOINT step=8000 stage=joint recall@10=0.168711 path=/workspace/P78123011/MediaTek_2026_project/outputs_mamba_rl/movielens-1m/20260827_005646/best_validation.pt
2026-08-27 01:05:13,881 | INFO | LEARNING_RATE step=8000 stage=joint lr=5e-05
2026-08-27 01:06:14,180 | INFO | stage=joint epoch=6 loss=2.682159 steps=977 transitions/s=6709.71
2026-08-27 01:06:30,252 | INFO | VALID_STEP step=9000 stage=joint epoch=7 recall@10=0.171694 recall@10=0.171694 improved=True
2026-08-27 01:06:30,257 | INFO | BEST_CHECKPOINT step=9000 stage=joint recall@10=0.171694 path=/workspace/P78123011/MediaTek_2026_project/outputs_mamba_rl/movielens-1m/20260827_005646/best_validation.pt
2026-08-27 01:06:30,257 | INFO | LEARNING_RATE step=9000 stage=joint lr=5e-05
2026-08-27 01:07:28,210 | INFO | stage=joint epoch=7 loss=2.657815 steps=977 transitions/s=6796.25
2026-08-27 01:07:45,868 | INFO | VALID_STEP step=10000 stage=joint epoch=8 recall@10=0.172688 recall@10=0.172688 improved=True
2026-08-27 01:07:45,870 | INFO | BEST_CHECKPOINT step=10000 stage=joint recall@10=0.172688 path=/workspace/P78123011/MediaTek_2026_project/outputs_mamba_rl/movielens-1m/20260827_005646/best_validation.pt
2026-08-27 01:07:45,871 | INFO | LEARNING_RATE step=10000 stage=joint lr=5e-05
2026-08-27 01:08:41,968 | INFO | stage=joint epoch=8 loss=2.639723 steps=977 transitions/s=6820.93
2026-08-27 01:09:01,324 | INFO | VALID_STEP step=11000 stage=joint epoch=9 recall@10=0.177494 recall@10=0.177494 improved=True
2026-08-27 01:09:01,329 | INFO | BEST_CHECKPOINT step=11000 stage=joint recall@10=0.177494 path=/workspace/P78123011/MediaTek_2026_project/outputs_mamba_rl/movielens-1m/20260827_005646/best_validation.pt
2026-08-27 01:09:01,329 | INFO | LEARNING_RATE step=11000 stage=joint lr=5e-05
2026-08-27 01:09:55,599 | INFO | stage=joint epoch=9 loss=2.613099 steps=977 transitions/s=6832.73
2026-08-27 01:10:16,923 | INFO | VALID_STEP step=12000 stage=joint epoch=10 recall@10=0.179649 recall@10=0.179649 improved=True
2026-08-27 01:10:16,977 | INFO | BEST_CHECKPOINT step=12000 stage=joint recall@10=0.179649 path=/workspace/P78123011/MediaTek_2026_project/outputs_mamba_rl/movielens-1m/20260827_005646/best_validation.pt
2026-08-27 01:10:16,977 | INFO | LEARNING_RATE step=12000 stage=joint lr=5e-05
2026-08-27 01:11:09,351 | INFO | stage=joint epoch=10 loss=2.594350 steps=977 transitions/s=6821.73
2026-08-27 01:11:31,921 | INFO | VALID_STEP step=13000 stage=joint epoch=11 recall@10=0.184123 recall@10=0.184123 improved=True
2026-08-27 01:11:31,975 | INFO | BEST_CHECKPOINT step=13000 stage=joint recall@10=0.184123 path=/workspace/P78123011/MediaTek_2026_project/outputs_mamba_rl/movielens-1m/20260827_005646/best_validation.pt
2026-08-27 01:11:31,975 | INFO | LEARNING_RATE step=13000 stage=joint lr=5e-05
2026-08-27 01:12:22,715 | INFO | stage=joint epoch=11 loss=2.578168 steps=977 transitions/s=6857.65
2026-08-27 01:12:47,083 | INFO | VALID_STEP step=14000 stage=joint epoch=12 recall@10=0.185283 recall@10=0.185283 improved=True
2026-08-27 01:12:47,138 | INFO | BEST_CHECKPOINT step=14000 stage=joint recall@10=0.185283 path=/workspace/P78123011/MediaTek_2026_project/outputs_mamba_rl/movielens-1m/20260827_005646/best_validation.pt
2026-08-27 01:12:47,138 | INFO | LEARNING_RATE step=14000 stage=joint lr=5e-05
2026-08-27 01:13:35,659 | INFO | stage=joint epoch=12 loss=2.558130 steps=977 transitions/s=6897.08
2026-08-27 01:13:35,999 | INFO | VALID_STEP step=14655 stage=final epoch=0 recall@10=0.184952 recall@10=0.184952 improved=False
2026-08-27 01:13:36,000 | INFO | RESTORE_BEST step=14000 stage=joint recall@10=0.185283
2026-08-27 01:13:36,676 | INFO | VALID_BEST {"ndcg@10": 0.09870711501402533, "ndcg@5": 0.07837017616926932, "recall@10": 0.18528339410009945, "recall@5": 0.12180974477958237, "scores_per_second": 63187689.405964606, "users_per_second": 17884.99558617736}
2026-08-27 01:13:36,676 | INFO | TEST_FINAL {"ndcg@10": 0.0980773953598068, "ndcg@5": 0.07961796908177877, "recall@10": 0.1769970169042095, "recall@5": 0.11932383162081538, "scores_per_second": 62971710.472291335, "users_per_second": 17823.863705715066}
2026-08-27 01:13:36,676 | INFO | TARGET_RESULT metric=recall@10 target=>0.150000 actual=0.176997 achieved=True
2026-08-27 01:13:36,855 | INFO | outputs=/workspace/P78123011/MediaTek_2026_project/outputs_mamba_rl/movielens-1m/20260827_005646
