2026-09-24 20:56:04,133 | INFO | run_id=20260924_205604 dataset=amazon-toys-and-games device=cuda:0
2026-09-24 20:56:04,133 | INFO | CUDA_SCOPE requested_physical=1 visible_count=1 main_logical=cuda:0 graph_logical=cuda:0
2026-09-24 20:56:04,133 | INFO | MODEL recommender=MultiAgentMambaRecommender semantic_encoder=MambaTextEncoder semantic_model_id=state-spaces/mamba-130m-hf graph_backbone=LightGCN adaptation=multi_lora
2026-09-24 20:56:04,133 | INFO | ABLATION USE_LONG=1 USE_SHORT=0 USE_PREFERENCE=0 USE_GCN=1
2026-09-24 20:56:04,133 | INFO | AGENT_HISTORY mode=full_history effective_max_history=100
2026-09-24 20:56:04,133 | INFO | EXPERIMENT_NOTE preliminary single full-history Mamba+LoRA+LightGCN; no coordinator or short/preference agents; no saved weights
2026-09-24 20:56:04,133 | INFO | EXPERIMENT_CONFIG {"agent_diversity_coef": 0.02, "batch_size": 128, "cache_dir": "/workspace/P78123011/cache", "candidates": 192, "coordinator_epochs": 0, "coordinator_lr": 0.0001, "data_path": null, "dataset": "amazon-toys-and-games", "device": "cuda:0", "dim": 128, "early_stopping_patience": 6, "enable_lora": 1, "eval_batch_size": 64, "eval_length_basis": "untruncated_train_history", "eval_length_threshold": null, "experiment_note": "preliminary single full-history Mamba+LoRA+LightGCN; no coordinator or short/preference agents; no saved weights", "full_catalog_supervised": false, "future_decay": 0.5, "future_horizon": 3, "generate_reasons": false, "graph_device": "cuda:0", "hard_negative_fraction": 0.75, "hard_negative_pool_multiplier": 12, "hard_negative_warmup_epochs": 2, "history_influence_negatives": 64, "history_influence_output": "/workspace/P78123011/MediaTek_2026_project/preliminary/outputs/training/amazon-toys-and-games/history_item_influence.csv", "history_influence_user_limit": 2000, "item_prompt_prefix": "Preference-aware product representation: ", "item_vector_artifact": null, "joint_epochs": 3, "joint_lr": 5e-05, "lora_alpha": 32.0, "lora_dropout": 0.05, "lora_rank": 16, "lr_patience": 2, "mamba_encode_batch_size": 32, "mamba_max_tokens": 32, "mamba_model_id": "state-spaces/mamba-130m-hf", "max_events": null, "max_history": 100, "max_transitions": 1500000, "min_rating": 4.0, "monitor_metric": "ndcg@10", "output_dir": "/workspace/P78123011/MediaTek_2026_project/ver4/outputs_mamba_rl/amazons_lora", "output_run_dir": "/workspace/P78123011/MediaTek_2026_project/preliminary/outputs/training/amazon-toys-and-games/single_mamba_lora_lightgcn_20260924_205603", "periodic_test_user_limit": 0, "popularity_alpha": 0.3, "preference_balance_coef": 0.01, "preference_coef": 0.2, "preference_contrastive_coef": 0.05, "preference_count": 32, "preference_hidden": 128, "preference_score_weight": 0.2, "preference_separation_coef": 0.01, "preference_sharpness_coef": 0.05, "preference_temperature": 0.2, "preference_transition_coef": 0.1, "reason_count": 20, "reason_max_new_tokens": 40, "refresh_data_cache": false, "resume_checkpoint": null, "save_model_weights": false, "score_file": "/workspace/P78123011/MediaTek_2026_project/preliminary/outputs/training/amazon-toys-and-games/single_mamba_lora_lightgcn_20260924_205603/amazon-toys-and-games_scores.json", "seed": 25252, "short_window": 10, "skip_mamba": false, "specialist_epochs": 0, "specialist_lr": 0.0001, "target_recall_at_10": 0.15, "transition_beta": 0.5, "use_graph_embeddings": true, "use_in_batch_negatives": true, "use_long": 1, "use_preference": 0, "use_short": 0, "validate_every_steps": 2147483647, "validation_user_limit": 0}
2026-09-24 20:56:05,024 | INFO | INTERACTION_CACHE hit path=/workspace/P78123011/cache/mamba_multi_agent_data/amazon-toys-and-games_2cc47abc910b.pkl
2026-09-24 20:56:05,034 | INFO | users=568262 items=333160 train_interactions=3734374
2026-09-24 20:56:17,249 | INFO | CATALOG_PRIORS popularity_alpha=0.300000 transition_beta=0.500000 source=train_histories_only enabled=True
2026-09-24 20:56:19,323 | INFO | ITEM_VECTOR_ARTIFACT path=/workspace/P78123011/cache/mamba_multi_agent/amazon-toys-and-games_333160_4d0b5392ebd5_prompt_tok32.pt fingerprint=4d0b5392ebd5
2026-09-24 20:56:19,323 | INFO | SEMANTIC_BACKBONE model_id=state-spaces/mamba-130m-hf hidden_size=768 frozen=True usage=shared_cached_item_vectors
2026-09-24 20:56:20,563 | INFO | GRAPH_EMBEDDINGS enabled=True source=train_histories_only main_device=cuda:0 graph_device=cuda:0
2026-09-24 20:56:21,365 | INFO | ADAPTATION_MODE mode=multi_lora enable_lora=1
2026-09-24 20:56:21,365 | INFO | ADAPTER_ROUTES {'long': ('candidate_lora', 'delta_lora', 'gate_lora', 'output_lora')}
2026-09-24 20:56:21,365 | INFO | agent_parameters={'long': 16513, 'short': 16513, 'preference': 78786, 'coordinator': 0, 'shared_projection': 98304, 'graph': 115382016}
2026-09-24 20:56:21,365 | INFO | PREDICTION_PATH graph_only=False active_agents=1 coordinator=False
2026-09-24 20:56:25,686 | INFO | training_transitions=1500000
2026-09-24 20:56:25,686 | INFO | schedule specialist_epochs=0 coordinator_epochs=0 joint_ranking_epochs=3 validate_every_steps=2147483647 validation_users=0 periodic_test_users=0 monitor=ndcg@10 early_stopping_patience=6
2026-09-24 20:56:25,686 | INFO | SKIP_STAGE stage=specialists epochs=0 use_coordinator=False
2026-09-24 20:56:25,686 | INFO | SKIP_STAGE stage=coordinator epochs=0 use_coordinator=False
2026-09-24 20:56:26,662 | INFO | TRAINING_BRANCHES stage=joint long=True short=False preference=False gcn=True preference_auxiliary=False preference_contrastive=False diversity_pairs=0 trainable_parameters=115496833
2026-09-24 21:38:14,144 | INFO | 
========== PERIODIC VALIDATION ==========
stage=joint | epoch=1 | step=11719 | users=564666/564666
NDCG  | @5 0.027428 | @10 0.030795
Recall| @5 0.036158 | @10 0.046612
Hit   | @5 0.036158 | @10 0.046612
================================
2026-09-24 21:40:50,340 | INFO | 
========== PERIODIC TEST ==========
stage=joint | epoch=1 | step=11719 | users=564666/564666
NDCG  | @5 0.025290 | @10 0.028224
Recall| @5 0.033050 | @10 0.042161
Hit   | @5 0.033050 | @10 0.042161
================================
2026-09-24 21:40:50,341 | INFO | VALID_STEP step=11719 stage=joint epoch=1 ndcg@10=0.030795 recall@10=0.046612 improved=True
2026-09-24 21:40:50,554 | INFO | BEST_MODEL_IN_MEMORY step=11719 stage=joint ndcg@10=0.030795
2026-09-24 21:40:50,554 | INFO | LEARNING_RATE step=11719 stage=joint lr=5e-05
2026-09-24 21:40:50,555 | INFO | stage=joint epoch=1 loss=4.929083 steps=11719 transitions/s=639.10
2026-09-24 22:22:35,433 | INFO | 
========== PERIODIC VALIDATION ==========
stage=joint | epoch=2 | step=23438 | users=564666/564666
NDCG  | @5 0.035949 | @10 0.040183
Recall| @5 0.047056 | @10 0.060186
Hit   | @5 0.047056 | @10 0.060186
================================
2026-09-24 22:25:10,950 | INFO | 
========== PERIODIC TEST ==========
stage=joint | epoch=2 | step=23438 | users=564666/564666
NDCG  | @5 0.033070 | @10 0.036755
Recall| @5 0.042499 | @10 0.053943
Hit   | @5 0.042499 | @10 0.053943
================================
2026-09-24 22:25:10,950 | INFO | VALID_STEP step=23438 stage=joint epoch=2 ndcg@10=0.040183 recall@10=0.060186 improved=True
2026-09-24 22:25:11,198 | INFO | BEST_MODEL_IN_MEMORY step=23438 stage=joint ndcg@10=0.040183
2026-09-24 22:25:11,198 | INFO | LEARNING_RATE step=23438 stage=joint lr=5e-05
2026-09-24 22:25:11,199 | INFO | stage=joint epoch=2 loss=4.801299 steps=11719 transitions/s=640.01
2026-09-24 23:06:57,439 | INFO | 
========== PERIODIC VALIDATION ==========
stage=joint | epoch=3 | step=35157 | users=564666/564666
NDCG  | @5 0.038518 | @10 0.043054
Recall| @5 0.050223 | @10 0.064298
Hit   | @5 0.050223 | @10 0.064298
================================
2026-09-24 23:09:33,188 | INFO | 
========== PERIODIC TEST ==========
stage=joint | epoch=3 | step=35157 | users=564666/564666
NDCG  | @5 0.036496 | @10 0.040237
Recall| @5 0.046378 | @10 0.057986
Hit   | @5 0.046378 | @10 0.057986
================================
2026-09-24 23:09:33,188 | INFO | VALID_STEP step=35157 stage=joint epoch=3 ndcg@10=0.043054 recall@10=0.064298 improved=True
2026-09-24 23:09:33,430 | INFO | BEST_MODEL_IN_MEMORY step=35157 stage=joint ndcg@10=0.043054
2026-09-24 23:09:33,430 | INFO | LEARNING_RATE step=35157 stage=joint lr=5e-05
2026-09-24 23:09:33,431 | INFO | stage=joint epoch=3 loss=4.410136 steps=11719 transitions/s=639.68
2026-09-24 23:12:09,082 | INFO | 
========== FINAL CURRENT VALIDATION ==========
stage=final | epoch=0 | step=35157 | users=564666/564666
NDCG  | @5 0.038518 | @10 0.043054
Recall| @5 0.050223 | @10 0.064298
Hit   | @5 0.050223 | @10 0.064298
================================
2026-09-24 23:12:09,082 | INFO | VALID_STEP step=35157 stage=final epoch=0 ndcg@10=0.043054 recall@10=0.064298 improved=False
2026-09-24 23:12:09,118 | INFO | RESTORE_BEST step=35157 stage=joint ndcg@10=0.043054
2026-09-24 23:17:22,089 | INFO | HISTORY_ITEM_INFLUENCE path=/workspace/P78123011/MediaTek_2026_project/preliminary/outputs/training/amazon-toys-and-games/history_item_influence.csv rows=15246 users_limit=2000 negatives=64
2026-09-24 23:17:22,089 | INFO | 
========== BEST CHECKPOINT VALIDATION ==========
stage=joint | epoch=0 | step=35157 | users=564666/564666
NDCG  | @5 0.038518 | @10 0.043054
Recall| @5 0.050223 | @10 0.064300
Hit   | @5 0.050223 | @10 0.064300
================================
2026-09-24 23:17:22,089 | INFO | 
========== FINAL FULL TEST ==========
stage=joint | epoch=0 | step=35157 | users=564666/564666
NDCG  | @5 0.036496 | @10 0.040237
Recall| @5 0.046378 | @10 0.057985
Hit   | @5 0.046378 | @10 0.057985
================================
2026-09-24 23:17:22,089 | INFO | VALID_BEST {"evaluated_users": 564666, "hit@10": 0.0642999578511899, "hit@5": 0.050222609471793946, "long_agent_weight": 1.0, "long_preference_state_cosine": 0.0, "long_short_state_cosine": 0.0, "ndcg@10": 0.04305425553727846, "ndcg@5": 0.038518015671565854, "preference_change_probability": 0.0, "preference_current_entropy": 5.894617970635068e-06, "preference_next_entropy": 5.894617970635068e-06, "preference_ranking_weight": 0.0, "recall@10": 0.0642999578511899, "recall@5": 0.050222609471793946, "scores_per_second": 1213138938.7356608, "short_agent_weight": 0.0, "short_preference_state_cosine": 0.0, "total_users": 564666, "users_per_second": 3641.3102975617144}
2026-09-24 23:17:22,089 | INFO | TEST_FINAL {"evaluated_users": 564666, "hit@10": 0.057984720170862064, "hit@5": 0.04637785876960894, "long_agent_weight": 1.0, "long_preference_state_cosine": 0.0, "long_short_state_cosine": 0.0, "ndcg@10": 0.04023684522101374, "ndcg@5": 0.03649646590411464, "preference_change_probability": 0.0, "preference_current_entropy": 5.894617970635068e-06, "preference_next_entropy": 5.894617970635068e-06, "preference_ranking_weight": 0.0, "recall@10": 0.057984720170862064, "recall@5": 0.04637785876960894, "scores_per_second": 1208185039.9179206, "short_agent_weight": 0.0, "short_preference_state_cosine": 0.0, "total_users": 564666, "users_per_second": 3626.4408690056443}
2026-09-24 23:17:22,089 | INFO | TARGET_RESULT metric=recall@10 target=>0.150000 actual=0.057985 achieved=False
2026-09-24 23:17:22,361 | INFO | scores=/workspace/P78123011/MediaTek_2026_project/preliminary/outputs/training/amazon-toys-and-games/single_mamba_lora_lightgcn_20260924_205603/amazon-toys-and-games_scores.json
2026-09-24 23:17:22,361 | INFO | outputs=/workspace/P78123011/MediaTek_2026_project/preliminary/outputs/training/amazon-toys-and-games/single_mamba_lora_lightgcn_20260924_205603
