2026-09-29 02:46:22,834 | INFO | run_id=20260929_024622 dataset=amazon-sports-and-outdoors device=cuda:0
2026-09-29 02:46:22,834 | INFO | CUDA_SCOPE requested_physical=1 visible_count=1 main_logical=cuda:0 graph_logical=cuda:0
2026-09-29 02:46:22,834 | INFO | MODEL recommender=MultiAgentMambaRecommender semantic_encoder=MambaTextEncoder semantic_model_id=state-spaces/mamba-130m-hf graph_backbone=LightGCN adaptation=multi_lora
2026-09-29 02:46:22,834 | INFO | ABLATION USE_LONG=1 USE_SHORT=0 USE_PREFERENCE=0 USE_GCN=1
2026-09-29 02:46:22,834 | INFO | AGENT_HISTORY mode=full_history effective_max_history=100
2026-09-29 02:46:22,834 | INFO | EXPERIMENT_NOTE preliminary inverse: reversed observed prefixes, chronological targets; single full-history Mamba+LoRA+LightGCN; no saved weights
2026-09-29 02:46:22,834 | INFO | EXPERIMENT_CONFIG {"agent_diversity_coef": 0.02, "batch_size": 128, "cache_dir": "/workspace/P78123011/cache", "candidates": 256, "coordinator_epochs": 0, "coordinator_lr": 0.0001, "data_path": null, "dataset": "amazon-sports-and-outdoors", "device": "cuda:0", "dim": 128, "early_stopping_patience": 6, "enable_lora": 1, "eval_batch_size": 64, "eval_length_basis": "untruncated_train_history", "eval_length_threshold": null, "experiment_note": "preliminary inverse: reversed observed prefixes, chronological targets; single full-history Mamba+LoRA+LightGCN; no saved weights", "full_catalog_supervised": false, "future_decay": 0.5, "future_horizon": 3, "generate_reasons": false, "graph_device": "cuda:0", "hard_negative_fraction": 0.75, "hard_negative_pool_multiplier": 12, "hard_negative_warmup_epochs": 2, "history_influence_negatives": 64, "history_influence_output": "/workspace/P78123011/MediaTek_2026_project/preliminary/outputs_inverse/training/amazon-sports-and-outdoors/history_item_influence.csv", "history_influence_user_limit": 2000, "item_prompt_prefix": "Preference-aware product representation: ", "item_vector_artifact": null, "joint_epochs": 3, "joint_lr": 5e-05, "lora_alpha": 32.0, "lora_dropout": 0.05, "lora_rank": 16, "lr_patience": 2, "mamba_encode_batch_size": 32, "mamba_max_tokens": 32, "mamba_model_id": "state-spaces/mamba-130m-hf", "max_events": null, "max_history": 100, "max_transitions": 1000000, "min_rating": 4.0, "monitor_metric": "ndcg@10", "output_dir": "/workspace/P78123011/MediaTek_2026_project/ver4/outputs_mamba_rl/amazons_lora", "output_run_dir": "/workspace/P78123011/MediaTek_2026_project/preliminary/outputs_inverse/training/amazon-sports-and-outdoors/single_mamba_lora_lightgcn_inverse_20260929_024622", "periodic_test_user_limit": 0, "popularity_alpha": 0.35, "preference_balance_coef": 0.01, "preference_coef": 0.2, "preference_contrastive_coef": 0.05, "preference_count": 32, "preference_hidden": 128, "preference_score_weight": 0.2, "preference_separation_coef": 0.01, "preference_sharpness_coef": 0.05, "preference_temperature": 0.2, "preference_transition_coef": 0.1, "reason_count": 20, "reason_max_new_tokens": 40, "refresh_data_cache": false, "resume_checkpoint": null, "reverse_history_input": true, "save_model_weights": false, "score_file": "/workspace/P78123011/MediaTek_2026_project/preliminary/outputs_inverse/training/amazon-sports-and-outdoors/single_mamba_lora_lightgcn_inverse_20260929_024622/amazon-sports-and-outdoors_scores.json", "seed": 25252, "short_window": 10, "skip_mamba": false, "specialist_epochs": 0, "specialist_lr": 0.0001, "target_recall_at_10": 0.15, "transition_beta": 0.5, "use_graph_embeddings": true, "use_in_batch_negatives": true, "use_long": 1, "use_preference": 0, "use_short": 0, "validate_every_steps": 2147483647, "validation_user_limit": 0}
2026-09-29 02:46:23,921 | INFO | INTERACTION_CACHE hit path=/workspace/P78123011/cache/mamba_multi_agent_data/amazon-sports-and-outdoors_fcc157f72b81.pkl
2026-09-29 02:46:23,927 | INFO | HISTORY_INPUT_ORDER reversed
2026-09-29 02:46:23,938 | INFO | users=631803 items=401572 train_interactions=3678023
2026-09-29 02:46:36,513 | INFO | CATALOG_PRIORS popularity_alpha=0.350000 transition_beta=0.500000 source=train_histories_only enabled=True
2026-09-29 02:46:38,993 | INFO | ITEM_VECTOR_ARTIFACT path=/workspace/P78123011/cache/mamba_multi_agent/amazon-sports-and-outdoors_401572_909fc18038f4_prompt_tok32.pt fingerprint=909fc18038f4
2026-09-29 02:46:38,993 | INFO | SEMANTIC_BACKBONE model_id=state-spaces/mamba-130m-hf hidden_size=768 frozen=True usage=shared_cached_item_vectors
2026-09-29 02:46:40,319 | INFO | GRAPH_EMBEDDINGS enabled=True source=train_histories_only main_device=cuda:0 graph_device=cuda:0
2026-09-29 02:46:41,245 | INFO | ADAPTATION_MODE mode=multi_lora enable_lora=1
2026-09-29 02:46:41,245 | INFO | ADAPTER_ROUTES {'long': ('candidate_lora', 'delta_lora', 'gate_lora', 'output_lora')}
2026-09-29 02:46:41,245 | INFO | agent_parameters={'long': 16513, 'short': 16513, 'preference': 78786, 'coordinator': 0, 'shared_projection': 98304, 'graph': 132272000}
2026-09-29 02:46:41,245 | INFO | PREDICTION_PATH graph_only=False active_agents=1 coordinator=False
2026-09-29 02:46:45,266 | INFO | training_transitions=1000000
2026-09-29 02:46:45,266 | INFO | schedule specialist_epochs=0 coordinator_epochs=0 joint_ranking_epochs=3 validate_every_steps=2147483647 validation_users=0 periodic_test_users=0 monitor=ndcg@10 early_stopping_patience=6
2026-09-29 02:46:45,266 | INFO | SKIP_STAGE stage=specialists epochs=0 use_coordinator=False
2026-09-29 02:46:45,266 | INFO | SKIP_STAGE stage=coordinator epochs=0 use_coordinator=False
2026-09-29 02:46:46,258 | INFO | TRAINING_BRANCHES stage=joint long=True short=False preference=False gcn=True preference_auxiliary=False preference_contrastive=False diversity_pairs=0 trainable_parameters=132386817
2026-09-29 03:14:07,205 | INFO | 
========== PERIODIC VALIDATION ==========
stage=joint | epoch=1 | step=7813 | users=625563/625563
NDCG  | @5 0.012803 | @10 0.015073
Recall| @5 0.017734 | @10 0.024798
Hit   | @5 0.017734 | @10 0.024798
================================
2026-09-29 03:16:54,013 | INFO | 
========== PERIODIC TEST ==========
stage=joint | epoch=1 | step=7813 | users=625563/625563
NDCG  | @5 0.012650 | @10 0.014726
Recall| @5 0.017236 | @10 0.023679
Hit   | @5 0.017236 | @10 0.023679
================================
2026-09-29 03:16:54,013 | INFO | VALID_STEP step=7813 stage=joint epoch=1 ndcg@10=0.015073 recall@10=0.024798 improved=True
2026-09-29 03:16:54,262 | INFO | BEST_MODEL_IN_MEMORY step=7813 stage=joint ndcg@10=0.015073
2026-09-29 03:16:54,262 | INFO | LEARNING_RATE step=7813 stage=joint lr=5e-05
2026-09-29 03:16:54,262 | INFO | stage=joint epoch=1 loss=5.313870 steps=7813 transitions/s=679.92
2026-09-29 03:44:16,573 | INFO | 
========== PERIODIC VALIDATION ==========
stage=joint | epoch=2 | step=15626 | users=625563/625563
NDCG  | @5 0.017752 | @10 0.020387
Recall| @5 0.023635 | @10 0.031850
Hit   | @5 0.023635 | @10 0.031850
================================
2026-09-29 03:47:02,951 | INFO | 
========== PERIODIC TEST ==========
stage=joint | epoch=2 | step=15626 | users=625563/625563
NDCG  | @5 0.016883 | @10 0.019209
Recall| @5 0.022444 | @10 0.029685
Hit   | @5 0.022444 | @10 0.029685
================================
2026-09-29 03:47:02,951 | INFO | VALID_STEP step=15626 stage=joint epoch=2 ndcg@10=0.020387 recall@10=0.031850 improved=True
2026-09-29 03:47:03,229 | INFO | BEST_MODEL_IN_MEMORY step=15626 stage=joint ndcg@10=0.020387
2026-09-29 03:47:03,229 | INFO | LEARNING_RATE step=15626 stage=joint lr=5e-05
2026-09-29 03:47:03,229 | INFO | stage=joint epoch=2 loss=5.225742 steps=7813 transitions/s=678.93
2026-09-29 04:14:25,117 | INFO | 
========== PERIODIC VALIDATION ==========
stage=joint | epoch=3 | step=23439 | users=625563/625563
NDCG  | @5 0.021410 | @10 0.024385
Recall| @5 0.028076 | @10 0.037330
Hit   | @5 0.028076 | @10 0.037330
================================
2026-09-29 04:17:11,714 | INFO | 
========== PERIODIC TEST ==========
stage=joint | epoch=3 | step=23439 | users=625563/625563
NDCG  | @5 0.019940 | @10 0.022622
Recall| @5 0.025831 | @10 0.034166
Hit   | @5 0.025831 | @10 0.034166
================================
2026-09-29 04:17:11,714 | INFO | VALID_STEP step=23439 stage=joint epoch=3 ndcg@10=0.024385 recall@10=0.037330 improved=True
2026-09-29 04:17:12,025 | INFO | BEST_MODEL_IN_MEMORY step=23439 stage=joint ndcg@10=0.024385
2026-09-29 04:17:12,025 | INFO | LEARNING_RATE step=23439 stage=joint lr=5e-05
2026-09-29 04:17:12,026 | INFO | stage=joint epoch=3 loss=4.980012 steps=7813 transitions/s=679.65
2026-09-29 04:19:58,036 | INFO | 
========== FINAL CURRENT VALIDATION ==========
stage=final | epoch=0 | step=23439 | users=625563/625563
NDCG  | @5 0.021410 | @10 0.024385
Recall| @5 0.028076 | @10 0.037330
Hit   | @5 0.028076 | @10 0.037330
================================
2026-09-29 04:19:58,036 | INFO | VALID_STEP step=23439 stage=final epoch=0 ndcg@10=0.024385 recall@10=0.037330 improved=False
2026-09-29 04:19:58,077 | INFO | RESTORE_BEST step=23439 stage=joint ndcg@10=0.024385
2026-09-29 04:25:31,834 | INFO | HISTORY_ITEM_INFLUENCE path=/workspace/P78123011/MediaTek_2026_project/preliminary/outputs_inverse/training/amazon-sports-and-outdoors/history_item_influence.csv rows=13057 users_limit=2000 negatives=64
2026-09-29 04:25:31,834 | INFO | 
========== BEST CHECKPOINT VALIDATION ==========
stage=joint | epoch=0 | step=23439 | users=625563/625563
NDCG  | @5 0.021410 | @10 0.024385
Recall| @5 0.028076 | @10 0.037330
Hit   | @5 0.028076 | @10 0.037330
================================
2026-09-29 04:25:31,834 | INFO | 
========== FINAL FULL TEST ==========
stage=joint | epoch=0 | step=23439 | users=625563/625563
NDCG  | @5 0.019940 | @10 0.022622
Recall| @5 0.025831 | @10 0.034166
Hit   | @5 0.025831 | @10 0.034166
================================
2026-09-29 04:25:31,834 | INFO | VALID_BEST {"evaluated_users": 625563, "hit@10": 0.03732957352017303, "hit@5": 0.028075509580969462, "long_agent_weight": 1.0, "long_preference_state_cosine": 0.0, "long_short_state_cosine": 0.0, "ndcg@10": 0.024385456876039324, "ndcg@5": 0.02141039260969537, "preference_change_probability": 0.0, "preference_current_entropy": 5.8946179706326735e-06, "preference_next_entropy": 5.8946179706326735e-06, "preference_ranking_weight": 0.0, "recall@10": 0.03732957352017303, "recall@5": 0.028075509580969462, "scores_per_second": 1517843882.1416168, "short_agent_weight": 0.0, "short_preference_state_cosine": 0.0, "total_users": 625563, "users_per_second": 3779.755267154126}
2026-09-29 04:25:31,835 | INFO | TEST_FINAL {"evaluated_users": 625563, "hit@10": 0.034166023246259766, "hit@5": 0.025831131316909728, "long_agent_weight": 1.0, "long_preference_state_cosine": 0.0, "long_short_state_cosine": 0.0, "ndcg@10": 0.0226222564601468, "ndcg@5": 0.01993983825954701, "preference_change_probability": 0.0, "preference_current_entropy": 5.8946179706326735e-06, "preference_next_entropy": 5.8946179706326735e-06, "preference_ranking_weight": 0.0, "recall@10": 0.034166023246259766, "recall@5": 0.025831131316909728, "scores_per_second": 1508311133.8770537, "short_agent_weight": 0.0, "short_preference_state_cosine": 0.0, "total_users": 625563, "users_per_second": 3756.0166891044537}
2026-09-29 04:25:31,835 | INFO | TARGET_RESULT metric=recall@10 target=>0.150000 actual=0.034166 achieved=False
2026-09-29 04:25:32,087 | INFO | scores=/workspace/P78123011/MediaTek_2026_project/preliminary/outputs_inverse/training/amazon-sports-and-outdoors/single_mamba_lora_lightgcn_inverse_20260929_024622/amazon-sports-and-outdoors_scores.json
2026-09-29 04:25:32,087 | INFO | outputs=/workspace/P78123011/MediaTek_2026_project/preliminary/outputs_inverse/training/amazon-sports-and-outdoors/single_mamba_lora_lightgcn_inverse_20260929_024622
